Command: D:\ESP32_IDF\Espressif\python_env\idf5.5_py3.11_env\Scripts\python.exe D:\ESP32_IDF\Espressif\frameworks\esp-idf-v5.5\tools/idf_monitor.py -p COM10 -b 115200 --toolchain-prefix xtensa-esp32s3-elf- --target esp32s3 --revision 0 D:\ESP32\ESP32S3_LCD 7B_DEMO_3\ESP32-S3-Touch-LCD-7B-Demo\ESP32-S3-Touch-LCD-7B-Demo\ESP-IDF\16_LVGL_UI\build\16_LVGL_UI.elf D:\ESP32\ESP32S3_LCD 7B_DEMO_3\ESP32-S3-Touch-LCD-7B-Demo\ESP32-S3-Touch-LCD-7B-Demo\ESP-IDF\16_LVGL_UI\build\bootloader\bootloader.elf --force-color -m 'D:\ESP32_IDF\Espressif\python_env\idf5.5_py3.11_env\Scripts\python.exe' 'D:\ESP32_IDF\Espressif\frameworks\esp-idf-v5.5\tools\idf.py' '-p' 'COM10'
ESP-ROM:esp32s3-20210327
Build:Mar 27 2021
rst:0x1 (POWERON),boot:0x29 (SPI_FAST_FLASH_BOOT)
SPIWP:0xee
mode:DIO, clock div:1
load:0x3fce2820,len:0x1710
load:0x403c8700,len:0xec0
load:0x403cb700,len:0x31d4
entry 0x403c894c
[0;32mI (25) boot: ESP-IDF v5.5-dirty 2nd stage bootloader[0m
[0;32mI (25) boot: compile time Oct  8 2025 11:43:15[0m
[0;32mI (25) boot: Multicore bootloader[0m
[0;32mI (26) boot: chip revision: v0.2[0m
[0;32mI (28) boot: efuse block revision: v1.3[0m
[0;32mI (32) qio_mode: Enabling default flash chip QIO[0m
[0;32mI (36) boot.esp32s3: Boot SPI Speed : 80MHz[0m
[0;32mI (40) boot.esp32s3: SPI Mode       : QIO[0m
[0;32mI (44) boot.esp32s3: SPI Flash Size : 16MB[0m
[0;32mI (48) boot: Enabling RNG early entropy source...[0m
[0;32mI (52) boot: Partition Table:[0m
[0;32mI (55) boot: ## Label            Usage          Type ST Offset   Length[0m
[0;32mI (61) boot:  0 nvs              WiFi data        01 02 00009000 00006000[0m
[0;32mI (68) boot:  1 phy_init         RF data          01 01 0000f000 00001000[0m
[0;32mI (74) boot:  2 factory          factory app      00 00 00010000 00800000[0m
[0;32mI (81) boot: End of partition table[0m
[0;32mI (84) esp_image: segment 0: paddr=00010020 vaddr=3c0e0020 size=c438ch (803724) map[0m
[0;32mI (211) esp_image: segment 1: paddr=000d43b4 vaddr=3fca1c00 size=05790h ( 22416) load[0m
[0;32mI (215) esp_image: segment 2: paddr=000d9b4c vaddr=40374000 size=064cch ( 25804) load[0m
[0;32mI (220) esp_image: segment 3: paddr=000e0020 vaddr=42000020 size=d55ech (873964) map[0m
[0;32mI (352) esp_image: segment 4: paddr=001b5614 vaddr=4037a4cc size=176e4h ( 95972) load[0m
[0;32mI (370) esp_image: segment 5: paddr=001ccd00 vaddr=600fe000 size=00020h (    32) load[0m
[0;32mI (382) boot: Loaded app from partition at offset 0x10000[0m
[0;32mI (382) boot: Disabling RNG early entropy source...[0m
[0;33mW (392) flash HPM: HPM mode is optional feature that depends on flash model. Read Docs First![0m
[0;33mW (392) flash HPM: HPM mode with DC adjustment is disabled. Some flash models may not be supported. Read Docs First![0m
[0;33mW (399) flash HPM: High performance mode of this flash model hasn't been supported.[0m
[0;32mI (407) MSPI Timing: Flash timing tuning index: 2[0m
[0;32mI (411) octal_psram: vendor id    : 0x0d (AP)[0m
[0;32mI (415) octal_psram: dev id       : 0x02 (generation 3)[0m
[0;32mI (420) octal_psram: density      : 0x03 (64 Mbit)[0m
[0;32mI (425) octal_psram: good-die     : 0x01 (Pass)[0m
[0;32mI (429) octal_psram: Latency      : 0x01 (Fixed)[0m
[0;32mI (433) octal_psram: VCC          : 0x01 (3V)[0m
[0;32mI (437) octal_psram: SRF          : 0x01 (Fast Refresh)[0m
[0;32mI (442) octal_psram: BurstType    : 0x01 (Hybrid Wrap)[0m
[0;32mI (447) octal_psram: BurstLen     : 0x01 (32 Byte)[0m
[0;32mI (452) octal_psram: Readlatency  : 0x02 (10 cycles@Fixed)[0m
[0;32mI (457) octal_psram: DriveStrength: 0x00 (1/1)[0m
[0;32mI (468) MSPI Timing: PSRAM timing tuning index: 2[0m
[0;32mI (469) esp_psram: Found 8MB PSRAM device[0m
[0;32mI (469) esp_psram: Speed: 120MHz[0m
[0;32mI (506) mmu_psram: Read only data copied and mapped to SPIRAM[0m
[0;32mI (553) mmu_psram: Instructions copied and mapped to SPIRAM[0m
[0;32mI (553) cpu_start: Multicore app[0m
[0;32mI (715) esp_psram: SPI SRAM memory test OK[0m
[0;32mI (723) cpu_start: Pro cpu start user code[0m
[0;32mI (723) cpu_start: cpu freq: 240000000 Hz[0m
[0;32mI (723) app_init: Application information:[0m
[0;32mI (723) app_init: Project name:     16_LVGL_UI[0m
[0;32mI (727) app_init: App version:      d0f7808-dirty[0m
[0;32mI (732) app_init: Compile time:     Oct 17 2025 14:36:47[0m
[0;32mI (737) app_init: ELF file SHA256:  03f40bf76...[0m
[0;32mI (741) app_init: ESP-IDF:          v5.5-dirty[0m
[0;32mI (745) efuse_init: Min chip rev:     v0.0[0m
[0;32mI (749) efuse_init: Max chip rev:     v0.99 [0m
[0;32mI (753) efuse_init: Chip rev:         v0.2[0m
[0;32mI (757) heap_init: Initializing. RAM available for dynamic allocation:[0m
[0;32mI (763) heap_init: At 3FCAC798 len 0003CF78 (243 KiB): RAM[0m
[0;32mI (768) heap_init: At 3FCE9710 len 00005724 (21 KiB): RAM[0m
[0;32mI (774) heap_init: At 3FCF0000 len 00008000 (32 KiB): DRAM[0m
[0;32mI (779) heap_init: At 600FE020 len 00001FC8 (7 KiB): RTCRAM[0m
[0;32mI (784) esp_psram: Adding pool of 6464K of PSRAM memory to heap allocator[0m
[0;32mI (791) esp_psram: Adding pool of 47K of PSRAM memory gap generated due to end address alignment of drom to the heap allocator[0m
[0;32mI (802) spi_flash: detected chip: generic[0m
[0;32mI (805) spi_flash: flash io: qio[0m
[0;32mI (809) sleep_gpio: Configure to isolate all GPIO pins in sleep state[0m
[0;32mI (815) sleep_gpio: Enable automatic switching of GPIO sleep configuration[0m
[0;32mI (821) coexist: coex firmware version: 831ec70[0m
[0;32mI (834) coexist: coexist rom version e7ae62f[0m
[0;32mI (835) main_task: Started on CPU0[0m
[0;32mI (836) esp_psram: Reserving pool of 32K of internal memory for DMA/internal allocations[0m
[0;32mI (841) main_task: Calling app_main()[0m
[0;32mI (844) PSRAM: Total heap: 6922896[0m
[0;32mI (847) PSRAM: Free PSRAM: 6632061[0m
[0;33mW (860) i2c.master: Please check pull-up resistances whether be connected properly. Otherwise unexpected behavior would happen. For more detailed information, please read docs[0m
[0;32mI (1266) GT911: Initialize I2C panel IO[0m
[0;32mI (1266) GT911: Initialize touch controller GT911[0m
[0;33mW (1266) GT911: Unable to initialize the I2C address[0m
[0;32mI (1268) GT911: TouchPad_ID:0x39,0x31,0x31[0m
[0;32mI (1271) GT911: TouchPad_Config_Version:91[0m
[0;32mI (1275) example: Install RGB LCD panel driver[0m
[0;32mI (1315) example: Initialize RGB LCD panel[0m
[0;32mI (1317) lv_port: Create LVGL task[0m
[0;32mI (1344) main: Display LVGL demos[0m
[0;32mI (1504) pp: pp rom version: e7ae62f[0m
[0;32mI (1504) net80211: net80211 rom version: e7ae62f[0m
[0;33mW (1505) RSSI: Not connected to any AP[0m
[0;32mI (1505) main_task: Returned from app_main()[0m
[0;32mI (1506) wifi:wifi driver task: 3fccd620, prio:23, stack:6656, core=0[0m
[0;32mI (1521) wifi:wifi firmware version: f3dbad7[0m
[0;32mI (1521) wifi:wifi certification version: v7.0[0m
[0;32mI (1523) wifi:config NVS flash: enabled[0m
[0;32mI (1526) wifi:config nano formatting: disabled[0m
[0;32mI (1530) wifi:Init data frame dynamic rx buffer num: 32[0m
[0;32mI (1536) wifi:Init static rx mgmt buffer num: 5[0m
[0;32mI (1540) wifi:Init management short buffer num: 32[0m
[0;32mI (1544) wifi:Init static tx buffer num: 16[0m
[0;32mI (1549) wifi:Init tx cache buffer num: 32[0m
[0;32mI (1552) wifi:Init static tx FG buffer num: 2[0m
[0;32mI (1557) wifi:Init static rx buffer size: 1600[0m
[0;32mI (1560) wifi:Init static rx buffer num: 16[0m
[0;32mI (1564) wifi:Init dynamic rx buffer num: 32[0m
[0;32mI (1569) wifi_init: rx ba win: 16[0m
[0;32mI (1571) wifi_init: accept mbox: 6[0m
[0;32mI (1574) wifi_init: tcpip mbox: 32[0m
[0;32mI (1577) wifi_init: udp mbox: 6[0m
[0;32mI (1580) wifi_init: tcp mbox: 6[0m
[0;32mI (1583) wifi_init: tcp tx win: 5760[0m
[0;32mI (1586) wifi_init: tcp rx win: 5760[0m
[0;32mI (1589) wifi_init: tcp mss: 1440[0m
[0;32mI (1592) wifi_init: WiFi/LWIP prefer SPIRAM[0m
[0;32mI (1596) wifi_init: WiFi IRAM OP enabled[0m
[0;32mI (1600) wifi_init: WiFi RX IRAM OP enabled[0m
[0;32mI (1604) reconnect: Found saved WiFi: NamTrung[0m
Wi-Fi event handler registered.
[0;32mI (1611) phy_init: phy_version 701,f4f1da3a,Mar  3 2025,15:50:10[0m
[0;32mI (1651) phy_init: Saving new calibration data due to checksum failure or outdated calibration data, mode(0)[0m
[0;32mI (1683) wifi:mode : sta (10:20:ba:01:48:a8)[0m
[0;32mI (1683) wifi:enable tsf[0m
[0;32mI (1685) reconnect: WiFi init complete, waiting for connection...[0m
[0;32mI (1685) WiFi Sta: GET: SSID:NamTrung, password:nt@14092011[0m
[0;32mI (1701) wifi:new:<6,0>, old:<1,0>, ap:<255,255>, sta:<6,0>, prof:1, snd_ch_cfg:0x0[0m
[0;32mI (1702) wifi:state: init -> auth (0xb0)[0m
[0;32mI (1727) wifi:state: auth -> assoc (0x0)[0m
[0;32mI (1732) wifi:state: assoc -> run (0x10)[0m
[0;32mI (1758) wifi:connected with NamTrung, aid = 32, channel 6, BW20, bssid = 10:5f:02:75:1e:9a[0m
[0;32mI (1758) wifi:security: WPA2-PSK, phy: bgn, rssi: -54[0m
[0;32mI (1761) wifi:pm start, type: 1[0m

[0;32mI (1763) wifi:dp: 1, bi: 102400, li: 3, scale listen interval from 307200 us to 307200 us[0m
[0;32mI (1771) wifi:set rx beacon pti, rx_bcn_pti: 14, bcn_timeout: 25000, mt_pti: 14, mt_time: 10000[0m
[0;32mI (1780) WiFi Sta: Connected to SSID:NamTrung, channel:6[0m
[0;32mI (1805) wifi:AP's beacon interval = 102400 us, DTIM period = 1[0m
[0;32mI (2189) WiFi Sta: Failed to connect to the AP[0m
[0;32mI (2189) WiFi Sta: Retrying to connect to the AP[0m
[0;32mI (2841) esp_netif_handlers: sta ip: 10.10.1.55, mask: 255.255.252.0, gw: 10.10.1.1[0m
[0;32mI (3699) WiFi: Connected with IP: 10.10.1.55[0m
[0;32mI (3699) WiFi Sta: Connected to AP SSID:NamTrung, password:nt@14092011, bssid:10:5F:02:75:1E:9A[0m
[0;32mI (3705) MQTT_MANAGER: No existing client, creating new one...[0m
[0;32mI (3706) MQTT: Other event id:7[0m
[0;32mI (3717) wifi:<ba-add>idx:0 (ifx:0, 10:5f:02:75:1e:9a), tid:7, ssn:8, winSize:64[0m
[0;32mI (3724) wifi:<ba-add>idx:1 (ifx:0, 10:5f:02:75:1e:9a), tid:0, ssn:4, winSize:64[0m
[0;32mI (3725) MQTT: MQTT_EVENT_CONNECTED[0m
[0;32mI (3731) MQTT: MQTT_EVENT_SUBSCRIBED, msg_id=29313, return code=0x00 [0m
[0;32mI (3789) MQTT: MQTT_EVENT_SUBSCRIBED, msg_id=21241, return code=0x00 [0m
[0;32mI (3799) NVS: last index: -1[0m
[0;32mI (3799) NVS: wifi index: 0[0m
[0;33mW (3799) WIFI_UI: WIFI_List_Button is invalid[0m
STA:STA 
[0;32mI (9823) wifi_scan: Max AP number ap_info can hold = 20[0m
[0;32mI (9823) wifi_scan: Total APs scanned = 13, actual AP number ap_info holds = 13[0m
[0;32mI (9926) NVS: Have a saved wifi network in NVS: NamTrung[0m
[0;32mI (9928) wifi_scan: Found saved AP: NamTrung[0m
[0;32mI (10076) NVS: Have a saved wifi network in NVS: NamTrung[0m
[0;32mI (10079) wifi_scan: Found saved AP: NamTrung[0m
[0;32mI (11430) wifi:state: run -> init (0x0)[0m
[0;32mI (11432) wifi:pm stop, total sleep time: 5072466 us / 9668907 us[0m

[0;32mI (11432) wifi:<ba-del>idx:1, tid:0[0m
[0;32mI (11432) wifi:<ba-del>idx:0, tid:7[0m
[0;32mI (11435) wifi:new:<6,0>, old:<6,0>, ap:<255,255>, sta:<6,0>, prof:1, snd_ch_cfg:0x0[0m
[0;32mI (11443) wifi:mode : null[0m
[0;32mI (11447) WiFi Sta: STA disconnected, reason=8[0m
[1;31mE (11447) transport_base: tcp_read error, errno=Software caused connection abort[0m
[0;32mI (11450) WiFi Sta: WIFI STA_DISCONNECTED.[0m
[1;31mE (11457) mqtt_client: esp_mqtt_handle_transport_read_error: transport_read() error: errno=113[0m
[0;33mW (11461) rety: Wi-Fi disconnected, retrying... (1/5)[0m
[0;32mI (11469) MQTT: MQTT_EVENT_ERROR[0m
[0;32mI (11476) wifi:I (11476) MQTT: Last error code reported from esp-tls: 0x0[0m
flush txqI (11483) MQTT: Last tls stack error number: 0x0

[0;32mI (11488) MQTT: Last captured errno : 113 (Software caused connection abort)[0m
[0;32mI (11488) wifi:E (11495) mqtt_client: mqtt_process_receive: mqtt_message_receive() returned -2[0m
stop sw txq
[0;32mI (11504) MQTT: MQTT_EVENT_DISCONNECTED[0m
[0;32mI (11505) wifi:lmac stop hw txq[0m
[0;33mW (11532) RSSI: Not connected to any AP[0m
[0;33mW (11617) WIFI: wifi_last_Button is NULL or invalid, skip UI update[0m
[0;33mW (13549) RSSI: Not connected to any AP[0m
[0;33mW (15549) RSSI: Not connected to any AP[0m
[0;33mW (17552) RSSI: Not connected to any AP[0m
ESP-ROM:esp32s3-20210327
Build:Mar 27 2021
rst:0x1 (POWERON),boot:0x2b (SPI_FAST_FLASH_BOOT)
SPIWP:0xee
mode:DIO, clock div:1
load:0x3fce2820,len:0x1710
load:0x403c8700,len:0xec0
load:0x403cb700,len:0x31d4
entry 0x403c894c
[0;32mI (25) boot: ESP-IDF v5.5-dirty 2nd stage bootloader[0m
[0;32mI (25) boot: compile time Oct  8 2025 11:43:15[0m
[0;32mI (25) boot: Multicore bootloader[0m
[0;32mI (26) boot: chip revision: v0.2[0m
[0;32mI (28) boot: efuse block revision: v1.3[0m
[0;32mI (32) qio_mode: Enabling default flash chip QIO[0m
[0;32mI (36) boot.esp32s3: Boot SPI Speed : 80MHz[0m
[0;32mI (40) boot.esp32s3: SPI Mode       : QIO[0m
[0;32mI (44) boot.esp32s3: SPI Flash Size : 16MB[0m
[0;32mI (48) boot: Enabling RNG early entropy source...[0m
[0;32mI (52) boot: Partition Table:[0m
[0;32mI (55) boot: ## Label            Usage          Type ST Offset   Length[0m
[0;32mI (61) boot:  0 nvs              WiFi data        01 02 00009000 00006000[0m
[0;32mI (68) boot:  1 phy_init         RF data          01 01 0000f000 00001000[0m
[0;32mI (74) boot:  2 factory          factory app      00 00 00010000 00800000[0m
[0;32mI (81) boot: End of partition table[0m
[0;32mI (84) esp_image: segment 0: paddr=00010020 vaddr=3c0e0020 size=c438ch (803724) map[0m
[0;32mI (211) esp_image: segment 1: paddr=000d43b4 vaddr=3fca1c00 size=05790h ( 22416) load[0m
[0;32mI (215) esp_image: segment 2: paddr=000d9b4c vaddr=40374000 size=064cch ( 25804) load[0m
[0;32mI (220) esp_image: segment 3: paddr=000e0020 vaddr=42000020 size=d55ech (873964) map[0m
[0;32mI (352) esp_image: segment 4: paddr=001b5614 vaddr=4037a4cc size=176e4h ( 95972) load[0m
[0;32mI (370) esp_image: segment 5: paddr=001ccd00 vaddr=600fe000 size=00020h (    32) load[0m
[0;32mI (382) boot: Loaded app from partition at offset 0x10000[0m
[0;32mI (382) boot: Disabling RNG early entropy source...[0m
[0;33mW (392) flash HPM: HPM mode is optional feature that depends on flash model. Read Docs First![0m
[0;33mW (392) flash HPM: HPM mode with DC adjustment is disabled. Some flash models may not be supported. Read Docs First![0m
[0;33mW (399) flash HPM: High performance mode of this flash model hasn't been supported.[0m
[0;32mI (407) MSPI Timing: Flash timing tuning index: 2[0m
[0;32mI (411) octal_psram: vendor id    : 0x0d (AP)[0m
[0;32mI (415) octal_psram: dev id       : 0x02 (generation 3)[0m
[0;32mI (420) octal_psram: density      : 0x03 (64 Mbit)[0m
[0;32mI (425) octal_psram: good-die     : 0x01 (Pass)[0m
[0;32mI (429) octal_psram: Latency      : 0x01 (Fixed)[0m
[0;32mI (433) octal_psram: VCC          : 0x01 (3V)[0m
[0;32mI (437) octal_psram: SRF          : 0x01 (Fast Refresh)[0m
[0;32mI (442) octal_psram: BurstType    : 0x01 (Hybrid Wrap)[0m
[0;32mI (447) octal_psram: BurstLen     : 0x01 (32 Byte)[0m
[0;32mI (452) octal_psram: Readlatency  : 0x02 (10 cycles@Fixed)[0m
[0;32mI (457) octal_psram: DriveStrength: 0x00 (1/1)[0m
[0;32mI (468) MSPI Timing: PSRAM timing tuning index: 2[0m
[0;32mI (469) esp_psram: Found 8MB PSRAM device[0m
[0;32mI (469) esp_psram: Speed: 120MHz[0m
[0;32mI (506) mmu_psram: Read only data copied and mapped to SPIRAM[0m
[0;32mI (553) mmu_psram: Instructions copied and mapped to SPIRAM[0m
[0;32mI (553) cpu_start: Multicore app[0m
[0;32mI (715) esp_psram: SPI SRAM memory test OK[0m
[0;32mI (723) cpu_start: Pro cpu start user code[0m
[0;32mI (723) cpu_start: cpu freq: 240000000 Hz[0m
[0;32mI (723) app_init: Application information:[0m
[0;32mI (723) app_init: Project name:     16_LVGL_UI[0m
[0;32mI (727) app_init: App version:      d0f7808-dirty[0m
[0;32mI (732) app_init: Compile time:     Oct 17 2025 14:36:47[0m
[0;32mI (737) app_init: ELF file SHA256:  03f40bf76...[0m
[0;32mI (741) app_init: ESP-IDF:          v5.5-dirty[0m
[0;32mI (745) efuse_init: Min chip rev:     v0.0[0m
[0;32mI (749) efuse_init: Max chip rev:     v0.99 [0m
[0;32mI (753) efuse_init: Chip rev:         v0.2[0m
[0;32mI (757) heap_init: Initializing. RAM available for dynamic allocation:[0m
[0;32mI (763) heap_init: At 3FCAC798 len 0003CF78 (243 KiB): RAM[0m
[0;32mI (768) heap_init: At 3FCE9710 len 00005724 (21 KiB): RAM[0m
[0;32mI (774) heap_init: At 3FCF0000 len 00008000 (32 KiB): DRAM[0m
[0;32mI (779) heap_init: At 600FE020 len 00001FC8 (7 KiB): RTCRAM[0m
[0;32mI (784) esp_psram: Adding pool of 6464K of PSRAM memory to heap allocator[0m
[0;32mI (791) esp_psram: Adding pool of 47K of PSRAM memory gap generated due to end address alignment of drom to the heap allocator[0m
[0;32mI (802) spi_flash: detected chip: generic[0m
[0;32mI (805) spi_flash: flash io: qio[0m
[0;32mI (809) sleep_gpio: Configure to isolate all GPIO pins in sleep state[0m
[0;32mI (815) sleep_gpio: Enable automatic switching of GPIO sleep configuration[0m
[0;32mI (821) coexist: coex firmware version: 831ec70[0m
[0;32mI (834) coexist: coexist rom version e7ae62f[0m
[0;32mI (835) main_task: Started on CPU0[0m
[0;32mI (836) esp_psram: Reserving pool of 32K of internal memory for DMA/internal allocations[0m
[0;32mI (841) main_task: Calling app_main()[0m
[0;32mI (844) PSRAM: Total heap: 6922896[0m
[0;32mI (847) PSRAM: Free PSRAM: 6632061[0m
[0;33mW (860) i2c.master: Please check pull-up resistances whether be connected properly. Otherwise unexpected behavior would happen. For more detailed information, please read docs[0m
[0;32mI (1266) GT911: Initialize I2C panel IO[0m
[0;32mI (1266) GT911: Initialize touch controller GT911[0m
[0;33mW (1266) GT911: Unable to initialize the I2C address[0m
[0;32mI (1268) GT911: TouchPad_ID:0x39,0x31,0x31[0m
[0;32mI (1271) GT911: TouchPad_Config_Version:91[0m
[0;32mI (1275) example: Install RGB LCD panel driver[0m
[0;32mI (1315) example: Initialize RGB LCD panel[0m
[0;32mI (1317) lv_port: Create LVGL task[0m
[0;32mI (1344) main: Display LVGL demos[0m
[0;32mI (1504) pp: pp rom version: e7ae62f[0m
[0;32mI (1504) net80211: net80211 rom version: e7ae62f[0m
[0;33mW (1505) RSSI: Not connected to any AP[0m
[0;32mI (1505) main_task: Returned from app_main()[0m
[0;32mI (1506) wifi:wifi driver task: 3fccd620, prio:23, stack:6656, core=0[0m
[0;32mI (1521) wifi:wifi firmware version: f3dbad7[0m
[0;32mI (1521) wifi:wifi certification version: v7.0[0m
[0;32mI (1523) wifi:config NVS flash: enabled[0m
[0;32mI (1526) wifi:config nano formatting: disabled[0m
[0;32mI (1530) wifi:Init data frame dynamic rx buffer num: 32[0m
[0;32mI (1536) wifi:Init static rx mgmt buffer num: 5[0m
[0;32mI (1540) wifi:Init management short buffer num: 32[0m
[0;32mI (1545) wifi:Init static tx buffer num: 16[0m
[0;32mI (1549) wifi:Init tx cache buffer num: 32[0m
[0;32mI (1552) wifi:Init static tx FG buffer num: 2[0m
[0;32mI (1557) wifi:Init static rx buffer size: 1600[0m
[0;32mI (1560) wifi:Init static rx buffer num: 16[0m
[0;32mI (1564) wifi:Init dynamic rx buffer num: 32[0m
[0;32mI (1569) wifi_init: rx ba win: 16[0m
[0;32mI (1571) wifi_init: accept mbox: 6[0m
[0;32mI (1574) wifi_init: tcpip mbox: 32[0m
[0;32mI (1577) wifi_init: udp mbox: 6[0m
[0;32mI (1580) wifi_init: tcp mbox: 6[0m
[0;32mI (1583) wifi_init: tcp tx win: 5760[0m
[0;32mI (1586) wifi_init: tcp rx win: 5760[0m
[0;32mI (1589) wifi_init: tcp mss: 1440[0m
[0;32mI (1592) wifi_init: WiFi/LWIP prefer SPIRAM[0m
[0;32mI (1596) wifi_init: WiFi IRAM OP enabled[0m
[0;32mI (1600) wifi_init: WiFi RX IRAM OP enabled[0m
[0;32mI (1604) reconnect: Found saved WiFi: NamTrung[0m
Wi-Fi event handler registered.
[0;32mI (1611) phy_init: phy_version 701,f4f1da3a,Mar  3 2025,15:50:10[0m
[0;32mI (1649) phy_init: Saving new calibration data due to checksum failure or outdated calibration data, mode(0)[0m
[0;32mI (1683) wifi:mode : sta (10:20:ba:01:48:a8)[0m
[0;32mI (1683) wifi:enable tsf[0m
[0;32mI (1685) reconnect: WiFi init complete, waiting for connection...[0m
[0;32mI (1685) WiFi Sta: GET: SSID:NamTrung, password:nt@14092011[0m
[0;32mI (1691) wifi:new:<6,0>, old:<1,0>, ap:<255,255>, sta:<6,0>, prof:1, snd_ch_cfg:0x0[0m
[0;32mI (1697) wifi:state: init -> auth (0xb0)[0m
[0;32mI (1704) wifi:state: auth -> assoc (0x0)[0m
[0;32mI (1712) wifi:state: assoc -> run (0x10)[0m
[0;32mI (1749) wifi:connected with NamTrung, aid = 32, channel 6, BW20, bssid = 10:5f:02:75:1e:9a[0m
[0;32mI (1749) wifi:security: WPA2-PSK, phy: bgn, rssi: -50[0m
[0;32mI (1751) wifi:pm start, type: 1[0m

[0;32mI (1754) wifi:dp: 1, bi: 102400, li: 3, scale listen interval from 307200 us to 307200 us[0m
[0;32mI (1762) wifi:set rx beacon pti, rx_bcn_pti: 14, bcn_timeout: 25000, mt_pti: 14, mt_time: 10000[0m
[0;32mI (1771) WiFi Sta: Connected to SSID:NamTrung, channel:6[0m
[0;32mI (1832) wifi:AP's beacon interval = 102400 us, DTIM period = 1[0m
[0;32mI (2189) WiFi Sta: Failed to connect to the AP[0m
[0;32mI (2189) WiFi Sta: Retrying to connect to the AP[0m
[0;32mI (2783) esp_netif_handlers: sta ip: 10.10.1.55, mask: 255.255.252.0, gw: 10.10.1.1[0m
[0;32mI (3699) WiFi: Connected with IP: 10.10.1.55[0m
[0;32mI (3699) WiFi Sta: Connected to AP SSID:NamTrung, password:nt@14092011, bssid:10:5F:02:75:1E:9A[0m
[0;32mI (3705) MQTT_MANAGER: No existing client, creating new one...[0m
[0;32mI (3707) MQTT: Other event id:7[0m
[0;32mI (3720) wifi:<ba-add>idx:0 (ifx:0, 10:5f:02:75:1e:9a), tid:0, ssn:1, winSize:64[0m
[0;32mI (3721) wifi:<ba-add>idx:1 (ifx:0, 10:5f:02:75:1e:9a), tid:7, ssn:8, winSize:64[0m
[0;32mI (3725) MQTT: MQTT_EVENT_CONNECTED[0m
[0;32mI (3731) MQTT: MQTT_EVENT_SUBSCRIBED, msg_id=21059, return code=0x00 [0m
[0;32mI (3738) MQTT: MQTT_EVENT_SUBSCRIBED, msg_id=61868, return code=0x00 [0m
[0;32mI (3807) NVS: last index: -1[0m
[0;32mI (3807) NVS: wifi index: 0[0m
[0;33mW (3807) WIFI_UI: WIFI_List_Button is invalid[0m
[0;32mI (7773) wifi:bcn_timeout,ap_probe_send_start[0m
[0;32mI (14428) wifi:bcn_timeout,ap_probe_send_start[0m
[0;32mI (20676) wifi:bcn_timeout,ap_probe_send_start[0m
[0;32mI (26819) wifi:bcn_timeout,ap_probe_send_start[0m
[0;32mI (32861) wifi:bcn_timeout,ap_probe_send_start[0m
[0;32mI (39005) wifi:bcn_timeout,ap_probe_send_start[0m
[0;32mI (45354) wifi:bcn_timeout,ap_probe_send_start[0m
[0;32mI (51394) wifi:bcn_timeout,ap_probe_send_start[0m
[0;32mI (57641) wifi:bcn_timeout,ap_probe_send_start[0m
