Command: D:\ESP32_IDF\Espressif\python_env\idf5.5_py3.11_env\Scripts\python.exe D:\ESP32_IDF\Espressif\frameworks\esp-idf-v5.5\tools/idf_monitor.py -p COM7 -b 115200 --toolchain-prefix xtensa-esp32s3-elf- --target esp32s3 --revision 0 D:\ESP32\ESP32S3_LCD 7B_DEMO_3\ESP32-S3-Touch-LCD-7B-Demo\ESP32-S3-Touch-LCD-7B-Demo\ESP-IDF\16_LVGL_UI\build\16_LVGL_UI.elf D:\ESP32\ESP32S3_LCD 7B_DEMO_3\ESP32-S3-Touch-LCD-7B-Demo\ESP32-S3-Touch-LCD-7B-Demo\ESP-IDF\16_LVGL_UI\build\bootloader\bootloader.elf --force-color -m 'D:\ESP32_IDF\Espressif\python_env\idf5.5_py3.11_env\Scripts\python.exe' 'D:\ESP32_IDF\Espressif\frameworks\esp-idf-v5.5\tools\idf.py'
ESP-ROM:esp32s3-20210327
Build:Mar 27 2021
rst:0x1 (POWERON),boot:0x28 (SPI_FAST_FLASH_BOOT)
SPIWP:0xee
mode:DIO, clock div:1
load:0x3fce2820,len:0x1710
load:0x403c8700,len:0xec0
load:0x403cb700,len:0x31d4
entry 0x403c894c
[0;32mI (25) boot: ESP-IDF v5.5-dirty 2nd stage bootloader[0m
[0;32mI (25) boot: compile time Sep 26 2025 21:34:30[0m
[0;32mI (25) boot: Multicore bootloader[0m
[0;32mI (26) boot: chip revision: v0.2[0m
[0;32mI (28) boot: efuse block revision: v1.3[0m
[0;32mI (32) qio_mode: Enabling default flash chip QIO[0m
[0;32mI (36) boot.esp32s3: Boot SPI Speed : 80MHz[0m
[0;32mI (40) boot.esp32s3: SPI Mode       : QIO[0m
[0;32mI (44) boot.esp32s3: SPI Flash Size : 16MB[0m
[0;32mI (48) boot: Enabling RNG early entropy source...[0m
[0;32mI (52) boot: Partition Table:[0m
[0;32mI (55) boot: ## Label            Usage          Type ST Offset   Length[0m
[0;32mI (61) boot:  0 nvs              WiFi data        01 02 00009000 00006000[0m
[0;32mI (68) boot:  1 phy_init         RF data          01 01 0000f000 00001000[0m
[0;32mI (74) boot:  2 factory          factory app      00 00 00010000 00800000[0m
[0;32mI (81) boot: End of partition table[0m
[0;32mI (84) esp_image: segment 0: paddr=00010020 vaddr=3c130020 size=cfdach (851372) map[0m
[0;32mI (218) esp_image: segment 1: paddr=000dfdd4 vaddr=3fca6300 size=00244h (   580) load[0m
[0;32mI (218) esp_image: segment 2: paddr=000e0020 vaddr=42000020 size=129f1ch (1220380) map[0m
[0;32mI (403) esp_image: segment 3: paddr=00209f44 vaddr=3fca6544 size=05d50h ( 23888) load[0m
[0;32mI (407) esp_image: segment 4: paddr=0020fc9c vaddr=40374000 size=2224ch (139852) load[0m
[0;32mI (434) esp_image: segment 5: paddr=00231ef0 vaddr=600fe000 size=00020h (    32) load[0m
[0;32mI (447) boot: Loaded app from partition at offset 0x10000[0m
[0;32mI (447) boot: Disabling RNG early entropy source...[0m
[0;33mW (457) flash HPM: HPM mode is optional feature that depends on flash model. Read Docs First![0m
[0;33mW (458) flash HPM: HPM mode with DC adjustment is disabled. Some flash models may not be supported. Read Docs First![0m
[0;33mW (465) flash HPM: High performance mode of this flash model hasn't been supported.[0m
[0;32mI (472) MSPI Timing: Flash timing tuning index: 2[0m
[0;32mI (477) octal_psram: vendor id    : 0x0d (AP)[0m
[0;32mI (481) octal_psram: dev id       : 0x02 (generation 3)[0m
[0;32mI (486) octal_psram: density      : 0x03 (64 Mbit)[0m
[0;32mI (490) octal_psram: good-die     : 0x01 (Pass)[0m
[0;32mI (494) octal_psram: Latency      : 0x01 (Fixed)[0m
[0;32mI (499) octal_psram: VCC          : 0x01 (3V)[0m
[0;32mI (503) octal_psram: SRF          : 0x01 (Fast Refresh)[0m
[0;32mI (508) octal_psram: BurstType    : 0x01 (Hybrid Wrap)[0m
[0;32mI (513) octal_psram: BurstLen     : 0x01 (32 Byte)[0m
[0;32mI (517) octal_psram: Readlatency  : 0x02 (10 cycles@Fixed)[0m
[0;32mI (522) octal_psram: DriveStrength: 0x00 (1/1)[0m
[0;32mI (534) MSPI Timing: PSRAM timing tuning index: 2[0m
[0;32mI (535) esp_psram: Found 8MB PSRAM device[0m
[0;32mI (535) esp_psram: Speed: 120MHz[0m
[0;32mI (572) mmu_psram: Read only data copied and mapped to SPIRAM[0m
[0;32mI (635) mmu_psram: Instructions copied and mapped to SPIRAM[0m
[0;32mI (635) cpu_start: Multicore app[0m
[0;32mI (789) esp_psram: SPI SRAM memory test OK[0m
[0;32mI (797) cpu_start: Pro cpu start user code[0m
[0;32mI (797) cpu_start: cpu freq: 240000000 Hz[0m
[0;32mI (797) app_init: Application information:[0m
[0;32mI (797) app_init: Project name:     16_LVGL_UI[0m
[0;32mI (801) app_init: App version:      5ca2cd0-dirty[0m
[0;32mI (806) app_init: Compile time:     Sep 26 2025 21:28:04[0m
[0;32mI (811) app_init: ELF file SHA256:  37a364052...[0m
[0;32mI (815) app_init: ESP-IDF:          v5.5-dirty[0m
[0;32mI (819) efuse_init: Min chip rev:     v0.0[0m
[0;32mI (823) efuse_init: Max chip rev:     v0.99 [0m
[0;32mI (827) efuse_init: Chip rev:         v0.2[0m
[0;32mI (831) heap_init: Initializing. RAM available for dynamic allocation:[0m
[0;32mI (837) heap_init: At 3FCB65E0 len 00033130 (204 KiB): RAM[0m
[0;32mI (843) heap_init: At 3FCE9710 len 00005724 (21 KiB): RAM[0m
[0;32mI (848) heap_init: At 3FCF0000 len 00008000 (32 KiB): DRAM[0m
[0;32mI (853) heap_init: At 600FE020 len 00001FC8 (7 KiB): RTCRAM[0m
[0;32mI (858) esp_psram: Adding pool of 6144K of PSRAM memory to heap allocator[0m
[0;32mI (865) esp_psram: Adding pool of 0K of PSRAM memory gap generated due to end address alignment of drom to the heap allocator[0m
[0;32mI (876) spi_flash: detected chip: generic[0m
[0;32mI (879) spi_flash: flash io: qio[0m
[0;32mI (883) sleep_gpio: Configure to isolate all GPIO pins in sleep state[0m
[0;32mI (889) sleep_gpio: Enable automatic switching of GPIO sleep configuration[0m
[0;32mI (895) coexist: coex firmware version: 831ec70[0m
[0;32mI (908) coexist: coexist rom version e7ae62f[0m
[0;32mI (909) main_task: Started on CPU0[0m
[0;32mI (910) esp_psram: Reserving pool of 32K of internal memory for DMA/internal allocations[0m
[0;32mI (915) main_task: Calling app_main()[0m
[0;33mW (926) i2c.master: Please check pull-up resistances whether be connected properly. Otherwise unexpected behavior would happen. For more detailed information, please read docs[0m
[0;32mI (1334) GT911: Initialize I2C panel IO[0m
[0;32mI (1334) GT911: Initialize touch controller GT911[0m
[0;33mW (1334) GT911: Unable to initialize the I2C address[0m
[0;32mI (1336) GT911: TouchPad_ID:0x39,0x31,0x31[0m
[0;32mI (1339) GT911: TouchPad_Config_Version:91[0m
[0;32mI (1343) example: Install RGB LCD panel driver[0m
[0;32mI (1383) example: Initialize RGB LCD panel[0m
[0;32mI (1385) lv_port: Create LVGL task[0m
[0;32mI (1412) main: Display LVGL demos[0m
[0;32mI (1580) BLE_INIT: BT controller compile version [4713a69][0m
[0;32mI (1580) pp: pp rom version: e7ae62f[0m
[0;32mI (1581) BLE_INIT: Feature Config, ADV:1, BLE_50:1, DTM:1, SCAN:1, CCA:0, SMP:1, CONNECT:1[0m
[0;32mI (1581) net80211: net80211 rom version: e7ae62f[0m
[0;32mI (1586) BLE_INIT: Bluetooth MAC: 10:20:ba:05:9b:9e[0m
[0;33mW (1590) RSSI: Not connected to any AP[0m
[0;32mI (1595) phy_init: phy_version 701,f4f1da3a,Mar  3 2025,15:50:10[0m
[0;32mI (1592) wifi:wifi driver task: 3fce0d78, prio:23, stack:6656, core=0[0m
[0;32mI (1616) wifi:wifi firmware version: f3dbad7[0m
[0;32mI (1617) wifi:wifi certification version: v7.0[0m
[0;32mI (1618) wifi:config NVS flash: enabled[0m
[0;32mI (1622) wifi:config nano formatting: disabled[0m
[0;32mI (1626) wifi:Init data frame dynamic rx buffer num: 32[0m
[0;32mI (1631) wifi:Init static rx mgmt buffer num: 5[0m
[0;32mI (1635) wifi:Init management short buffer num: 32[0m
[0;32mI (1640) wifi:Init static tx buffer num: 16[0m
[0;32mI (1644) wifi:Init tx cache buffer num: 32[0m
[0;32mI (1647) wifi:Init static tx FG buffer num: 2[0m
[0;32mI (1651) wifi:Init static rx buffer size: 1600[0m
[0;32mI (1656) wifi:Init static rx buffer num: 16[0m
[0;32mI (1659) wifi:Init dynamic rx buffer num: 32[0m
[0;32mI (1664) wifi_init: rx ba win: 16[0m
[0;32mI (1669) wifi_init: accept mbox: 6[0m
[0;32mI (1670) wifi_init: tcpip mbox: 32[0m
[0;32mI (1673) wifi_init: udp mbox: 6[0m
[0;32mI (1676) wifi_init: tcp mbox: 6[0m
[0;32mI (1678) wifi_init: tcp tx win: 5760[0m
[0;32mI (1680) BLE_SERVER: REGISTER_APP_EVT, status 0, app_id 0[0m
[0;32mI (1680) BLE_SERVER: ***** BLE GATT SERVER STARTED *****[0m
[0;33mW (1687) BT_BTM: BTM_BleWriteAdvData, Partial data write into ADV[0m
[0;32mI (1692) BLE_SERVER: ***** WAITING FOR CLIENT CONNECTION *****[0m
[0;33mW (1698) BT_BTM: BTM_BleWriteScanRsp, Partial data write into ADV[0m
[0;32mI (1682) wifi_init: tcp rx win: 5760[0m
[0;32mI (1710) BLE_SERVER: CREATE_SERVICE_EVT, status 0,  service_handle 40[0m
[0;32mI (1712) wifi_init: tcp mss: 1440[0m
[0;32mI (1721) BLE_SERVER: Advertising started successfully[0m
[0;32mI (1722) wifi_init: WiFi/LWIP prefer SPIRAM[0m
[0;32mI (1726) BLE_SERVER: ADD_CHAR_EVT, status 0,  attr_handle 42, service_handle 40[0m
[0;32mI (1730) wifi_init: WiFi IRAM OP enabled[0m
[0;32mI (1586) main_task: Returned from app_main()[0m
[0;32mI (1741) wifi_init: WiFi RX IRAM OP enabled[0m
Wi-Fi event handler registered.
[0;32mI (1752) wifi:mode : null[0m
[0;32mI (5467) wifi:flush txq[0m
[0;32mI (5467) wifi:stop sw txq[0m
[0;32mI (5467) wifi:lmac stop hw txq[0m
STA:STA 
[0;32mI (5470) wifi:mode : sta (10:20:ba:05:9b:9c)[0m
[0;32mI (5470) wifi:enable tsf[0m
[0;33mW (6599) wifi:Haven't to connect to a suitable AP now![0m
[0;33mW (6599) RSSI: Not connected to any AP[0m
[0;32mI (10377) wifi_scan: Max AP number ap_info can hold = 20[0m
[0;32mI (10377) wifi_scan: Total APs scanned = 14, actual AP number ap_info holds = 14[0m
[0;32mI (10483) NVS: cÃ³ SSID Ä‘Ã£ lÆ°u trong nvs[0m
[0;32mI (10486) wifi_scan: [0m
[0;32mI (10486) wifi_scan: BSSID 00:1D:AA:97:77:8C[0m
[0;32mI (10486) wifi_scan: Not saved wifi network, ssid:NAM TRUNG_DA[0m
[0;32mI (10488) wifi_scan: Saved BSSID 12:5F:02:15:1E:9A[0m
[0;32mI (10494) wifi_scan: [0m
[0;32mI (10494) wifi_scan: BSSID 10:5F:02:75:1E:9A[0m
[0;32mI (10498) wifi_scan: Not saved wifi network, ssid:NamTrung[0m
[0;32mI (10503) wifi_scan: Saved BSSID 12:5F:02:15:1E:9A[0m
[0;32mI (10510) wifi_scan: [0m
[0;32mI (10510) wifi_scan: Found saved wifi network in scan list, ssid: Namtrung 2.4G[0m
[0;32mI (10517) wifi_scan: BSSID 12:5F:02:15:1E:9A[0m
[0;32mI (10521) wifi_scan: Saved BSSID 12:5F:02:15:1E:9A[0m
[0;32mI (10527) wifi_scan: [0m
[0;32mI (10527) wifi_scan: BSSID D4:9A:A0:AB:DA:18[0m
[0;32mI (10531) wifi_scan: Not saved wifi network, ssid:Thanh Truc[0m
[0;32mI (10537) wifi_scan: Saved BSSID 12:5F:02:15:1E:9A[0m
[0;32mI (10543) wifi_scan: [0m
[0;32mI (10543) wifi_scan: BSSID BC:E0:01:2F:C7:2A[0m
[0;32mI (10547) wifi_scan: Not saved wifi network, ssid:MinhTuan[0m
[0;32mI (10548) WiFi Sta: Connecting to specific BSSID: 12:5F:02:15:1E:9A[0m
[0;32mI (10552) wifi_scan: Saved BSSID 12:5F:02:15:1E:9A[0m
[0;32mI (10565) wifi_scan: [0m
[0;32mI (10565) wifi_scan: BSSID 64:85:05:AA:BF:46[0m
[0;32mI (10569) wifi_scan: Not saved wifi network, ssid:SONLE[0m
[0;32mI (10574) wifi_scan: Saved BSSID 12:5F:02:15:1E:9A[0m
[0;32mI (10571) wifi:flush txq[0m
[0;32mI (10580) wifi_scan: [0m
[0;32mI (10581) wifi:I (10583) wifi_scan: BSSID 12:5F:02:15:32:0E[0m
stop sw txqI (10588) wifi_scan: Not saved wifi network, ssid:Namtrung 2.4G

[0;32mI (10595) wifi_scan: Saved BSSID 12:5F:02:15:1E:9A[0m
[0;32mI (10595) wifi:lmac stop hw txq[0m
[0;32mI (10601) wifi_scan: [0m
[0;32mI (10603) wifi:I (10604) wifi_scan: BSSID 72:85:C4:81:19:1F[0m
mode : sta (10:20:ba:05:9b:9c)I (10609) wifi_scan: Not saved wifi network, ssid:260NTB-L1

[0;32mI (10617) wifi_scan: Saved BSSID 12:5F:02:15:1E:9A[0m
[0;32mI (10617) wifi:enable tsf[0m
[0;32mI (10624) wifi_scan: [0m
[0;32mI (10625) WiFi Sta: GET: SSID:Namtrung 2.4G, password:nt@14092011[0m
[0;32mI (10626) wifi_scan: BSSID 9E:65:F9:4C:59:58[0m
[0;32mI (10633) WiFi Sta: Failed to connect to the AP[0m
[0;32mI (10636) wifi_scan: Not saved wifi network, ssid:RD_HC_3BC6[0m
[0;32mI (10641) WiFi Sta: Retrying to connect to the AP[0m
[0;32mI (10646) wifi_scan: Saved BSSID 12:5F:02:15:1E:9A[0m
[0;32mI (10656) wifi_scan: [0m
[0;32mI (10657) wifi_scan: BSSID 10:5F:02:75:32:0E[0m
[0;32mI (10661) wifi_scan: Not saved wifi network, ssid:NamTrung[0m
[0;32mI (10666) wifi_scan: Saved BSSID 12:5F:02:15:1E:9A[0m
[0;32mI (10672) wifi_scan: [0m
[0;32mI (10672) wifi_scan: BSSID 48:D6:82:18:AC:E8[0m
[0;32mI (10676) wifi_scan: Not saved wifi network, ssid:Kuss[0m
[0;32mI (10681) wifi_scan: Saved BSSID 12:5F:02:15:1E:9A[0m
[0;32mI (10687) wifi_scan: [0m
[0;32mI (10688) wifi_scan: BSSID 72:85:C4:81:0E:34[0m
[0;32mI (10692) wifi_scan: Not saved wifi network, ssid:260NTB-LUNG[0m
[0;32mI (10697) wifi_scan: Saved BSSID 12:5F:02:15:1E:9A[0m
[0;32mI (10703) wifi_scan: [0m
[0;32mI (10704) wifi_scan: BSSID AC:84:C6:99:1D:59[0m
[0;32mI (10708) wifi_scan: Not saved wifi network, ssid:ThuyNhung_2.4Ghz[0m
[0;32mI (10714) wifi_scan: Saved BSSID 12:5F:02:15:1E:9A[0m
[0;32mI (10720) wifi_scan: [0m
[0;32mI (10720) wifi_scan: BSSID 72:85:C4:80:F9:E9[0m
[0;32mI (10724) wifi_scan: Not saved wifi network, ssid:260NTB-TRET[0m
[0;32mI (10730) wifi_scan: Saved BSSID 12:5F:02:15:1E:9A[0m
[0;32mI (10735) wifi:new:<1,0>, old:<1,0>, ap:<255,255>, sta:<1,0>, prof:1, snd_ch_cfg:0x0[0m
[0;32mI (10742) wifi:state: init -> auth (0xb0)[0m
[0;32mI (10801) wifi:state: auth -> assoc (0x0)[0m
[0;32mI (10818) wifi:state: assoc -> run (0x10)[0m
[0;32mI (10847) wifi:connected with Namtrung 2.4G, aid = 27, channel 1, BW20, bssid = 12:5f:02:15:1e:9a[0m
[0;32mI (10848) wifi:security: WPA2-PSK, phy: bgn, rssi: -60[0m
[0;32mI (10851) wifi:pm start, type: 1[0m

[0;32mI (10853) wifi:dp: 1, bi: 102400, li: 3, scale listen interval from 307200 us to 307200 us[0m
[0;32mI (10861) wifi:set rx beacon pti, rx_bcn_pti: 14, bcn_timeout: 25000, mt_pti: 14, mt_time: 10000[0m
[0;32mI (10870) wifi:AP's beacon interval = 102400 us, DTIM period = 1[0m
[0;32mI (11599) RSSI: Connected SSID:Namtrung 2.4G, BSSID:12:5F:02:15:1E:9A, RSSI:-61 dBm[0m
[0;32mI (11661) WiFi Sta: Failed to connect to the AP[0m
[0;32mI (11661) WiFi Sta: Retrying to connect to the AP[0m
[0;32mI (12193) esp_netif_handlers: sta ip: 10.10.1.76, mask: 255.255.252.0, gw: 10.10.1.1[0m
[0;32mI (12671) WiFi: Connected with IP: 10.10.1.76[0m
[0;32mI (12671) WiFi Sta: Connected to AP SSID:Namtrung 2.4G, password:nt@14092011, bssid:12:5F:02:15:1E:9A[0m
[0;32mI (12778) NVS: last index: 2[0m
[0;32mI (12778) NVS: wifi index: 2[0m
[0;32mI (16599) RSSI: Connected SSID:Namtrung 2.4G, BSSID:12:5F:02:15:1E:9A, RSSI:-59 dBm[0m
[0;32mI (21599) RSSI: Connected SSID:Namtrung 2.4G, BSSID:12:5F:02:15:1E:9A, RSSI:-58 dBm[0m
index:3
[0;32mI (24098) wifi_scan: BSSID D4:9A:A0:AB:DA:18[0m
[0;32mI (24098) wifi_scan: Authmode 	WIFI_AUTH_WPA_WPA2_PSK[0m
[0;32mI (24099) wifi_scan: Pairwise Cipher 	WIFI_CIPHER_TYPE_CCMP[0m
[0;32mI (24101) wifi_scan: Group Cipher 	WIFI_CIPHER_TYPE_CCMP[0m
index:8
[0;32mI (26008) wifi_scan: BSSID 9E:65:F9:4C:59:58[0m
[0;32mI (26009) wifi_scan: Authmode 	WIFI_AUTH_WPA2_PSK[0m
[0;32mI (26009) wifi_scan: Pairwise Cipher 	WIFI_CIPHER_TYPE_CCMP[0m
[0;32mI (26011) wifi_scan: Group Cipher 	WIFI_CIPHER_TYPE_CCMP[0m
[0;32mI (26599) RSSI: Connected SSID:Namtrung 2.4G, BSSID:12:5F:02:15:1E:9A, RSSI:-57 dBm[0m
index:9
[0;32mI (27288) wifi_scan: BSSID 10:5F:02:75:32:0E[0m
[0;32mI (27288) wifi_scan: Authmode 	WIFI_AUTH_WPA2_PSK[0m
[0;32mI (27289) wifi_scan: Pairwise Cipher 	WIFI_CIPHER_TYPE_CCMP[0m
[0;32mI (27291) wifi_scan: Group Cipher 	WIFI_CIPHER_TYPE_CCMP[0m
[0;32mI (31599) RSSI: Connected SSID:Namtrung 2.4G, BSSID:12:5F:02:15:1E:9A, RSSI:-50 dBm[0m
[0;32mI (36599) RSSI: Connected SSID:Namtrung 2.4G, BSSID:12:5F:02:15:1E:9A, RSSI:-51 dBm[0m
[0;32mI (41599) RSSI: Connected SSID:Namtrung 2.4G, BSSID:12:5F:02:15:1E:9A, RSSI:-49 dBm[0m
