Command: D:\ESP32_IDF\Espressif\python_env\idf5.5_py3.11_env\Scripts\python.exe D:\ESP32_IDF\Espressif\frameworks\esp-idf-v5.5\tools/idf_monitor.py -p COM10 -b 115200 --toolchain-prefix xtensa-esp32s3-elf- --target esp32s3 --revision 0 D:\ESP32\ESP32S3_LCD 7B_DEMO_3\ESP32-S3-Touch-LCD-7B-Demo\ESP32-S3-Touch-LCD-7B-Demo\ESP-IDF\16_LVGL_UI\build\16_LVGL_UI.elf D:\ESP32\ESP32S3_LCD 7B_DEMO_3\ESP32-S3-Touch-LCD-7B-Demo\ESP32-S3-Touch-LCD-7B-Demo\ESP-IDF\16_LVGL_UI\build\bootloader\bootloader.elf --force-color -m 'D:\ESP32_IDF\Espressif\python_env\idf5.5_py3.11_env\Scripts\python.exe' 'D:\ESP32_IDF\Espressif\frameworks\esp-idf-v5.5\tools\idf.py' '-p' 'COM10'
ESP-ROM:esp32s3-20210327
Build:Mar 27 2021
rst:0x1 (POWERON),boot:0x2b (SPI_FAST_FLASH_BOOT)
SPIWP:0xee
mode:DIO, clock div:1
load:0x3fce2820,len:0x1710
load:0x403c8700,len:0xec0
load:0x403cb700,len:0x31d4
entry 0x403c894c
[0;32mI (25) boot: ESP-IDF v5.5-dirty 2nd stage bootloader[0m
[0;32mI (25) boot: compile time Oct  8 2025 11:43:15[0m
[0;32mI (25) boot: Multicore bootloader[0m
[0;32mI (26) boot: chip revision: v0.2[0m
[0;32mI (28) boot: efuse block revision: v1.3[0m
[0;32mI (32) qio_mode: Enabling default flash chip QIO[0m
[0;32mI (36) boot.esp32s3: Boot SPI Speed : 80MHz[0m
[0;32mI (40) boot.esp32s3: SPI Mode       : QIO[0m
[0;32mI (44) boot.esp32s3: SPI Flash Size : 16MB[0m
[0;32mI (48) boot: Enabling RNG early entropy source...[0m
[0;32mI (52) boot: Partition Table:[0m
[0;32mI (55) boot: ## Label            Usage          Type ST Offset   Length[0m
[0;32mI (61) boot:  0 nvs              WiFi data        01 02 00009000 00006000[0m
[0;32mI (68) boot:  1 phy_init         RF data          01 01 0000f000 00001000[0m
[0;32mI (74) boot:  2 factory          factory app      00 00 00010000 00800000[0m
[0;32mI (81) boot: End of partition table[0m
[0;32mI (84) esp_image: segment 0: paddr=00010020 vaddr=3c150020 size=dc72ch (902956) map[0m
[0;32mI (225) esp_image: segment 1: paddr=000ec754 vaddr=3fca6400 size=038c4h ( 14532) load[0m
[0;32mI (228) esp_image: segment 2: paddr=000f0020 vaddr=42000020 size=142a74h (1321588) map[0m
[0;32mI (425) esp_image: segment 3: paddr=00232a9c vaddr=3fca9cc4 size=026f0h (  9968) load[0m
[0;32mI (428) esp_image: segment 4: paddr=00235194 vaddr=40374000 size=2230ch (140044) load[0m
[0;32mI (456) esp_image: segment 5: paddr=002574a8 vaddr=600fe000 size=00020h (    32) load[0m
[0;32mI (469) boot: Loaded app from partition at offset 0x10000[0m
[0;32mI (469) boot: Disabling RNG early entropy source...[0m
[0;33mW (479) flash HPM: HPM mode is optional feature that depends on flash model. Read Docs First![0m
[0;33mW (479) flash HPM: HPM mode with DC adjustment is disabled. Some flash models may not be supported. Read Docs First![0m
[0;33mW (486) flash HPM: High performance mode of this flash model hasn't been supported.[0m
[0;32mI (494) MSPI Timing: Flash timing tuning index: 2[0m
[0;32mI (498) octal_psram: vendor id    : 0x0d (AP)[0m
[0;32mI (502) octal_psram: dev id       : 0x02 (generation 3)[0m
[0;32mI (507) octal_psram: density      : 0x03 (64 Mbit)[0m
[0;32mI (512) octal_psram: good-die     : 0x01 (Pass)[0m
[0;32mI (516) octal_psram: Latency      : 0x01 (Fixed)[0m
[0;32mI (520) octal_psram: VCC          : 0x01 (3V)[0m
[0;32mI (524) octal_psram: SRF          : 0x01 (Fast Refresh)[0m
[0;32mI (529) octal_psram: BurstType    : 0x01 (Hybrid Wrap)[0m
[0;32mI (534) octal_psram: BurstLen     : 0x01 (32 Byte)[0m
[0;32mI (539) octal_psram: Readlatency  : 0x02 (10 cycles@Fixed)[0m
[0;32mI (544) octal_psram: DriveStrength: 0x00 (1/1)[0m
[0;32mI (556) MSPI Timing: PSRAM timing tuning index: 2[0m
[0;32mI (556) esp_psram: Found 8MB PSRAM device[0m
[0;32mI (557) esp_psram: Speed: 120MHz[0m
[0;32mI (596) mmu_psram: Read only data copied and mapped to SPIRAM[0m
[0;32mI (666) mmu_psram: Instructions copied and mapped to SPIRAM[0m
[0;32mI (666) cpu_start: Multicore app[0m
[0;32mI (815) esp_psram: SPI SRAM memory test OK[0m
[0;32mI (823) cpu_start: Pro cpu start user code[0m
[0;32mI (823) cpu_start: cpu freq: 240000000 Hz[0m
[0;32mI (823) app_init: Application information:[0m
[0;32mI (823) app_init: Project name:     16_LVGL_UI[0m
[0;32mI (828) app_init: App version:      b442d3f-dirty[0m
[0;32mI (832) app_init: Compile time:     Oct  8 2025 13:29:38[0m
[0;32mI (837) app_init: ELF file SHA256:  e30e9416a...[0m
[0;32mI (841) app_init: ESP-IDF:          v5.5-dirty[0m
[0;32mI (846) efuse_init: Min chip rev:     v0.0[0m
[0;32mI (849) efuse_init: Max chip rev:     v0.99 [0m
[0;32mI (853) efuse_init: Chip rev:         v0.2[0m
[0;32mI (857) heap_init: Initializing. RAM available for dynamic allocation:[0m
[0;32mI (863) heap_init: At 3FCB6D70 len 000329A0 (202 KiB): RAM[0m
[0;32mI (869) heap_init: At 3FCE9710 len 00005724 (21 KiB): RAM[0m
[0;32mI (874) heap_init: At 3FCF0000 len 00008000 (32 KiB): DRAM[0m
[0;32mI (879) heap_init: At 600FE020 len 00001FC8 (7 KiB): RTCRAM[0m
[0;32mI (884) esp_psram: Adding pool of 5952K of PSRAM memory to heap allocator[0m
[0;32mI (891) esp_psram: Adding pool of 14K of PSRAM memory gap generated due to end address alignment of drom to the heap allocator[0m
[0;32mI (902) spi_flash: detected chip: generic[0m
[0;32mI (906) spi_flash: flash io: qio[0m
[0;32mI (909) sleep_gpio: Configure to isolate all GPIO pins in sleep state[0m
[0;32mI (915) sleep_gpio: Enable automatic switching of GPIO sleep configuration[0m
[0;32mI (921) coexist: coex firmware version: 831ec70[0m
[0;32mI (934) coexist: coexist rom version e7ae62f[0m
[0;32mI (935) main_task: Started on CPU0[0m
[0;32mI (936) esp_psram: Reserving pool of 32K of internal memory for DMA/internal allocations[0m
[0;32mI (941) main_task: Calling app_main()[0m
[0;33mW (954) i2c.master: Please check pull-up resistances whether be connected properly. Otherwise unexpected behavior would happen. For more detailed information, please read docs[0m
[0;32mI (1360) GT911: Initialize I2C panel IO[0m
[0;32mI (1360) GT911: Initialize touch controller GT911[0m
[0;33mW (1360) GT911: Unable to initialize the I2C address[0m
[0;32mI (1362) GT911: TouchPad_ID:0x39,0x31,0x31[0m
[0;32mI (1365) GT911: TouchPad_Config_Version:91[0m
[0;32mI (1369) example: Install RGB LCD panel driver[0m
[0;32mI (1409) example: Initialize RGB LCD panel[0m
[0;32mI (1411) lv_port: Create LVGL task[0m
[0;32mI (1438) main: Display LVGL demos[0m
[0;32mI (1601) pp: pp rom version: e7ae62f[0m
[0;32mI (1602) net80211: net80211 rom version: e7ae62f[0m
[0;32mI (1602) BLE_INIT: BT controller compile version [4713a69][0m
[0;32mI (1603) wifi:wifi driver task: 3fcd7ca0, prio:23, stack:6656, core=0[0m
[0;32mI (1604) BLE_INIT: Feature Config, ADV:1, BLE_50:1, DTM:1, SCAN:1, CCA:0, SMP:1, CONNECT:1[0m
[0;32mI (1617) wifi:wifi firmware version: f3dbad7[0m
[0;32mI (1621) wifi:W (1617) RSSI: Not connected to any AP[0m
wifi certification version: v7.0
[0;32mI (1629) wifi:config NVS flash: enabled[0m
[0;32mI (1632) wifi:config nano formatting: disabled[0m
[0;32mI (1637) wifi:Init data frame dynamic rx buffer num: 32[0m
[0;32mI (1642) wifi:Init static rx mgmt buffer num: 5[0m
[0;32mI (1646) wifi:Init management short buffer num: 32[0m
[0;32mI (1651) wifi:Init static tx buffer num: 16[0m
[0;32mI (1618) BLE_INIT: Bluetooth MAC: 10:20:ba:01:48:aa[0m
[0;32mI (1655) wifi:Init tx cache buffer num: 32[0m
[0;32mI (1661) phy_init: phy_version 701,f4f1da3a,Mar  3 2025,15:50:10[0m
[0;32mI (1663) wifi:Init static tx FG buffer num: 2[0m
[0;32mI (1673) wifi:Init static rx buffer size: 1600[0m
[0;32mI (1677) wifi:Init static rx buffer num: 16[0m
[0;32mI (1680) wifi:Init dynamic rx buffer num: 32[0m
[0;32mI (1617) main_task: Returned from app_main()[0m
[0;32mI (1701) wifi_init: rx ba win: 16[0m
[0;32mI (1701) wifi_init: accept mbox: 6[0m
[0;32mI (1701) wifi_init: tcpip mbox: 32[0m
[0;32mI (1701) wifi_init: udp mbox: 6[0m
[0;32mI (1702) wifi_init: tcp mbox: 6[0m
[0;32mI (1705) wifi_init: tcp tx win: 5760[0m
[0;32mI (1708) wifi_init: tcp rx win: 5760[0m
[0;32mI (1712) wifi_init: tcp mss: 1440[0m
[0;32mI (1715) BLE_SERVER: REGISTER_APP_EVT, status 0, app_id 0[0m
[0;32mI (1715) wifi_init: WiFi/LWIP prefer SPIRAM[0m
[0;33mW (1720) BT_BTM: BTM_BleWriteAdvData, Partial data write into ADV[0m
[0;32mI (1724) wifi_init: WiFi IRAM OP enabled[0m
[0;33mW (1730) BT_BTM: BTM_BleWriteScanRsp, Partial data write into ADV[0m
[0;32mI (1733) wifi_init: WiFi RX IRAM OP enabled[0m
[0;32mI (1740) BLE_SERVER: CREATE_SERVICE_EVT, status 0,  service_handle 40[0m
Wi-Fi event handler registered.
[0;32mI (1751) BLE_SERVER: Advertising started successfully[0m
[0;32mI (1752) wifi:I (1715) BLE_SERVER: ***** BLE GATT SERVER STARTED *****[0m
mode : nullI (1763) BLE_SERVER: ***** WAITING FOR CLIENT CONNECTION *****

[0;32mI (1757) BLE_SERVER: ADD_CHAR_EVT, status 0,  attr_handle 42, service_handle 40[0m
[0;33mW (3626) RSSI: Not connected to any AP[0m
[0;32mI (4807) wifi:flush txq[0m
[0;32mI (4807) wifi:stop sw txq[0m
[0;32mI (4807) wifi:lmac stop hw txq[0m
STA:STA 
[0;32mI (4810) wifi:mode : sta (10:20:ba:01:48:a8)[0m
[0;32mI (4810) wifi:enable tsf[0m
[0;33mW (5626) wifi:Haven't to connect to a suitable AP now![0m
[0;33mW (5626) RSSI: Not connected to any AP[0m
[0;33mW (7626) wifi:Haven't to connect to a suitable AP now![0m
[0;33mW (7626) RSSI: Not connected to any AP[0m
[0;33mW (9626) wifi:Haven't to connect to a suitable AP now![0m
[0;33mW (9626) RSSI: Not connected to any AP[0m
[0;32mI (9720) wifi_scan: Max AP number ap_info can hold = 20[0m
[0;32mI (9720) wifi_scan: Total APs scanned = 17, actual AP number ap_info holds = 17[0m
[0;32mI (9825) NVS: Have a saved wifi network in NVS[0m
[0;32mI (9830) wifi_scan: [0m
[0;32mI (9830) wifi_scan: Found saved wifi network in scan list, ssid: Namtrung 2.4G[0m
[0;32mI (9830) wifi_scan: BSSID 12:5F:02:15:1E:9A[0m
[0;32mI (9861) WiFi Sta: Connecting to specific BSSID: 12:5F:02:15:1E:9A[0m
[0;32mI (10061) WiFi Sta: GET: SSID:Namtrung 2.4G, password:nt@14092011[0m
[0;32mI (10061) WiFi Sta: Failed to connect to the AP[0m
[0;32mI (10061) WiFi Sta: Retrying to connect to the AP[0m
[0;32mI (10067) wifi:new:<1,0>, old:<1,0>, ap:<255,255>, sta:<1,0>, prof:1, snd_ch_cfg:0x0[0m
[0;32mI (10072) wifi:state: init -> auth (0xb0)[0m
[0;32mI (10090) wifi:state: auth -> assoc (0x0)[0m
[0;32mI (10100) wifi:state: assoc -> run (0x10)[0m
[0;32mI (10130) wifi:connected with Namtrung 2.4G, aid = 17, channel 1, BW20, bssid = 12:5f:02:15:27:1e[0m
[0;32mI (10130) wifi:security: WPA2-PSK, phy: bgn, rssi: -60[0m
[0;32mI (10133) wifi:pm start, type: 1[0m

[0;32mI (10136) wifi:dp: 1, bi: 102400, li: 3, scale listen interval from 307200 us to 307200 us[0m
[0;32mI (10144) wifi:set rx beacon pti, rx_bcn_pti: 14, bcn_timeout: 25000, mt_pti: 14, mt_time: 10000[0m
[0;32mI (10153) WiFi Sta: Connected to SSID:Namtrung 2.4G, channel:1[0m
[0;32mI (10158) MQTT: Other event id:7[0m
[1;31mE (10161) esp-tls: [sock=54] connect() error: Host is unreachable[0m
[1;31mE (10167) transport_base: Failed to open a new connection: 32772[0m
[1;31mE (10172) mqtt_client: Error transport connect[0m
[0;33mW (10172) wifi:m f null[0m
[0;32mI (10177) MQTT: MQTT_EVENT_ERROR[0m

[0;32mI (10182) MQTT: Last error code reported from esp-tls: 0x8004[0m
[0;32mI (10187) MQTT: Last tls stack error number: 0x0[0m
[0;32mI (10192) MQTT: Last captured errno : 0 (Success)[0m
[0;32mI (10196) MQTT: MQTT_EVENT_DISCONNECTED[0m
[0;33mW (10205) wifi:m f null[0m

[0;32mI (10212) wifi:AP's beacon interval = 102400 us, DTIM period = 1[0m
[0;33mW (10251) wifi:m f null[0m

[0;33mW (10308) wifi:m f null[0m

[0;33mW (10615) wifi:m f null[0m

[0;33mW (10661) wifi:m f null[0m

[0;33mW (10717) wifi:m f null[0m

[0;33mW (10763) wifi:m f null[0m

[0;33mW (10820) wifi:m f null[0m

[0;32mI (11074) WiFi Sta: Failed to connect to the AP[0m
[0;32mI (11074) WiFi Sta: Retrying to connect to the AP[0m
[0;32mI (11182) esp_netif_handlers: sta ip: 10.10.1.24, mask: 255.255.252.0, gw: 10.10.1.1[0m
[0;32mI (11626) RSSI: Connected SSID:Namtrung 2.4G, BSSID:12:5F:02:15:27:1E, RSSI:-59 dBm[0m
[0;33mW (11639) wifi:m f null[0m

[0;32mI (11670) wifi:<ba-del>idx:0, tid:0[0m
[0;33mW (11670) wifi:mem fail[0m
[0;33mW (11685) wifi:m f null[0m

[0;33mW (11741) wifi:m f null[0m

[0;32mI (12084) WiFi: Connected with IP: 10.10.1.24[0m
[0;32mI (12084) WiFi Sta: Connected to AP SSID:Namtrung 2.4G, password:nt@14092011, bssid:12:5F:02:15:27:1E[0m
[0;32mI (12187) NVS: last index: 1[0m
[0;32mI (12187) NVS: wifi index: 1[0m
[0;33mW (12607) wifi:m f null[0m

[0;33mW (12663) wifi:m f null[0m

[0;32mI (13626) RSSI: Connected SSID:Namtrung 2.4G, BSSID:12:5F:02:15:27:1E, RSSI:-65 dBm[0m
[0;33mW (13631) wifi:m f null[0m

[0;32mI (13669) wifi:<ba-del>idx:0, tid:0[0m
[0;33mW (13669) wifi:mem fail[0m
[0;33mW (13687) wifi:m f null[0m

[0;33mW (14608) wifi:m f null[0m

[0;33mW (14655) wifi:m f null[0m

[0;33mW (14711) wifi:m f null[0m

[0;32mI (15626) RSSI: Connected SSID:Namtrung 2.4G, BSSID:12:5F:02:15:27:1E, RSSI:-57 dBm[0m
[0;32mI (17626) RSSI: Connected SSID:Namtrung 2.4G, BSSID:12:5F:02:15:27:1E, RSSI:-59 dBm[0m
[0;32mI (19626) RSSI: Connected SSID:Namtrung 2.4G, BSSID:12:5F:02:15:27:1E, RSSI:-69 dBm[0m
[0;32mI (20200) MQTT: Other event id:7[0m
[0;33mW (20241) wifi:m f null[0m

[0;33mW (20287) wifi:m f null[0m

[0;33mW (20343) wifi:m f null[0m

[0;33mW (20650) wifi:m f null[0m

[0;33mW (20696) wifi:m f null[0m

[0;33mW (20752) wifi:m f null[0m

[0;33mW (21618) wifi:m f null[0m

[0;32mI (21626) RSSI: Connected SSID:Namtrung 2.4G, BSSID:12:5F:02:15:27:1E, RSSI:-69 dBm[0m
[0;33mW (21674) wifi:m f null[0m

[0;33mW (22642) wifi:m f null[0m

[0;33mW (22698) wifi:m f null[0m

[0;33mW (23620) wifi:m f null[0m

[0;32mI (23626) RSSI: Connected SSID:Namtrung 2.4G, BSSID:12:5F:02:15:27:1E, RSSI:-69 dBm[0m
[0;33mW (23666) wifi:m f null[0m

[0;32mI (23670) wifi:<ba-del>idx:0, tid:0[0m
[0;33mW (23670) wifi:mem fail[0m
[0;33mW (23722) wifi:m f null[0m

[0;33mW (24997) wifi:m f null[0m

[0;33mW (25053) wifi:m f null[0m

[0;33mW (25611) wifi:m f null[0m

[0;32mI (25626) RSSI: Connected SSID:Namtrung 2.4G, BSSID:12:5F:02:15:27:1E, RSSI:-71 dBm[0m
[0;33mW (25668) wifi:m f null[0m

[0;33mW (26635) wifi:m f null[0m

[0;33mW (26692) wifi:m f null[0m

[0;33mW (27613) wifi:m f null[0m

[0;32mI (27626) RSSI: Connected SSID:Namtrung 2.4G, BSSID:12:5F:02:15:27:1E, RSSI:-70 dBm[0m
[0;33mW (27659) wifi:m f null[0m

[0;33mW (27716) wifi:m f null[0m

[0;33mW (28637) wifi:m f null[0m

[0;33mW (28684) wifi:m f null[0m

[0;32mI (28719) wifi:<ba-del>idx:0, tid:0[0m
[0;33mW (28719) wifi:mem fail[0m
[0;33mW (28740) wifi:m f null[0m

[0;32mI (29626) RSSI: Connected SSID:Namtrung 2.4G, BSSID:12:5F:02:15:27:1E, RSSI:-66 dBm[0m
[0;33mW (29969) wifi:m f null[0m

[0;33mW (30015) wifi:m f null[0m

[0;33mW (30071) wifi:m f null[0m

[1;31mE (30203) esp-tls: [sock=54] select() timeout[0m
[1;31mE (30203) transport_base: Failed to open a new connection: 32774[0m
[1;31mE (30203) mqtt_client: Error transport connect[0m
[0;32mI (30206) MQTT: MQTT_EVENT_ERROR[0m
[0;32mI (30209) MQTT: Last error code reported from esp-tls: 0x8006[0m
[0;32mI (30214) MQTT: Last tls stack error number: 0x0[0m
[0;32mI (30218) MQTT: Last captured errno : 0 (Success)[0m
[0;32mI (30223) MQTT: MQTT_EVENT_DISCONNECTED[0m
[0;33mW (30629) wifi:m f null[0m

[0;33mW (30685) wifi:m f null[0m

[0;33mW (31607) wifi:m f null[0m

[0;32mI (31626) RSSI: Connected SSID:Namtrung 2.4G, BSSID:12:5F:02:15:27:1E, RSSI:-70 dBm[0m
[0;33mW (31653) wifi:m f null[0m

[0;33mW (31709) wifi:m f null[0m

[0;33mW (32631) wifi:m f null[0m

[0;33mW (32677) wifi:m f null[0m

[0;32mI (32720) wifi:<ba-del>idx:0, tid:0[0m
[0;33mW (32721) wifi:mem fail[0m
[0;33mW (32733) wifi:m f null[0m

[0;32mI (33626) RSSI: Connected SSID:Namtrung 2.4G, BSSID:12:5F:02:15:27:1E, RSSI:-68 dBm[0m
[0;33mW (33655) wifi:m f null[0m

[0;33mW (33701) wifi:m f null[0m

[0;33mW (33757) wifi:m f null[0m

[0;32mI (35626) RSSI: Connected SSID:Namtrung 2.4G, BSSID:12:5F:02:15:27:1E, RSSI:-70 dBm[0m
[0;32mI (37626) RSSI: Connected SSID:Namtrung 2.4G, BSSID:12:5F:02:15:27:1E, RSSI:-61 dBm[0m
ESP-ROM:esp32s3-20210327
Build:Mar 27 2021
rst:0x1 (POWERON),boot:0x29 (SPI_FAST_FLASH_BOOT)
SPIWP:0xee
mode:DIO, clock div:1
load:0x3fce2820,len:0x1710
load:0x403c8700,len:0xec0
load:0x403cb700,len:0x31d4
entry 0x403c894c
[0;32mI (25) boot: ESP-IDF v5.5-dirty 2nd stage bootloader[0m
[0;32mI (25) boot: compile time Oct  8 2025 11:43:15[0m
[0;32mI (25) boot: Multicore bootloader[0m
[0;32mI (26) boot: chip revision: v0.2[0m
[0;32mI (28) boot: efuse block revision: v1.3[0m
[0;32mI (32) qio_mode: Enabling default flash chip QIO[0m
[0;32mI (36) boot.esp32s3: Boot SPI Speed : 80MHz[0m
[0;32mI (40) boot.esp32s3: SPI Mode       : QIO[0m
[0;32mI (44) boot.esp32s3: SPI Flash Size : 16MB[0m
[0;32mI (48) boot: Enabling RNG early entropy source...[0m
[0;32mI (52) boot: Partition Table:[0m
[0;32mI (55) boot: ## Label            Usage          Type ST Offset   Length[0m
[0;32mI (61) boot:  0 nvs              WiFi data        01 02 00009000 00006000[0m
[0;32mI (68) boot:  1 phy_init         RF data          01 01 0000f000 00001000[0m
[0;32mI (74) boot:  2 factory          factory app      00 00 00010000 00800000[0m
[0;32mI (81) boot: End of partition table[0m
[0;32mI (84) esp_image: segment 0: paddr=00010020 vaddr=3c150020 size=dc72ch (902956) map[0m
[0;32mI (225) esp_image: segment 1: paddr=000ec754 vaddr=3fca6400 size=038c4h ( 14532) load[0m
[0;32mI (228) esp_image: segment 2: paddr=000f0020 vaddr=42000020 size=142a74h (1321588) map[0m
[0;32mI (425) esp_image: segment 3: paddr=00232a9c vaddr=3fca9cc4 size=026f0h (  9968) load[0m
[0;32mI (428) esp_image: segment 4: paddr=00235194 vaddr=40374000 size=2230ch (140044) load[0m
[0;32mI (456) esp_image: segment 5: paddr=002574a8 vaddr=600fe000 size=00020h (    32) load[0m
[0;32mI (469) boot: Loaded app from partition at offset 0x10000[0m
[0;32mI (469) boot: Disabling RNG early entropy source...[0m
[0;33mW (479) flash HPM: HPM mode is optional feature that depends on flash model. Read Docs First![0m
[0;33mW (479) flash HPM: HPM mode with DC adjustment is disabled. Some flash models may not be supported. Read Docs First![0m
[0;33mW (486) flash HPM: High performance mode of this flash model hasn't been supported.[0m
[0;32mI (494) MSPI Timing: Flash timing tuning index: 2[0m
[0;32mI (498) octal_psram: vendor id    : 0x0d (AP)[0m
[0;32mI (502) octal_psram: dev id       : 0x02 (generation 3)[0m
[0;32mI (507) octal_psram: density      : 0x03 (64 Mbit)[0m
[0;32mI (512) octal_psram: good-die     : 0x01 (Pass)[0m
[0;32mI (516) octal_psram: Latency      : 0x01 (Fixed)[0m
[0;32mI (520) octal_psram: VCC          : 0x01 (3V)[0m
[0;32mI (524) octal_psram: SRF          : 0x01 (Fast Refresh)[0m
[0;32mI (529) octal_psram: BurstType    : 0x01 (Hybrid Wrap)[0m
[0;32mI (534) octal_psram: BurstLen     : 0x01 (32 Byte)[0m
[0;32mI (539) octal_psram: Readlatency  : 0x02 (10 cycles@Fixed)[0m
[0;32mI (544) octal_psram: DriveStrength: 0x00 (1/1)[0m
[0;32mI (556) MSPI Timing: PSRAM timing tuning index: 2[0m
[0;32mI (556) esp_psram: Found 8MB PSRAM device[0m
[0;32mI (557) esp_psram: Speed: 120MHz[0m
[0;32mI (596) mmu_psram: Read only data copied and mapped to SPIRAM[0m
[0;32mI (666) mmu_psram: Instructions copied and mapped to SPIRAM[0m
[0;32mI (666) cpu_start: Multicore app[0m
[0;32mI (815) esp_psram: SPI SRAM memory test OK[0m
[0;32mI (823) cpu_start: Pro cpu start user code[0m
[0;32mI (823) cpu_start: cpu freq: 240000000 Hz[0m
[0;32mI (823) app_init: Application information:[0m
[0;32mI (823) app_init: Project name:     16_LVGL_UI[0m
[0;32mI (828) app_init: App version:      b442d3f-dirty[0m
[0;32mI (832) app_init: Compile time:     Oct  8 2025 13:29:38[0m
[0;32mI (837) app_init: ELF file SHA256:  e30e9416a...[0m
[0;32mI (841) app_init: ESP-IDF:          v5.5-dirty[0m
[0;32mI (846) efuse_init: Min chip rev:     v0.0[0m
[0;32mI (849) efuse_init: Max chip rev:     v0.99 [0m
[0;32mI (853) efuse_init: Chip rev:         v0.2[0m
[0;32mI (857) heap_init: Initializing. RAM available for dynamic allocation:[0m
[0;32mI (863) heap_init: At 3FCB6D70 len 000329A0 (202 KiB): RAM[0m
[0;32mI (869) heap_init: At 3FCE9710 len 00005724 (21 KiB): RAM[0m
[0;32mI (874) heap_init: At 3FCF0000 len 00008000 (32 KiB): DRAM[0m
[0;32mI (879) heap_init: At 600FE020 len 00001FC8 (7 KiB): RTCRAM[0m
[0;32mI (884) esp_psram: Adding pool of 5952K of PSRAM memory to heap allocator[0m
[0;32mI (891) esp_psram: Adding pool of 14K of PSRAM memory gap generated due to end address alignment of drom to the heap allocator[0m
[0;32mI (902) spi_flash: detected chip: generic[0m
[0;32mI (906) spi_flash: flash io: qio[0m
[0;32mI (909) sleep_gpio: Configure to isolate all GPIO pins in sleep state[0m
[0;32mI (915) sleep_gpio: Enable automatic switching of GPIO sleep configuration[0m
[0;32mI (921) coexist: coex firmware version: 831ec70[0m
[0;32mI (934) coexist: coexist rom version e7ae62f[0m
[0;32mI (935) main_task: Started on CPU0[0m
[0;32mI (936) esp_psram: Reserving pool of 32K of internal memory for DMA/internal allocations[0m
[0;32mI (941) main_task: Calling app_main()[0m
[0;33mW (954) i2c.master: Please check pull-up resistances whether be connected properly. Otherwise unexpected behavior would happen. For more detailed information, please read docs[0m
[0;32mI (1360) GT911: Initialize I2C panel IO[0m
[0;32mI (1360) GT911: Initialize touch controller GT911[0m
[0;33mW (1360) GT911: Unable to initialize the I2C address[0m
[0;32mI (1362) GT911: TouchPad_ID:0x39,0x31,0x31[0m
[0;32mI (1365) GT911: TouchPad_Config_Version:91[0m
[0;32mI (1369) example: Install RGB LCD panel driver[0m
[0;32mI (1409) example: Initialize RGB LCD panel[0m
[0;32mI (1411) lv_port: Create LVGL task[0m
[0;32mI (1438) main: Display LVGL demos[0m
[0;32mI (1601) pp: pp rom version: e7ae62f[0m
[0;32mI (1602) net80211: net80211 rom version: e7ae62f[0m
[0;32mI (1602) BLE_INIT: BT controller compile version [4713a69][0m
[0;32mI (1603) wifi:wifi driver task: 3fcd7ca0, prio:23, stack:6656, core=0[0m
[0;32mI (1604) BLE_INIT: Feature Config, ADV:1, BLE_50:1, DTM:1, SCAN:1, CCA:0, SMP:1, CONNECT:1[0m
[0;32mI (1617) wifi:wifi firmware version: f3dbad7[0m
[0;32mI (1621) wifi:W (1617) RSSI: Not connected to any AP[0m
wifi certification version: v7.0
[0;32mI (1629) wifi:config NVS flash: enabled[0m
[0;32mI (1632) wifi:config nano formatting: disabled[0m
[0;32mI (1637) wifi:Init data frame dynamic rx buffer num: 32[0m
[0;32mI (1642) wifi:Init static rx mgmt buffer num: 5[0m
[0;32mI (1646) wifi:Init management short buffer num: 32[0m
[0;32mI (1651) wifi:Init static tx buffer num: 16[0m
[0;32mI (1618) BLE_INIT: Bluetooth MAC: 10:20:ba:01:48:aa[0m
[0;32mI (1655) wifi:Init tx cache buffer num: 32[0m
[0;32mI (1661) phy_init: phy_version 701,f4f1da3a,Mar  3 2025,15:50:10[0m
[0;32mI (1663) wifi:Init static tx FG buffer num: 2[0m
[0;32mI (1673) wifi:Init static rx buffer size: 1600[0m
[0;32mI (1677) wifi:Init static rx buffer num: 16[0m
[0;32mI (1680) wifi:Init dynamic rx buffer num: 32[0m
[0;32mI (1617) main_task: Returned from app_main()[0m
[0;32mI (1698) phy_init: Saving new calibration data due to checksum failure or outdated calibration data, mode(0)[0m
[0;32mI (1729) wifi_init: rx ba win: 16[0m
[0;32mI (1729) wifi_init: accept mbox: 6[0m
[0;32mI (1729) wifi_init: tcpip mbox: 32[0m
[0;32mI (1730) wifi_init: udp mbox: 6[0m
[0;32mI (1730) wifi_init: tcp mbox: 6[0m
[0;32mI (1733) wifi_init: tcp tx win: 5760[0m
[0;32mI (1736) wifi_init: tcp rx win: 5760[0m
[0;32mI (1739) wifi_init: tcp mss: 1440[0m
[0;32mI (1742) wifi_init: WiFi/LWIP prefer SPIRAM[0m
[0;32mI (1743) BLE_SERVER: REGISTER_APP_EVT, status 0, app_id 0[0m
[0;32mI (1746) wifi_init: WiFi IRAM OP enabled[0m
[0;32mI (1755) wifi_init: WiFi RX IRAM OP enabled[0m
[0;33mW (1752) BT_BTM: BTM_BleWriteAdvData, Partial data write into ADV[0m
Wi-Fi event handler registered.
[0;33mW (1765) BT_BTM: BTM_BleWriteScanRsp, Partial data write into ADV[0m
[0;32mI (1768) wifi:I (1743) BLE_SERVER: ***** BLE GATT SERVER STARTED *****[0m
[0;32mI (1780) BLE_SERVER: ***** WAITING FOR CLIENT CONNECTION *****[0m
mode : null
[0;32mI (1775) BLE_SERVER: CREATE_SERVICE_EVT, status 0,  service_handle 40[0m
[0;32mI (1795) BLE_SERVER: Advertising started successfully[0m
[0;32mI (1797) BLE_SERVER: ADD_CHAR_EVT, status 0,  attr_handle 42, service_handle 40[0m
[0;33mW (3626) RSSI: Not connected to any AP[0m
[0;33mW (5626) RSSI: Not connected to any AP[0m
[0;32mI (7059) wifi:flush txq[0m
[0;32mI (7059) wifi:stop sw txq[0m
[0;32mI (7059) wifi:lmac stop hw txq[0m
STA:STA 
[0;32mI (7062) wifi:mode : sta (10:20:ba:01:48:a8)[0m
[0;32mI (7062) wifi:enable tsf[0m
[0;33mW (7626) wifi:Haven't to connect to a suitable AP now![0m
[0;33mW (7626) RSSI: Not connected to any AP[0m
[0;33mW (9626) wifi:Haven't to connect to a suitable AP now![0m
[0;33mW (9626) RSSI: Not connected to any AP[0m
[0;33mW (11626) wifi:Haven't to connect to a suitable AP now![0m
[0;33mW (11626) RSSI: Not connected to any AP[0m
[0;32mI (11972) wifi_scan: Max AP number ap_info can hold = 20[0m
[0;32mI (11972) wifi_scan: Total APs scanned = 16, actual AP number ap_info holds = 16[0m
[0;32mI (12081) NVS: Have a saved wifi network in NVS[0m
[0;32mI (12086) wifi_scan: [0m
[0;32mI (12086) wifi_scan: Found saved wifi network in scan list, ssid: Namtrung 2.4G[0m
[0;32mI (12086) wifi_scan: BSSID 12:5F:02:15:1E:9A[0m
[0;32mI (12113) WiFi Sta: Connecting to specific BSSID: 12:5F:02:15:1E:9A[0m
[0;32mI (12313) WiFi Sta: GET: SSID:Namtrung 2.4G, password:nt@14092011[0m
[0;32mI (12313) WiFi Sta: Failed to connect to the AP[0m
[0;32mI (12313) WiFi Sta: Retrying to connect to the AP[0m
[0;32mI (12318) wifi:new:<1,0>, old:<1,0>, ap:<255,255>, sta:<1,0>, prof:1, snd_ch_cfg:0x0[0m
[0;32mI (12324) wifi:state: init -> auth (0xb0)[0m
[0;32mI (12332) wifi:state: auth -> assoc (0x0)[0m
[0;32mI (12339) wifi:state: assoc -> run (0x10)[0m
[0;32mI (12366) wifi:connected with Namtrung 2.4G, aid = 17, channel 1, BW20, bssid = 12:5f:02:15:27:1e[0m
[0;32mI (12366) wifi:security: WPA2-PSK, phy: bgn, rssi: -56[0m
[0;32mI (12369) wifi:pm start, type: 1[0m

[0;32mI (12371) wifi:dp: 1, bi: 102400, li: 3, scale listen interval from 307200 us to 307200 us[0m
[0;32mI (12380) wifi:set rx beacon pti, rx_bcn_pti: 14, bcn_timeout: 25000, mt_pti: 14, mt_time: 10000[0m
[0;32mI (12388) wifi:AP's beacon interval = 102400 us, DTIM period = 1[0m
[0;32mI (12394) WiFi Sta: Connected to SSID:Namtrung 2.4G, channel:1[0m
[0;32mI (12400) MQTT: Other event id:7[0m
[1;31mE (12403) esp-tls: [sock=54] connect() error: Host is unreachable[0m
[1;31mE (12408) transport_base: Failed to open a new connection: 32772[0m
[1;31mE (12414) mqtt_client: Error transport connect[0m
[0;32mI (12418) MQTT: MQTT_EVENT_ERROR[0m
[0;32mI (12421) MQTT: Last error code reported from esp-tls: 0x8004[0m
[0;32mI (12426) MQTT: Last tls stack error number: 0x0[0m
[0;32mI (12431) MQTT: Last captured errno : 0 (Success)[0m
[0;32mI (12435) MQTT: MQTT_EVENT_DISCONNECTED[0m
[0;32mI (13326) WiFi Sta: Failed to connect to the AP[0m
[0;32mI (13326) WiFi Sta: Retrying to connect to the AP[0m
[0;32mI (13500) esp_netif_handlers: sta ip: 10.10.1.24, mask: 255.255.252.0, gw: 10.10.1.1[0m
[0;32mI (13626) RSSI: Connected SSID:Namtrung 2.4G, BSSID:12:5F:02:15:27:1E, RSSI:-55 dBm[0m
[0;32mI (13755) wifi:<ba-add>idx:0 (ifx:0, 12:5f:02:15:27:1e), tid:7, ssn:15, winSize:64[0m
[0;32mI (14336) WiFi: Connected with IP: 10.10.1.24[0m
[0;32mI (14336) WiFi Sta: Connected to AP SSID:Namtrung 2.4G, password:nt@14092011, bssid:12:5F:02:15:27:1E[0m
[0;32mI (14436) NVS: last index: 1[0m
[0;32mI (14436) NVS: wifi index: 1[0m
[0;32mI (15626) RSSI: Connected SSID:Namtrung 2.4G, BSSID:12:5F:02:15:27:1E, RSSI:-71 dBm[0m
[0;32mI (17626) RSSI: Connected SSID:Namtrung 2.4G, BSSID:12:5F:02:15:27:1E, RSSI:-66 dBm[0m
[0;32mI (19626) RSSI: Connected SSID:Namtrung 2.4G, BSSID:12:5F:02:15:27:1E, RSSI:-61 dBm[0m
[0;32mI (21626) RSSI: Connected SSID:Namtrung 2.4G, BSSID:12:5F:02:15:27:1E, RSSI:-64 dBm[0m
[0;32mI (22439) MQTT: Other event id:7[0m
[0;32mI (23626) RSSI: Connected SSID:Namtrung 2.4G, BSSID:12:5F:02:15:27:1E, RSSI:-67 dBm[0m
