Command: D:\ESP32_IDF\Espressif\python_env\idf5.5_py3.11_env\Scripts\python.exe D:\ESP32_IDF\Espressif\frameworks\esp-idf-v5.5\tools/idf_monitor.py -p COM10 -b 115200 --toolchain-prefix xtensa-esp32s3-elf- --target esp32s3 --revision 0 D:\ESP32\ESP32S3_LCD 7B_DEMO_3\ESP32-S3-Touch-LCD-7B-Demo\ESP32-S3-Touch-LCD-7B-Demo\ESP-IDF\16_LVGL_UI\build\16_LVGL_UI.elf D:\ESP32\ESP32S3_LCD 7B_DEMO_3\ESP32-S3-Touch-LCD-7B-Demo\ESP32-S3-Touch-LCD-7B-Demo\ESP-IDF\16_LVGL_UI\build\bootloader\bootloader.elf --force-color -m 'D:\ESP32_IDF\Espressif\python_env\idf5.5_py3.11_env\Scripts\python.exe' 'D:\ESP32_IDF\Espressif\frameworks\esp-idf-v5.5\tools\idf.py' '-p' 'COM10'
ESP-ROM:esp32s3-20210327
Build:Mar 27 2021
rst:0x1 (POWERON),boot:0x29 (SPI_FAST_FLASH_BOOT)
SPIWP:0xee
mode:DIO, clock div:1
load:0x3fce2820,len:0x1710
load:0x403c8700,len:0xec0
load:0x403cb700,len:0x31d4
entry 0x403c894c
[0;32mI (25) boot: ESP-IDF v5.5-dirty 2nd stage bootloader[0m
[0;32mI (25) boot: compile time Oct  8 2025 11:43:15[0m
[0;32mI (25) boot: Multicore bootloader[0m
[0;32mI (26) boot: chip revision: v0.2[0m
[0;32mI (28) boot: efuse block revision: v1.3[0m
[0;32mI (32) qio_mode: Enabling default flash chip QIO[0m
[0;32mI (36) boot.esp32s3: Boot SPI Speed : 80MHz[0m
[0;32mI (40) boot.esp32s3: SPI Mode       : QIO[0m
[0;32mI (44) boot.esp32s3: SPI Flash Size : 16MB[0m
[0;32mI (48) boot: Enabling RNG early entropy source...[0m
[0;32mI (52) boot: Partition Table:[0m
[0;32mI (55) boot: ## Label            Usage          Type ST Offset   Length[0m
[0;32mI (61) boot:  0 nvs              WiFi data        01 02 00009000 00006000[0m
[0;32mI (68) boot:  1 phy_init         RF data          01 01 0000f000 00001000[0m
[0;32mI (74) boot:  2 factory          factory app      00 00 00010000 00800000[0m
[0;32mI (81) boot: End of partition table[0m
[0;32mI (84) esp_image: segment 0: paddr=00010020 vaddr=3c0e0020 size=c449ch (803996) map[0m
[0;32mI (211) esp_image: segment 1: paddr=000d44c4 vaddr=3fca1c00 size=05790h ( 22416) load[0m
[0;32mI (215) esp_image: segment 2: paddr=000d9c5c vaddr=40374000 size=063bch ( 25532) load[0m
[0;32mI (220) esp_image: segment 3: paddr=000e0020 vaddr=42000020 size=d5720h (874272) map[0m
[0;32mI (352) esp_image: segment 4: paddr=001b5748 vaddr=4037a3bc size=177f4h ( 96244) load[0m
[0;32mI (370) esp_image: segment 5: paddr=001ccf44 vaddr=600fe000 size=00020h (    32) load[0m
[0;32mI (382) boot: Loaded app from partition at offset 0x10000[0m
[0;32mI (382) boot: Disabling RNG early entropy source...[0m
[0;33mW (392) flash HPM: HPM mode is optional feature that depends on flash model. Read Docs First![0m
[0;33mW (392) flash HPM: HPM mode with DC adjustment is disabled. Some flash models may not be supported. Read Docs First![0m
[0;33mW (399) flash HPM: High performance mode of this flash model hasn't been supported.[0m
[0;32mI (407) MSPI Timing: Flash timing tuning index: 2[0m
[0;32mI (411) octal_psram: vendor id    : 0x0d (AP)[0m
[0;32mI (415) octal_psram: dev id       : 0x02 (generation 3)[0m
[0;32mI (420) octal_psram: density      : 0x03 (64 Mbit)[0m
[0;32mI (425) octal_psram: good-die     : 0x01 (Pass)[0m
[0;32mI (429) octal_psram: Latency      : 0x01 (Fixed)[0m
[0;32mI (433) octal_psram: VCC          : 0x01 (3V)[0m
[0;32mI (437) octal_psram: SRF          : 0x01 (Fast Refresh)[0m
[0;32mI (442) octal_psram: BurstType    : 0x01 (Hybrid Wrap)[0m
[0;32mI (447) octal_psram: BurstLen     : 0x01 (32 Byte)[0m
[0;32mI (452) octal_psram: Readlatency  : 0x02 (10 cycles@Fixed)[0m
[0;32mI (457) octal_psram: DriveStrength: 0x00 (1/1)[0m
[0;32mI (469) MSPI Timing: PSRAM timing tuning index: 2[0m
[0;32mI (469) esp_psram: Found 8MB PSRAM device[0m
[0;32mI (469) esp_psram: Speed: 120MHz[0m
[0;32mI (506) mmu_psram: Read only data copied and mapped to SPIRAM[0m
[0;32mI (553) mmu_psram: Instructions copied and mapped to SPIRAM[0m
[0;32mI (553) cpu_start: Multicore app[0m
[0;32mI (715) esp_psram: SPI SRAM memory test OK[0m
[0;32mI (723) cpu_start: Pro cpu start user code[0m
[0;32mI (723) cpu_start: cpu freq: 240000000 Hz[0m
[0;32mI (723) app_init: Application information:[0m
[0;32mI (723) app_init: Project name:     16_LVGL_UI[0m
[0;32mI (728) app_init: App version:      d0f7808-dirty[0m
[0;32mI (732) app_init: Compile time:     Oct 17 2025 14:36:47[0m
[0;32mI (737) app_init: ELF file SHA256:  d91b48b7f...[0m
[0;32mI (741) app_init: ESP-IDF:          v5.5-dirty[0m
[0;32mI (746) efuse_init: Min chip rev:     v0.0[0m
[0;32mI (749) efuse_init: Max chip rev:     v0.99 [0m
[0;32mI (753) efuse_init: Chip rev:         v0.2[0m
[0;32mI (757) heap_init: Initializing. RAM available for dynamic allocation:[0m
[0;32mI (763) heap_init: At 3FCAC798 len 0003CF78 (243 KiB): RAM[0m
[0;32mI (769) heap_init: At 3FCE9710 len 00005724 (21 KiB): RAM[0m
[0;32mI (774) heap_init: At 3FCF0000 len 00008000 (32 KiB): DRAM[0m
[0;32mI (779) heap_init: At 600FE020 len 00001FC8 (7 KiB): RTCRAM[0m
[0;32mI (784) esp_psram: Adding pool of 6464K of PSRAM memory to heap allocator[0m
[0;32mI (791) esp_psram: Adding pool of 46K of PSRAM memory gap generated due to end address alignment of drom to the heap allocator[0m
[0;32mI (802) spi_flash: detected chip: generic[0m
[0;32mI (806) spi_flash: flash io: qio[0m
[0;32mI (809) sleep_gpio: Configure to isolate all GPIO pins in sleep state[0m
[0;32mI (815) sleep_gpio: Enable automatic switching of GPIO sleep configuration[0m
[0;32mI (821) coexist: coex firmware version: 831ec70[0m
[0;32mI (834) coexist: coexist rom version e7ae62f[0m
[0;32mI (835) main_task: Started on CPU0[0m
[0;32mI (836) esp_psram: Reserving pool of 32K of internal memory for DMA/internal allocations[0m
[0;32mI (841) main_task: Calling app_main()[0m
[0;32mI (844) PSRAM: Total heap: 6922624[0m
[0;32mI (847) PSRAM: Free PSRAM: 6631789[0m
[0;33mW (860) i2c.master: Please check pull-up resistances whether be connected properly. Otherwise unexpected behavior would happen. For more detailed information, please read docs[0m
[0;32mI (1266) GT911: Initialize I2C panel IO[0m
[0;32mI (1266) GT911: Initialize touch controller GT911[0m
[0;33mW (1266) GT911: Unable to initialize the I2C address[0m
[0;32mI (1268) GT911: TouchPad_ID:0x39,0x31,0x31[0m
[0;32mI (1271) GT911: TouchPad_Config_Version:91[0m
[0;32mI (1275) example: Install RGB LCD panel driver[0m
[0;32mI (1315) example: Initialize RGB LCD panel[0m
[0;32mI (1317) lv_port: Create LVGL task[0m
[0;32mI (1344) main: Display LVGL demos[0m
[0;32mI (1503) pp: pp rom version: e7ae62f[0m
[0;32mI (1503) net80211: net80211 rom version: e7ae62f[0m
[0;33mW (1504) RSSI: Not connected to any AP[0m
[0;32mI (1504) main_task: Returned from app_main()[0m
[0;32mI (1505) wifi:wifi driver task: 3fccd620, prio:23, stack:6656, core=0[0m
[0;32mI (1520) wifi:wifi firmware version: f3dbad7[0m
[0;32mI (1520) wifi:wifi certification version: v7.0[0m
[0;32mI (1522) wifi:config NVS flash: enabled[0m
[0;32mI (1525) wifi:config nano formatting: disabled[0m
[0;32mI (1529) wifi:Init data frame dynamic rx buffer num: 32[0m
[0;32mI (1535) wifi:Init static rx mgmt buffer num: 5[0m
[0;32mI (1539) wifi:Init management short buffer num: 32[0m
[0;32mI (1544) wifi:Init static tx buffer num: 16[0m
[0;32mI (1548) wifi:Init tx cache buffer num: 32[0m
[0;32mI (1551) wifi:Init static tx FG buffer num: 2[0m
[0;32mI (1555) wifi:Init static rx buffer size: 1600[0m
[0;32mI (1559) wifi:Init static rx buffer num: 16[0m
[0;32mI (1563) wifi:Init dynamic rx buffer num: 32[0m
[0;32mI (1568) wifi_init: rx ba win: 16[0m
[0;32mI (1570) wifi_init: accept mbox: 6[0m
[0;32mI (1573) wifi_init: tcpip mbox: 32[0m
[0;32mI (1576) wifi_init: udp mbox: 6[0m
[0;32mI (1579) wifi_init: tcp mbox: 6[0m
[0;32mI (1582) wifi_init: tcp tx win: 5760[0m
[0;32mI (1585) wifi_init: tcp rx win: 5760[0m
[0;32mI (1588) wifi_init: tcp mss: 1440[0m
[0;32mI (1592) wifi_init: WiFi/LWIP prefer SPIRAM[0m
[0;32mI (1595) wifi_init: WiFi IRAM OP enabled[0m
[0;32mI (1599) wifi_init: WiFi RX IRAM OP enabled[0m
[0;32mI (1603) reconnect: Found saved WiFi: Namtrung 2.4G[0m
Wi-Fi event handler registered.
[0;32mI (1611) phy_init: phy_version 701,f4f1da3a,Mar  3 2025,15:50:10[0m
[0;32mI (1648) wifi:mode : sta (10:20:ba:01:48:a8)[0m
[0;32mI (1648) wifi:enable tsf[0m
[0;32mI (1650) reconnect: WiFi init complete, waiting for connection...[0m
[0;32mI (1650) WiFi Sta: GET: SSID:Namtrung 2.4G, password:nt@14092011[0m
[0;32mI (1656) wifi:new:<6,0>, old:<1,0>, ap:<255,255>, sta:<6,0>, prof:1, snd_ch_cfg:0x0[0m
[0;32mI (1662) wifi:state: init -> auth (0xb0)[0m
[0;32mI (1669) wifi:state: auth -> assoc (0x0)[0m
[0;32mI (1681) wifi:state: assoc -> run (0x10)[0m
[0;32mI (1696) wifi:connected with Namtrung 2.4G, aid = 24, channel 6, BW20, bssid = 12:5f:02:15:32:0e[0m
[0;32mI (1697) wifi:security: WPA2-PSK, phy: bgn, rssi: -69[0m
[0;32mI (1700) wifi:pm start, type: 1[0m

[0;32mI (1702) wifi:dp: 1, bi: 102400, li: 3, scale listen interval from 307200 us to 307200 us[0m
[0;32mI (1710) wifi:set rx beacon pti, rx_bcn_pti: 14, bcn_timeout: 25000, mt_pti: 14, mt_time: 10000[0m
[0;32mI (1719) WiFi Sta: Connected to SSID:Namtrung 2.4G, channel:6[0m
[0;32mI (1742) wifi:AP's beacon interval = 102400 us, DTIM period = 1[0m
[0;32mI (2166) WiFi Sta: Failed to connect to the AP[0m
[0;32mI (2166) WiFi Sta: Retrying to connect to the AP[0m
[0;32mI (2757) esp_netif_handlers: sta ip: 10.10.1.55, mask: 255.255.252.0, gw: 10.10.1.1[0m
[0;32mI (3676) WiFi: Connected with IP: 10.10.1.55[0m
[0;32mI (3676) WiFi Sta: Connected to AP SSID:Namtrung 2.4G, password:nt@14092011, bssid:12:5F:02:15:32:0E[0m
[0;32mI (3684) MQTT_MANAGER: No existing client, creating new one...[0m
[0;32mI (3684) MQTT: Other event id:7[0m
[0;32mI (3713) wifi:<ba-add>idx:0 (ifx:0, 12:5f:02:15:32:0e), tid:7, ssn:8, winSize:64[0m
[0;32mI (3722) MQTT: MQTT_EVENT_CONNECTED[0m
[0;32mI (3731) wifi:<ba-add>idx:1 (ifx:0, 12:5f:02:15:32:0e), tid:0, ssn:4, winSize:64[0m
[0;32mI (3745) MQTT: MQTT_EVENT_SUBSCRIBED, msg_id=31424, return code=0x00 [0m
[0;32mI (3747) MQTT: MQTT_EVENT_SUBSCRIBED, msg_id=46139, return code=0x00 [0m
[0;32mI (3777) NVS: last index: -1[0m
[0;32mI (3777) NVS: wifi index: 0[0m
[0;33mW (3777) WIFI_UI: WIFI_List_Button is invalid[0m
[0;32mI (9579) MQTT_BACKUP: Read number: 1058[0m
[0;32mI (9579) Feedback: Successfully read number: 1058[0m
[0;32mI (9580) Feedback: diem danh gia: 1[0m

[0;32mI (9581) MQTT: Message sent successfully, msg_id=0[0m
[0;32mI (12398) MQTT_BACKUP: Read number: 1058[0m
[0;32mI (12399) Feedback: Successfully read number: 1058[0m
[0;32mI (12399) Feedback: diem danh gia : 4[0m

[0;32mI (12400) MQTT: Message sent successfully, msg_id=0[0m
[0;32mI (28985) MQTT: MQTT_EVENT_DATA[0m
TOPIC=number
DATA=1059
[0;32mI (28986) MQTT_BACKUP: MQTT_EVENT_DATA. Payload: 1059[0m
[0;32mI (28987) MQTT_BACKUP: Saved number "1059" into key "next_number"[0m
[0;32mI (28991) MQTT_BACKUP: Deleted key current_number successfully[0m
[0;32mI (28996) WAIT TASK: Start waiting for 10 seconds...[0m
[0;32mI (29001) WAIT TASK: Pressed[0m
[0;32mI (29004) MQTT_BACKUP: copied next_number (1059) to current_number[0m
[0;32mI (29010) MQTT_BACKUP: Delete key next_number successfully[0m
[0;32mI (29199) MQTT: MQTT_EVENT_DATA[0m
TOPIC=number
DATA=1059
[0;32mI (29199) MQTT_BACKUP: MQTT_EVENT_DATA. Payload: 1059[0m
[0;32mI (29201) MQTT_BACKUP: Saved number "1059" into key "next_number"[0m
[0;32mI (29204) MQTT_BACKUP: Deleted key current_number successfully[0m
[0;32mI (29209) WAIT TASK: Start waiting for 10 seconds...[0m
[0;32mI (31750) MQTT: MQTT_EVENT_DATA[0m
TOPIC=number
DATA=1060
[0;32mI (31750) MQTT_BACKUP: MQTT_EVENT_DATA. Payload: 1060[0m
[0;32mI (31752) MQTT_BACKUP: Saved number "1060" into key "current_number"[0m
[0;32mI (31756) MQTT_BACKUP: Deleted key current_number successfully[0m
[0;32mI (31943) MQTT: MQTT_EVENT_DATA[0m
TOPIC=number
DATA=1060
[0;32mI (31943) MQTT_BACKUP: MQTT_EVENT_DATA. Payload: 1060[0m
[0;32mI (31945) MQTT_BACKUP: Saved number "1060" into key "current_number"[0m
[0;32mI (31948) MQTT_BACKUP: Deleted key current_number successfully[0m
[1;31mE (32949) MQTT_BACKUP: Failed to get size for number: ESP_ERR_NVS_NOT_FOUND[0m
[1;31mE (32949) Feedback: Failed to read number[0m
[0;32mI (32950) Feedback: diem danh gia : 4[0m

[0;32mI (32953) MQTT: Message sent successfully, msg_id=0[0m
[0;32mI (33014) WAIT TASK: Pressed[0m
[0;32mI (33016) MQTT_BACKUP: copied next_number (1059) to current_number[0m
[0;32mI (33017) MQTT_BACKUP: Delete key next_number successfully[0m
[0;32mI (33017) WAIT TASK: Start waiting for 10 seconds...[0m
[0;32mI (43021) WAIT TASK: TIMEOUT [0m
[0;32mI (43021) MQTT_BACKUP:  No next_number exist[0m
[0;32mI (43021) MQTT_BACKUP: No Key next_number exist[0m
[0;32mI (59282) MQTT_BACKUP: Read number: 1059[0m
[0;32mI (59283) Feedback: Successfully read number: 1059[0m
[0;32mI (59283) Feedback: diem danh gia : 4[0m

[0;32mI (59284) MQTT: Message sent successfully, msg_id=0[0m
[0;32mI (59311) MQTT: MQTT_EVENT_DATA[0m
TOPIC=number
DATA=1061
[0;32mI (59311) MQTT_BACKUP: MQTT_EVENT_DATA. Payload: 1061[0m
[0;32mI (59313) MQTT_BACKUP: Saved number "1061" into key "next_number"[0m
[0;32mI (59316) MQTT_BACKUP: Deleted key current_number successfully[0m
[0;32mI (59321) WAIT TASK: Start waiting for 10 seconds...[0m
[0;32mI (59323) MQTT: MQTT_EVENT_DATA[0m
[0;32mI (59328) WAIT TASK: Pressed[0m
TOPIC=number
DATA=1061
[0;32mI (59334) MQTT_BACKUP: MQTT_EVENT_DATA. Payload: 1061[0m
[0;32mI (59340) MQTT_BACKUP: Saved number "1061" into key "current_number"[0m
[0;32mI (59340) MQTT_BACKUP: copied next_number (1061) to current_number[0m
[0;32mI (59345) MQTT_BACKUP: Deleted key current_number successfully[0m
[0;32mI (59351) MQTT_BACKUP: Delete key next_number successfully[0m
[0;32mI (59362) WAIT TASK: Start waiting for 10 seconds...[0m
[1;31mE (65838) MQTT_BACKUP: Failed to get size for number: ESP_ERR_NVS_NOT_FOUND[0m
[1;31mE (65838) Feedback: Failed to read number[0m
[0;32mI (65839) Feedback: diem danh gia : 4[0m

[0;32mI (65842) MQTT: Message sent successfully, msg_id=0[0m
[0;32mI (65866) WAIT TASK: Pressed[0m
[0;32mI (65866) MQTT_BACKUP:  No next_number exist[0m
[0;32mI (65866) MQTT_BACKUP: No Key next_number exist[0m
[1;31mE (68800) MQTT_BACKUP: Failed to get size for number: ESP_ERR_NVS_NOT_FOUND[0m
[1;31mE (68800) Feedback: Failed to read number[0m
[0;32mI (68801) Feedback: diem danh gia : 4[0m

[0;32mI (68804) MQTT: Message sent successfully, msg_id=0[0m
[0;32mI (118288) MQTT: MQTT_EVENT_DATA[0m
TOPIC=number
DATA=1062
[0;32mI (118289) MQTT_BACKUP: MQTT_EVENT_DATA. Payload: 1062[0m
[0;32mI (118290) MQTT_BACKUP: Saved number "1062" into key "current_number"[0m
[0;32mI (118294) MQTT_BACKUP: Deleted key current_number successfully[0m
[0;32mI (118300) WAIT TASK: Start waiting for 10 seconds...[0m
[0;32mI (118304) WAIT TASK: Pressed[0m
[0;32mI (118307) MQTT_BACKUP:  No next_number exist[0m
[0;32mI (118311) MQTT_BACKUP: No Key next_number exist[0m
[0;32mI (118448) MQTT: MQTT_EVENT_DATA[0m
TOPIC=number
DATA=1062
[0;32mI (118448) MQTT_BACKUP: MQTT_EVENT_DATA. Payload: 1062[0m
[0;32mI (118449) MQTT_BACKUP: Saved number "1062" into key "current_number"[0m
[0;32mI (118454) MQTT_BACKUP: Deleted key current_number successfully[0m
[0;32mI (118459) WAIT TASK: Start waiting for 10 seconds...[0m
[1;31mE (119229) MQTT_BACKUP: Failed to get size for number: ESP_ERR_NVS_NOT_FOUND[0m
[1;31mE (119229) Feedback: Failed to read number[0m
[0;32mI (119229) Feedback: diem danh gia : 4[0m

[0;32mI (119233) MQTT: Message sent successfully, msg_id=0[0m
[0;32mI (119264) WAIT TASK: Pressed[0m
[0;32mI (119264) MQTT_BACKUP:  No next_number exist[0m
[0;32mI (119264) MQTT_BACKUP: No Key next_number exist[0m
[0;32mI (130469) MQTT: MQTT_EVENT_DATA[0m
TOPIC=number
DATA=1063
[0;32mI (130469) MQTT_BACKUP: MQTT_EVENT_DATA. Payload: 1063[0m
[0;32mI (130470) MQTT_BACKUP: Saved number "1063" into key "current_number"[0m
[0;32mI (130474) MQTT_BACKUP: Deleted key current_number successfully[0m
[0;32mI (130480) WAIT TASK: Start waiting for 10 seconds...[0m
[0;32mI (130690) MQTT: MQTT_EVENT_DATA[0m
TOPIC=number
DATA=1063
[0;32mI (130690) MQTT_BACKUP: MQTT_EVENT_DATA. Payload: 1063[0m
[0;32mI (130691) MQTT_BACKUP: Saved number "1063" into key "current_number"[0m
[0;32mI (130696) MQTT_BACKUP: Deleted key current_number successfully[0m
[1;31mE (132791) MQTT_BACKUP: Failed to get size for number: ESP_ERR_NVS_NOT_FOUND[0m
[1;31mE (132792) Feedback: Failed to read number[0m
[0;32mI (132792) Feedback: diem danh gia : 4[0m

[0;32mI (132795) MQTT: Message sent successfully, msg_id=0[0m
[0;32mI (132884) WAIT TASK: Pressed[0m
[0;32mI (132884) MQTT_BACKUP:  No next_number exist[0m
[0;32mI (132884) MQTT_BACKUP: No Key next_number exist[0m
[0;32mI (132884) WAIT TASK: Start waiting for 10 seconds...[0m
