Command: D:\ESP32_IDF\Espressif\python_env\idf5.5_py3.11_env\Scripts\python.exe D:\ESP32_IDF\Espressif\frameworks\esp-idf-v5.5\tools/idf_monitor.py -p COM10 -b 115200 --toolchain-prefix xtensa-esp32s3-elf- --target esp32s3 --revision 0 D:\ESP32\ESP32S3_LCD 7B_DEMO_3\ESP32-S3-Touch-LCD-7B-Demo\ESP32-S3-Touch-LCD-7B-Demo\ESP-IDF\16_LVGL_UI\build\16_LVGL_UI.elf D:\ESP32\ESP32S3_LCD 7B_DEMO_3\ESP32-S3-Touch-LCD-7B-Demo\ESP32-S3-Touch-LCD-7B-Demo\ESP-IDF\16_LVGL_UI\build\bootloader\bootloader.elf --force-color -m 'D:\ESP32_IDF\Espressif\python_env\idf5.5_py3.11_env\Scripts\python.exe' 'D:\ESP32_IDF\Espressif\frameworks\esp-idf-v5.5\tools\idf.py' '-p' 'COM10'
ESP-ROM:esp32s3-20210327
Build:Mar 27 2021
rst:0x1 (POWERON),boot:0x29 (SPI_FAST_FLASH_BOOT)
SPIWP:0xee
mode:DIO, clock div:1
load:0x3fce2820,len:0x1710
load:0x403c8700,len:0xec0
load:0x403cb700,len:0x31d4
entry 0x403c894c
[0;32mI (25) boot: ESP-IDF v5.5-dirty 2nd stage bootloader[0m
[0;32mI (25) boot: compile time Oct  8 2025 11:43:15[0m
[0;32mI (25) boot: Multicore bootloader[0m
[0;32mI (26) boot: chip revision: v0.2[0m
[0;32mI (28) boot: efuse block revision: v1.3[0m
[0;32mI (32) qio_mode: Enabling default flash chip QIO[0m
[0;32mI (36) boot.esp32s3: Boot SPI Speed : 80MHz[0m
[0;32mI (40) boot.esp32s3: SPI Mode       : QIO[0m
[0;32mI (44) boot.esp32s3: SPI Flash Size : 16MB[0m
[0;32mI (48) boot: Enabling RNG early entropy source...[0m
[0;32mI (52) boot: Partition Table:[0m
[0;32mI (55) boot: ## Label            Usage          Type ST Offset   Length[0m
[0;32mI (61) boot:  0 nvs              WiFi data        01 02 00009000 00006000[0m
[0;32mI (68) boot:  1 phy_init         RF data          01 01 0000f000 00001000[0m
[0;32mI (74) boot:  2 factory          factory app      00 00 00010000 00800000[0m
[0;32mI (81) boot: End of partition table[0m
[0;32mI (84) esp_image: segment 0: paddr=00010020 vaddr=3c0e0020 size=cd634h (841268) map[0m
[0;32mI (216) esp_image: segment 1: paddr=000dd65c vaddr=3fca1c00 size=029bch ( 10684) load[0m
[0;32mI (218) esp_image: segment 2: paddr=000e0020 vaddr=42000020 size=ddc18h (908312) map[0m
[0;32mI (355) esp_image: segment 3: paddr=001bdc40 vaddr=3fca45bc size=02de4h ( 11748) load[0m
[0;32mI (357) esp_image: segment 4: paddr=001c0a2c vaddr=40374000 size=1dbb0h (121776) load[0m
[0;32mI (382) esp_image: segment 5: paddr=001de5e4 vaddr=600fe000 size=00020h (    32) load[0m
[0;32mI (393) boot: Loaded app from partition at offset 0x10000[0m
[0;32mI (394) boot: Disabling RNG early entropy source...[0m
[0;33mW (404) flash HPM: HPM mode is optional feature that depends on flash model. Read Docs First![0m
[0;33mW (404) flash HPM: HPM mode with DC adjustment is disabled. Some flash models may not be supported. Read Docs First![0m
[0;33mW (411) flash HPM: High performance mode of this flash model hasn't been supported.[0m
[0;32mI (418) MSPI Timing: Flash timing tuning index: 2[0m
[0;32mI (423) octal_psram: vendor id    : 0x0d (AP)[0m
[0;32mI (427) octal_psram: dev id       : 0x02 (generation 3)[0m
[0;32mI (432) octal_psram: density      : 0x03 (64 Mbit)[0m
[0;32mI (436) octal_psram: good-die     : 0x01 (Pass)[0m
[0;32mI (440) octal_psram: Latency      : 0x01 (Fixed)[0m
[0;32mI (445) octal_psram: VCC          : 0x01 (3V)[0m
[0;32mI (449) octal_psram: SRF          : 0x01 (Fast Refresh)[0m
[0;32mI (454) octal_psram: BurstType    : 0x01 (Hybrid Wrap)[0m
[0;32mI (459) octal_psram: BurstLen     : 0x01 (32 Byte)[0m
[0;32mI (463) octal_psram: Readlatency  : 0x02 (10 cycles@Fixed)[0m
[0;32mI (468) octal_psram: DriveStrength: 0x00 (1/1)[0m
[0;32mI (480) MSPI Timing: PSRAM timing tuning index: 2[0m
[0;32mI (480) esp_psram: Found 8MB PSRAM device[0m
[0;32mI (481) esp_psram: Speed: 120MHz[0m
[0;32mI (518) mmu_psram: Read only data copied and mapped to SPIRAM[0m
[0;32mI (564) mmu_psram: Instructions copied and mapped to SPIRAM[0m
[0;32mI (564) cpu_start: Multicore app[0m
[0;32mI (726) esp_psram: SPI SRAM memory test OK[0m
[0;32mI (735) cpu_start: Pro cpu start user code[0m
[0;32mI (735) cpu_start: cpu freq: 240000000 Hz[0m
[0;32mI (735) app_init: Application information:[0m
[0;32mI (735) app_init: Project name:     16_LVGL_UI[0m
[0;32mI (739) app_init: App version:      d0f7808-dirty[0m
[0;32mI (743) app_init: Compile time:     Nov 10 2025 14:56:37[0m
[0;32mI (748) app_init: ELF file SHA256:  c92666113...[0m
[0;32mI (753) app_init: ESP-IDF:          v5.5-dirty[0m
[0;32mI (757) efuse_init: Min chip rev:     v0.0[0m
[0;32mI (761) efuse_init: Max chip rev:     v0.99 [0m
[0;32mI (765) efuse_init: Chip rev:         v0.2[0m
[0;32mI (769) heap_init: Initializing. RAM available for dynamic allocation:[0m
[0;32mI (775) heap_init: At 3FCACD28 len 0003C9E8 (242 KiB): RAM[0m
[0;32mI (780) heap_init: At 3FCE9710 len 00005724 (21 KiB): RAM[0m
[0;32mI (785) heap_init: At 3FCF0000 len 00008000 (32 KiB): DRAM[0m
[0;32mI (790) heap_init: At 600FE020 len 00001FC8 (7 KiB): RTCRAM[0m
[0;32mI (796) esp_psram: Adding pool of 6464K of PSRAM memory to heap allocator[0m
[0;32mI (802) esp_psram: Adding pool of 10K of PSRAM memory gap generated due to end address alignment of drom to the heap allocator[0m
[0;32mI (814) spi_flash: detected chip: generic[0m
[0;32mI (817) spi_flash: flash io: qio[0m
[0;32mI (820) sleep_gpio: Configure to isolate all GPIO pins in sleep state[0m
[0;32mI (826) sleep_gpio: Enable automatic switching of GPIO sleep configuration[0m
[0;32mI (833) coexist: coex firmware version: 831ec70[0m
[0;32mI (846) coexist: coexist rom version e7ae62f[0m
[0;32mI (846) main_task: Started on CPU0[0m
[0;32mI (847) esp_psram: Reserving pool of 32K of internal memory for DMA/internal allocations[0m
[0;32mI (852) main_task: Calling app_main()[0m
[0;32mI (855) PSRAM: Total heap: 6884316[0m
[0;32mI (858) PSRAM: Free PSRAM: 6594905[0m
[0;33mW (872) i2c.master: Please check pull-up resistances whether be connected properly. Otherwise unexpected behavior would happen. For more detailed information, please read docs[0m
[0;32mI (1277) GT911: Initialize I2C panel IO[0m
[0;32mI (1277) GT911: Initialize touch controller GT911[0m
[0;33mW (1277) GT911: Unable to initialize the I2C address[0m
[0;32mI (1279) GT911: TouchPad_ID:0x39,0x31,0x31[0m
[0;32mI (1282) GT911: TouchPad_Config_Version:91[0m
[0;32mI (1286) example: Install RGB LCD panel driver[0m
[0;32mI (1326) example: Initialize RGB LCD panel[0m
[0;32mI (1328) lv_port: Create LVGL task[0m
[0;32mI (1355) main: Display LVGL demos[0m
[0;32mI (1372) TAG_NVS: Loaded JSON from NVS: [{"name":"quay 2","device_id":"94:E6:86:09:A4:78"},{"name":"quay 1","device_id":"A8:42:E3:4C:7C:BC"}][0m
[0;32mI (1374) TAG_NVS: Loaded 2 devices from NVS[0m
[0;32mI (1379) LVGL: Displayed 2 devices[0m
[0;32mI (1568) pp: pp rom version: e7ae62f[0m
[0;32mI (1568) net80211: net80211 rom version: e7ae62f[0m
[0;33mW (1568) RSSI: Not connected to any AP[0m
[0;32mI (1568) main_task: Returned from app_main()[0m
[0;32mI (1569) wifi:wifi driver task: 3fcd0508, prio:23, stack:6656, core=0[0m
[0;32mI (1585) wifi:wifi firmware version: f3dbad7[0m
[0;32mI (1585) wifi:wifi certification version: v7.0[0m
[0;32mI (1586) wifi:config NVS flash: enabled[0m
[0;32mI (1590) wifi:config nano formatting: disabled[0m
[0;32mI (1594) wifi:Init data frame dynamic rx buffer num: 32[0m
[0;32mI (1599) wifi:Init static rx mgmt buffer num: 5[0m
[0;32mI (1603) wifi:Init management short buffer num: 32[0m
[0;32mI (1608) wifi:Init static tx buffer num: 16[0m
[0;32mI (1612) wifi:Init tx cache buffer num: 32[0m
[0;32mI (1615) wifi:Init static tx FG buffer num: 2[0m
[0;32mI (1619) wifi:Init static rx buffer size: 1600[0m
[0;32mI (1624) wifi:Init static rx buffer num: 16[0m
[0;32mI (1627) wifi:Init dynamic rx buffer num: 32[0m
[0;32mI (1632) wifi_init: rx ba win: 16[0m
[0;32mI (1634) wifi_init: accept mbox: 6[0m
[0;32mI (1638) wifi_init: tcpip mbox: 32[0m
[0;32mI (1641) wifi_init: udp mbox: 6[0m
[0;32mI (1644) wifi_init: tcp mbox: 6[0m
[0;32mI (1646) wifi_init: tcp tx win: 5760[0m
[0;32mI (1650) wifi_init: tcp rx win: 5760[0m
[0;32mI (1653) wifi_init: tcp mss: 1440[0m
[0;32mI (1656) wifi_init: WiFi/LWIP prefer SPIRAM[0m
[0;32mI (1660) wifi_init: WiFi IRAM OP enabled[0m
[0;32mI (1664) wifi_init: WiFi RX IRAM OP enabled[0m
[0;32mI (1667) reconnect: Found saved WiFi: Namtrung 2.4G[0m
Wi-Fi event handler registered.
[0;32mI (1675) phy_init: phy_version 701,f4f1da3a,Mar  3 2025,15:50:10[0m
[0;32mI (1713) wifi:mode : sta (10:20:ba:01:48:a8)[0m
[0;32mI (1713) wifi:enable tsf[0m
[0;32mI (1715) reconnect: WiFi init complete, waiting for connection...[0m
[0;32mI (1715) WiFi Sta: GET: SSID:Namtrung 2.4G, password:nt@14092011[0m
[0;32mI (1720) wifi:new:<11,0>, old:<1,0>, ap:<255,255>, sta:<11,0>, prof:1, snd_ch_cfg:0x0[0m
[0;32mI (1728) wifi:state: init -> auth (0xb0)[0m
[0;32mI (1741) wifi:state: auth -> assoc (0x0)[0m
[0;32mI (1747) wifi:state: assoc -> run (0x10)[0m
[0;32mI (1885) wifi:connected with Namtrung 2.4G, aid = 23, channel 11, BW20, bssid = 12:5f:02:15:1e:9a[0m
[0;32mI (1885) wifi:security: WPA2-PSK, phy: bgn, rssi: -45[0m
[0;32mI (1888) wifi:pm start, type: 1[0m

[0;32mI (1890) wifi:dp: 1, bi: 102400, li: 3, scale listen interval from 307200 us to 307200 us[0m
[0;32mI (1898) wifi:set rx beacon pti, rx_bcn_pti: 14, bcn_timeout: 25000, mt_pti: 14, mt_time: 10000[0m
[0;32mI (1907) WiFi Sta: Connected to SSID:Namtrung 2.4G, channel:11[0m
[0;32mI (1971) wifi:AP's beacon interval = 102400 us, DTIM period = 1[0m
[0;32mI (2232) WiFi Sta: Failed to connect to the AP[0m
[0;32mI (2232) WiFi Sta: Retrying to connect to the AP[0m
[0;32mI (2923) esp_netif_handlers: sta ip: 10.10.2.111, mask: 255.255.252.0, gw: 10.10.1.1[0m
[0;32mI (3742) WiFi: Connected with IP: 10.10.2.111[0m
[0;32mI (3742) WiFi Sta: Connected to AP SSID:Namtrung 2.4G, password:nt@14092011, bssid:12:5F:02:15:1E:9A[0m
[0;32mI (3748) MQTT_MANAGER: No existing client, creating new one...[0m
[0;32mI (3750) MQTT: Other event id:7[0m
[0;32mI (3763) MQTT: MQTT_EVENT_CONNECTED[0m
[0;32mI (3767) wifi:<ba-add>idx:0 (ifx:0, 12:5f:02:15:1e:9a), tid:0, ssn:4, winSize:64[0m
[0;32mI (3771) wifi:<ba-add>idx:1 (ifx:0, 12:5f:02:15:1e:9a), tid:7, ssn:5, winSize:64[0m
[0;32mI (3782) MQTT: MQTT_EVENT_SUBSCRIBED, msg_id=21276, return code=0x00[0m
[0;32mI (3784) MQTT: MQTT_EVENT_SUBSCRIBED, msg_id=48410, return code=0x01[0m
[0;32mI (3847) NVS: last index: -1[0m
[0;32mI (3847) NVS: wifi index: 0[0m
[0;33mW (3847) WIFI_UI: WIFI_List_Button is invalid[0m
[0;32mI (4007) MQTT_SAVE_NUMBER: Processing topic: device/list[0m
[0;32mI (4007) MQTT_SAVE_NUMBER: Data: [{"id":"94:E6:86:09:A4:78","name":"quay 2"},{"id":"A8:42:E3:4C:7C:BC","name":"quay 1"}][0m
[0;32mI (4012) MQTT_SAVE_NUMBER: Device list received[0m
[0;32mI (4016) MQTT_SAVE_NUMBER: Stored 2 devices[0m
[0;32mI (4020) TAG_NVS: Saved 2 devices to NVS[0m
STA:STA 
[0;32mI (36054) wifi_scan: Max AP number ap_info can hold = 20[0m
[0;32mI (36054) wifi_scan: Total APs scanned = 17, actual AP number ap_info holds = 17[0m
[0;32mI (36159) NVS: Have a saved wifi network in NVS: Namtrung 2.4G[0m
[0;32mI (36164) wifi_scan: Found saved AP: Namtrung 2.4G[0m
[0;32mI (36309) NVS: Have a saved wifi network in NVS: Namtrung 2.4G[0m
[0;32mI (36314) wifi_scan: Found saved AP: Namtrung 2.4G[0m
index:0
[0;32mI (38745) wifi_scan: BSSID 10:5F:02:75:1E:9A[0m
[0;32mI (38745) wifi_scan: Authmode 	WIFI_AUTH_WPA2_PSK[0m
[0;32mI (38745) wifi_scan: Pairwise Cipher 	WIFI_CIPHER_TYPE_CCMP[0m
[0;32mI (38747) wifi_scan: Group Cipher 	WIFI_CIPHER_TYPE_CCMP[0m
esp_wifi_disconnect 
[0;32mI (46433) wifi:state: run -> init (0x0)[0m
[0;32mI (46434) wifi:pm stop, total sleep time: 32764803 us / 44544076 us[0m

[0;32mI (46435) wifi:<ba-del>idx:0, tid:0[0m
[0;32mI (46436) wifi:<ba-del>idx:1, tid:7[0m
[0;32mI (46440) wifi:new:<11,0>, old:<11,0>, ap:<255,255>, sta:<11,0>, prof:1, snd_ch_cfg:0x0[0m
[0;32mI (46448) WiFi Sta: STA disconnected, reason=8[0m
[0;32mI (46452) WiFi Sta: WIFI STA_DISCONNECTED.[0m
[0;32mI (46948) WiFi Sta: Connecting to wifi network, BSSID: 10:5F:02:75:1E:9A[0m
[0;33mW (46948) wifi:Password length matches WPA2 standards, authmode threshold changes from OPEN to WPA2[0m
[0;32mI (46962) wifi:flush txq[0m
[0;32mI (46962) wifi:stop sw txq[0m
[0;32mI (46962) wifi:lmac stop hw txq[0m
[0;32mI (46963) wifi:mode : sta (10:20:ba:01:48:a8)[0m
[0;32mI (46964) wifi:enable tsf[0m
[0;32mI (46967) WiFi Sta: GET: SSID:NamTrung, password:nt@14092011[0m
[0;32mI (46977) wifi:new:<11,0>, old:<1,0>, ap:<255,255>, sta:<11,0>, prof:1, snd_ch_cfg:0x0[0m
[0;32mI (46979) wifi:state: init -> auth (0xb0)[0m
[0;32mI (46989) wifi:state: auth -> assoc (0x0)[0m
[0;32mI (46995) wifi:state: assoc -> run (0x10)[0m
[0;32mI (47015) wifi:connected with NamTrung, aid = 23, channel 11, BW20, bssid = 10:5f:02:75:1e:9a[0m
[0;32mI (47015) wifi:security: WPA2-PSK, phy: bgn, rssi: -53[0m
[0;32mI (47018) wifi:pm start, type: 1[0m

[0;32mI (47020) wifi:set rx beacon pti, rx_bcn_pti: 14, bcn_timeout: 25000, mt_pti: 14, mt_time: 10000[0m
[0;32mI (47029) wifi:AP's beacon interval = 102400 us, DTIM period = 1[0m
[0;32mI (47035) WiFi Sta: Connected to SSID:NamTrung, channel:11[0m
[0;32mI (47472) WiFi Sta: Failed to connect to the AP[0m
[0;32mI (47472) WiFi Sta: Retrying to connect to the AP[0m
[0;32mI (48062) esp_netif_handlers: sta ip: 10.10.2.111, mask: 255.255.252.0, gw: 10.10.1.1[0m
[0;32mI (48982) WiFi: Connected with IP: 10.10.2.111[0m
[0;32mI (48982) WiFi Sta: Connected to AP SSID:NamTrung, password:nt@14092011, bssid:10:5F:02:75:1E:9A[0m
[0;32mI (48993) MQTT_MANAGER: Starting MQTT safely...[0m
[0;32mI (48993) MQTT_MANAGER: MQTT started.[0m
[0;32mI (48993) MQTT: Other event id:7[0m
[0;32mI (49006) wifi:<ba-add>idx:0 (ifx:0, 10:5f:02:75:1e:9a), tid:7, ssn:5, winSize:64[0m
[0;32mI (49011) MQTT: MQTT_EVENT_CONNECTED[0m
[0;32mI (49015) wifi:<ba-add>idx:1 (ifx:0, 10:5f:02:75:1e:9a), tid:0, ssn:3, winSize:64[0m
[0;32mI (49040) MQTT: MQTT_EVENT_SUBSCRIBED, msg_id=31880, return code=0x00[0m
[0;32mI (49042) MQTT: MQTT_EVENT_SUBSCRIBED, msg_id=57701, return code=0x01[0m
[0;32mI (49122) NVS: last index: 2[0m
[0;32mI (49122) NVS: wifi index: 0[0m
[0;32mI (49247) MQTT_SAVE_NUMBER: Processing topic: device/list[0m
[0;32mI (49248) MQTT_SAVE_NUMBER: Data: [{"id":"94:E6:86:09:A4:78","name":"quay 2"},{"id":"A8:42:E3:4C:7C:BC","name":"quay 1"}][0m
[0;32mI (49252) MQTT_SAVE_NUMBER: Device list received[0m
[0;32mI (49257) MQTT_SAVE_NUMBER: Stored 2 devices[0m
[0;32mI (49261) TAG_NVS: Saved 2 devices to NVS[0m
[0;32mI (79393) wifi_scan: Max AP number ap_info can hold = 20[0m
[0;32mI (79393) wifi_scan: Total APs scanned = 16, actual AP number ap_info holds = 16[0m
[0;32mI (79514) NVS: Have a saved wifi network in NVS: Namtrung 2.4G[0m
[0;32mI (79519) wifi_scan: Found saved AP: Namtrung 2.4G[0m
[0;32mI (79665) NVS: Have a saved wifi network in NVS: Namtrung 2.4G[0m
[0;32mI (79670) wifi_scan: Found saved AP: Namtrung 2.4G[0m
