Command: D:\ESP32_IDF\Espressif\python_env\idf5.5_py3.11_env\Scripts\python.exe D:\ESP32_IDF\Espressif\frameworks\esp-idf-v5.5\tools/idf_monitor.py -p COM10 -b 115200 --toolchain-prefix xtensa-esp32s3-elf- --target esp32s3 --revision 0 D:\ESP32\ESP32S3_LCD 7B_DEMO_3\ESP32-S3-Touch-LCD-7B-Demo\ESP32-S3-Touch-LCD-7B-Demo\ESP-IDF\16_LVGL_UI\build\16_LVGL_UI.elf D:\ESP32\ESP32S3_LCD 7B_DEMO_3\ESP32-S3-Touch-LCD-7B-Demo\ESP32-S3-Touch-LCD-7B-Demo\ESP-IDF\16_LVGL_UI\build\bootloader\bootloader.elf --force-color -m 'D:\ESP32_IDF\Espressif\python_env\idf5.5_py3.11_env\Scripts\python.exe' 'D:\ESP32_IDF\Espressif\frameworks\esp-idf-v5.5\tools\idf.py' '-p' 'COM10'
ESP-ROM:esp32s3-20210327
Build:Mar 27 2021
rst:0x1 (POWERON),boot:0x28 (SPI_FAST_FLASH_BOOT)
SPIWP:0xee
mode:DIO, clock div:1
load:0x3fce2820,len:0x1710
load:0x403c8700,len:0xec0
load:0x403cb700,len:0x31d4
entry 0x403c894c
[0;32mI (25) boot: ESP-IDF v5.5-dirty 2nd stage bootloader[0m
[0;32mI (25) boot: compile time Oct  8 2025 11:43:15[0m
[0;32mI (25) boot: Multicore bootloader[0m
[0;32mI (26) boot: chip revision: v0.2[0m
[0;32mI (28) boot: efuse block revision: v1.3[0m
[0;32mI (32) qio_mode: Enabling default flash chip QIO[0m
[0;32mI (36) boot.esp32s3: Boot SPI Speed : 80MHz[0m
[0;32mI (40) boot.esp32s3: SPI Mode       : QIO[0m
[0;32mI (44) boot.esp32s3: SPI Flash Size : 16MB[0m
[0;32mI (48) boot: Enabling RNG early entropy source...[0m
[0;32mI (52) boot: Partition Table:[0m
[0;32mI (55) boot: ## Label            Usage          Type ST Offset   Length[0m
[0;32mI (61) boot:  0 nvs              WiFi data        01 02 00009000 00006000[0m
[0;32mI (68) boot:  1 phy_init         RF data          01 01 0000f000 00001000[0m
[0;32mI (74) boot:  2 factory          factory app      00 00 00010000 00800000[0m
[0;32mI (81) boot: End of partition table[0m
[0;32mI (84) esp_image: segment 0: paddr=00010020 vaddr=3c150020 size=dc71ch (902940) map[0m
[0;32mI (225) esp_image: segment 1: paddr=000ec744 vaddr=3fca6400 size=038d4h ( 14548) load[0m
[0;32mI (228) esp_image: segment 2: paddr=000f0020 vaddr=42000020 size=142a60h (1321568) map[0m
[0;32mI (425) esp_image: segment 3: paddr=00232a88 vaddr=3fca9cd4 size=026e0h (  9952) load[0m
[0;32mI (427) esp_image: segment 4: paddr=00235170 vaddr=40374000 size=2230ch (140044) load[0m
[0;32mI (456) esp_image: segment 5: paddr=00257484 vaddr=600fe000 size=00020h (    32) load[0m
[0;32mI (469) boot: Loaded app from partition at offset 0x10000[0m
[0;32mI (469) boot: Disabling RNG early entropy source...[0m
[0;33mW (479) flash HPM: HPM mode is optional feature that depends on flash model. Read Docs First![0m
[0;33mW (479) flash HPM: HPM mode with DC adjustment is disabled. Some flash models may not be supported. Read Docs First![0m
[0;33mW (486) flash HPM: High performance mode of this flash model hasn't been supported.[0m
[0;32mI (494) MSPI Timing: Flash timing tuning index: 2[0m
[0;32mI (498) octal_psram: vendor id    : 0x0d (AP)[0m
[0;32mI (502) octal_psram: dev id       : 0x02 (generation 3)[0m
[0;32mI (507) octal_psram: density      : 0x03 (64 Mbit)[0m
[0;32mI (512) octal_psram: good-die     : 0x01 (Pass)[0m
[0;32mI (516) octal_psram: Latency      : 0x01 (Fixed)[0m
[0;32mI (520) octal_psram: VCC          : 0x01 (3V)[0m
[0;32mI (525) octal_psram: SRF          : 0x01 (Fast Refresh)[0m
[0;32mI (529) octal_psram: BurstType    : 0x01 (Hybrid Wrap)[0m
[0;32mI (534) octal_psram: BurstLen     : 0x01 (32 Byte)[0m
[0;32mI (539) octal_psram: Readlatency  : 0x02 (10 cycles@Fixed)[0m
[0;32mI (544) octal_psram: DriveStrength: 0x00 (1/1)[0m
[0;32mI (556) MSPI Timing: PSRAM timing tuning index: 2[0m
[0;32mI (556) esp_psram: Found 8MB PSRAM device[0m
[0;32mI (557) esp_psram: Speed: 120MHz[0m
[0;32mI (596) mmu_psram: Read only data copied and mapped to SPIRAM[0m
[0;32mI (666) mmu_psram: Instructions copied and mapped to SPIRAM[0m
[0;32mI (666) cpu_start: Multicore app[0m
[0;32mI (815) esp_psram: SPI SRAM memory test OK[0m
[0;32mI (823) cpu_start: Pro cpu start user code[0m
[0;32mI (823) cpu_start: cpu freq: 240000000 Hz[0m
[0;32mI (823) app_init: Application information:[0m
[0;32mI (823) app_init: Project name:     16_LVGL_UI[0m
[0;32mI (828) app_init: App version:      b442d3f-dirty[0m
[0;32mI (832) app_init: Compile time:     Oct  8 2025 13:29:38[0m
[0;32mI (837) app_init: ELF file SHA256:  d9ea4006d...[0m
[0;32mI (841) app_init: ESP-IDF:          v5.5-dirty[0m
[0;32mI (846) efuse_init: Min chip rev:     v0.0[0m
[0;32mI (849) efuse_init: Max chip rev:     v0.99 [0m
[0;32mI (853) efuse_init: Chip rev:         v0.2[0m
[0;32mI (857) heap_init: Initializing. RAM available for dynamic allocation:[0m
[0;32mI (864) heap_init: At 3FCB6D70 len 000329A0 (202 KiB): RAM[0m
[0;32mI (869) heap_init: At 3FCE9710 len 00005724 (21 KiB): RAM[0m
[0;32mI (874) heap_init: At 3FCF0000 len 00008000 (32 KiB): DRAM[0m
[0;32mI (879) heap_init: At 600FE020 len 00001FC8 (7 KiB): RTCRAM[0m
[0;32mI (884) esp_psram: Adding pool of 5952K of PSRAM memory to heap allocator[0m
[0;32mI (891) esp_psram: Adding pool of 14K of PSRAM memory gap generated due to end address alignment of drom to the heap allocator[0m
[0;32mI (902) spi_flash: detected chip: generic[0m
[0;32mI (906) spi_flash: flash io: qio[0m
[0;32mI (909) sleep_gpio: Configure to isolate all GPIO pins in sleep state[0m
[0;32mI (915) sleep_gpio: Enable automatic switching of GPIO sleep configuration[0m
[0;32mI (922) coexist: coex firmware version: 831ec70[0m
[0;32mI (934) coexist: coexist rom version e7ae62f[0m
[0;32mI (935) main_task: Started on CPU0[0m
[0;32mI (936) esp_psram: Reserving pool of 32K of internal memory for DMA/internal allocations[0m
[0;32mI (941) main_task: Calling app_main()[0m
[0;33mW (953) i2c.master: Please check pull-up resistances whether be connected properly. Otherwise unexpected behavior would happen. For more detailed information, please read docs[0m
[0;32mI (1360) GT911: Initialize I2C panel IO[0m
[0;32mI (1360) GT911: Initialize touch controller GT911[0m
[0;33mW (1360) GT911: Unable to initialize the I2C address[0m
[0;32mI (1362) GT911: TouchPad_ID:0x39,0x31,0x31[0m
[0;32mI (1365) GT911: TouchPad_Config_Version:91[0m
[0;32mI (1369) example: Install RGB LCD panel driver[0m
[0;32mI (1409) example: Initialize RGB LCD panel[0m
[0;32mI (1411) lv_port: Create LVGL task[0m
[0;32mI (1438) main: Display LVGL demos[0m
[0;32mI (1601) pp: pp rom version: e7ae62f[0m
[0;32mI (1602) net80211: net80211 rom version: e7ae62f[0m
[0;32mI (1602) BLE_INIT: BT controller compile version [4713a69][0m
[0;32mI (1603) wifi:wifi driver task: 3fcd7c28, prio:23, stack:6656, core=0[0m
[0;32mI (1603) BLE_INIT: Feature Config, ADV:1, BLE_50:1, DTM:1, SCAN:1, CCA:0, SMP:1, CONNECT:1[0m
[0;32mI (1617) wifi:wifi firmware version: f3dbad7[0m
[0;32mI (1621) wifi:W (1603) RSSI: Not connected to any AP[0m
wifi certification version: v7.0
[0;32mI (1629) wifi:config NVS flash: enabled[0m
[0;32mI (1632) wifi:config nano formatting: disabled[0m
[0;32mI (1637) wifi:Init data frame dynamic rx buffer num: 32[0m
[0;32mI (1642) wifi:Init static rx mgmt buffer num: 5[0m
[0;32mI (1646) wifi:Init management short buffer num: 32[0m
[0;32mI (1651) wifi:Init static tx buffer num: 16[0m
[0;32mI (1655) wifi:Init tx cache buffer num: 32[0m
[0;32mI (1658) wifi:Init static tx FG buffer num: 2[0m
[0;32mI (1662) wifi:Init static rx buffer size: 1600[0m
[0;32mI (1666) wifi:Init static rx buffer num: 16[0m
[0;32mI (1670) wifi:Init dynamic rx buffer num: 32[0m
[0;32mI (1618) BLE_INIT: Bluetooth MAC: 10:20:ba:01:48:aa[0m
[0;32mI (1677) wifi_init: rx ba win: 16[0m
[0;32mI (1679) phy_init: phy_version 701,f4f1da3a,Mar  3 2025,15:50:10[0m
[0;32mI (1683) wifi_init: accept mbox: 6[0m
[0;32mI (1691) wifi_init: tcpip mbox: 32[0m
[0;32mI (1694) wifi_init: udp mbox: 6[0m
[0;32mI (1697) wifi_init: tcp mbox: 6[0m
[0;32mI (1699) wifi_init: tcp tx win: 5760[0m
[0;32mI (1703) wifi_init: tcp rx win: 5760[0m
[0;32mI (1706) wifi_init: tcp mss: 1440[0m
[0;32mI (1709) wifi_init: WiFi/LWIP prefer SPIRAM[0m
[0;32mI (1713) wifi_init: WiFi IRAM OP enabled[0m
[0;32mI (1717) wifi_init: WiFi RX IRAM OP enabled[0m
[0;32mI (1717) phy_init: Saving new calibration data due to checksum failure or outdated calibration data, mode(0)[0m
Wi-Fi event handler registered.
[0;32mI (1603) main_task: Returned from app_main()[0m
[0;32mI (1738) wifi:mode : null[0m
[0;32mI (1753) BLE_SERVER: ***** BLE GATT SERVER STARTED *****[0m
[0;32mI (1753) BLE_SERVER: ***** WAITING FOR CLIENT CONNECTION *****[0m
[0;32mI (1753) BLE_SERVER: REGISTER_APP_EVT, status 0, app_id 0[0m
[0;33mW (1758) BT_BTM: BTM_BleWriteAdvData, Partial data write into ADV[0m
[0;33mW (1764) BT_BTM: BTM_BleWriteScanRsp, Partial data write into ADV[0m
[0;32mI (1770) BLE_SERVER: CREATE_SERVICE_EVT, status 0,  service_handle 40[0m
[0;32mI (1778) BLE_SERVER: Advertising started successfully[0m
[0;32mI (1780) BLE_SERVER: ADD_CHAR_EVT, status 0,  attr_handle 42, service_handle 40[0m
[0;33mW (3626) RSSI: Not connected to any AP[0m
[0;33mW (5626) RSSI: Not connected to any AP[0m
[0;33mW (7626) RSSI: Not connected to any AP[0m
[0;33mW (9626) RSSI: Not connected to any AP[0m
[0;33mW (11626) RSSI: Not connected to any AP[0m
[0;33mW (13626) RSSI: Not connected to any AP[0m
[0;33mW (15626) RSSI: Not connected to any AP[0m
[0;33mW (17626) RSSI: Not connected to any AP[0m
[0;33mW (19626) RSSI: Not connected to any AP[0m
[0;33mW (21626) RSSI: Not connected to any AP[0m
[0;33mW (23626) RSSI: Not connected to any AP[0m
[0;33mW (25626) RSSI: Not connected to any AP[0m
[0;33mW (27626) RSSI: Not connected to any AP[0m
[0;33mW (29626) RSSI: Not connected to any AP[0m
[0;33mW (31626) RSSI: Not connected to any AP[0m
[0;33mW (33626) RSSI: Not connected to any AP[0m
[0;33mW (35626) RSSI: Not connected to any AP[0m
[0;33mW (37626) RSSI: Not connected to any AP[0m
[0;33mW (39626) RSSI: Not connected to any AP[0m
[0;33mW (41626) RSSI: Not connected to any AP[0m
[0;33mW (43626) RSSI: Not connected to any AP[0m
[0;33mW (45626) RSSI: Not connected to any AP[0m
[0;33mW (47626) RSSI: Not connected to any AP[0m
[0;33mW (49626) RSSI: Not connected to any AP[0m
[0;33mW (51626) RSSI: Not connected to any AP[0m
[0;33mW (53626) RSSI: Not connected to any AP[0m
[0;33mW (55626) RSSI: Not connected to any AP[0m
[0;33mW (57626) RSSI: Not connected to any AP[0m
[0;33mW (59626) RSSI: Not connected to any AP[0m
[0;33mW (61626) RSSI: Not connected to any AP[0m
[0;33mW (63626) RSSI: Not connected to any AP[0m
[0;33mW (65626) RSSI: Not connected to any AP[0m
[0;33mW (67626) RSSI: Not connected to any AP[0m
[0;33mW (69626) RSSI: Not connected to any AP[0m
[0;33mW (71626) RSSI: Not connected to any AP[0m
[0;33mW (73626) RSSI: Not connected to any AP[0m
[0;33mW (75626) RSSI: Not connected to any AP[0m
[0;33mW (77626) RSSI: Not connected to any AP[0m
[0;33mW (79626) RSSI: Not connected to any AP[0m
[0;33mW (81626) RSSI: Not connected to any AP[0m
[0;33mW (83626) RSSI: Not connected to any AP[0m
