Command: D:\ESP32_IDF\Espressif\python_env\idf5.5_py3.11_env\Scripts\python.exe D:\ESP32_IDF\Espressif\frameworks\esp-idf-v5.5\tools/idf_monitor.py -p COM10 -b 115200 --toolchain-prefix xtensa-esp32s3-elf- --target esp32s3 --revision 0 D:\ESP32\ESP32S3_LCD 7B_DEMO_3\ESP32-S3-Touch-LCD-7B-Demo\ESP32-S3-Touch-LCD-7B-Demo\ESP-IDF\16_LVGL_UI\build\16_LVGL_UI.elf D:\ESP32\ESP32S3_LCD 7B_DEMO_3\ESP32-S3-Touch-LCD-7B-Demo\ESP32-S3-Touch-LCD-7B-Demo\ESP-IDF\16_LVGL_UI\build\bootloader\bootloader.elf --force-color -m 'D:\ESP32_IDF\Espressif\python_env\idf5.5_py3.11_env\Scripts\python.exe' 'D:\ESP32_IDF\Espressif\frameworks\esp-idf-v5.5\tools\idf.py' '-p' 'COM10'
ESP-ROM:esp32s3-20210327
Build:Mar 27 2021
rst:0x1 (POWERON),boot:0x29 (SPI_FAST_FLASH_BOOT)
SPIWP:0xee
mode:DIO, clock div:1
load:0x3fce2820,len:0x1710
load:0x403c8700,len:0xec0
load:0x403cb700,len:0x31d4
entry 0x403c894c
[0;32mI (25) boot: ESP-IDF v5.5-dirty 2nd stage bootloader[0m
[0;32mI (25) boot: compile time Oct  8 2025 11:43:15[0m
[0;32mI (25) boot: Multicore bootloader[0m
[0;32mI (26) boot: chip revision: v0.2[0m
[0;32mI (28) boot: efuse block revision: v1.3[0m
[0;32mI (32) qio_mode: Enabling default flash chip QIO[0m
[0;32mI (36) boot.esp32s3: Boot SPI Speed : 80MHz[0m
[0;32mI (40) boot.esp32s3: SPI Mode       : QIO[0m
[0;32mI (44) boot.esp32s3: SPI Flash Size : 16MB[0m
[0;32mI (48) boot: Enabling RNG early entropy source...[0m
[0;32mI (52) boot: Partition Table:[0m
[0;32mI (55) boot: ## Label            Usage          Type ST Offset   Length[0m
[0;32mI (61) boot:  0 nvs              WiFi data        01 02 00009000 00006000[0m
[0;32mI (68) boot:  1 phy_init         RF data          01 01 0000f000 00001000[0m
[0;32mI (74) boot:  2 factory          factory app      00 00 00010000 00800000[0m
[0;32mI (81) boot: End of partition table[0m
[0;32mI (84) esp_image: segment 0: paddr=00010020 vaddr=3c150020 size=ddb5ch (908124) map[0m
[0;32mI (226) esp_image: segment 1: paddr=000edb84 vaddr=3fca6400 size=02494h (  9364) load[0m
[0;32mI (228) esp_image: segment 2: paddr=000f0020 vaddr=42000020 size=144c78h (1330296) map[0m
[0;32mI (427) esp_image: segment 3: paddr=00234ca0 vaddr=3fca8894 size=03b30h ( 15152) load[0m
[0;32mI (430) esp_image: segment 4: paddr=002387d8 vaddr=40374000 size=2230ch (140044) load[0m
[0;32mI (458) esp_image: segment 5: paddr=0025aaec vaddr=600fe000 size=00020h (    32) load[0m
[0;32mI (471) boot: Loaded app from partition at offset 0x10000[0m
[0;32mI (471) boot: Disabling RNG early entropy source...[0m
[0;33mW (481) flash HPM: HPM mode is optional feature that depends on flash model. Read Docs First![0m
[0;33mW (481) flash HPM: HPM mode with DC adjustment is disabled. Some flash models may not be supported. Read Docs First![0m
[0;33mW (489) flash HPM: High performance mode of this flash model hasn't been supported.[0m
[0;32mI (496) MSPI Timing: Flash timing tuning index: 2[0m
[0;32mI (500) octal_psram: vendor id    : 0x0d (AP)[0m
[0;32mI (504) octal_psram: dev id       : 0x02 (generation 3)[0m
[0;32mI (509) octal_psram: density      : 0x03 (64 Mbit)[0m
[0;32mI (514) octal_psram: good-die     : 0x01 (Pass)[0m
[0;32mI (518) octal_psram: Latency      : 0x01 (Fixed)[0m
[0;32mI (522) octal_psram: VCC          : 0x01 (3V)[0m
[0;32mI (527) octal_psram: SRF          : 0x01 (Fast Refresh)[0m
[0;32mI (531) octal_psram: BurstType    : 0x01 (Hybrid Wrap)[0m
[0;32mI (536) octal_psram: BurstLen     : 0x01 (32 Byte)[0m
[0;32mI (541) octal_psram: Readlatency  : 0x02 (10 cycles@Fixed)[0m
[0;32mI (546) octal_psram: DriveStrength: 0x00 (1/1)[0m
[0;32mI (558) MSPI Timing: PSRAM timing tuning index: 2[0m
[0;32mI (558) esp_psram: Found 8MB PSRAM device[0m
[0;32mI (559) esp_psram: Speed: 120MHz[0m
[0;32mI (598) mmu_psram: Read only data copied and mapped to SPIRAM[0m
[0;32mI (668) mmu_psram: Instructions copied and mapped to SPIRAM[0m
[0;32mI (668) cpu_start: Multicore app[0m
[0;32mI (817) esp_psram: SPI SRAM memory test OK[0m
[0;32mI (825) cpu_start: Pro cpu start user code[0m
[0;32mI (825) cpu_start: cpu freq: 240000000 Hz[0m
[0;32mI (825) app_init: Application information:[0m
[0;32mI (825) app_init: Project name:     16_LVGL_UI[0m
[0;32mI (830) app_init: App version:      43fcfab-dirty[0m
[0;32mI (834) app_init: Compile time:     Oct 11 2025 10:32:00[0m
[0;32mI (839) app_init: ELF file SHA256:  9be38af83...[0m
[0;32mI (843) app_init: ESP-IDF:          v5.5-dirty[0m
[0;32mI (848) efuse_init: Min chip rev:     v0.0[0m
[0;32mI (851) efuse_init: Max chip rev:     v0.99 [0m
[0;32mI (855) efuse_init: Chip rev:         v0.2[0m
[0;32mI (859) heap_init: Initializing. RAM available for dynamic allocation:[0m
[0;32mI (866) heap_init: At 3FCB6D98 len 00032978 (202 KiB): RAM[0m
[0;32mI (871) heap_init: At 3FCE9710 len 00005724 (21 KiB): RAM[0m
[0;32mI (876) heap_init: At 3FCF0000 len 00008000 (32 KiB): DRAM[0m
[0;32mI (881) heap_init: At 600FE020 len 00001FC8 (7 KiB): RTCRAM[0m
[0;32mI (886) esp_psram: Adding pool of 5952K of PSRAM memory to heap allocator[0m
[0;32mI (893) esp_psram: Adding pool of 9K of PSRAM memory gap generated due to end address alignment of drom to the heap allocator[0m
[0;32mI (904) spi_flash: detected chip: generic[0m
[0;32mI (908) spi_flash: flash io: qio[0m
[0;32mI (911) sleep_gpio: Configure to isolate all GPIO pins in sleep state[0m
[0;32mI (917) sleep_gpio: Enable automatic switching of GPIO sleep configuration[0m
[0;32mI (923) coexist: coex firmware version: 831ec70[0m
[0;32mI (936) coexist: coexist rom version e7ae62f[0m
[0;32mI (937) main_task: Started on CPU0[0m
[0;32mI (938) esp_psram: Reserving pool of 32K of internal memory for DMA/internal allocations[0m
[0;32mI (943) main_task: Calling app_main()[0m
[0;33mW (956) i2c.master: Please check pull-up resistances whether be connected properly. Otherwise unexpected behavior would happen. For more detailed information, please read docs[0m
[0;32mI (1362) GT911: Initialize I2C panel IO[0m
[0;32mI (1362) GT911: Initialize touch controller GT911[0m
[0;33mW (1362) GT911: Unable to initialize the I2C address[0m
[0;32mI (1364) GT911: TouchPad_ID:0x39,0x31,0x31[0m
[0;32mI (1367) GT911: TouchPad_Config_Version:91[0m
[0;32mI (1371) example: Install RGB LCD panel driver[0m
[0;32mI (1411) example: Initialize RGB LCD panel[0m
[0;32mI (1413) lv_port: Create LVGL task[0m
[0;32mI (1440) main: Display LVGL demos[0m
[0;32mI (1602) pp: pp rom version: e7ae62f[0m
[0;32mI (1603) net80211: net80211 rom version: e7ae62f[0m
[0;32mI (1603) BLE_INIT: BT controller compile version [4713a69][0m
[0;32mI (1604) wifi:wifi driver task: 3fcd7f34, prio:23, stack:6656, core=0[0m
[0;32mI (1617) wifi:wifi firmware version: f3dbad7[0m
[0;32mI (1617) wifi:wifi certification version: v7.0[0m
[0;32mI (1618) wifi:config NVS flash: enabled[0m
[0;32mI (1622) wifi:config nano formatting: disabled[0m
[0;32mI (1626) wifi:Init data frame dynamic rx buffer num: 32[0m
[0;32mI (1631) wifi:Init static rx mgmt buffer num: 5[0m
[0;32mI (1636) wifi:Init management short buffer num: 32[0m
[0;32mI (1641) wifi:Init static tx buffer num: 16[0m
[0;32mI (1645) wifi:Init tx cache buffer num: 32[0m
[0;32mI (1648) wifi:Init static tx FG buffer num: 2[0m
[0;32mI (1653) wifi:Init static rx buffer size: 1600[0m
[0;32mI (1656) wifi:Init static rx buffer num: 16[0m
[0;32mI (1660) wifi:Init dynamic rx buffer num: 32[0m
[0;32mI (1665) wifi_init: rx ba win: 16[0m
[0;32mI (1667) wifi_init: accept mbox: 6[0m
[0;32mI (1670) wifi_init: tcpip mbox: 32[0m
[0;32mI (1673) wifi_init: udp mbox: 6[0m
[0;32mI (1676) wifi_init: tcp mbox: 6[0m
[0;32mI (1679) wifi_init: tcp tx win: 5760[0m
[0;32mI (1682) wifi_init: tcp rx win: 5760[0m
[0;32mI (1685) wifi_init: tcp mss: 1440[0m
[0;32mI (1688) wifi_init: WiFi/LWIP prefer SPIRAM[0m
[0;32mI (1692) wifi_init: WiFi IRAM OP enabled[0m
[0;32mI (1696) wifi_init: WiFi RX IRAM OP enabled[0m
[0;32mI (1700) BLE_INIT: Feature Config, ADV:1, BLE_50:1, DTM:1, SCAN:1, CCA:0, SMP:1, CONNECT:1[0m
Wi-Fi event handler registered.
[0;32mI (1711) phy_init: phy_version 701,f4f1da3a,Mar  3 2025,15:50:10[0m
[0;32mI (1747) phy_init: Saving new calibration data due to checksum failure or outdated calibration data, mode(0)[0m
[0;32mI (1773) BLE_INIT: Bluetooth MAC: 10:20:ba:01:48:aa[0m
[0;32mI (1778) wifi:mode : null[0m
[0;32mI (1793) BLE_SERVER: REGISTER_APP_EVT, status 0, app_id 0[0m
[0;33mW (1793) BT_BTM: BTM_BleWriteAdvData, Partial data write into ADV[0m
[0;33mW (1794) BT_BTM: BTM_BleWriteScanRsp, Partial data write into ADV[0m
[0;32mI (1799) BLE_SERVER: CREATE_SERVICE_EVT, status 0,  service_handle 40[0m
[0;32mI (1807) BLE_SERVER: Advertising started successfully[0m
[0;32mI (1810) BLE_SERVER: ADD_CHAR_EVT, status 0,  attr_handle 42, service_handle 40[0m
[0;32mI (1817) BLE_SERVER: ***** BLE GATT SERVER STARTED *****[0m
[0;32mI (1822) BLE_SERVER: ***** WAITING FOR CLIENT CONNECTION *****[0m
[0;32mI (1827) MQTT_BACKUP: MQTT retry task created successfully on Core 1[0m
[0;32mI (1827) MQTT_BACKUP: MQTT Retry Publish Task started[0m
[0;32mI (1833) main_task: Returned from app_main()[0m
[0;32mI (26568) MQTT: Other event id:7[0m
[0;32mI (26568) wifi:flush txq[0m
[0;32mI (26568) wifi:stop sw txq[0m
[0;32mI (26569) wifi:lmac stop hw txq[0m
[1;31mE (26569) esp-tls: [sock=54] connect() error: Host is unreachable[0m
STA:STA 
[1;31mE (26573) transport_base: Failed to open a new connection: 32772[0m
[0;32mI (26576) wifi:E (26580) mqtt_client: Error transport connect[0m
mode : sta (10:20:ba:01:48:a8)I (26585) MQTT: MQTT_EVENT_ERROR
[0;32mI (26591) MQTT: Last error code reported from esp-tls: 0x8004[0m

[0;32mI (26596) MQTT: Last tls stack error number: 0x0[0m
[0;32mI (26601) MQTT: Last captured errno : 0 (Success)[0m
[0;32mI (26597) wifi:I (26605) MQTT: MQTT_EVENT_DISCONNECTED[0m
enable tsf
[0;32mI (31521) wifi_scan: Max AP number ap_info can hold = 20[0m
[0;32mI (31521) wifi_scan: Total APs scanned = 16, actual AP number ap_info holds = 16[0m
[0;32mI (31630) NVS: Have a saved wifi network in NVS[0m
[0;32mI (31633) wifi_scan: [0m
[0;32mI (31633) wifi_scan: Found saved wifi network in scan list, ssid: Namtrung 2.4G[0m
[0;32mI (31633) wifi_scan: BSSID 12:5F:02:15:27:1E[0m
[0;33mW (31662) RSSI: RSSI task not running[0m
[0;32mI (36610) MQTT: MQTT stopped before Wi-Fi reconnect[0m
[0;32mI (36610) WiFi Sta: Connecting to wifi network, BSSID: 12:5F:02:15:27:1E[0m
[0;32mI (36611) wifi:flush txq[0m
[0;32mI (36612) wifi:stop sw txq[0m
[0;32mI (36614) wifi:lmac stop hw txq[0m
[0;32mI (36618) wifi:mode : sta (10:20:ba:01:48:a8)[0m
[0;32mI (36621) wifi:enable tsf[0m
[0;32mI (36625) WiFi Sta: GET: SSID:Namtrung 2.4G, password:nt@14092011[0m
[0;32mI (36629) WiFi Sta: Failed to connect to the AP[0m
[0;32mI (36634) WiFi Sta: Retrying to connect to the AP[0m
[0;32mI (36635) wifi:new:<11,0>, old:<1,0>, ap:<255,255>, sta:<11,0>, prof:1, snd_ch_cfg:0x0[0m
[0;32mI (36646) wifi:state: init -> auth (0xb0)[0m
[0;32mI (36655) wifi:state: auth -> assoc (0x0)[0m
[0;32mI (36661) wifi:state: assoc -> run (0x10)[0m
[0;32mI (36688) wifi:connected with Namtrung 2.4G, aid = 24, channel 11, BW20, bssid = 12:5f:02:15:27:1e[0m
[0;32mI (36688) wifi:security: WPA2-PSK, phy: bgn, rssi: -58[0m
[0;32mI (36691) wifi:pm start, type: 1[0m

[0;32mI (36694) wifi:dp: 1, bi: 102400, li: 3, scale listen interval from 307200 us to 307200 us[0m
[0;32mI (36702) wifi:set rx beacon pti, rx_bcn_pti: 14, bcn_timeout: 25000, mt_pti: 14, mt_time: 10000[0m
[0;32mI (36710) WiFi Sta: Connected to SSID:Namtrung 2.4G, channel:11[0m
[0;32mI (36716) MQTT: Other event id:7[0m
[1;31mE (36719) esp-tls: [sock=54] connect() error: Host is unreachable[0m
[1;31mE (36725) transport_base: Failed to open a new connection: 32772[0m
[1;31mE (36730) mqtt_client: Error transport connect[0m
[0;32mI (36735) MQTT: MQTT_EVENT_ERROR[0m
[0;32mI (36736) wifi:I (36737) MQTT: Last error code reported from esp-tls: 0x8004[0m
AP's beacon interval = 102400 us, DTIM period = 1I (36744) MQTT: Last tls stack error number: 0x0

[0;32mI (36753) MQTT: Last captured errno : 0 (Success)[0m
[0;32mI (36758) MQTT: MQTT_EVENT_DISCONNECTED[0m
[0;32mI (37660) WiFi Sta: Failed to connect to the AP[0m
[0;32mI (37660) WiFi Sta: Retrying to connect to the AP[0m
[0;32mI (37754) esp_netif_handlers: sta ip: 10.10.1.52, mask: 255.255.252.0, gw: 10.10.1.1[0m
[0;32mI (37870) wifi:<ba-add>idx:0 (ifx:0, 12:5f:02:15:27:1e), tid:7, ssn:9, winSize:64[0m
[0;32mI (38670) WiFi: Connected with IP: 10.10.1.52[0m
[0;32mI (38670) WiFi Sta: Connected to AP SSID:Namtrung 2.4G, password:nt@14092011, bssid:12:5F:02:15:27:1E[0m
[0;32mI (38672) RSSI: RSSI monitoring task started[0m
[0;32mI (38672) RSSI: RSSI monitoring task started[0m
[0;32mI (38680) RSSI: Current RSSI: -58 dBm[0m
[0;32mI (38775) NVS: last index: 0[0m
[0;32mI (38775) NVS: wifi index: 0[0m
Guru Meditation Error: Core  0 panic'ed (LoadProhibited). Exception was unhandled.

Core  0 register dump:
PC      : 0x42138733  PS      : 0x00060c30  A0      : 0x8208384b  A1      : 0x3fced250  
A2      : 0x00000000  A3      : 0x00000000  A4      : 0xfffffffe  A5      : 0x3c157037  
A6      : 0x00000001  A7      : 0x3fced140  A8      : 0x00000889  A9      : 0x3fcecf00  
A10     : 0x3fcb7588  A11     : 0x3fcb73f0  A12     : 0x3fced164  A13     : 0x3fcecf40  
A14     : 0x3fced140  A15     : 0xffffffff  SAR     : 0x00000004  EXCCAUSE: 0x0000001c  
EXCVADDR: 0x00000008  LBEG    : 0x400556d5  LEND    : 0x400556e5  LCOUNT  : 0xfffffffe  


Backtrace: 0x42138730:0x3fced250 0x42083848:0x3fced270 0x4209bac5:0x3fced2a0 0x42010b77:0x3fced2e0 0x42097497:0x3fced330 0x420134ea:0x3fced360




ELF file SHA256: 9be38af83

Rebooting...
ESP-ROM:esp32s3-20210327
Build:Mar 27 2021
rst:0xc (RTC_SW_CPU_RST),boot:0x29 (SPI_FAST_FLASH_BOOT)
Saved PC:0x40376088
SPIWP:0xee
mode:DIO, clock div:1
load:0x3fce2820,len:0x1710
load:0x403c8700,len:0xec0
load:0x403cb700,len:0x31d4
entry 0x403c894c
[0;32mI (29) boot: ESP-IDF v5.5-dirty 2nd stage bootloader[0m
[0;32mI (29) boot: compile time Oct  8 2025 11:43:15[0m
[0;32mI (29) boot: Multicore bootloader[0m
[0;32mI (30) boot: chip revision: v0.2[0m
[0;32mI (33) boot: efuse block revision: v1.3[0m
[0;32mI (36) qio_mode: Enabling default flash chip QIO[0m
[0;32mI (40) boot.esp32s3: Boot SPI Speed : 80MHz[0m
[0;32mI (44) boot.esp32s3: SPI Mode       : QIO[0m
[0;32mI (48) boot.esp32s3: SPI Flash Size : 16MB[0m
[0;32mI (52) boot: Enabling RNG early entropy source...[0m
[0;32mI (56) boot: Partition Table:[0m
[0;32mI (59) boot: ## Label            Usage          Type ST Offset   Length[0m
[0;32mI (65) boot:  0 nvs              WiFi data        01 02 00009000 00006000[0m
[0;32mI (72) boot:  1 phy_init         RF data          01 01 0000f000 00001000[0m
[0;32mI (78) boot:  2 factory          factory app      00 00 00010000 00800000[0m
[0;32mI (85) boot: End of partition table[0m
[0;32mI (88) esp_image: segment 0: paddr=00010020 vaddr=3c150020 size=ddb5ch (908124) map[0m
[0;32mI (230) esp_image: segment 1: paddr=000edb84 vaddr=3fca6400 size=02494h (  9364) load[0m
[0;32mI (232) esp_image: segment 2: paddr=000f0020 vaddr=42000020 size=144c78h (1330296) map[0m
[0;32mI (432) esp_image: segment 3: paddr=00234ca0 vaddr=3fca8894 size=03b30h ( 15152) load[0m
[0;32mI (435) esp_image: segment 4: paddr=002387d8 vaddr=40374000 size=2230ch (140044) load[0m
[0;32mI (462) esp_image: segment 5: paddr=0025aaec vaddr=600fe000 size=00020h (    32) load[0m
[0;32mI (475) boot: Loaded app from partition at offset 0x10000[0m
[0;32mI (475) boot: Disabling RNG early entropy source...[0m
[0;33mW (485) flash HPM: HPM mode is optional feature that depends on flash model. Read Docs First![0m
[0;33mW (486) flash HPM: HPM mode with DC adjustment is disabled. Some flash models may not be supported. Read Docs First![0m
[0;33mW (493) flash HPM: High performance mode of this flash model hasn't been supported.[0m
[0;32mI (500) MSPI Timing: Flash timing tuning index: 2[0m
[0;32mI (505) octal_psram: vendor id    : 0x0d (AP)[0m
[0;32mI (509) octal_psram: dev id       : 0x02 (generation 3)[0m
[0;32mI (514) octal_psram: density      : 0x03 (64 Mbit)[0m
[0;32mI (518) octal_psram: good-die     : 0x01 (Pass)[0m
[0;32mI (522) octal_psram: Latency      : 0x01 (Fixed)[0m
[0;32mI (527) octal_psram: VCC          : 0x01 (3V)[0m
[0;32mI (531) octal_psram: SRF          : 0x01 (Fast Refresh)[0m
[0;32mI (536) octal_psram: BurstType    : 0x01 (Hybrid Wrap)[0m
[0;32mI (541) octal_psram: BurstLen     : 0x01 (32 Byte)[0m
[0;32mI (545) octal_psram: Readlatency  : 0x02 (10 cycles@Fixed)[0m
[0;32mI (550) octal_psram: DriveStrength: 0x00 (1/1)[0m
[0;32mI (562) MSPI Timing: PSRAM timing tuning index: 2[0m
[0;32mI (562) esp_psram: Found 8MB PSRAM device[0m
[0;32mI (563) esp_psram: Speed: 120MHz[0m
[0;32mI (602) mmu_psram: Read only data copied and mapped to SPIRAM[0m
[0;32mI (672) mmu_psram: Instructions copied and mapped to SPIRAM[0m
[0;32mI (672) cpu_start: Multicore app[0m
[0;32mI (821) esp_psram: SPI SRAM memory test OK[0m
[0;32mI (830) cpu_start: Pro cpu start user code[0m
[0;32mI (830) cpu_start: cpu freq: 240000000 Hz[0m
[0;32mI (830) app_init: Application information:[0m
[0;32mI (830) app_init: Project name:     16_LVGL_UI[0m
[0;32mI (834) app_init: App version:      43fcfab-dirty[0m
[0;32mI (838) app_init: Compile time:     Oct 11 2025 10:32:00[0m
[0;32mI (843) app_init: ELF file SHA256:  9be38af83...[0m
[0;32mI (848) app_init: ESP-IDF:          v5.5-dirty[0m
[0;32mI (852) efuse_init: Min chip rev:     v0.0[0m
[0;32mI (856) efuse_init: Max chip rev:     v0.99 [0m
[0;32mI (860) efuse_init: Chip rev:         v0.2[0m
[0;32mI (864) heap_init: Initializing. RAM available for dynamic allocation:[0m
[0;32mI (870) heap_init: At 3FCB6D98 len 00032978 (202 KiB): RAM[0m
[0;32mI (875) heap_init: At 3FCE9710 len 00005724 (21 KiB): RAM[0m
[0;32mI (880) heap_init: At 3FCF0000 len 00008000 (32 KiB): DRAM[0m
[0;32mI (885) heap_init: At 600FE020 len 00001FC8 (7 KiB): RTCRAM[0m
[0;32mI (891) esp_psram: Adding pool of 5952K of PSRAM memory to heap allocator[0m
[0;32mI (897) esp_psram: Adding pool of 9K of PSRAM memory gap generated due to end address alignment of drom to the heap allocator[0m
[0;32mI (908) spi_flash: detected chip: generic[0m
[0;32mI (912) spi_flash: flash io: qio[0m
[0;32mI (915) sleep_gpio: Configure to isolate all GPIO pins in sleep state[0m
[0;32mI (921) sleep_gpio: Enable automatic switching of GPIO sleep configuration[0m
[0;32mI (928) coexist: coex firmware version: 831ec70[0m
[0;32mI (941) coexist: coexist rom version e7ae62f[0m
[0;32mI (941) main_task: Started on CPU0[0m
[0;32mI (942) esp_psram: Reserving pool of 32K of internal memory for DMA/internal allocations[0m
[0;32mI (947) main_task: Calling app_main()[0m
[0;33mW (960) i2c.master: Please check pull-up resistances whether be connected properly. Otherwise unexpected behavior would happen. For more detailed information, please read docs[0m
[0;32mI (1366) GT911: Initialize I2C panel IO[0m
[0;32mI (1366) GT911: Initialize touch controller GT911[0m
[0;33mW (1366) GT911: Unable to initialize the I2C address[0m
[0;32mI (1368) GT911: TouchPad_ID:0x39,0x31,0x31[0m
[0;32mI (1371) GT911: TouchPad_Config_Version:91[0m
[0;32mI (1375) example: Install RGB LCD panel driver[0m
[0;32mI (1415) example: Initialize RGB LCD panel[0m
[0;32mI (1417) lv_port: Create LVGL task[0m
[0;32mI (1444) main: Display LVGL demos[0m
[0;32mI (1606) pp: pp rom version: e7ae62f[0m
[0;32mI (1607) net80211: net80211 rom version: e7ae62f[0m
[0;32mI (1607) BLE_INIT: BT controller compile version [4713a69][0m
[0;32mI (1608) wifi:wifi driver task: 3fcd7f34, prio:23, stack:6656, core=0[0m
[0;32mI (1621) wifi:wifi firmware version: f3dbad7[0m
[0;32mI (1621) wifi:wifi certification version: v7.0[0m
[0;32mI (1622) wifi:config NVS flash: enabled[0m
[0;32mI (1626) wifi:config nano formatting: disabled[0m
[0;32mI (1630) wifi:Init data frame dynamic rx buffer num: 32[0m
[0;32mI (1635) wifi:Init static rx mgmt buffer num: 5[0m
[0;32mI (1640) wifi:Init management short buffer num: 32[0m
[0;32mI (1645) wifi:Init static tx buffer num: 16[0m
[0;32mI (1649) wifi:Init tx cache buffer num: 32[0m
[0;32mI (1652) wifi:Init static tx FG buffer num: 2[0m
[0;32mI (1657) wifi:Init static rx buffer size: 1600[0m
[0;32mI (1660) wifi:Init static rx buffer num: 16[0m
[0;32mI (1664) wifi:Init dynamic rx buffer num: 32[0m
[0;32mI (1669) wifi_init: rx ba win: 16[0m
[0;32mI (1671) wifi_init: accept mbox: 6[0m
[0;32mI (1674) wifi_init: tcpip mbox: 32[0m
[0;32mI (1677) wifi_init: udp mbox: 6[0m
[0;32mI (1680) wifi_init: tcp mbox: 6[0m
[0;32mI (1683) wifi_init: tcp tx win: 5760[0m
[0;32mI (1686) wifi_init: tcp rx win: 5760[0m
[0;32mI (1689) wifi_init: tcp mss: 1440[0m
[0;32mI (1692) wifi_init: WiFi/LWIP prefer SPIRAM[0m
[0;32mI (1696) wifi_init: WiFi IRAM OP enabled[0m
[0;32mI (1700) wifi_init: WiFi RX IRAM OP enabled[0m
[0;32mI (1704) BLE_INIT: Feature Config, ADV:1, BLE_50:1, DTM:1, SCAN:1, CCA:0, SMP:1, CONNECT:1[0m
Wi-Fi event handler registered.
[0;32mI (1715) phy_init: phy_version 701,f4f1da3a,Mar  3 2025,15:50:10[0m
[0;32mI (1751) phy_init: Saving new calibration data due to checksum failure or outdated calibration data, mode(0)[0m
[0;32mI (1752) BLE_INIT: Bluetooth MAC: 10:20:ba:01:48:aa[0m
[0;32mI (1761) wifi:mode : null[0m
[0;32mI (1775) BLE_SERVER: REGISTER_APP_EVT, status 0, app_id 0[0m
[0;33mW (1775) BT_BTM: BTM_BleWriteAdvData, Partial data write into ADV[0m
[0;33mW (1776) BT_BTM: BTM_BleWriteScanRsp, Partial data write into ADV[0m
[0;32mI (1782) BLE_SERVER: CREATE_SERVICE_EVT, status 0,  service_handle 40[0m
[0;32mI (1789) BLE_SERVER: Advertising started successfully[0m
[0;32mI (1792) BLE_SERVER: ADD_CHAR_EVT, status 0,  attr_handle 42, service_handle 40[0m
[0;32mI (1799) BLE_SERVER: ***** BLE GATT SERVER STARTED *****[0m
[0;32mI (1804) BLE_SERVER: ***** WAITING FOR CLIENT CONNECTION *****[0m
[0;32mI (1809) MQTT_BACKUP: MQTT retry task created successfully on Core 1[0m
[0;32mI (1809) MQTT_BACKUP: MQTT Retry Publish Task started[0m
[0;32mI (1815) main_task: Returned from app_main()[0m
[0;32mI (4341) MQTT: Other event id:7[0m
[0;32mI (4341) wifi:flush txq[0m
[0;32mI (4342) wifi:stop sw txq[0m
[0;32mI (4342) wifi:lmac stop hw txq[0m
[1;31mE (4342) esp-tls: [sock=54] connect() error: Host is unreachable[0m
STA:STA 
[1;31mE (4346) transport_base: Failed to open a new connection: 32772[0m
[0;32mI (4349) wifi:E (4353) mqtt_client: Error transport connect[0m
mode : sta (10:20:ba:01:48:a8)I (4358) MQTT: MQTT_EVENT_ERROR

[0;32mI (4363) MQTT: Last error code reported from esp-tls: 0x8004[0m
[0;32mI (4363) wifi:I (4369) MQTT: Last tls stack error number: 0x0[0m
enable tsfI (4374) MQTT: Last captured errno : 0 (Success)

[0;32mI (4380) MQTT: MQTT_EVENT_DISCONNECTED[0m
[0;32mI (9290) wifi_scan: Max AP number ap_info can hold = 20[0m
[0;32mI (9290) wifi_scan: Total APs scanned = 16, actual AP number ap_info holds = 16[0m
[0;32mI (9403) NVS: Have a saved wifi network in NVS[0m
[0;32mI (9408) wifi_scan: [0m
[0;32mI (9408) wifi_scan: Found saved wifi network in scan list, ssid: Namtrung 2.4G[0m
[0;32mI (9408) wifi_scan: BSSID 12:5F:02:15:27:1E[0m
[0;33mW (9431) RSSI: RSSI task not running[0m
[0;32mI (14383) MQTT: MQTT stopped before Wi-Fi reconnect[0m
[0;32mI (14383) WiFi Sta: Connecting to wifi network, BSSID: 12:5F:02:15:27:1E[0m
[0;32mI (14384) wifi:flush txq[0m
[0;32mI (14385) wifi:stop sw txq[0m
[0;32mI (14387) wifi:lmac stop hw txq[0m
[0;32mI (14391) wifi:mode : sta (10:20:ba:01:48:a8)[0m
[0;32mI (14394) wifi:enable tsf[0m
[0;32mI (14398) WiFi Sta: GET: SSID:Namtrung 2.4G, password:nt@14092011[0m
[0;32mI (14403) wifi:new:<11,0>, old:<1,0>, ap:<255,255>, sta:<11,0>, prof:1, snd_ch_cfg:0x0[0m
[0;32mI (14410) wifi:state: init -> auth (0xb0)[0m
[0;32mI (14414) WiFi Sta: Failed to connect to the AP[0m
[0;32mI (14418) WiFi Sta: Retrying to connect to the AP[0m
[0;32mI (14432) wifi:state: auth -> assoc (0x0)[0m
[0;32mI (14443) wifi:state: assoc -> run (0x10)[0m
[0;32mI (14465) wifi:connected with Namtrung 2.4G, aid = 24, channel 11, BW20, bssid = 12:5f:02:15:27:1e[0m
[0;32mI (14465) wifi:security: WPA2-PSK, phy: bgn, rssi: -63[0m
[0;32mI (14468) wifi:pm start, type: 1[0m

[0;32mI (14471) wifi:dp: 1, bi: 102400, li: 3, scale listen interval from 307200 us to 307200 us[0m
[0;32mI (14479) wifi:set rx beacon pti, rx_bcn_pti: 14, bcn_timeout: 25000, mt_pti: 14, mt_time: 10000[0m
[0;32mI (14487) WiFi Sta: Connected to SSID:Namtrung 2.4G, channel:11[0m
[0;32mI (14493) MQTT: Other event id:7[0m
[1;31mE (14496) esp-tls: [sock=54] connect() error: Host is unreachable[0m
[1;31mE (14502) transport_base: Failed to open a new connection: 32772[0m
[1;31mE (14507) mqtt_client: Error transport connect[0m
[0;32mI (14511) MQTT: MQTT_EVENT_ERROR[0m
[0;32mI (14514) MQTT: Last error code reported from esp-tls: 0x8004[0m
[0;32mI (14520) MQTT: Last tls stack error number: 0x0[0m
[0;32mI (14524) MQTT: Last captured errno : 0 (Success)[0m
[0;32mI (14529) wifi:AP's beacon interval = 102400 us, DTIM period = 1I (14529) MQTT: MQTT_EVENT_DISCONNECTED[0m

[0;32mI (15433) WiFi Sta: Failed to connect to the AP[0m
[0;32mI (15433) WiFi Sta: Retrying to connect to the AP[0m
[0;32mI (15509) esp_netif_handlers: sta ip: 10.10.1.52, mask: 255.255.252.0, gw: 10.10.1.1[0m
[0;32mI (15868) wifi:<ba-add>idx:0 (ifx:0, 12:5f:02:15:27:1e), tid:7, ssn:8, winSize:64[0m
[0;32mI (16443) WiFi: Connected with IP: 10.10.1.52[0m
[0;32mI (16443) WiFi Sta: Connected to AP SSID:Namtrung 2.4G, password:nt@14092011, bssid:12:5F:02:15:27:1E[0m
[0;32mI (16445) RSSI: RSSI monitoring task started[0m
[0;32mI (16548) NVS: last index: 1[0m
[0;32mI (16548) NVS: wifi index: 1[0m
[0;32mI (24538) MQTT: Other event id:7[0m
[0;32mI (24581) wifi:<ba-add>idx:1 (ifx:0, 12:5f:02:15:27:1e), tid:0, ssn:1, winSize:64[0m
[0;32mI (24583) MQTT: MQTT_EVENT_CONNECTED[0m
[0;32mI (24584) MQTT_BACKUP: MQTT retry triggered[0m
[0;32mI (24584) MQTT_BACKUP: Starting MQTT retry process[0m
[0;32mI (24589) MQTT_BACKUP: No backup messages to send[0m
[0;32mI (24589) MQTT: MQTT_EVENT_SUBSCRIBED, msg_id=32507, return code=0x00 [0m
