Command: D:\ESP32_IDF\Espressif\python_env\idf5.5_py3.11_env\Scripts\python.exe D:\ESP32_IDF\Espressif\frameworks\esp-idf-v5.5\tools/idf_monitor.py -p COM10 -b 115200 --toolchain-prefix xtensa-esp32s3-elf- --target esp32s3 --revision 0 D:\ESP32\ESP32S3_LCD 7B_DEMO_3\ESP32-S3-Touch-LCD-7B-Demo\ESP32-S3-Touch-LCD-7B-Demo\ESP-IDF\16_LVGL_UI\build\16_LVGL_UI.elf D:\ESP32\ESP32S3_LCD 7B_DEMO_3\ESP32-S3-Touch-LCD-7B-Demo\ESP32-S3-Touch-LCD-7B-Demo\ESP-IDF\16_LVGL_UI\build\bootloader\bootloader.elf --force-color -m 'D:\ESP32_IDF\Espressif\python_env\idf5.5_py3.11_env\Scripts\python.exe' 'D:\ESP32_IDF\Espressif\frameworks\esp-idf-v5.5\tools\idf.py' '-p' 'COM10'
ESP-ROM:esp32s3-20210327
Build:Mar 27 2021
rst:0x1 (POWERON),boot:0x2b (SPI_FAST_FLASH_BOOT)
SPIWP:0xee
mode:DIO, clock div:1
load:0x3fce2820,len:0x1710
load:0x403c8700,len:0xec0
load:0x403cb700,len:0x31d4
entry 0x403c894c
[0;32mI (25) boot: ESP-IDF v5.5-dirty 2nd stage bootloader[0m
[0;32mI (25) boot: compile time Oct  8 2025 11:43:15[0m
[0;32mI (25) boot: Multicore bootloader[0m
[0;32mI (26) boot: chip revision: v0.2[0m
[0;32mI (28) boot: efuse block revision: v1.3[0m
[0;32mI (32) qio_mode: Enabling default flash chip QIO[0m
[0;32mI (36) boot.esp32s3: Boot SPI Speed : 80MHz[0m
[0;32mI (40) boot.esp32s3: SPI Mode       : QIO[0m
[0;32mI (44) boot.esp32s3: SPI Flash Size : 16MB[0m
[0;32mI (48) boot: Enabling RNG early entropy source...[0m
[0;32mI (52) boot: Partition Table:[0m
[0;32mI (55) boot: ## Label            Usage          Type ST Offset   Length[0m
[0;32mI (61) boot:  0 nvs              WiFi data        01 02 00009000 00006000[0m
[0;32mI (68) boot:  1 phy_init         RF data          01 01 0000f000 00001000[0m
[0;32mI (74) boot:  2 factory          factory app      00 00 00010000 00800000[0m
[0;32mI (81) boot: End of partition table[0m
[0;32mI (84) esp_image: segment 0: paddr=00010020 vaddr=3c0e0020 size=cd634h (841268) map[0m
[0;32mI (216) esp_image: segment 1: paddr=000dd65c vaddr=3fca1c00 size=029bch ( 10684) load[0m
[0;32mI (218) esp_image: segment 2: paddr=000e0020 vaddr=42000020 size=ddc34h (908340) map[0m
[0;32mI (355) esp_image: segment 3: paddr=001bdc5c vaddr=3fca45bc size=02de4h ( 11748) load[0m
[0;32mI (357) esp_image: segment 4: paddr=001c0a48 vaddr=40374000 size=1dbb0h (121776) load[0m
[0;32mI (382) esp_image: segment 5: paddr=001de600 vaddr=600fe000 size=00020h (    32) load[0m
[0;32mI (393) boot: Loaded app from partition at offset 0x10000[0m
[0;32mI (394) boot: Disabling RNG early entropy source...[0m
[0;33mW (404) flash HPM: HPM mode is optional feature that depends on flash model. Read Docs First![0m
[0;33mW (404) flash HPM: HPM mode with DC adjustment is disabled. Some flash models may not be supported. Read Docs First![0m
[0;33mW (411) flash HPM: High performance mode of this flash model hasn't been supported.[0m
[0;32mI (418) MSPI Timing: Flash timing tuning index: 2[0m
[0;32mI (423) octal_psram: vendor id    : 0x0d (AP)[0m
[0;32mI (427) octal_psram: dev id       : 0x02 (generation 3)[0m
[0;32mI (432) octal_psram: density      : 0x03 (64 Mbit)[0m
[0;32mI (436) octal_psram: good-die     : 0x01 (Pass)[0m
[0;32mI (440) octal_psram: Latency      : 0x01 (Fixed)[0m
[0;32mI (445) octal_psram: VCC          : 0x01 (3V)[0m
[0;32mI (449) octal_psram: SRF          : 0x01 (Fast Refresh)[0m
[0;32mI (454) octal_psram: BurstType    : 0x01 (Hybrid Wrap)[0m
[0;32mI (459) octal_psram: BurstLen     : 0x01 (32 Byte)[0m
[0;32mI (463) octal_psram: Readlatency  : 0x02 (10 cycles@Fixed)[0m
[0;32mI (468) octal_psram: DriveStrength: 0x00 (1/1)[0m
[0;32mI (480) MSPI Timing: PSRAM timing tuning index: 2[0m
[0;32mI (480) esp_psram: Found 8MB PSRAM device[0m
[0;32mI (481) esp_psram: Speed: 120MHz[0m
[0;32mI (518) mmu_psram: Read only data copied and mapped to SPIRAM[0m
[0;32mI (564) mmu_psram: Instructions copied and mapped to SPIRAM[0m
[0;32mI (564) cpu_start: Multicore app[0m
[0;32mI (726) esp_psram: SPI SRAM memory test OK[0m
[0;32mI (735) cpu_start: Pro cpu start user code[0m
[0;32mI (735) cpu_start: cpu freq: 240000000 Hz[0m
[0;32mI (735) app_init: Application information:[0m
[0;32mI (735) app_init: Project name:     16_LVGL_UI[0m
[0;32mI (739) app_init: App version:      d0f7808-dirty[0m
[0;32mI (743) app_init: Compile time:     Nov 10 2025 14:56:37[0m
[0;32mI (748) app_init: ELF file SHA256:  062486489...[0m
[0;32mI (753) app_init: ESP-IDF:          v5.5-dirty[0m
[0;32mI (757) efuse_init: Min chip rev:     v0.0[0m
[0;32mI (761) efuse_init: Max chip rev:     v0.99 [0m
[0;32mI (765) efuse_init: Chip rev:         v0.2[0m
[0;32mI (769) heap_init: Initializing. RAM available for dynamic allocation:[0m
[0;32mI (775) heap_init: At 3FCACD28 len 0003C9E8 (242 KiB): RAM[0m
[0;32mI (780) heap_init: At 3FCE9710 len 00005724 (21 KiB): RAM[0m
[0;32mI (785) heap_init: At 3FCF0000 len 00008000 (32 KiB): DRAM[0m
[0;32mI (790) heap_init: At 600FE020 len 00001FC8 (7 KiB): RTCRAM[0m
[0;32mI (796) esp_psram: Adding pool of 6464K of PSRAM memory to heap allocator[0m
[0;32mI (802) esp_psram: Adding pool of 10K of PSRAM memory gap generated due to end address alignment of drom to the heap allocator[0m
[0;32mI (814) spi_flash: detected chip: generic[0m
[0;32mI (817) spi_flash: flash io: qio[0m
[0;32mI (820) sleep_gpio: Configure to isolate all GPIO pins in sleep state[0m
[0;32mI (826) sleep_gpio: Enable automatic switching of GPIO sleep configuration[0m
[0;32mI (833) coexist: coex firmware version: 831ec70[0m
[0;32mI (846) coexist: coexist rom version e7ae62f[0m
[0;32mI (846) main_task: Started on CPU0[0m
[0;32mI (847) esp_psram: Reserving pool of 32K of internal memory for DMA/internal allocations[0m
[0;32mI (852) main_task: Calling app_main()[0m
[0;32mI (855) PSRAM: Total heap: 6884316[0m
[0;32mI (858) PSRAM: Free PSRAM: 6594905[0m
[0;33mW (872) i2c.master: Please check pull-up resistances whether be connected properly. Otherwise unexpected behavior would happen. For more detailed information, please read docs[0m
[0;32mI (1277) GT911: Initialize I2C panel IO[0m
[0;32mI (1277) GT911: Initialize touch controller GT911[0m
[0;33mW (1277) GT911: Unable to initialize the I2C address[0m
[0;32mI (1279) GT911: TouchPad_ID:0x39,0x31,0x31[0m
[0;32mI (1282) GT911: TouchPad_Config_Version:91[0m
[0;32mI (1286) example: Install RGB LCD panel driver[0m
[0;32mI (1326) example: Initialize RGB LCD panel[0m
[0;32mI (1328) lv_port: Create LVGL task[0m
[0;32mI (1355) main: Display LVGL demos[0m
[0;32mI (1372) TAG_NVS: Loaded JSON from NVS: [{"name":"quay 2","device_id":"94:E6:86:09:A4:78"},{"name":"quay 1","device_id":"A8:42:E3:4C:7C:BC"}][0m
[0;32mI (1374) TAG_NVS: Loaded 2 devices from NVS[0m
[0;32mI (1380) LVGL: Displayed 2 devices[0m
[0;32mI (1527) pp: pp rom version: e7ae62f[0m
[0;32mI (1528) net80211: net80211 rom version: e7ae62f[0m
[0;33mW (1528) RSSI: Not connected to any AP[0m
[0;32mI (1528) main_task: Returned from app_main()[0m
[0;32mI (1529) wifi:wifi driver task: 3fcd11a8, prio:23, stack:6656, core=0[0m
[0;32mI (1545) wifi:wifi firmware version: f3dbad7[0m
[0;32mI (1546) wifi:wifi certification version: v7.0[0m
[0;32mI (1546) wifi:config NVS flash: enabled[0m
[0;32mI (1549) wifi:config nano formatting: disabled[0m
[0;32mI (1554) wifi:Init data frame dynamic rx buffer num: 32[0m
[0;32mI (1559) wifi:Init static rx mgmt buffer num: 5[0m
[0;32mI (1563) wifi:Init management short buffer num: 32[0m
[0;32mI (1568) wifi:Init static tx buffer num: 16[0m
[0;32mI (1572) wifi:Init tx cache buffer num: 32[0m
[0;32mI (1575) wifi:Init static tx FG buffer num: 2[0m
[0;32mI (1579) wifi:Init static rx buffer size: 1600[0m
[0;32mI (1583) wifi:Init static rx buffer num: 16[0m
[0;32mI (1587) wifi:Init dynamic rx buffer num: 32[0m
[0;32mI (1591) wifi_init: rx ba win: 16[0m
[0;32mI (1594) wifi_init: accept mbox: 6[0m
[0;32mI (1597) wifi_init: tcpip mbox: 32[0m
[0;32mI (1600) wifi_init: udp mbox: 6[0m
[0;32mI (1603) wifi_init: tcp mbox: 6[0m
[0;32mI (1606) wifi_init: tcp tx win: 5760[0m
[0;32mI (1609) wifi_init: tcp rx win: 5760[0m
[0;32mI (1613) wifi_init: tcp mss: 1440[0m
[0;32mI (1616) wifi_init: WiFi/LWIP prefer SPIRAM[0m
[0;32mI (1619) wifi_init: WiFi IRAM OP enabled[0m
[0;32mI (1623) wifi_init: WiFi RX IRAM OP enabled[0m
[0;32mI (1627) reconnect: Found saved WiFi: iPhone Anh Kiet[0m
Wi-Fi event handler registered.
[0;32mI (1635) phy_init: phy_version 701,f4f1da3a,Mar  3 2025,15:50:10[0m
[0;32mI (1671) wifi:mode : sta (10:20:ba:01:48:a8)[0m
[0;32mI (1672) wifi:enable tsf[0m
[0;32mI (1674) reconnect: WiFi init complete, waiting for connection...[0m
[0;32mI (1674) WiFi Sta: GET: SSID:iPhone Anh Kiet, password:061002aK[0m
[0;32mI (2178) WiFi Sta: Failed to connect to the AP[0m
[0;32mI (2178) WiFi Sta: Retrying to connect to the AP[0m
[0;33mW (3533) wifi:Haven't to connect to a suitable AP now![0m
[0;33mW (3533) RSSI: Not connected to any AP[0m
[0;32mI (3688) WiFi Sta: Failed to connect to the AP[0m
[0;32mI (3688) WiFi Sta: Retrying to connect to the AP[0m
[0;32mI (4080) WiFi Sta: STA disconnected, reason=201[0m
[0;32mI (4080) WiFi Sta: WIFI STA_DISCONNECTED.[0m
[0;32mI (4080) WiFi Sta: STA disconnected, reason=201[0m
[0;32mI (4081) WiFi Sta: WIFI STA_DISCONNECTED.[0m
[0;33mW (4184) WIFI: wifi_last_Button is NULL or invalid, skip UI update[0m
[0;33mW (4194) WIFI: wifi_last_Button is NULL or invalid, skip UI update[0m
[0;32mI (5198) WiFi Sta: Failed to connect to the AP[0m
[0;32mI (5198) WiFi Sta: Retrying to connect to the AP[0m
[0;33mW (5534) wifi:Haven't to connect to a suitable AP now![0m
[0;33mW (5535) RSSI: Not connected to any AP[0m
[0;32mI (6708) WiFi Sta: Failed to connect to the AP[0m
[0;32mI (6708) WiFi Sta: Retrying to connect to the AP[0m
[0;33mW (7535) wifi:Haven't to connect to a suitable AP now![0m
[0;33mW (7536) RSSI: Not connected to any AP[0m
[0;32mI (8218) WiFi Sta: Failed to connect to the AP[0m
[0;32mI (8218) WiFi Sta: Retrying to connect to the AP[0m
