Command: D:\ESP32_IDF\Espressif\python_env\idf5.5_py3.11_env\Scripts\python.exe D:\ESP32_IDF\Espressif\frameworks\esp-idf-v5.5\tools/idf_monitor.py -p COM10 -b 115200 --toolchain-prefix xtensa-esp32s3-elf- --target esp32s3 --revision 0 D:\ESP32\ESP32S3_LCD 7B_DEMO_3\ESP32-S3-Touch-LCD-7B-Demo\ESP32-S3-Touch-LCD-7B-Demo\ESP-IDF\16_LVGL_UI\build\16_LVGL_UI.elf D:\ESP32\ESP32S3_LCD 7B_DEMO_3\ESP32-S3-Touch-LCD-7B-Demo\ESP32-S3-Touch-LCD-7B-Demo\ESP-IDF\16_LVGL_UI\build\bootloader\bootloader.elf --force-color -m 'D:\ESP32_IDF\Espressif\python_env\idf5.5_py3.11_env\Scripts\python.exe' 'D:\ESP32_IDF\Espressif\frameworks\esp-idf-v5.5\tools\idf.py' '-p' 'COM10'
ESP-ROM:esp32s3-20210327
Build:Mar 27 2021
rst:0x1 (POWERON),boot:0x29 (SPI_FAST_FLASH_BOOT)
SPIWP:0xee
mode:DIO, clock div:1
load:0x3fce2820,len:0x1710
load:0x403c8700,len:0xec0
load:0x403cb700,len:0x31d4
entry 0x403c894c
[0;32mI (25) boot: ESP-IDF v5.5-dirty 2nd stage bootloader[0m
[0;32mI (25) boot: compile time Oct  8 2025 11:43:15[0m
[0;32mI (25) boot: Multicore bootloader[0m
[0;32mI (26) boot: chip revision: v0.2[0m
[0;32mI (28) boot: efuse block revision: v1.3[0m
[0;32mI (32) qio_mode: Enabling default flash chip QIO[0m
[0;32mI (36) boot.esp32s3: Boot SPI Speed : 80MHz[0m
[0;32mI (40) boot.esp32s3: SPI Mode       : QIO[0m
[0;32mI (44) boot.esp32s3: SPI Flash Size : 16MB[0m
[0;32mI (48) boot: Enabling RNG early entropy source...[0m
[0;32mI (52) boot: Partition Table:[0m
[0;32mI (55) boot: ## Label            Usage          Type ST Offset   Length[0m
[0;32mI (61) boot:  0 nvs              WiFi data        01 02 00009000 00006000[0m
[0;32mI (68) boot:  1 phy_init         RF data          01 01 0000f000 00001000[0m
[0;32mI (74) boot:  2 factory          factory app      00 00 00010000 00800000[0m
[0;32mI (81) boot: End of partition table[0m
[0;32mI (84) esp_image: segment 0: paddr=00010020 vaddr=3c150020 size=dd9ach (907692) map[0m
[0;32mI (226) esp_image: segment 1: paddr=000ed9d4 vaddr=3fca6400 size=02644h (  9796) load[0m
[0;32mI (228) esp_image: segment 2: paddr=000f0020 vaddr=42000020 size=1448e0h (1329376) map[0m
[0;32mI (427) esp_image: segment 3: paddr=00234908 vaddr=3fca8a44 size=03980h ( 14720) load[0m
[0;32mI (430) esp_image: segment 4: paddr=00238290 vaddr=40374000 size=2230ch (140044) load[0m
[0;32mI (457) esp_image: segment 5: paddr=0025a5a4 vaddr=600fe000 size=00020h (    32) load[0m
[0;32mI (471) boot: Loaded app from partition at offset 0x10000[0m
[0;32mI (471) boot: Disabling RNG early entropy source...[0m
[0;33mW (481) flash HPM: HPM mode is optional feature that depends on flash model. Read Docs First![0m
[0;33mW (481) flash HPM: HPM mode with DC adjustment is disabled. Some flash models may not be supported. Read Docs First![0m
[0;33mW (488) flash HPM: High performance mode of this flash model hasn't been supported.[0m
[0;32mI (496) MSPI Timing: Flash timing tuning index: 2[0m
[0;32mI (500) octal_psram: vendor id    : 0x0d (AP)[0m
[0;32mI (504) octal_psram: dev id       : 0x02 (generation 3)[0m
[0;32mI (509) octal_psram: density      : 0x03 (64 Mbit)[0m
[0;32mI (514) octal_psram: good-die     : 0x01 (Pass)[0m
[0;32mI (518) octal_psram: Latency      : 0x01 (Fixed)[0m
[0;32mI (522) octal_psram: VCC          : 0x01 (3V)[0m
[0;32mI (526) octal_psram: SRF          : 0x01 (Fast Refresh)[0m
[0;32mI (531) octal_psram: BurstType    : 0x01 (Hybrid Wrap)[0m
[0;32mI (536) octal_psram: BurstLen     : 0x01 (32 Byte)[0m
[0;32mI (541) octal_psram: Readlatency  : 0x02 (10 cycles@Fixed)[0m
[0;32mI (546) octal_psram: DriveStrength: 0x00 (1/1)[0m
[0;32mI (558) MSPI Timing: PSRAM timing tuning index: 2[0m
[0;32mI (558) esp_psram: Found 8MB PSRAM device[0m
[0;32mI (559) esp_psram: Speed: 120MHz[0m
[0;32mI (598) mmu_psram: Read only data copied and mapped to SPIRAM[0m
[0;32mI (667) mmu_psram: Instructions copied and mapped to SPIRAM[0m
[0;32mI (668) cpu_start: Multicore app[0m
[0;32mI (817) esp_psram: SPI SRAM memory test OK[0m
[0;32mI (825) cpu_start: Pro cpu start user code[0m
[0;32mI (825) cpu_start: cpu freq: 240000000 Hz[0m
[0;32mI (825) app_init: Application information:[0m
[0;32mI (825) app_init: Project name:     16_LVGL_UI[0m
[0;32mI (829) app_init: App version:      43fcfab-dirty[0m
[0;32mI (834) app_init: Compile time:     Oct 11 2025 10:32:00[0m
[0;32mI (839) app_init: ELF file SHA256:  176d18f18...[0m
[0;32mI (843) app_init: ESP-IDF:          v5.5-dirty[0m
[0;32mI (847) efuse_init: Min chip rev:     v0.0[0m
[0;32mI (851) efuse_init: Max chip rev:     v0.99 [0m
[0;32mI (855) efuse_init: Chip rev:         v0.2[0m
[0;32mI (859) heap_init: Initializing. RAM available for dynamic allocation:[0m
[0;32mI (865) heap_init: At 3FCB6D88 len 00032988 (202 KiB): RAM[0m
[0;32mI (871) heap_init: At 3FCE9710 len 00005724 (21 KiB): RAM[0m
[0;32mI (876) heap_init: At 3FCF0000 len 00008000 (32 KiB): DRAM[0m
[0;32mI (881) heap_init: At 600FE020 len 00001FC8 (7 KiB): RTCRAM[0m
[0;32mI (886) esp_psram: Adding pool of 5952K of PSRAM memory to heap allocator[0m
[0;32mI (893) esp_psram: Adding pool of 9K of PSRAM memory gap generated due to end address alignment of drom to the heap allocator[0m
[0;32mI (904) spi_flash: detected chip: generic[0m
[0;32mI (907) spi_flash: flash io: qio[0m
[0;32mI (911) sleep_gpio: Configure to isolate all GPIO pins in sleep state[0m
[0;32mI (917) sleep_gpio: Enable automatic switching of GPIO sleep configuration[0m
[0;32mI (923) coexist: coex firmware version: 831ec70[0m
[0;32mI (936) coexist: coexist rom version e7ae62f[0m
[0;32mI (937) main_task: Started on CPU0[0m
[0;32mI (938) esp_psram: Reserving pool of 32K of internal memory for DMA/internal allocations[0m
[0;32mI (943) main_task: Calling app_main()[0m
[0;33mW (956) i2c.master: Please check pull-up resistances whether be connected properly. Otherwise unexpected behavior would happen. For more detailed information, please read docs[0m
[0;32mI (1362) GT911: Initialize I2C panel IO[0m
[0;32mI (1362) GT911: Initialize touch controller GT911[0m
[0;33mW (1362) GT911: Unable to initialize the I2C address[0m
[0;32mI (1364) GT911: TouchPad_ID:0x39,0x31,0x31[0m
[0;32mI (1367) GT911: TouchPad_Config_Version:91[0m
[0;32mI (1371) example: Install RGB LCD panel driver[0m
[0;32mI (1411) example: Initialize RGB LCD panel[0m
[0;32mI (1413) lv_port: Create LVGL task[0m
[0;32mI (1440) main: Display LVGL demos[0m
[0;32mI (1602) pp: pp rom version: e7ae62f[0m
[0;32mI (1603) net80211: net80211 rom version: e7ae62f[0m
[0;32mI (1603) BLE_INIT: BT controller compile version [4713a69][0m
[0;32mI (1604) wifi:wifi driver task: 3fcd7fa0, prio:23, stack:6656, core=0[0m
[0;32mI (1617) wifi:wifi firmware version: f3dbad7[0m
[0;32mI (1617) wifi:wifi certification version: v7.0[0m
[0;32mI (1618) wifi:config NVS flash: enabled[0m
[0;32mI (1622) wifi:config nano formatting: disabled[0m
[0;32mI (1626) wifi:Init data frame dynamic rx buffer num: 32[0m
[0;32mI (1631) wifi:Init static rx mgmt buffer num: 5[0m
[0;32mI (1636) wifi:Init management short buffer num: 32[0m
[0;32mI (1641) wifi:Init static tx buffer num: 16[0m
[0;32mI (1645) wifi:Init tx cache buffer num: 32[0m
[0;32mI (1648) wifi:Init static tx FG buffer num: 2[0m
[0;32mI (1653) wifi:Init static rx buffer size: 1600[0m
[0;32mI (1656) wifi:Init static rx buffer num: 16[0m
[0;32mI (1660) wifi:Init dynamic rx buffer num: 32[0m
[0;32mI (1665) wifi_init: rx ba win: 16[0m
[0;32mI (1667) wifi_init: accept mbox: 6[0m
[0;32mI (1670) wifi_init: tcpip mbox: 32[0m
[0;32mI (1673) wifi_init: udp mbox: 6[0m
[0;32mI (1676) wifi_init: tcp mbox: 6[0m
[0;32mI (1679) wifi_init: tcp tx win: 5760[0m
[0;32mI (1682) wifi_init: tcp rx win: 5760[0m
[0;32mI (1685) wifi_init: tcp mss: 1440[0m
[0;32mI (1688) wifi_init: WiFi/LWIP prefer SPIRAM[0m
[0;32mI (1692) wifi_init: WiFi IRAM OP enabled[0m
[0;32mI (1696) wifi_init: WiFi RX IRAM OP enabled[0m
[0;32mI (1700) BLE_INIT: Feature Config, ADV:1, BLE_50:1, DTM:1, SCAN:1, CCA:0, SMP:1, CONNECT:1[0m
Wi-Fi event handler registered.
[0;32mI (1711) phy_init: phy_version 701,f4f1da3a,Mar  3 2025,15:50:10[0m
[0;32mI (1746) phy_init: Saving new calibration data due to checksum failure or outdated calibration data, mode(0)[0m
[0;32mI (1747) BLE_INIT: Bluetooth MAC: 10:20:ba:01:48:aa[0m
[0;32mI (1778) MQTT_BACKUP: MQTT retry task created successfully on Core 1[0m
[0;32mI (1778) MQTT_BACKUP: MQTT Retry Publish Task started[0m
[0;32mI (1778) main_task: Returned from app_main()[0m
[0;32mI (1783) wifi:mode : null[0m
[0;32mI (1798) BLE_SERVER: REGISTER_APP_EVT, status 0, app_id 0[0m
[0;33mW (1798) BT_BTM: BTM_BleWriteAdvData, Partial data write into ADV[0m
[0;33mW (1799) BT_BTM: BTM_BleWriteScanRsp, Partial data write into ADV[0m
[0;32mI (1804) BLE_SERVER: CREATE_SERVICE_EVT, status 0,  service_handle 40[0m
[0;32mI (1812) BLE_SERVER: Advertising started successfully[0m
[0;32mI (1815) BLE_SERVER: ADD_CHAR_EVT, status 0,  attr_handle 42, service_handle 40[0m
[0;32mI (1822) BLE_SERVER: ***** BLE GATT SERVER STARTED *****[0m
[0;32mI (1827) BLE_SERVER: ***** WAITING FOR CLIENT CONNECTION *****[0m
[0;32mI (4138) MQTT: Other event id:7[0m
[0;32mI (4138) wifi:flush txq[0m
[0;32mI (4139) wifi:stop sw txq[0m
[0;32mI (4139) wifi:lmac stop hw txq[0m
[1;31mE (4139) esp-tls: [sock=54] connect() error: Host is unreachable[0m
STA:STA 
[1;31mE (4143) transport_base: Failed to open a new connection: 32772[0m
[0;32mI (4146) wifi:E (4150) mqtt_client: Error transport connect[0m
mode : sta (10:20:ba:01:48:a8)I (4155) MQTT: MQTT_EVENT_ERROR

[0;32mI (4160) MQTT: Last error code reported from esp-tls: 0x8004[0m
[0;32mI (4160) wifi:I (4166) MQTT: Last tls stack error number: 0x0[0m
enable tsfI (4171) MQTT: Last captured errno : 0 (Success)

[0;32mI (4177) MQTT: MQTT_EVENT_DISCONNECTED[0m
[0;32mI (9083) wifi_scan: Max AP number ap_info can hold = 20[0m
[0;32mI (9083) wifi_scan: Total APs scanned = 11, actual AP number ap_info holds = 11[0m
[0;32mI (9192) NVS: Have a saved wifi network in NVS[0m
[0;32mI (9197) wifi_scan: [0m
[0;32mI (9197) wifi_scan: Found saved wifi network in scan list, ssid: NamTrung[0m
[0;32mI (9197) wifi_scan: BSSID 10:5F:02:75:1E:9A[0m
[0;32mI (9224) WiFi Sta: Connecting to wifi network, BSSID: 10:5F:02:75:1E:9A[0m
[0;32mI (9235) wifi:flush txq[0m
[0;32mI (9236) wifi:stop sw txq[0m
[0;32mI (9236) wifi:lmac stop hw txq[0m
[0;32mI (9237) wifi:mode : sta (10:20:ba:01:48:a8)[0m
[0;32mI (9237) wifi:enable tsf[0m
[0;33mW (9239) wifi:m f probe req l=0[0m

[0;32mI (9241) WiFi Sta: GET: SSID:NamTrung, password:nt@14092011[0m
[0;32mI (9246) WiFi Sta: Failed to connect to the AP[0m
[0;32mI (9250) wifi:new:<6,0>, old:<1,0>, ap:<255,255>, sta:<6,0>, prof:1, snd_ch_cfg:0x0[0m
[0;32mI (9258) wifi:state: init -> auth (0xb0)[0m
[0;32mI (9262) WiFi Sta: Retrying to connect to the AP[0m
[0;33mW (9263) wifi:m f deauth reason:3[0m

[0;33mW (9269) wifi:m f auth[0m

[0;32mI (10271) wifi:state: auth -> init (0x200)[0m
[0;32mI (10273) wifi:Coexist: Wi-Fi connect fail, apply reconnect coex policy[0m

[0;32mI (10273) wifi:new:<6,0>, old:<6,0>, ap:<255,255>, sta:<6,0>, prof:1, snd_ch_cfg:0x0[0m
[0;32mI (10279) WiFi Sta: STA disconnected, reason=2[0m
[0;32mI (10282) WiFi Sta: WIFI STA_DISCONNECTED.[0m
[0;32mI (10286) WiFi Sta: Failed to connect to the AP[0m
[0;32mI (10291) WiFi Sta: Retrying to connect to the AP[0m
[0;32mI (11305) WiFi Sta: Failed to connect to the AP[0m
[0;32mI (11305) WiFi Sta: Retrying to connect to the AP[0m
[0;32mI (12315) WiFi Sta: Failed to connect to the AP[0m
[0;32mI (12315) WiFi Sta: Retrying to connect to the AP[0m
[0;32mI (13325) WiFi Sta: Failed to connect to the AP[0m
[0;32mI (13325) WiFi Sta: Retrying to connect to the AP[0m
[0;32mI (14180) MQTT: Other event id:7[0m
[1;31mE (14180) esp-tls: [sock=54] connect() error: Host is unreachable[0m
[1;31mE (14181) transport_base: Failed to open a new connection: 32772[0m
[1;31mE (14183) mqtt_client: Error transport connect[0m
[0;32mI (14187) MQTT: MQTT_EVENT_ERROR[0m
[0;32mI (14190) MQTT: Last error code reported from esp-tls: 0x8004[0m
[0;32mI (14196) MQTT: Last tls stack error number: 0x0[0m
[0;32mI (14200) MQTT: Last captured errno : 0 (Success)[0m
[0;32mI (14204) MQTT: MQTT_EVENT_DISCONNECTED[0m
[0;32mI (14335) WiFi Sta: Failed to connect to the AP[0m
[0;32mI (14335) WiFi Sta: Failed to connect to SSID:NamTrung, password:nt@14092011[0m
index:1
[0;32mI (16080) wifi_scan: BSSID 10:5F:02:75:1E:9A[0m
[0;32mI (16080) wifi_scan: Authmode 	WIFI_AUTH_WPA2_PSK[0m
[0;32mI (16080) wifi_scan: Pairwise Cipher 	WIFI_CIPHER_TYPE_CCMP[0m
[0;32mI (16083) wifi_scan: Group Cipher 	WIFI_CIPHER_TYPE_CCMP[0m
[0;32mI (23285) WiFi Sta: Connecting to wifi network, BSSID: 10:5F:02:75:1E:9A[0m
[0;32mI (23286) wifi:flush txq[0m
[0;32mI (23286) wifi:stop sw txq[0m
[0;32mI (23286) wifi:lmac stop hw txq[0m
[0;32mI (23289) wifi:mode : sta (10:20:ba:01:48:a8)[0m
[0;32mI (23292) wifi:enable tsf[0m
[0;32mI (23296) WiFi Sta: GET: SSID:NamTrung, password:nt@14092011[0m
[0;32mI (23300) WiFi Sta: Failed to connect to the AP[0m
[0;32mI (23304) WiFi Sta: Retrying to connect to the AP[0m
[0;32mI (23380) wifi:new:<6,0>, old:<1,0>, ap:<255,255>, sta:<6,0>, prof:1, snd_ch_cfg:0x0[0m
[0;32mI (23381) wifi:state: init -> auth (0xb0)[0m
[0;32mI (23393) wifi:state: auth -> assoc (0x0)[0m
[0;33mW (23393) wifi:m f assoc req l=221[0m

[0;32mI (24208) MQTT: Other event id:7[0m
[1;31mE (24208) esp-tls: [sock=54] connect() error: Host is unreachable[0m
[1;31mE (24209) transport_base: Failed to open a new connection: 32772[0m
[1;31mE (24211) mqtt_client: Error transport connect[0m
[0;32mI (24215) MQTT: MQTT_EVENT_ERROR[0m
[0;32mI (24218) MQTT: Last error code reported from esp-tls: 0x8004[0m
[0;32mI (24224) MQTT: Last tls stack error number: 0x0[0m
[0;32mI (24228) MQTT: Last captured errno : 0 (Success)[0m
[0;32mI (24232) MQTT: MQTT_EVENT_DISCONNECTED[0m
[0;32mI (24318) WiFi Sta: Failed to connect to the AP[0m
[0;32mI (24318) WiFi Sta: Retrying to connect to the AP[0m
[0;32mI (24393) wifi:state: assoc -> init (0x400)[0m
[0;32mI (24395) wifi:Coexist: Wi-Fi connect fail, apply reconnect coex policy[0m

[0;32mI (24395) wifi:new:<6,0>, old:<6,0>, ap:<255,255>, sta:<6,0>, prof:1, snd_ch_cfg:0x0[0m
[0;32mI (24400) WiFi Sta: STA disconnected, reason=4[0m
[0;32mI (24404) WiFi Sta: WIFI STA_DISCONNECTED.[0m
[0;32mI (25328) WiFi Sta: Failed to connect to the AP[0m
[0;32mI (25328) WiFi Sta: Retrying to connect to the AP[0m
[0;32mI (26338) WiFi Sta: Failed to connect to the AP[0m
[0;32mI (26338) WiFi Sta: Retrying to connect to the AP[0m
[0;32mI (27348) WiFi Sta: Failed to connect to the AP[0m
[0;32mI (27348) WiFi Sta: Retrying to connect to the AP[0m
[0;32mI (28358) WiFi Sta: Failed to connect to the AP[0m
[0;32mI (28358) WiFi Sta: Failed to connect to SSID:NamTrung, password:nt@14092011[0m
[0;32mI (34236) MQTT: Other event id:7[0m
[1;31mE (34236) esp-tls: [sock=54] connect() error: Host is unreachable[0m
[1;31mE (34237) transport_base: Failed to open a new connection: 32772[0m
[1;31mE (34239) mqtt_client: Error transport connect[0m
[0;32mI (34243) MQTT: MQTT_EVENT_ERROR[0m
[0;32mI (34246) MQTT: Last error code reported from esp-tls: 0x8004[0m
[0;32mI (34252) MQTT: Last tls stack error number: 0x0[0m
[0;32mI (34256) MQTT: Last captured errno : 0 (Success)[0m
[0;32mI (34260) MQTT: MQTT_EVENT_DISCONNECTED[0m
[0;32mI (44264) MQTT: Other event id:7[0m
[1;31mE (44264) esp-tls: [sock=54] connect() error: Host is unreachable[0m
[1;31mE (44265) transport_base: Failed to open a new connection: 32772[0m
[1;31mE (44267) mqtt_client: Error transport connect[0m
[0;32mI (44271) MQTT: MQTT_EVENT_ERROR[0m
[0;32mI (44274) MQTT: Last error code reported from esp-tls: 0x8004[0m
[0;32mI (44280) MQTT: Last tls stack error number: 0x0[0m
[0;32mI (44284) MQTT: Last captured errno : 0 (Success)[0m
[0;32mI (44289) MQTT: MQTT_EVENT_DISCONNECTED[0m
[0;32mI (54292) MQTT: Other event id:7[0m
[1;31mE (54292) esp-tls: [sock=54] connect() error: Host is unreachable[0m
[1;31mE (54293) transport_base: Failed to open a new connection: 32772[0m
[1;31mE (54295) mqtt_client: Error transport connect[0m
[0;32mI (54299) MQTT: MQTT_EVENT_ERROR[0m
[0;32mI (54302) MQTT: Last error code reported from esp-tls: 0x8004[0m
[0;32mI (54308) MQTT: Last tls stack error number: 0x0[0m
[0;32mI (54312) MQTT: Last captured errno : 0 (Success)[0m
[0;32mI (54317) MQTT: MQTT_EVENT_DISCONNECTED[0m
