Command: D:\ESP32_IDF\Espressif\python_env\idf5.5_py3.11_env\Scripts\python.exe D:\ESP32_IDF\Espressif\frameworks\esp-idf-v5.5\tools/idf_monitor.py -p COM10 -b 115200 --toolchain-prefix xtensa-esp32s3-elf- --target esp32s3 --revision 0 D:\ESP32\ESP32S3_LCD 7B_DEMO_3\ESP32-S3-Touch-LCD-7B-Demo\ESP32-S3-Touch-LCD-7B-Demo\ESP-IDF\16_LVGL_UI\build\16_LVGL_UI.elf D:\ESP32\ESP32S3_LCD 7B_DEMO_3\ESP32-S3-Touch-LCD-7B-Demo\ESP32-S3-Touch-LCD-7B-Demo\ESP-IDF\16_LVGL_UI\build\bootloader\bootloader.elf --force-color -m 'D:\ESP32_IDF\Espressif\python_env\idf5.5_py3.11_env\Scripts\python.exe' 'D:\ESP32_IDF\Espressif\frameworks\esp-idf-v5.5\tools\idf.py' '-p' 'COM10'
ESP-ROM:esp32s3-20210327
Build:Mar 27 2021
rst:0x1 (POWERON),boot:0x29 (SPI_FAST_FLASH_BOOT)
SPIWP:0xee
mode:DIO, clock div:1
load:0x3fce2820,len:0x1710
load:0x403c8700,len:0xec0
load:0x403cb700,len:0x31d4
entry 0x403c894c
[0;32mI (25) boot: ESP-IDF v5.5-dirty 2nd stage bootloader[0m
[0;32mI (25) boot: compile time Oct  8 2025 11:43:15[0m
[0;32mI (25) boot: Multicore bootloader[0m
[0;32mI (26) boot: chip revision: v0.2[0m
[0;32mI (28) boot: efuse block revision: v1.3[0m
[0;32mI (32) qio_mode: Enabling default flash chip QIO[0m
[0;32mI (36) boot.esp32s3: Boot SPI Speed : 80MHz[0m
[0;32mI (40) boot.esp32s3: SPI Mode       : QIO[0m
[0;32mI (44) boot.esp32s3: SPI Flash Size : 16MB[0m
[0;32mI (48) boot: Enabling RNG early entropy source...[0m
[0;32mI (52) boot: Partition Table:[0m
[0;32mI (55) boot: ## Label            Usage          Type ST Offset   Length[0m
[0;32mI (61) boot:  0 nvs              WiFi data        01 02 00009000 00006000[0m
[0;32mI (68) boot:  1 phy_init         RF data          01 01 0000f000 00001000[0m
[0;32mI (74) boot:  2 factory          factory app      00 00 00010000 00800000[0m
[0;32mI (81) boot: End of partition table[0m
[0;32mI (84) esp_image: segment 0: paddr=00010020 vaddr=3c150020 size=dd9ach (907692) map[0m
[0;32mI (226) esp_image: segment 1: paddr=000ed9d4 vaddr=3fca6400 size=02644h (  9796) load[0m
[0;32mI (228) esp_image: segment 2: paddr=000f0020 vaddr=42000020 size=1448f4h (1329396) map[0m
[0;32mI (427) esp_image: segment 3: paddr=0023491c vaddr=3fca8a44 size=03980h ( 14720) load[0m
[0;32mI (430) esp_image: segment 4: paddr=002382a4 vaddr=40374000 size=2230ch (140044) load[0m
[0;32mI (457) esp_image: segment 5: paddr=0025a5b8 vaddr=600fe000 size=00020h (    32) load[0m
[0;32mI (471) boot: Loaded app from partition at offset 0x10000[0m
[0;32mI (471) boot: Disabling RNG early entropy source...[0m
[0;33mW (481) flash HPM: HPM mode is optional feature that depends on flash model. Read Docs First![0m
[0;33mW (481) flash HPM: HPM mode with DC adjustment is disabled. Some flash models may not be supported. Read Docs First![0m
[0;33mW (488) flash HPM: High performance mode of this flash model hasn't been supported.[0m
[0;32mI (496) MSPI Timing: Flash timing tuning index: 2[0m
[0;32mI (500) octal_psram: vendor id    : 0x0d (AP)[0m
[0;32mI (504) octal_psram: dev id       : 0x02 (generation 3)[0m
[0;32mI (509) octal_psram: density      : 0x03 (64 Mbit)[0m
[0;32mI (514) octal_psram: good-die     : 0x01 (Pass)[0m
[0;32mI (518) octal_psram: Latency      : 0x01 (Fixed)[0m
[0;32mI (522) octal_psram: VCC          : 0x01 (3V)[0m
[0;32mI (526) octal_psram: SRF          : 0x01 (Fast Refresh)[0m
[0;32mI (531) octal_psram: BurstType    : 0x01 (Hybrid Wrap)[0m
[0;32mI (536) octal_psram: BurstLen     : 0x01 (32 Byte)[0m
[0;32mI (541) octal_psram: Readlatency  : 0x02 (10 cycles@Fixed)[0m
[0;32mI (546) octal_psram: DriveStrength: 0x00 (1/1)[0m
[0;32mI (558) MSPI Timing: PSRAM timing tuning index: 2[0m
[0;32mI (558) esp_psram: Found 8MB PSRAM device[0m
[0;32mI (558) esp_psram: Speed: 120MHz[0m
[0;32mI (598) mmu_psram: Read only data copied and mapped to SPIRAM[0m
[0;32mI (667) mmu_psram: Instructions copied and mapped to SPIRAM[0m
[0;32mI (668) cpu_start: Multicore app[0m
[0;32mI (817) esp_psram: SPI SRAM memory test OK[0m
[0;32mI (825) cpu_start: Pro cpu start user code[0m
[0;32mI (825) cpu_start: cpu freq: 240000000 Hz[0m
[0;32mI (825) app_init: Application information:[0m
[0;32mI (825) app_init: Project name:     16_LVGL_UI[0m
[0;32mI (829) app_init: App version:      43fcfab-dirty[0m
[0;32mI (834) app_init: Compile time:     Oct 11 2025 10:32:00[0m
[0;32mI (839) app_init: ELF file SHA256:  afb1c9cc9...[0m
[0;32mI (843) app_init: ESP-IDF:          v5.5-dirty[0m
[0;32mI (847) efuse_init: Min chip rev:     v0.0[0m
[0;32mI (851) efuse_init: Max chip rev:     v0.99 [0m
[0;32mI (855) efuse_init: Chip rev:         v0.2[0m
[0;32mI (859) heap_init: Initializing. RAM available for dynamic allocation:[0m
[0;32mI (865) heap_init: At 3FCB6D88 len 00032988 (202 KiB): RAM[0m
[0;32mI (871) heap_init: At 3FCE9710 len 00005724 (21 KiB): RAM[0m
[0;32mI (876) heap_init: At 3FCF0000 len 00008000 (32 KiB): DRAM[0m
[0;32mI (881) heap_init: At 600FE020 len 00001FC8 (7 KiB): RTCRAM[0m
[0;32mI (886) esp_psram: Adding pool of 5952K of PSRAM memory to heap allocator[0m
[0;32mI (893) esp_psram: Adding pool of 9K of PSRAM memory gap generated due to end address alignment of drom to the heap allocator[0m
[0;32mI (904) spi_flash: detected chip: generic[0m
[0;32mI (907) spi_flash: flash io: qio[0m
[0;32mI (911) sleep_gpio: Configure to isolate all GPIO pins in sleep state[0m
[0;32mI (917) sleep_gpio: Enable automatic switching of GPIO sleep configuration[0m
[0;32mI (923) coexist: coex firmware version: 831ec70[0m
[0;32mI (936) coexist: coexist rom version e7ae62f[0m
[0;32mI (937) main_task: Started on CPU0[0m
[0;32mI (938) esp_psram: Reserving pool of 32K of internal memory for DMA/internal allocations[0m
[0;32mI (943) main_task: Calling app_main()[0m
[0;33mW (956) i2c.master: Please check pull-up resistances whether be connected properly. Otherwise unexpected behavior would happen. For more detailed information, please read docs[0m
[0;32mI (1362) GT911: Initialize I2C panel IO[0m
[0;32mI (1362) GT911: Initialize touch controller GT911[0m
[0;33mW (1362) GT911: Unable to initialize the I2C address[0m
[0;32mI (1364) GT911: TouchPad_ID:0x39,0x31,0x31[0m
[0;32mI (1367) GT911: TouchPad_Config_Version:91[0m
[0;32mI (1371) example: Install RGB LCD panel driver[0m
[0;32mI (1411) example: Initialize RGB LCD panel[0m
[0;32mI (1413) lv_port: Create LVGL task[0m
[0;32mI (1440) main: Display LVGL demos[0m
[0;32mI (1602) pp: pp rom version: e7ae62f[0m
[0;32mI (1603) net80211: net80211 rom version: e7ae62f[0m
[0;32mI (1603) BLE_INIT: BT controller compile version [4713a69][0m
[0;32mI (1604) wifi:wifi driver task: 3fcd7f24, prio:23, stack:6656, core=0[0m
[0;32mI (1617) wifi:wifi firmware version: f3dbad7[0m
[0;32mI (1617) wifi:wifi certification version: v7.0[0m
[0;32mI (1618) wifi:config NVS flash: enabled[0m
[0;32mI (1622) wifi:config nano formatting: disabled[0m
[0;32mI (1626) wifi:Init data frame dynamic rx buffer num: 32[0m
[0;32mI (1631) wifi:Init static rx mgmt buffer num: 5[0m
[0;32mI (1636) wifi:Init management short buffer num: 32[0m
[0;32mI (1641) wifi:Init static tx buffer num: 16[0m
[0;32mI (1645) wifi:Init tx cache buffer num: 32[0m
[0;32mI (1648) wifi:Init static tx FG buffer num: 2[0m
[0;32mI (1653) wifi:Init static rx buffer size: 1600[0m
[0;32mI (1656) wifi:Init static rx buffer num: 16[0m
[0;32mI (1660) wifi:Init dynamic rx buffer num: 32[0m
[0;32mI (1665) wifi_init: rx ba win: 16[0m
[0;32mI (1667) wifi_init: accept mbox: 6[0m
[0;32mI (1670) wifi_init: tcpip mbox: 32[0m
[0;32mI (1673) wifi_init: udp mbox: 6[0m
[0;32mI (1676) wifi_init: tcp mbox: 6[0m
[0;32mI (1679) wifi_init: tcp tx win: 5760[0m
[0;32mI (1682) wifi_init: tcp rx win: 5760[0m
[0;32mI (1685) wifi_init: tcp mss: 1440[0m
[0;32mI (1688) wifi_init: WiFi/LWIP prefer SPIRAM[0m
[0;32mI (1692) wifi_init: WiFi IRAM OP enabled[0m
[0;32mI (1696) wifi_init: WiFi RX IRAM OP enabled[0m
[0;32mI (1700) BLE_INIT: Feature Config, ADV:1, BLE_50:1, DTM:1, SCAN:1, CCA:0, SMP:1, CONNECT:1[0m
Wi-Fi event handler registered.
[0;32mI (1711) phy_init: phy_version 701,f4f1da3a,Mar  3 2025,15:50:10[0m
[0;32mI (1747) phy_init: Saving new calibration data due to checksum failure or outdated calibration data, mode(0)[0m
[0;32mI (1748) BLE_INIT: Bluetooth MAC: 10:20:ba:01:48:aa[0m
[0;32mI (1775) MQTT_BACKUP: MQTT retry task created successfully on Core 1[0m
[0;32mI (1775) MQTT_BACKUP: MQTT Retry Publish Task started[0m
[0;32mI (1775) main_task: Returned from app_main()[0m
[0;32mI (1779) wifi:mode : null[0m
[0;32mI (1795) BLE_SERVER: REGISTER_APP_EVT, status 0, app_id 0[0m
[0;33mW (1796) BT_BTM: BTM_BleWriteAdvData, Partial data write into ADV[0m
[0;33mW (1797) BT_BTM: BTM_BleWriteScanRsp, Partial data write into ADV[0m
[0;32mI (1802) BLE_SERVER: CREATE_SERVICE_EVT, status 0,  service_handle 40[0m
[0;32mI (1810) BLE_SERVER: Advertising started successfully[0m
[0;32mI (1812) BLE_SERVER: ADD_CHAR_EVT, status 0,  attr_handle 42, service_handle 40[0m
[0;32mI (1819) BLE_SERVER: ***** BLE GATT SERVER STARTED *****[0m
[0;32mI (1824) BLE_SERVER: ***** WAITING FOR CLIENT CONNECTION *****[0m
[0;32mI (12071) MQTT: Other event id:7[0m
[0;32mI (12071) wifi:flush txq[0m
[0;32mI (12072) wifi:stop sw txq[0m
[0;32mI (12072) wifi:lmac stop hw txqE (12072) esp-tls: [sock=54] connect() error: Host is unreachable[0m

[1;31mE (12076) transport_base: Failed to open a new connection: 32772[0m
STA:STA 
[1;31mE (12082) mqtt_client: Error transport connect[0m
[0;32mI (12085) wifi:I (12087) MQTT: MQTT_EVENT_ERROR[0m
mode : sta (10:20:ba:01:48:a8)I (12091) MQTT: Last error code reported from esp-tls: 0x8004

[0;32mI (12099) MQTT: Last tls stack error number: 0x0[0m
[0;32mI (12100) wifi:I (12104) MQTT: Last captured errno : 0 (Success)[0m
enable tsf
[0;32mI (12110) MQTT: MQTT_EVENT_DISCONNECTED[0m
[0;32mI (17062) wifi_scan: Max AP number ap_info can hold = 20[0m
[0;32mI (17062) wifi_scan: Total APs scanned = 16, actual AP number ap_info holds = 16[0m
[0;32mI (17171) NVS: Have a saved wifi network in NVS[0m
[0;32mI (17174) wifi_scan: [0m
[0;32mI (17174) wifi_scan: Found saved wifi network in scan list, ssid: NamTrung[0m
[0;32mI (17174) wifi_scan: BSSID 10:5F:02:75:1E:9A[0m
[0;32mI (17203) WiFi Sta: Connecting to wifi network, BSSID: 10:5F:02:75:1E:9A[0m
[0;32mI (17204) wifi:flush txq[0m
[0;32mI (17204) wifi:stop sw txq[0m
[0;32mI (17204) wifi:lmac stop hw txq[0m
[0;32mI (17207) wifi:mode : sta (10:20:ba:01:48:a8)[0m
[0;32mI (17210) wifi:enable tsf[0m
[0;33mW (17213) wifi:m f probe req l=0[0m

[0;32mI (17216) WiFi Sta: GET: SSID:NamTrung, password:nt@14092011[0m
[0;32mI (17221) WiFi Sta: Failed to connect to the AP[0m
[0;32mI (17225) WiFi Sta: Retrying to connect to the AP[0m
[0;32mI (17263) wifi:new:<6,0>, old:<1,0>, ap:<255,255>, sta:<6,0>, prof:1, snd_ch_cfg:0x0[0m
[0;32mI (17263) wifi:state: init -> auth (0xb0)[0m
[0;33mW (17265) wifi:m f deauth reason:3[0m

[0;33mW (17266) wifi:m f auth[0m

[0;32mI (18240) WiFi Sta: Failed to connect to the AP[0m
[0;32mI (18240) WiFi Sta: Retrying to connect to the AP[0m
[0;32mI (18269) wifi:state: auth -> init (0x200)[0m
[0;32mI (18270) wifi:Coexist: Wi-Fi connect fail, apply reconnect coex policy[0m

[0;32mI (18270) wifi:new:<6,0>, old:<6,0>, ap:<255,255>, sta:<6,0>, prof:1, snd_ch_cfg:0x0[0m
[0;32mI (18276) WiFi Sta: STA disconnected, reason=2[0m
[0;32mI (18280) WiFi Sta: WIFI STA_DISCONNECTED.[0m
[0;32mI (19250) WiFi Sta: Failed to connect to the AP[0m
[0;32mI (19250) WiFi Sta: Retrying to connect to the AP[0m
[0;32mI (20260) WiFi Sta: Failed to connect to the AP[0m
[0;32mI (20260) WiFi Sta: Retrying to connect to the AP[0m
[0;32mI (21270) WiFi Sta: Failed to connect to the AP[0m
[0;32mI (21270) WiFi Sta: Retrying to connect to the AP[0m
[0;32mI (22280) WiFi Sta: Failed to connect to the AP[0m
[0;32mI (22280) WiFi Sta: Failed to connect to SSID:NamTrung, password:nt@14092011[0m
index:3
[0;32mI (25409) wifi_scan: BSSID 10:5F:02:75:27:1E[0m
[0;32mI (25409) wifi_scan: Authmode 	WIFI_AUTH_WPA2_PSK[0m
[0;32mI (25409) wifi_scan: Pairwise Cipher 	WIFI_CIPHER_TYPE_CCMP[0m
[0;32mI (25412) wifi_scan: Group Cipher 	WIFI_CIPHER_TYPE_CCMP[0m
[0;32mI (33810) WiFi Sta: Connecting to wifi network, BSSID: 10:5F:02:75:27:1E[0m
[0;32mI (33820) wifi:flush txq[0m
[0;32mI (33821) wifi:stop sw txq[0m
[0;32mI (33821) wifi:lmac stop hw txq[0m
[0;32mI (33822) wifi:mode : sta (10:20:ba:01:48:a8)[0m
[0;32mI (33822) wifi:enable tsf[0m
[0;32mI (33825) WiFi Sta: GET: SSID:NamTrung, password:nt@14092011[0m
[0;32mI (33829) WiFi Sta: Failed to connect to the AP[0m
[0;32mI (33833) WiFi Sta: Retrying to connect to the AP[0m
[0;32mI (34848) WiFi Sta: Failed to connect to the AP[0m
[0;32mI (34848) WiFi Sta: Retrying to connect to the AP[0m
[0;32mI (35858) WiFi Sta: Failed to connect to the AP[0m
[0;32mI (35858) WiFi Sta: Retrying to connect to the AP[0m
[0;32mI (36238) wifi:new:<11,0>, old:<1,0>, ap:<255,255>, sta:<11,0>, prof:1, snd_ch_cfg:0x0[0m
[0;32mI (36238) wifi:state: init -> auth (0xb0)[0m
[0;32mI (36243) wifi:state: auth -> assoc (0x0)[0m
[0;32mI (36252) wifi:state: assoc -> run (0x10)[0m
[0;32mI (36277) wifi:connected with NamTrung, aid = 24, channel 11, BW20, bssid = 10:5f:02:75:27:1e[0m
[0;32mI (36277) wifi:security: WPA2-PSK, phy: bgn, rssi: -61[0m
[0;32mI (36284) wifi:pm start, type: 1[0m

[0;32mI (36284) wifi:dp: 1, bi: 102400, li: 3, scale listen interval from 307200 us to 307200 us[0m
[0;32mI (36290) wifi:set rx beacon pti, rx_bcn_pti: 14, bcn_timeout: 25000, mt_pti: 14, mt_time: 10000[0m
[0;32mI (36299) wifi:AP's beacon interval = 102400 us, DTIM period = 1[0m
[0;32mI (36305) WiFi Sta: Connected to SSID:NamTrung, channel:11[0m
[1;31mE (36310) mqtt_client: Error create mqtt task[0m
[0;32mI (36868) WiFi Sta: Failed to connect to the AP[0m
[0;32mI (36868) WiFi Sta: Retrying to connect to the AP[0m
[0;32mI (37407) esp_netif_handlers: sta ip: 10.10.1.52, mask: 255.255.252.0, gw: 10.10.1.1[0m
[0;32mI (37878) WiFi: Connected with IP: 10.10.1.52[0m
[0;32mI (37878) WiFi Sta: Connected to AP SSID:NamTrung, password:nt@14092011, bssid:10:5F:02:75:27:1E[0m
[0;32mI (37883) WiFi Sta: Wi-Fi credentials saved successfully![0m
[0;32mI (37885) WiFi Sta: Saved AP SSID:NamTrung, password:nt@14092011, bssid:10:5F:02:75:27:1E[0m
[0;32mI (38014) NVS: last index: 0[0m
[0;32mI (38014) NVS: wifi index: 3[0m
[0;32mI (42334) wifi:bcn_timeout,ap_probe_send_start[0m
[0;32mI (42521) Feedback: diem danh gia: 2[0m

[0;33mW (42521) mqtt_client: Publish: Losing qos0 data when client not connected[0m
[1;31mE (42521) MQTT: Failed to send data[0m
[0;32mI (42526) MQTT_BACKUP: Saved successfully, key=msg_5, next_id=6[0m
[0;32mI (48376) wifi:bcn_timeout,ap_probe_send_start[0m
[0;32mI (54522) wifi:bcn_timeout,ap_probe_send_start[0m
[0;32mI (60561) wifi:bcn_timeout,ap_probe_send_start[0m
[0;32mI (66603) wifi:bcn_timeout,ap_probe_send_start[0m
[0;32mI (72645) wifi:bcn_timeout,ap_probe_send_start[0m
[0;32mI (79198) wifi:bcn_timeout,ap_probe_send_start[0m
[0;32mI (85445) wifi:bcn_timeout,ap_probe_send_start[0m
[0;32mI (91486) wifi:bcn_timeout,ap_probe_send_start[0m
[0;32mI (97632) wifi:bcn_timeout,ap_probe_send_start[0m
[0;32mI (104286) wifi:bcn_timeout,ap_probe_send_start[0m
[0;32mI (111250) wifi:bcn_timeout,ap_probe_send_start[0m
[0;32mI (117399) wifi:bcn_timeout,ap_probe_send_start[0m
[0;32mI (123538) wifi:bcn_timeout,ap_probe_send_start[0m
[0;32mI (129579) wifi:bcn_timeout,ap_probe_send_start[0m
