Command: D:\ESP32_IDF\Espressif\python_env\idf5.5_py3.11_env\Scripts\python.exe D:\ESP32_IDF\Espressif\frameworks\esp-idf-v5.5\tools/idf_monitor.py -p COM7 -b 115200 --toolchain-prefix xtensa-esp32s3-elf- --target esp32s3 --revision 0 D:\ESP32\ESP32S3_LCD 7B_DEMO_3\ESP32-S3-Touch-LCD-7B-Demo\ESP32-S3-Touch-LCD-7B-Demo\ESP-IDF\16_LVGL_UI\build\16_LVGL_UI.elf D:\ESP32\ESP32S3_LCD 7B_DEMO_3\ESP32-S3-Touch-LCD-7B-Demo\ESP32-S3-Touch-LCD-7B-Demo\ESP-IDF\16_LVGL_UI\build\bootloader\bootloader.elf --force-color -m 'D:\ESP32_IDF\Espressif\python_env\idf5.5_py3.11_env\Scripts\python.exe' 'D:\ESP32_IDF\Espressif\frameworks\esp-idf-v5.5\tools\idf.py'
ESP-ROM:esp32s3-20210327
Build:Mar 27 2021
rst:0x1 (POWERON),boot:0x28 (SPI_FAST_FLASH_BOOT)
SPIWP:0xee
mode:DIO, clock div:1
load:0x3fce2820,len:0x1710
load:0x403c8700,len:0xec0
load:0x403cb700,len:0x31d4
entry 0x403c894c
[0;32mI (25) boot: ESP-IDF v5.5-dirty 2nd stage bootloader[0m
[0;32mI (25) boot: compile time Sep 18 2025 13:59:10[0m
[0;32mI (25) boot: Multicore bootloader[0m
[0;32mI (26) boot: chip revision: v0.2[0m
[0;32mI (28) boot: efuse block revision: v1.3[0m
[0;32mI (32) qio_mode: Enabling default flash chip QIO[0m
[0;32mI (36) boot.esp32s3: Boot SPI Speed : 80MHz[0m
[0;32mI (40) boot.esp32s3: SPI Mode       : QIO[0m
[0;32mI (44) boot.esp32s3: SPI Flash Size : 16MB[0m
[0;32mI (48) boot: Enabling RNG early entropy source...[0m
[0;32mI (52) boot: Partition Table:[0m
[0;32mI (55) boot: ## Label            Usage          Type ST Offset   Length[0m
[0;32mI (61) boot:  0 nvs              WiFi data        01 02 00009000 00006000[0m
[0;32mI (68) boot:  1 phy_init         RF data          01 01 0000f000 00001000[0m
[0;32mI (74) boot:  2 factory          factory app      00 00 00010000 00800000[0m
[0;32mI (81) boot: End of partition table[0m
[0;32mI (84) esp_image: segment 0: paddr=00010020 vaddr=3c130020 size=c4b88h (805768) map[0m
[0;32mI (211) esp_image: segment 1: paddr=000d4bb0 vaddr=3fca6300 size=05f94h ( 24468) load[0m
[0;32mI (215) esp_image: segment 2: paddr=000dab4c vaddr=40374000 size=054cch ( 21708) load[0m
[0;32mI (220) esp_image: segment 3: paddr=000e0020 vaddr=42000020 size=12953ch (1217852) map[0m
[0;32mI (403) esp_image: segment 4: paddr=00209564 vaddr=403794cc size=1cd80h (118144) load[0m
[0;32mI (426) esp_image: segment 5: paddr=002262ec vaddr=600fe000 size=00020h (    32) load[0m
[0;32mI (439) boot: Loaded app from partition at offset 0x10000[0m
[0;32mI (439) boot: Disabling RNG early entropy source...[0m
[0;33mW (449) flash HPM: HPM mode is optional feature that depends on flash model. Read Docs First![0m
[0;33mW (449) flash HPM: HPM mode with DC adjustment is disabled. Some flash models may not be supported. Read Docs First![0m
[0;33mW (456) flash HPM: High performance mode of this flash model hasn't been supported.[0m
[0;32mI (464) MSPI Timing: Flash timing tuning index: 2[0m
[0;32mI (468) octal_psram: vendor id    : 0x0d (AP)[0m
[0;32mI (472) octal_psram: dev id       : 0x02 (generation 3)[0m
[0;32mI (477) octal_psram: density      : 0x03 (64 Mbit)[0m
[0;32mI (482) octal_psram: good-die     : 0x01 (Pass)[0m
[0;32mI (486) octal_psram: Latency      : 0x01 (Fixed)[0m
[0;32mI (490) octal_psram: VCC          : 0x01 (3V)[0m
[0;32mI (495) octal_psram: SRF          : 0x01 (Fast Refresh)[0m
[0;32mI (499) octal_psram: BurstType    : 0x01 (Hybrid Wrap)[0m
[0;32mI (504) octal_psram: BurstLen     : 0x01 (32 Byte)[0m
[0;32mI (509) octal_psram: Readlatency  : 0x02 (10 cycles@Fixed)[0m
[0;32mI (514) octal_psram: DriveStrength: 0x00 (1/1)[0m
[0;32mI (526) MSPI Timing: PSRAM timing tuning index: 2[0m
[0;32mI (526) esp_psram: Found 8MB PSRAM device[0m
[0;32mI (527) esp_psram: Speed: 120MHz[0m
[0;32mI (564) mmu_psram: Read only data copied and mapped to SPIRAM[0m
[0;32mI (626) mmu_psram: Instructions copied and mapped to SPIRAM[0m
[0;32mI (627) cpu_start: Multicore app[0m
[0;32mI (781) esp_psram: SPI SRAM memory test OK[0m
[0;32mI (789) cpu_start: Pro cpu start user code[0m
[0;32mI (789) cpu_start: cpu freq: 240000000 Hz[0m
[0;32mI (789) app_init: Application information:[0m
[0;32mI (789) app_init: Project name:     16_LVGL_UI[0m
[0;32mI (793) app_init: App version:      1[0m
[0;32mI (797) app_init: Compile time:     Sep 18 2025 13:55:49[0m
[0;32mI (802) app_init: ELF file SHA256:  5da58c854...[0m
[0;32mI (806) app_init: ESP-IDF:          v5.5-dirty[0m
[0;32mI (810) efuse_init: Min chip rev:     v0.0[0m
[0;32mI (814) efuse_init: Max chip rev:     v0.99 [0m
[0;32mI (818) efuse_init: Chip rev:         v0.2[0m
[0;32mI (822) heap_init: Initializing. RAM available for dynamic allocation:[0m
[0;32mI (828) heap_init: At 3FCB65A0 len 00033170 (204 KiB): RAM[0m
[0;32mI (833) heap_init: At 3FCE9710 len 00005724 (21 KiB): RAM[0m
[0;32mI (838) heap_init: At 3FCF0000 len 00008000 (32 KiB): DRAM[0m
[0;32mI (844) heap_init: At 600FE020 len 00001FC8 (7 KiB): RTCRAM[0m
[0;32mI (849) esp_psram: Adding pool of 6144K of PSRAM memory to heap allocator[0m
[0;32mI (855) esp_psram: Adding pool of 45K of PSRAM memory gap generated due to end address alignment of drom to the heap allocator[0m
[0;32mI (867) spi_flash: detected chip: generic[0m
[0;32mI (870) spi_flash: flash io: qio[0m
[0;32mI (873) sleep_gpio: Configure to isolate all GPIO pins in sleep state[0m
[0;32mI (880) sleep_gpio: Enable automatic switching of GPIO sleep configuration[0m
[0;32mI (886) coexist: coex firmware version: 831ec70[0m
[0;32mI (899) coexist: coexist rom version e7ae62f[0m
[0;32mI (899) main_task: Started on CPU0[0m
[0;32mI (900) esp_psram: Reserving pool of 32K of internal memory for DMA/internal allocations[0m
[0;32mI (905) main_task: Calling app_main()[0m
[0;33mW (918) i2c.master: Please check pull-up resistances whether be connected properly. Otherwise unexpected behavior would happen. For more detailed information, please read docs[0m
[0;32mI (1324) GT911: Initialize I2C panel IO[0m
[0;32mI (1324) GT911: Initialize touch controller GT911[0m
[0;33mW (1324) GT911: Unable to initialize the I2C address[0m
[0;32mI (1326) GT911: TouchPad_ID:0x39,0x31,0x31[0m
[0;32mI (1329) GT911: TouchPad_Config_Version:91[0m
[0;32mI (1333) example: Install RGB LCD panel driver[0m
[0;32mI (1373) example: Initialize RGB LCD panel[0m
[0;32mI (1375) lv_port: Create LVGL task[0m
[0;32mI (1402) main: Display LVGL demos[0m
[0;32mI (1570) pp: pp rom version: e7ae62f[0m
[0;32mI (1570) net80211: net80211 rom version: e7ae62f[0m
[0;32mI (1571) BLE_INIT: BT controller compile version [4713a69][0m
[0;32mI (1572) wifi:wifi driver task: 3fcd6678, prio:23, stack:6656, core=0I (1572) main_task: Returned from app_main()[0m
[0;32mI (1572) BLE_INIT: Feature Config, ADV:1, BLE_50:1, DTM:1, SCAN:1, CCA:0, SMP:1, CONNECT:1[0m

[0;32mI (1591) BLE_INIT: Bluetooth MAC: 10:20:ba:05:9b:9e[0m
[0;32mI (1597) phy_init: phy_version 701,f4f1da3a,Mar  3 2025,15:50:10[0m
[0;32mI (1604) wifi:wifi firmware version: f3dbad7[0m
[0;32mI (1605) wifi:wifi certification version: v7.0[0m
[0;32mI (1609) wifi:config NVS flash: enabled[0m
[0;32mI (1612) wifi:config nano formatting: disabled[0m
[0;32mI (1616) wifi:Init data frame dynamic rx buffer num: 32[0m
[0;32mI (1621) wifi:Init static rx mgmt buffer num: 5[0m
[0;32mI (1626) wifi:Init management short buffer num: 32[0m
[0;32mI (1630) wifi:Init static tx buffer num: 16[0m
[0;32mI (1634) wifi:Init tx cache buffer num: 32[0m
[0;32mI (1638) wifi:Init static tx FG buffer num: 2[0m
[0;32mI (1642) wifi:Init static rx buffer size: 1600[0m
[0;32mI (1646) wifi:Init static rx buffer num: 16[0m
[0;32mI (1651) wifi:Init dynamic rx buffer num: 32[0m
[0;32mI (1656) wifi_init: rx ba win: 16[0m
[0;32mI (1657) wifi_init: accept mbox: 6[0m
[0;32mI (1660) wifi_init: tcpip mbox: 32[0m
[0;32mI (1663) wifi_init: udp mbox: 6[0m
[0;32mI (1666) wifi_init: tcp mbox: 6[0m
[0;32mI (1669) wifi_init: tcp tx win: 5760[0m
[0;32mI (1669) BLE_SERVER: REGISTER_APP_EVT, status 0, app_id 0[0m
[0;32mI (1669) BLE_SERVER: ***** BLE GATT SERVER STARTED *****[0m
[0;33mW (1678) BT_BTM: BTM_BleWriteAdvData, Partial data write into ADV[0m
[0;32mI (1682) BLE_SERVER: ***** WAITING FOR CLIENT CONNECTION *****[0m
[0;33mW (1689) BT_BTM: BTM_BleWriteScanRsp, Partial data write into ADV[0m
[0;32mI (1672) wifi_init: tcp rx win: 5760[0m
[0;32mI (1700) BLE_SERVER: CREATE_SERVICE_EVT, status 0,  service_handle 40[0m
[0;32mI (1703) wifi_init: tcp mss: 1440[0m
[0;32mI (1711) BLE_SERVER: Advertising started successfully[0m
[0;32mI (1712) wifi_init: WiFi/LWIP prefer SPIRAM[0m
[0;32mI (1717) BLE_SERVER: ADD_CHAR_EVT, status 0,  attr_handle 42, service_handle 40[0m
[0;32mI (1721) wifi_init: WiFi IRAM OP enabled[0m
[0;32mI (1731) wifi_init: WiFi RX IRAM OP enabled[0m
Wi-Fi event handler registered.
[0;32mI (1739) wifi:mode : null[0m
[0;32mI (7007) wifi:flush txq[0m
[0;32mI (7007) wifi:stop sw txq[0m
[0;32mI (7007) wifi:lmac stop hw txq[0m
STA:STA 
[0;32mI (7010) wifi:mode : sta (10:20:ba:05:9b:9c)[0m
[0;32mI (7010) wifi:enable tsf[0m
[0;32mI (11921) wifi_scan: Max AP number ap_info can hold = 20[0m
[0;32mI (11921) wifi_scan: Total APs scanned = 13, actual AP number ap_info holds = 13[0m
index:1
[0;32mI (19803) wifi_scan: Authmode 	WIFI_AUTH_WPA2_PSK[0m
[0;32mI (19803) wifi_scan: Pairwise Cipher 	WIFI_CIPHER_TYPE_CCMP[0m
[0;32mI (19804) wifi_scan: Group Cipher 	WIFI_CIPHER_TYPE_CCMP[0m
[0;32mI (34461) wifi:flush txq[0m
[0;32mI (34462) wifi:stop sw txq[0m
[0;32mI (34462) wifi:lmac stop hw txq[0m
[0;32mI (34463) wifi:mode : sta (10:20:ba:05:9b:9c)[0m
[0;32mI (34463) wifi:enable tsf[0m
[0;32mI (34465) WiFi Sta: Failed to connect to the AP[0m
[0;32mI (34469) WiFi Sta: Retrying to connect to the AP[0m
[0;32mI (34471) wifi:new:<1,0>, old:<1,0>, ap:<255,255>, sta:<1,0>, prof:1, snd_ch_cfg:0x0[0m
[0;32mI (34481) wifi:state: init -> auth (0xb0)[0m
[0;32mI (34487) wifi:state: auth -> assoc (0x0)[0m
[0;32mI (34523) wifi:state: assoc -> run (0x10)[0m
[0;32mI (34537) wifi:connected with NamTrung, aid = 35, channel 1, BW20, bssid = 10:5f:02:75:32:0e[0m
[0;32mI (34538) wifi:security: WPA2-PSK, phy: bgn, rssi: -61[0m
[0;32mI (34542) wifi:pm start, type: 1[0m

[0;32mI (34543) wifi:dp: 1, bi: 102400, li: 3, scale listen interval from 307200 us to 307200 us[0m
[0;32mI (34551) wifi:set rx beacon pti, rx_bcn_pti: 14, bcn_timeout: 25000, mt_pti: 14, mt_time: 10000[0m
[0;32mI (34602) wifi:AP's beacon interval = 102400 us, DTIM period = 1[0m
[0;32mI (35483) WiFi Sta: Failed to connect to the AP[0m
[0;32mI (35483) WiFi Sta: Retrying to connect to the AP[0m
[0;32mI (35575) esp_netif_handlers: sta ip: 10.10.1.34, mask: 255.255.252.0, gw: 10.10.1.1[0m
[0;32mI (35651) wifi:<ba-add>idx:0 (ifx:0, 10:5f:02:75:32:0e), tid:7, ssn:7, winSize:64[0m
[0;32mI (36493) WiFi: Connected with IP: 10.10.1.34[0m
[0;32mI (36493) WiFi Sta: Connected to AP SSID:NamTrung, password:nt@14092011[0m
[0;32mI (36494) NVS: ÄÃ£ lÆ°u thÃ´ng tin Wi-Fi vÃ o NVS.[0m
[0;32mI (39128) wifi:state: run -> init (0x0)[0m
[0;32mI (39130) wifi:pm stop, total sleep time: 3233041 us / 4587531 us[0m

[0;32mI (39131) wifi:<ba-del>idx:0, tid:7[0m
[0;32mI (39131) wifi:new:<1,0>, old:<1,0>, ap:<255,255>, sta:<1,0>, prof:1, snd_ch_cfg:0x0[0m
[0;32mI (39138) wifi:mode : null[0m
[0;32mI (39141) WiFi Sta: WIFI STA_DISCONNECTED.[0m
[0;32mI (39181) wifi:flush txq[0m
[0;32mI (39181) wifi:stop sw txq[0m
[0;32mI (39181) wifi:lmac stop hw txq[0m
STA:STA 
[0;32mI (39922) wifi:mode : sta (10:20:ba:05:9b:9c)[0m
[0;32mI (39922) wifi:enable tsf[0m
[0;32mI (44827) wifi_scan: Max AP number ap_info can hold = 20[0m
[0;32mI (44827) wifi_scan: Total APs scanned = 14, actual AP number ap_info holds = 14[0m
index:5
[0;32mI (48764) wifi_scan: Authmode 	WIFI_AUTH_WPA2_PSK[0m
[0;32mI (48765) wifi_scan: Pairwise Cipher 	WIFI_CIPHER_TYPE_CCMP[0m
[0;32mI (48765) wifi_scan: Group Cipher 	WIFI_CIPHER_TYPE_CCMP[0m
index:5
[0;32mI (50257) wifi_scan: Authmode 	WIFI_AUTH_WPA2_PSK[0m
[0;32mI (50257) wifi_scan: Pairwise Cipher 	WIFI_CIPHER_TYPE_CCMP[0m
[0;32mI (50258) wifi_scan: Group Cipher 	WIFI_CIPHER_TYPE_CCMP[0m
[0;32mI (56942) wifi:mode : null[0m
[0;32mI (56943) wifi:flush txq[0m
[0;32mI (56943) wifi:stop sw txq[0m
[0;32mI (56943) wifi:lmac stop hw txq[0m
STA:STA 
[0;32mI (57562) wifi:mode : sta (10:20:ba:05:9b:9c)[0m
[0;32mI (57562) wifi:enable tsf[0m
[0;32mI (62468) wifi_scan: Max AP number ap_info can hold = 20[0m
[0;32mI (62468) wifi_scan: Total APs scanned = 15, actual AP number ap_info holds = 15[0m
index:0
[0;32mI (66975) wifi_scan: Authmode 	WIFI_AUTH_WPA2_PSK[0m
[0;32mI (66975) wifi_scan: Pairwise Cipher 	WIFI_CIPHER_TYPE_CCMP[0m
[0;32mI (66975) wifi_scan: Group Cipher 	WIFI_CIPHER_TYPE_CCMP[0m
[0;32mI (78639) wifi:flush txq[0m
[0;32mI (78639) wifi:stop sw txq[0m
[0;32mI (78639) wifi:lmac stop hw txq[0m
[0;32mI (78640) wifi:mode : sta (10:20:ba:05:9b:9c)[0m
[0;32mI (78641) wifi:enable tsf[0m
[0;32mI (78643) WiFi Sta: Failed to connect to the AP[0m
[0;32mI (78646) WiFi Sta: Retrying to connect to the AP[0m
[0;32mI (78659) wifi:new:<1,0>, old:<1,0>, ap:<255,255>, sta:<1,0>, prof:1, snd_ch_cfg:0x0[0m
[0;32mI (78659) wifi:state: init -> auth (0xb0)[0m
[0;32mI (78665) wifi:state: auth -> assoc (0x0)[0m
[0;32mI (78674) wifi:state: assoc -> run (0x10)[0m
[0;32mI (78696) wifi:connected with NamTrung, aid = 22, channel 1, BW20, bssid = 10:5f:02:75:1e:9a[0m
[0;32mI (78696) wifi:security: WPA2-PSK, phy: bgn, rssi: -31[0m
[0;32mI (78699) wifi:pm start, type: 1[0m

[0;32mI (78701) wifi:set rx beacon pti, rx_bcn_pti: 14, bcn_timeout: 25000, mt_pti: 14, mt_time: 10000[0m
[0;32mI (78844) wifi:AP's beacon interval = 102400 us, DTIM period = 1[0m
[0;32mI (79661) WiFi Sta: Failed to connect to the AP[0m
[0;32mI (79661) WiFi Sta: Retrying to connect to the AP[0m
[0;32mI (79730) esp_netif_handlers: sta ip: 10.10.1.34, mask: 255.255.252.0, gw: 10.10.1.1[0m
[0;32mI (80671) WiFi: Connected with IP: 10.10.1.34[0m
[0;32mI (80671) WiFi Sta: Connected to AP SSID:NamTrung, password:nt@14092011[0m
[0;32mI (80671) NVS: ÄÃ£ lÆ°u thÃ´ng tin Wi-Fi vÃ o NVS.[0m
index:1
[0;32mI (85044) wifi_scan: Authmode 	WIFI_AUTH_WPA2_PSK[0m
[0;32mI (85044) wifi_scan: Pairwise Cipher 	WIFI_CIPHER_TYPE_CCMP[0m
[0;32mI (85045) wifi_scan: Group Cipher 	WIFI_CIPHER_TYPE_CCMP[0m
index:3
[0;32mI (87997) wifi_scan: Authmode 	WIFI_AUTH_WPA2_PSK[0m
[0;32mI (87997) wifi_scan: Pairwise Cipher 	WIFI_CIPHER_TYPE_CCMP[0m
[0;32mI (87998) wifi_scan: Group Cipher 	WIFI_CIPHER_TYPE_CCMP[0m
esp_wifi_disconnect 
[0;32mI (100832) wifi:state: run -> init (0x0)[0m
[0;32mI (100833) wifi:pm stop, total sleep time: 15811236 us / 22131783 us[0m

[0;32mI (100833) wifi:new:<1,0>, old:<1,0>, ap:<255,255>, sta:<1,0>, prof:1, snd_ch_cfg:0x0[0m
[0;32mI (100849) wifi:flush txq[0m
[0;32mI (100850) wifi:stop sw txq[0m
[0;32mI (100850) wifi:lmac stop hw txq[0m
[0;32mI (100851) wifi:mode : sta (10:20:ba:05:9b:9c)[0m
[0;32mI (100852) wifi:enable tsf[0m
[0;32mI (100854) WiFi Sta: WIFI STA_DISCONNECTED.[0m
[0;32mI (100855) WiFi: Connected with IP: 10.10.1.34[0m
[0;32mI (100862) WiFi Sta: Connected to AP SSID:Namtrung 2.4G, password:nt@14092011[0m
[0;32mI (100864) wifi:new:<1,0>, old:<1,0>, ap:<255,255>, sta:<1,0>, prof:1, snd_ch_cfg:0x0[0m
[0;32mI (100871) NVS: ÄÃ£ lÆ°u thÃ´ng tin Wi-Fi vÃ o NVS.[0m
[0;32mI (100877) wifi:state: init -> auth (0xb0)[0m
[0;32mI (100889) wifi:state: auth -> assoc (0x0)[0m
[0;32mI (100896) wifi:state: assoc -> run (0x10)[0m
[0;32mI (100921) wifi:connected with Namtrung 2.4G, aid = 22, channel 1, BW20, bssid = 12:5f:02:15:1e:9a[0m
[0;32mI (100921) wifi:security: WPA2-PSK, phy: bgn, rssi: -27[0m
[0;32mI (100925) wifi:pm start, type: 1[0m

[0;32mI (100927) wifi:set rx beacon pti, rx_bcn_pti: 14, bcn_timeout: 25000, mt_pti: 14, mt_time: 10000[0m
[0;32mI (100972) wifi:AP's beacon interval = 102400 us, DTIM period = 1[0m
[0;32mI (101950) esp_netif_handlers: sta ip: 10.10.1.34, mask: 255.255.252.0, gw: 10.10.1.1[0m
[0;32mI (112263) wifi:state: run -> init (0x0)[0m
[0;32mI (112264) wifi:pm stop, total sleep time: 7945305 us / 11337333 us[0m

[0;32mI (112265) wifi:new:<1,0>, old:<1,0>, ap:<255,255>, sta:<1,0>, prof:1, snd_ch_cfg:0x0[0m
[0;32mI (112269) wifi:mode : null[0m
[0;32mI (112272) WiFi Sta: WIFI STA_DISCONNECTED.[0m
[0;32mI (112312) wifi:flush txq[0m
[0;32mI (112312) wifi:stop sw txq[0m
[0;32mI (112312) wifi:lmac stop hw txq[0m
STA:STA 
[0;32mI (115217) wifi:mode : sta (10:20:ba:05:9b:9c)[0m
[0;32mI (115217) wifi:enable tsf[0m
[0;32mI (120127) wifi_scan: Max AP number ap_info can hold = 20[0m
[0;32mI (120127) wifi_scan: Total APs scanned = 12, actual AP number ap_info holds = 12[0m
