Command: D:\ESP32_IDF\Espressif\python_env\idf5.5_py3.11_env\Scripts\python.exe D:\ESP32_IDF\Espressif\frameworks\esp-idf-v5.5\tools/idf_monitor.py -p COM10 -b 115200 --toolchain-prefix xtensa-esp32s3-elf- --target esp32s3 --revision 0 D:\ESP32\ESP32S3_LCD 7B_DEMO_3\ESP32-S3-Touch-LCD-7B-Demo\ESP32-S3-Touch-LCD-7B-Demo\ESP-IDF\16_LVGL_UI\build\16_LVGL_UI.elf D:\ESP32\ESP32S3_LCD 7B_DEMO_3\ESP32-S3-Touch-LCD-7B-Demo\ESP32-S3-Touch-LCD-7B-Demo\ESP-IDF\16_LVGL_UI\build\bootloader\bootloader.elf --force-color -m 'D:\ESP32_IDF\Espressif\python_env\idf5.5_py3.11_env\Scripts\python.exe' 'D:\ESP32_IDF\Espressif\frameworks\esp-idf-v5.5\tools\idf.py' '-p' 'COM10'
ESP-ROM:esp32s3-20210327
Build:Mar 27 2021
rst:0x1 (POWERON),boot:0x29 (SPI_FAST_FLASH_BOOT)
SPIWP:0xee
mode:DIO, clock div:1
load:0x3fce2820,len:0x1710
load:0x403c8700,len:0xec0
load:0x403cb700,len:0x31d4
entry 0x403c894c
[0;32mI (25) boot: ESP-IDF v5.5-dirty 2nd stage bootloader[0m
[0;32mI (25) boot: compile time Oct  8 2025 11:43:15[0m
[0;32mI (25) boot: Multicore bootloader[0m
[0;32mI (26) boot: chip revision: v0.2[0m
[0;32mI (28) boot: efuse block revision: v1.3[0m
[0;32mI (32) qio_mode: Enabling default flash chip QIO[0m
[0;32mI (36) boot.esp32s3: Boot SPI Speed : 80MHz[0m
[0;32mI (40) boot.esp32s3: SPI Mode       : QIO[0m
[0;32mI (44) boot.esp32s3: SPI Flash Size : 16MB[0m
[0;32mI (48) boot: Enabling RNG early entropy source...[0m
[0;32mI (52) boot: Partition Table:[0m
[0;32mI (55) boot: ## Label            Usage          Type ST Offset   Length[0m
[0;32mI (61) boot:  0 nvs              WiFi data        01 02 00009000 00006000[0m
[0;32mI (68) boot:  1 phy_init         RF data          01 01 0000f000 00001000[0m
[0;32mI (74) boot:  2 factory          factory app      00 00 00010000 00800000[0m
[0;32mI (81) boot: End of partition table[0m
[0;32mI (84) esp_image: segment 0: paddr=00010020 vaddr=3c150020 size=f1efch (990972) map[0m
[0;32mI (238) esp_image: segment 1: paddr=00101f24 vaddr=3fca6400 size=05fc4h ( 24516) load[0m
[0;32mI (243) esp_image: segment 2: paddr=00107ef0 vaddr=40374000 size=08128h ( 33064) load[0m
[0;32mI (250) esp_image: segment 3: paddr=00110020 vaddr=42000020 size=1443b8h (1328056) map[0m
[0;32mI (447) esp_image: segment 4: paddr=002543e0 vaddr=4037c128 size=1a1e4h (106980) load[0m
[0;32mI (467) esp_image: segment 5: paddr=0026e5cc vaddr=600fe000 size=00020h (    32) load[0m
[0;32mI (481) boot: Loaded app from partition at offset 0x10000[0m
[0;32mI (481) boot: Disabling RNG early entropy source...[0m
[0;33mW (491) flash HPM: HPM mode is optional feature that depends on flash model. Read Docs First![0m
[0;33mW (491) flash HPM: HPM mode with DC adjustment is disabled. Some flash models may not be supported. Read Docs First![0m
[0;33mW (498) flash HPM: High performance mode of this flash model hasn't been supported.[0m
[0;32mI (506) MSPI Timing: Flash timing tuning index: 2[0m
[0;32mI (510) octal_psram: vendor id    : 0x0d (AP)[0m
[0;32mI (514) octal_psram: dev id       : 0x02 (generation 3)[0m
[0;32mI (519) octal_psram: density      : 0x03 (64 Mbit)[0m
[0;32mI (524) octal_psram: good-die     : 0x01 (Pass)[0m
[0;32mI (528) octal_psram: Latency      : 0x01 (Fixed)[0m
[0;32mI (532) octal_psram: VCC          : 0x01 (3V)[0m
[0;32mI (536) octal_psram: SRF          : 0x01 (Fast Refresh)[0m
[0;32mI (541) octal_psram: BurstType    : 0x01 (Hybrid Wrap)[0m
[0;32mI (546) octal_psram: BurstLen     : 0x01 (32 Byte)[0m
[0;32mI (551) octal_psram: Readlatency  : 0x02 (10 cycles@Fixed)[0m
[0;32mI (556) octal_psram: DriveStrength: 0x00 (1/1)[0m
[0;32mI (568) MSPI Timing: PSRAM timing tuning index: 2[0m
[0;32mI (568) esp_psram: Found 8MB PSRAM device[0m
[0;32mI (568) esp_psram: Speed: 120MHz[0m
[0;32mI (613) mmu_psram: Read only data copied and mapped to SPIRAM[0m
[0;32mI (683) mmu_psram: Instructions copied and mapped to SPIRAM[0m
[0;32mI (683) cpu_start: Multicore app[0m
[0;32mI (829) esp_psram: SPI SRAM memory test OK[0m
[0;32mI (837) cpu_start: Pro cpu start user code[0m
[0;32mI (837) cpu_start: cpu freq: 240000000 Hz[0m
[0;32mI (837) app_init: Application information:[0m
[0;32mI (837) app_init: Project name:     16_LVGL_UI[0m
[0;32mI (841) app_init: App version:      43fcfab-dirty[0m
[0;32mI (846) app_init: Compile time:     Oct 11 2025 10:32:00[0m
[0;32mI (851) app_init: ELF file SHA256:  8acfb098d...[0m
[0;32mI (855) app_init: ESP-IDF:          v5.5-dirty[0m
[0;32mI (859) efuse_init: Min chip rev:     v0.0[0m
[0;32mI (863) efuse_init: Max chip rev:     v0.99 [0m
[0;32mI (867) efuse_init: Chip rev:         v0.2[0m
[0;32mI (871) heap_init: Initializing. RAM available for dynamic allocation:[0m
[0;32mI (877) heap_init: At 3FCB6D80 len 00032990 (202 KiB): RAM[0m
[0;32mI (882) heap_init: At 3FCE9710 len 00005724 (21 KiB): RAM[0m
[0;32mI (888) heap_init: At 3FCF0000 len 00008000 (32 KiB): DRAM[0m
[0;32mI (893) heap_init: At 600FE020 len 00001FC8 (7 KiB): RTCRAM[0m
[0;32mI (898) esp_psram: Adding pool of 5824K of PSRAM memory to heap allocator[0m
[0;32mI (905) esp_psram: Adding pool of 56K of PSRAM memory gap generated due to end address alignment of drom to the heap allocator[0m
[0;32mI (916) spi_flash: detected chip: generic[0m
[0;32mI (919) spi_flash: flash io: qio[0m
[0;32mI (923) sleep_gpio: Configure to isolate all GPIO pins in sleep state[0m
[0;32mI (929) sleep_gpio: Enable automatic switching of GPIO sleep configuration[0m
[0;32mI (935) coexist: coex firmware version: 831ec70[0m
[0;32mI (948) coexist: coexist rom version e7ae62f[0m
[0;32mI (949) main_task: Started on CPU0[0m
[0;32mI (950) esp_psram: Reserving pool of 32K of internal memory for DMA/internal allocations[0m
[0;32mI (955) main_task: Calling app_main()[0m
[0;33mW (968) i2c.master: Please check pull-up resistances whether be connected properly. Otherwise unexpected behavior would happen. For more detailed information, please read docs[0m
[0;32mI (1374) GT911: Initialize I2C panel IO[0m
[0;32mI (1374) GT911: Initialize touch controller GT911[0m
[0;33mW (1374) GT911: Unable to initialize the I2C address[0m
[0;32mI (1376) GT911: TouchPad_ID:0x39,0x31,0x31[0m
[0;32mI (1379) GT911: TouchPad_Config_Version:91[0m
[0;32mI (1383) example: Install RGB LCD panel driver[0m
[0;32mI (1423) example: Initialize RGB LCD panel[0m
[0;32mI (1425) lv_port: Create LVGL task[0m
[0;32mI (1452) main: Display LVGL demos[0m
[0;32mI (1611) pp: pp rom version: e7ae62f[0m
[0;32mI (1611) net80211: net80211 rom version: e7ae62f[0m
[0;32mI (1612) BLE_INIT: BT controller compile version [4713a69][0m
[0;32mI (1613) wifi:wifi driver task: 3fcd7c5c, prio:23, stack:6656, core=0[0m
[0;32mI (1626) wifi:wifi firmware version: f3dbad7[0m
[0;32mI (1626) wifi:wifi certification version: v7.0[0m
[0;32mI (1627) wifi:config NVS flash: enabled[0m
[0;32mI (1631) wifi:config nano formatting: disabled[0m
[0;32mI (1635) wifi:Init data frame dynamic rx buffer num: 32[0m
[0;32mI (1640) wifi:Init static rx mgmt buffer num: 5[0m
[0;32mI (1644) wifi:Init management short buffer num: 32[0m
[0;32mI (1649) wifi:Init static tx buffer num: 16[0m
[0;32mI (1654) wifi:Init tx cache buffer num: 32[0m
[0;32mI (1657) wifi:Init static tx FG buffer num: 2[0m
[0;32mI (1661) wifi:Init static rx buffer size: 1600[0m
[0;32mI (1665) wifi:Init static rx buffer num: 16[0m
[0;32mI (1669) wifi:Init dynamic rx buffer num: 32[0m
[0;32mI (1674) wifi_init: rx ba win: 16[0m
[0;32mI (1676) wifi_init: accept mbox: 6[0m
[0;32mI (1679) wifi_init: tcpip mbox: 32[0m
[0;32mI (1682) wifi_init: udp mbox: 6[0m
[0;32mI (1685) wifi_init: tcp mbox: 6[0m
[0;32mI (1688) wifi_init: tcp tx win: 5760[0m
[0;32mI (1691) wifi_init: tcp rx win: 5760[0m
[0;32mI (1694) wifi_init: tcp mss: 1440[0m
[0;32mI (1697) wifi_init: WiFi/LWIP prefer SPIRAM[0m
[0;32mI (1701) wifi_init: WiFi IRAM OP enabled[0m
[0;32mI (1705) wifi_init: WiFi RX IRAM OP enabled[0m
[0;32mI (1709) BLE_INIT: Feature Config, ADV:1, BLE_50:1, DTM:1, SCAN:1, CCA:0, SMP:1, CONNECT:1[0m
Wi-Fi event handler registered.
[0;32mI (1720) phy_init: phy_version 701,f4f1da3a,Mar  3 2025,15:50:10[0m
[0;32mI (1765) wifi:mode : null[0m
[0;32mI (1766) BLE_INIT: Bluetooth MAC: 10:20:ba:01:48:aa[0m
[0;32mI (1781) BLE_SERVER: REGISTER_APP_EVT, status 0, app_id 0[0m
[0;33mW (1781) BT_BTM: BTM_BleWriteAdvData, Partial data write into ADV[0m
[0;33mW (1782) BT_BTM: BTM_BleWriteScanRsp, Partial data write into ADV[0m
[0;32mI (1787) BLE_SERVER: CREATE_SERVICE_EVT, status 0,  service_handle 40[0m
[0;32mI (1795) BLE_SERVER: Advertising started successfully[0m
[0;32mI (1798) BLE_SERVER: ADD_CHAR_EVT, status 0,  attr_handle 42, service_handle 40[0m
[0;32mI (1805) BLE_SERVER: ***** BLE GATT SERVER STARTED *****[0m
[0;32mI (1809) BLE_SERVER: ***** WAITING FOR CLIENT CONNECTION *****[0m
[0;32mI (1815) main_task: Returned from app_main()[0m
[0;32mI (5891) wifi:flush txq[0m
[0;32mI (5891) wifi:stop sw txq[0m
[0;32mI (5891) wifi:lmac stop hw txq[0m
STA:STA 
[0;32mI (5894) wifi:mode : sta (10:20:ba:01:48:a8)[0m
[0;32mI (5894) wifi:enable tsf[0m
[0;32mI (10806) wifi_scan: Max AP number ap_info can hold = 20[0m
[0;32mI (10806) wifi_scan: Total APs scanned = 17, actual AP number ap_info holds = 17[0m
[0;32mI (10924) NVS: Have a saved wifi network in NVS[0m
[0;32mI (10931) wifi_scan: [0m
[0;32mI (10931) wifi_scan: Found saved wifi network in scan list, ssid: Namtrung 2.4G[0m
[0;32mI (10931) wifi_scan: BSSID 12:5F:02:15:27:1E[0m
[0;32mI (10957) WiFi Sta: Connecting to wifi network, BSSID: 12:5F:02:15:27:1E[0m
[0;32mI (10958) wifi:flush txq[0m
[0;32mI (10958) wifi:stop sw txq[0m
[0;32mI (10958) wifi:lmac stop hw txq[0m
[0;32mI (10961) wifi:mode : sta (10:20:ba:01:48:a8)[0m
[0;32mI (10964) wifi:enable tsf[0m
[0;32mI (10967) WiFi Sta: GET: SSID:Namtrung 2.4G, password:nt@14092011[0m
[0;32mI (10972) WiFi Sta: Failed to connect to the AP[0m
[0;32mI (10976) wifi:new:<11,0>, old:<1,0>, ap:<255,255>, sta:<11,0>, prof:1, snd_ch_cfg:0x0[0m
[0;32mI (10984) wifi:state: init -> auth (0xb0)[0m
[0;32mI (10989) WiFi Sta: Retrying to connect to the AP[0m
[0;32mI (10993) wifi:state: auth -> assoc (0x0)[0m
[0;32mI (11005) wifi:state: assoc -> run (0x10)[0m
[0;32mI (11024) wifi:connected with Namtrung 2.4G, aid = 21, channel 11, BW20, bssid = 12:5f:02:15:27:1e[0m
[0;32mI (11024) wifi:security: WPA2-PSK, phy: bgn, rssi: -58[0m
[0;32mI (11027) wifi:pm start, type: 1[0m

[0;32mI (11030) wifi:dp: 1, bi: 102400, li: 3, scale listen interval from 307200 us to 307200 us[0m
[0;32mI (11038) wifi:set rx beacon pti, rx_bcn_pti: 14, bcn_timeout: 25000, mt_pti: 14, mt_time: 10000[0m
[0;32mI (11047) WiFi Sta: Connected to SSID:Namtrung 2.4G, channel:11[0m
[0;32mI (11052) MQTT: Other event id:7[0m
[1;31mE (11055) esp-tls: [sock=54] connect() error: Host is unreachable[0m
[0;32mI (11061) wifi:AP's beacon interval = 102400 us, DTIM period = 1[0m
[1;31mE (11061) transport_base: Failed to open a new connection: 32772[0m
[1;31mE (11072) mqtt_client: Error transport connect[0m
[0;32mI (11076) MQTT: MQTT_EVENT_ERROR[0m
[0;32mI (11079) MQTT: Last error code reported from esp-tls: 0x8004[0m
[0;32mI (11085) MQTT: Last tls stack error number: 0x0[0m
[0;32mI (11089) MQTT: Last captured errno : 0 (Success)[0m
[0;32mI (11093) MQTT: MQTT_EVENT_DISCONNECTED[0m
[0;32mI (12002) WiFi Sta: Failed to connect to the AP[0m
[0;32mI (12002) WiFi Sta: Retrying to connect to the AP[0m
[0;32mI (12084) esp_netif_handlers: sta ip: 10.10.1.52, mask: 255.255.252.0, gw: 10.10.1.1[0m
[0;32mI (13012) WiFi: Connected with IP: 10.10.1.52[0m
[0;32mI (13012) WiFi Sta: Connected to AP SSID:Namtrung 2.4G, password:nt@14092011, bssid:12:5F:02:15:27:1E[0m
[0;32mI (13112) NVS: last index: 3[0m
[0;32mI (13112) NVS: wifi index: 3[0m
index:2
[0;32mI (15235) wifi_scan: BSSID 10:5F:02:75:27:1E[0m
[0;32mI (15236) wifi_scan: Authmode 	WIFI_AUTH_WPA2_PSK[0m
[0;32mI (15236) wifi_scan: Pairwise Cipher 	WIFI_CIPHER_TYPE_CCMP[0m
[0;32mI (15238) wifi_scan: Group Cipher 	WIFI_CIPHER_TYPE_CCMP[0m
index:1
[0;32mI (16744) wifi_scan: BSSID 12:5F:02:15:1E:9A[0m
[0;32mI (16744) wifi_scan: Authmode 	WIFI_AUTH_WPA2_PSK[0m
[0;32mI (16744) wifi_scan: Pairwise Cipher 	WIFI_CIPHER_TYPE_CCMP[0m
[0;32mI (16747) wifi_scan: Group Cipher 	WIFI_CIPHER_TYPE_CCMP[0m
[0;32mI (21097) MQTT: Other event id:7[0m
[0;32mI (21114) wifi:<ba-add>idx:0 (ifx:0, 12:5f:02:15:27:1e), tid:7, ssn:8, winSize:64[0m
[0;32mI (21123) wifi:<ba-add>idx:1 (ifx:0, 12:5f:02:15:27:1e), tid:0, ssn:1, winSize:64[0m
[0;32mI (21125) MQTT: MQTT_EVENT_CONNECTED[0m
[0;32mI (21126) MQTT_BACKUP: MQTT Retry Publish started[0m
[0;32mI (21128) MQTT_BACKUP: No backup messages to send[0m
[0;32mI (28741) mqtt_client: Client asked to disconnect[0m
[0;33mW (28833) mqtt_client: Client asked to stop, but was not started[0m
[0;32mI (28833) MQTT: MQTT stopped before Wi-Fi reconnect[0m
esp_wifi_disconnect 
[0;32mI (28834) wifi:state: run -> init (0x0)[0m
[0;32mI (28839) wifi:pm stop, total sleep time: 12020796 us / 17809583 us[0m

[0;32mI (28844) wifi:<ba-del>idx:1, tid:0[0m
[0;32mI (28847) wifi:<ba-del>idx:0, tid:7[0m
[0;32mI (28850) wifi:new:<11,0>, old:<11,0>, ap:<255,255>, sta:<11,0>, prof:1, snd_ch_cfg:0x0[0m
[0;32mI (28858) WiFi Sta: STA disconnected, reason=8[0m
[0;32mI (28862) WiFi Sta: WIFI STA_DISCONNECTED.[0m
[0;33mW (28866) mqtt_client: Client asked to stop, but was not started[0m
[0;32mI (28872) WiFi Sta: Connecting to wifi network, BSSID: 12:5F:02:15:1E:9A[0m
[0;32mI (28950) wifi:flush txq[0m
[0;32mI (28950) wifi:stop sw txq[0m
[0;32mI (28950) wifi:lmac stop hw txq[0m
[0;32mI (28951) wifi:mode : sta (10:20:ba:01:48:a8)[0m
[0;32mI (28951) wifi:enable tsf[0m
[0;32mI (28954) WiFi Sta: GET: SSID:Namtrung 2.4G, password:nt@14092011[0m
[0;32mI (28959) WiFi Sta: Failed to connect to the AP[0m
[0;32mI (28963) WiFi Sta: Retrying to connect to the AP[0m
[0;32mI (29977) WiFi Sta: Failed to connect to the AP[0m
[0;32mI (29977) WiFi Sta: Retrying to connect to the AP[0m
[0;32mI (30402) wifi:new:<6,0>, old:<1,0>, ap:<255,255>, sta:<6,0>, prof:1, snd_ch_cfg:0x0[0m
[0;32mI (30403) wifi:state: init -> auth (0xb0)[0m
[0;32mI (30408) wifi:state: auth -> assoc (0x0)[0m
[0;32mI (30416) wifi:state: assoc -> run (0x10)[0m
[0;32mI (30504) wifi:connected with Namtrung 2.4G, aid = 21, channel 6, BW20, bssid = 12:5f:02:15:1e:9a[0m
[0;32mI (30504) wifi:security: WPA2-PSK, phy: bgn, rssi: -60[0m
[0;32mI (30533) wifi:pm start, type: 1[0m

[0;32mI (30534) wifi:set rx beacon pti, rx_bcn_pti: 14, bcn_timeout: 25000, mt_pti: 14, mt_time: 10000[0m
[0;32mI (30534) WiFi Sta: Connected to SSID:Namtrung 2.4G, channel:6[0m
[0;32mI (30540) MQTT: Other event id:7[0m
[0;32mI (30540) wifi:AP's beacon interval = 102400 us, DTIM period = 1[0m
[1;31mE (30543) esp-tls: [sock=54] connect() error: Host is unreachable[0m
[1;31mE (30554) transport_base: Failed to open a new connection: 32772[0m
[1;31mE (30560) mqtt_client: Error transport connect[0m
[0;32mI (30564) MQTT: MQTT_EVENT_ERROR[0m
[0;32mI (30567) MQTT: Last error code reported from esp-tls: 0x8004[0m
[0;32mI (30572) MQTT: Last tls stack error number: 0x0[0m
[0;32mI (30577) MQTT: Last captured errno : 0 (Success)[0m
[0;32mI (30581) MQTT: MQTT_EVENT_DISCONNECTED[0m
[0;32mI (30987) WiFi Sta: Failed to connect to the AP[0m
[0;32mI (30987) WiFi Sta: Retrying to connect to the AP[0m
[0;32mI (31667) esp_netif_handlers: sta ip: 10.10.1.52, mask: 255.255.252.0, gw: 10.10.1.1[0m
[0;32mI (31675) wifi:<ba-add>idx:0 (ifx:0, 12:5f:02:15:1e:9a), tid:7, ssn:7, winSize:64[0m
[0;32mI (31997) WiFi: Connected with IP: 10.10.1.52[0m
[0;32mI (31997) WiFi Sta: Connected to AP SSID:Namtrung 2.4G, password:nt@14092011, bssid:12:5F:02:15:1E:9A[0m
[0;32mI (32003) WiFi Sta: Wi-Fi credentials saved successfully![0m
[0;32mI (32004) WiFi Sta: Saved AP SSID:Namtrung 2.4G, password:nt@14092011, bssid:12:5F:02:15:1E:9A[0m
[0;32mI (32111) NVS: last index: 3[0m
[0;32mI (32111) NVS: wifi index: 1[0m
[0;32mI (40585) MQTT: Other event id:7[0m
[0;32mI (40776) wifi:<ba-add>idx:1 (ifx:0, 12:5f:02:15:1e:9a), tid:0, ssn:1, winSize:64[0m
[0;32mI (40791) MQTT: MQTT_EVENT_CONNECTED[0m
[0;32mI (40791) MQTT_BACKUP: MQTT Retry Publish started[0m
[0;32mI (40792) MQTT_BACKUP: No backup messages to send[0m
