Command: D:\ESP32_IDF\Espressif\python_env\idf5.5_py3.11_env\Scripts\python.exe D:\ESP32_IDF\Espressif\frameworks\esp-idf-v5.5\tools/idf_monitor.py -p COM7 -b 115200 --toolchain-prefix xtensa-esp32s3-elf- --target esp32s3 --revision 0 D:\ESP32\ESP32S3_LCD 7B_DEMO_3\ESP32-S3-Touch-LCD-7B-Demo\ESP32-S3-Touch-LCD-7B-Demo\ESP-IDF\16_LVGL_UI\build\16_LVGL_UI.elf D:\ESP32\ESP32S3_LCD 7B_DEMO_3\ESP32-S3-Touch-LCD-7B-Demo\ESP32-S3-Touch-LCD-7B-Demo\ESP-IDF\16_LVGL_UI\build\bootloader\bootloader.elf --force-color -m 'D:\ESP32_IDF\Espressif\python_env\idf5.5_py3.11_env\Scripts\python.exe' 'D:\ESP32_IDF\Espressif\frameworks\esp-idf-v5.5\tools\idf.py'
ESP-ROM:esp32s3-20210327
Build:Mar 27 2021
rst:0x1 (POWERON),boot:0x28 (SPI_FAST_FLASH_BOOT)
SPIWP:0xee
mode:DIO, clock div:1
load:0x3fce2820,len:0x1710
load:0x403c8700,len:0xec0
load:0x403cb700,len:0x31d4
entry 0x403c894c
[0;32mI (25) boot: ESP-IDF v5.5-dirty 2nd stage bootloader[0m
[0;32mI (25) boot: compile time Sep 18 2025 13:59:10[0m
[0;32mI (25) boot: Multicore bootloader[0m
[0;32mI (26) boot: chip revision: v0.2[0m
[0;32mI (28) boot: efuse block revision: v1.3[0m
[0;32mI (32) qio_mode: Enabling default flash chip QIO[0m
[0;32mI (36) boot.esp32s3: Boot SPI Speed : 80MHz[0m
[0;32mI (40) boot.esp32s3: SPI Mode       : QIO[0m
[0;32mI (44) boot.esp32s3: SPI Flash Size : 16MB[0m
[0;32mI (48) boot: Enabling RNG early entropy source...[0m
[0;32mI (52) boot: Partition Table:[0m
[0;32mI (55) boot: ## Label            Usage          Type ST Offset   Length[0m
[0;32mI (61) boot:  0 nvs              WiFi data        01 02 00009000 00006000[0m
[0;32mI (68) boot:  1 phy_init         RF data          01 01 0000f000 00001000[0m
[0;32mI (74) boot:  2 factory          factory app      00 00 00010000 00800000[0m
[0;32mI (81) boot: End of partition table[0m
[0;32mI (84) esp_image: segment 0: paddr=00010020 vaddr=3c130020 size=c4d4ch (806220) map[0m
[0;32mI (211) esp_image: segment 1: paddr=000d4d74 vaddr=3fca6300 size=05f94h ( 24468) load[0m
[0;32mI (216) esp_image: segment 2: paddr=000dad10 vaddr=40374000 size=05308h ( 21256) load[0m
[0;32mI (220) esp_image: segment 3: paddr=000e0020 vaddr=42000020 size=129b68h (1219432) map[0m
[0;32mI (403) esp_image: segment 4: paddr=00209b90 vaddr=40379308 size=1cf44h (118596) load[0m
[0;32mI (426) esp_image: segment 5: paddr=00226adc vaddr=600fe000 size=00020h (    32) load[0m
[0;32mI (439) boot: Loaded app from partition at offset 0x10000[0m
[0;32mI (440) boot: Disabling RNG early entropy source...[0m
[0;33mW (450) flash HPM: HPM mode is optional feature that depends on flash model. Read Docs First![0m
[0;33mW (450) flash HPM: HPM mode with DC adjustment is disabled. Some flash models may not be supported. Read Docs First![0m
[0;33mW (457) flash HPM: High performance mode of this flash model hasn't been supported.[0m
[0;32mI (465) MSPI Timing: Flash timing tuning index: 2[0m
[0;32mI (469) octal_psram: vendor id    : 0x0d (AP)[0m
[0;32mI (473) octal_psram: dev id       : 0x02 (generation 3)[0m
[0;32mI (478) octal_psram: density      : 0x03 (64 Mbit)[0m
[0;32mI (482) octal_psram: good-die     : 0x01 (Pass)[0m
[0;32mI (486) octal_psram: Latency      : 0x01 (Fixed)[0m
[0;32mI (491) octal_psram: VCC          : 0x01 (3V)[0m
[0;32mI (495) octal_psram: SRF          : 0x01 (Fast Refresh)[0m
[0;32mI (500) octal_psram: BurstType    : 0x01 (Hybrid Wrap)[0m
[0;32mI (505) octal_psram: BurstLen     : 0x01 (32 Byte)[0m
[0;32mI (509) octal_psram: Readlatency  : 0x02 (10 cycles@Fixed)[0m
[0;32mI (514) octal_psram: DriveStrength: 0x00 (1/1)[0m
[0;32mI (526) MSPI Timing: PSRAM timing tuning index: 2[0m
[0;32mI (526) esp_psram: Found 8MB PSRAM device[0m
[0;32mI (527) esp_psram: Speed: 120MHz[0m
[0;32mI (564) mmu_psram: Read only data copied and mapped to SPIRAM[0m
[0;32mI (627) mmu_psram: Instructions copied and mapped to SPIRAM[0m
[0;32mI (627) cpu_start: Multicore app[0m
[0;32mI (781) esp_psram: SPI SRAM memory test OK[0m
[0;32mI (789) cpu_start: Pro cpu start user code[0m
[0;32mI (789) cpu_start: cpu freq: 240000000 Hz[0m
[0;32mI (789) app_init: Application information:[0m
[0;32mI (789) app_init: Project name:     16_LVGL_UI[0m
[0;32mI (794) app_init: App version:      1[0m
[0;32mI (797) app_init: Compile time:     Sep 18 2025 13:55:49[0m
[0;32mI (802) app_init: ELF file SHA256:  8621c3746...[0m
[0;32mI (806) app_init: ESP-IDF:          v5.5-dirty[0m
[0;32mI (811) efuse_init: Min chip rev:     v0.0[0m
[0;32mI (814) efuse_init: Max chip rev:     v0.99 [0m
[0;32mI (818) efuse_init: Chip rev:         v0.2[0m
[0;32mI (822) heap_init: Initializing. RAM available for dynamic allocation:[0m
[0;32mI (828) heap_init: At 3FCB65C0 len 00033150 (204 KiB): RAM[0m
[0;32mI (834) heap_init: At 3FCE9710 len 00005724 (21 KiB): RAM[0m
[0;32mI (839) heap_init: At 3FCF0000 len 00008000 (32 KiB): DRAM[0m
[0;32mI (844) heap_init: At 600FE020 len 00001FC8 (7 KiB): RTCRAM[0m
[0;32mI (849) esp_psram: Adding pool of 6144K of PSRAM memory to heap allocator[0m
[0;32mI (856) esp_psram: Adding pool of 44K of PSRAM memory gap generated due to end address alignment of drom to the heap allocator[0m
[0;32mI (867) spi_flash: detected chip: generic[0m
[0;32mI (871) spi_flash: flash io: qio[0m
[0;32mI (874) sleep_gpio: Configure to isolate all GPIO pins in sleep state[0m
[0;32mI (880) sleep_gpio: Enable automatic switching of GPIO sleep configuration[0m
[0;32mI (886) coexist: coex firmware version: 831ec70[0m
[0;32mI (899) coexist: coexist rom version e7ae62f[0m
[0;32mI (900) main_task: Started on CPU0[0m
[0;32mI (901) esp_psram: Reserving pool of 32K of internal memory for DMA/internal allocations[0m
[0;32mI (906) main_task: Calling app_main()[0m
[0;33mW (917) i2c.master: Please check pull-up resistances whether be connected properly. Otherwise unexpected behavior would happen. For more detailed information, please read docs[0m
[0;32mI (1325) GT911: Initialize I2C panel IO[0m
[0;32mI (1325) GT911: Initialize touch controller GT911[0m
[0;33mW (1325) GT911: Unable to initialize the I2C address[0m
[0;32mI (1327) GT911: TouchPad_ID:0x39,0x31,0x31[0m
[0;32mI (1330) GT911: TouchPad_Config_Version:91[0m
[0;32mI (1334) example: Install RGB LCD panel driver[0m
[0;32mI (1374) example: Initialize RGB LCD panel[0m
[0;32mI (1376) lv_port: Create LVGL task[0m
[0;32mI (1403) main: Display LVGL demos[0m
[0;32mI (1600) pp: pp rom version: e7ae62f[0m
[0;32mI (1601) net80211: net80211 rom version: e7ae62f[0m
[0;32mI (1601) BLE_INIT: BT controller compile version [4713a69][0m
[0;32mI (1602) wifi:wifi driver task: 3fcd6698, prio:23, stack:6656, core=0[0m
[0;32mI (1602) BLE_INIT: Feature Config, ADV:1, BLE_50:1, DTM:1, SCAN:1, CCA:0, SMP:1, CONNECT:1[0m
[0;32mI (1614) wifi:wifi firmware version: f3dbad7[0m
[0;32mI (1620) wifi:wifi certification version: v7.0[0m
[0;32mI (1618) BLE_INIT: Bluetooth MAC: 10:20:ba:05:9b:9e[0m
[0;32mI (1624) wifi:config NVS flash: enabled[0m
[0;32mI (1632) phy_init: phy_version 701,f4f1da3a,Mar  3 2025,15:50:10[0m
[0;32mI (1633) wifi:config nano formatting: disabled[0m
[0;32mI (1643) wifi:Init data frame dynamic rx buffer num: 32[0m
[0;32mI (1648) wifi:Init static rx mgmt buffer num: 5[0m
[0;32mI (1652) wifi:Init management short buffer num: 32[0m
[0;32mI (1657) wifi:Init static tx buffer num: 16[0m
[0;32mI (1661) wifi:Init tx cache buffer num: 32[0m
[0;32mI (1664) wifi:Init static tx FG buffer num: 2[0m
[0;32mI (1668) wifi:Init static rx buffer size: 1600[0m
[0;32mI (1672) wifi:Init static rx buffer num: 16[0m
[0;32mI (1676) wifi:Init dynamic rx buffer num: 32[0m
[0;32mI (1681) wifi_init: rx ba win: 16[0m
[0;32mI (1683) wifi_init: accept mbox: 6[0m
[0;32mI (1686) wifi_init: tcpip mbox: 32[0m
[0;32mI (1689) wifi_init: udp mbox: 6[0m
[0;32mI (1692) wifi_init: tcp mbox: 6[0m
[0;32mI (1694) BLE_SERVER: REGISTER_APP_EVT, status 0, app_id 0[0m
[0;32mI (1694) BLE_SERVER: ***** BLE GATT SERVER STARTED *****[0m
[0;32mI (1705) BLE_SERVER: ***** WAITING FOR CLIENT CONNECTION *****[0m
[0;33mW (1701) BT_BTM: BTM_BleWriteAdvData, Partial data write into ADV[0m
[0;32mI (1701) wifi_init: tcp tx win: 5760[0m
[0;33mW (1718) BT_BTM: BTM_BleWriteScanRsp, Partial data write into ADV[0m
[0;32mI (1720) wifi_init: tcp rx win: 5760[0m
[0;32mI (1727) BLE_SERVER: CREATE_SERVICE_EVT, status 0,  service_handle 40[0m
[0;32mI (1729) wifi_init: tcp mss: 1440[0m
[0;32mI (1737) BLE_SERVER: Advertising started successfully[0m
[0;32mI (1738) wifi_init: WiFi/LWIP prefer SPIRAM[0m
[0;32mI (1743) BLE_SERVER: ADD_CHAR_EVT, status 0,  attr_handle 42, service_handle 40[0m
[0;32mI (1747) wifi_init: WiFi IRAM OP enabled[0m
[0;32mI (1758) wifi_init: WiFi RX IRAM OP enabled[0m
[0;32mI (1602) main_task: Returned from app_main()[0m
Wi-Fi event handler registered.
[0;32mI (1769) wifi:mode : null[0m
[0;32mI (5428) wifi:flush txq[0m
[0;32mI (5428) wifi:stop sw txq[0m
[0;32mI (5428) wifi:lmac stop hw txq[0m
STA:STA 
[0;32mI (5431) wifi:mode : sta (10:20:ba:05:9b:9c)[0m
[0;32mI (5431) wifi:enable tsf[0m
[0;32mI (10341) wifi_scan: Max AP number ap_info can hold = 20[0m
[0;32mI (10341) wifi_scan: Total APs scanned = 15, actual AP number ap_info holds = 15[0m
[0;32mI (10442) NVS: cÃ³ SSID Ä‘Ã£ lÆ°u trong nvs[0m
[0;32mI (10445) wifi_scan: [0m
[0;32mI (10445) wifi_scan: BSSID 12:5F:02:15:1E:9A[0m
[0;32mI (10445) wifi_scan: Not saved wifi network, ssid:Namtrung 2.4G[0m
[0;32mI (10447) wifi_scan: Saved BSSID 10:5F:02:75:1E:9A[0m
[0;32mI (10453) wifi_scan: [0m
[0;32mI (10453) wifi_scan: Found saved wifi network in scan list, ssid: NamTrung[0m
[0;32mI (10460) wifi_scan: BSSID 10:5F:02:75:1E:9A[0m
[0;32mI (10464) wifi_scan: Saved BSSID 10:5F:02:75:1E:9A[0m
[0;32mI (10468) wifi_scan: Connecting to SSID: NamTrung ...[0m
[0;32mI (10471) wifi_scan: [0m
[0;32mI (10473) WiFi Sta: Connecting to specific BSSID: 10:5F:02:75:1E:9A[0m
[0;32mI (10475) wifi_scan: BSSID 64:85:05:AA:BF:46[0m
[0;32mI (10482) wifi:I (10485) wifi_scan: Not saved wifi network, ssid:SONLE[0m
flush txqI (10491) wifi_scan: Saved BSSID 10:5F:02:75:1E:9A

[0;32mI (10497) wifi:stop sw txq[0m
[0;32mI (10499) wifi_scan: [0m
[0;32mI (10499) wifi:I (10501) wifi_scan: BSSID D4:9A:A0:AB:DA:18[0m
lmac stop hw txqI (10506) wifi_scan: Not saved wifi network, ssid:Thanh Truc

[0;32mI (10513) wifi_scan: Saved BSSID 10:5F:02:75:1E:9A[0m
[0;32mI (10514) wifi:mode : sta (10:20:ba:05:9b:9c)[0m
[0;32mI (10520) wifi_scan: [0m
[0;32mI (10522) wifi:I (10524) wifi_scan: BSSID BC:E0:01:2F:C7:2A[0m
[0;32mI (10529) wifi_scan: Not saved wifi network, ssid:MinhTuan[0m
enable tsfI (10535) wifi_scan: Saved BSSID 10:5F:02:75:1E:9A

[0;32mI (10541) WiFi Sta: Failed to connect to the AP[0m
[0;32mI (10542) wifi_scan: [0m
[0;32mI (10545) WiFi Sta: Retrying to connect to the AP[0m
[0;32mI (10547) wifi_scan: BSSID 9E:65:F9:4C:4B:90[0m
[0;32mI (10547) wifi:I (10555) wifi_scan: Not saved wifi network, ssid:RD_HC_2DFE[0m
new:<1,0>, old:<1,0>, ap:<255,255>, sta:<1,0>, prof:1, snd_ch_cfg:0x0I (10561) wifi_scan: Saved BSSID 10:5F:02:75:1E:9A

[0;32mI (10572) wifi:state: init -> auth (0xb0)[0m
[0;32mI (10574) wifi_scan: [0m
[0;32mI (10578) wifi_scan: BSSID 72:85:C4:81:0E:34[0m
[0;32mI (10581) wifi:I (10582) wifi_scan: Not saved wifi network, ssid:260NTB-LUNG[0m
[0;32mI (10589) wifi_scan: Saved BSSID 10:5F:02:75:1E:9A[0m
state: auth -> assoc (0x0)
[0;32mI (10595) wifi_scan: [0m
[0;32mI (10598) wifi_scan: BSSID 10:5F:02:75:32:0E[0m
[0;32mI (10602) wifi_scan: Not saved wifi network, ssid:NamTrung[0m
[0;32mI (10607) wifi_scan: Saved BSSID 10:5F:02:75:1E:9A[0m
[0;32mI (10613) wifi_scan: [0m
[0;32mI (10613) wifi_scan: BSSID 12:5F:02:15:32:0E[0m
[0;32mI (10617) wifi_scan: Not saved wifi network, ssid:Namtrung 2.4G[0m
[0;32mI (10623) wifi_scan: Saved BSSID 10:5F:02:75:1E:9A[0m
[0;32mI (10629) wifi_scan: [0m
[0;32mI (10629) wifi_scan: BSSID 9E:65:F9:4C:59:58[0m
[0;32mI (10633) wifi_scan: Not saved wifi network, ssid:RD_HC_3BC6[0m
[0;32mI (10639) wifi_scan: Saved BSSID 10:5F:02:75:1E:9A[0m
[0;32mI (10645) wifi_scan: [0m
[0;32mI (10645) wifi_scan: BSSID 72:85:C4:81:88:28[0m
[0;32mI (10649) wifi_scan: Not saved wifi network, ssid:260NTB-L2[0m
[0;32mI (10655) wifi_scan: Saved BSSID 10:5F:02:75:1E:9A[0m
[0;32mI (10661) wifi_scan: [0m
[0;32mI (10661) wifi_scan: BSSID 9E:65:F9:4C:59:15[0m
[0;32mI (10665) wifi_scan: Not saved wifi network, ssid:RD_HC_3B83[0m
[0;32mI (10670) wifi_scan: Saved BSSID 10:5F:02:75:1E:9A[0m
[0;32mI (10677) wifi_scan: [0m
[0;32mI (10677) wifi_scan: BSSID E8:43:68:7B:AF:44[0m
[0;32mI (10681) wifi_scan: Not saved wifi network, ssid:test wifi1[0m
[0;32mI (10685) wifi:I (10686) wifi_scan: Saved BSSID 10:5F:02:75:1E:9A[0m
state: assoc -> run (0x10)
[0;32mI (10694) wifi_scan: [0m
[0;32mI (10697) wifi_scan: BSSID 72:85:C4:81:10:CD[0m
[0;32mI (10701) wifi_scan: Not saved wifi network, ssid:260NTB-L3_2.4G[0m
[0;32mI (10706) wifi_scan: Saved BSSID 10:5F:02:75:1E:9A[0m
[0;32mI (10713) wifi_scan: [0m
[0;32mI (10713) wifi_scan: BSSID EC:F0:FE:F1:D2:98[0m
[0;32mI (10717) wifi_scan: Not saved wifi network, ssid:Hiep Room 2Ghz[0m
[0;32mI (10723) wifi_scan: Saved BSSID 10:5F:02:75:1E:9A[0m
[0;32mI (10751) wifi:connected with NamTrung, aid = 18, channel 1, BW20, bssid = 10:5f:02:75:1e:9a[0m
[0;32mI (10751) wifi:security: WPA2-PSK, phy: bgn, rssi: -62[0m
[0;32mI (10754) wifi:pm start, type: 1[0m

[0;32mI (10756) wifi:dp: 1, bi: 102400, li: 3, scale listen interval from 307200 us to 307200 us[0m
[0;32mI (10764) wifi:set rx beacon pti, rx_bcn_pti: 14, bcn_timeout: 25000, mt_pti: 14, mt_time: 10000[0m
[0;32mI (10793) wifi:AP's beacon interval = 102400 us, DTIM period = 1[0m
[0;32mI (11562) WiFi Sta: Failed to connect to the AP[0m
[0;32mI (11562) WiFi Sta: Retrying to connect to the AP[0m
[0;32mI (11830) esp_netif_handlers: sta ip: 10.10.1.76, mask: 255.255.252.0, gw: 10.10.1.1[0m
[0;32mI (12572) WiFi: Connected with IP: 10.10.1.76[0m
[0;32mI (12572) WiFi Sta: Connected to AP SSID:NamTrung, password:nt@14092011, bssid:10:5F:02:75:1E:9A[0m
[0;32mI (12574) NVS: Saved wifi credentials successfully![0m
[0;32mI (12675) NVS: last index: -1[0m
[0;32mI (12675) NVS: wifi index: 0[0m
index:1
[0;32mI (14537) wifi_scan: BSSID 10:5F:02:75:1E:9A[0m
[0;32mI (14537) wifi_scan: Authmode 	WIFI_AUTH_WPA2_PSK[0m
[0;32mI (14538) wifi_scan: Pairwise Cipher 	WIFI_CIPHER_TYPE_CCMP[0m
[0;32mI (14540) wifi_scan: Group Cipher 	WIFI_CIPHER_TYPE_CCMP[0m
index:0
[0;32mI (15453) wifi_scan: BSSID 12:5F:02:15:1E:9A[0m
[0;32mI (15453) wifi_scan: Authmode 	WIFI_AUTH_WPA2_PSK[0m
[0;32mI (15454) wifi_scan: Pairwise Cipher 	WIFI_CIPHER_TYPE_CCMP[0m
[0;32mI (15456) wifi_scan: Group Cipher 	WIFI_CIPHER_TYPE_CCMP[0m
[0;32mI (123968) wifi:<ba-add>idx:0 (ifx:0, 10:5f:02:75:1e:9a), tid:7, ssn:8, winSize:64[0m
[0;32mI (175569) wifi:state: run -> init (0x0)[0m
[0;32mI (175570) wifi:pm stop, total sleep time: 109047741 us / 164814341 us[0m

[0;32mI (175571) wifi:<ba-del>idx:0, tid:7[0m
[0;32mI (175571) wifi:new:<1,0>, old:<1,0>, ap:<255,255>, sta:<1,0>, prof:1, snd_ch_cfg:0x0[0m
[0;32mI (175579) wifi:mode : null[0m
[0;32mI (175582) WiFi Sta: WIFI STA_DISCONNECTED.[0m
[0;32mI (175632) wifi:flush txq[0m
[0;32mI (175632) wifi:stop sw txq[0m
[0;32mI (175632) wifi:lmac stop hw txq[0m
STA:STA 
[0;32mI (176070) wifi:mode : sta (10:20:ba:05:9b:9c)[0m
[0;32mI (176070) wifi:enable tsf[0m
[0;32mI (180980) wifi_scan: Max AP number ap_info can hold = 20[0m
[0;32mI (180980) wifi_scan: Total APs scanned = 17, actual AP number ap_info holds = 17[0m
[0;32mI (181090) NVS: cÃ³ SSID Ä‘Ã£ lÆ°u trong nvs[0m
[0;32mI (181093) wifi_scan: [0m
[0;32mI (181093) wifi_scan: Found saved wifi network in scan list, ssid: NamTrung[0m
[0;32mI (181093) wifi_scan: BSSID 10:5F:02:75:1E:9A[0m
[0;32mI (181096) wifi_scan: Saved BSSID 10:5F:02:75:1E:9A[0m
[0;32mI (181101) wifi_scan: Connecting to SSID: NamTrung ...[0m
[0;32mI (181103) wifi_scan: [0m
[0;32mI (181108) wifi_scan: BSSID 12:5F:02:15:1E:9A[0m
[0;32mI (181106) WiFi Sta: Connecting to specific BSSID: 10:5F:02:75:1E:9A[0m
[0;32mI (181112) wifi_scan: Not saved wifi network, ssid:Namtrung 2.4G[0m
[0;32mI (181118) wifi:I (181123) wifi_scan: Saved BSSID 10:5F:02:75:1E:9A[0m
flush txq
[0;32mI (181130) wifi:stop sw txq[0m
[0;32mI (181131) wifi_scan: [0m
[0;32mI (181135) wifi_scan: BSSID 9E:65:F9:4C:4B:90[0m
[0;32mI (181133) wifi:I (181139) wifi_scan: Not saved wifi network, ssid:RD_HC_2DFE[0m
lmac stop hw txqI (181146) wifi_scan: Saved BSSID 10:5F:02:75:1E:9A

[0;32mI (181153) wifi:mode : sta (10:20:ba:05:9b:9c)[0m
[0;32mI (181154) wifi_scan: [0m
[0;32mI (181156) wifi:I (181158) wifi_scan: BSSID D4:9A:A0:AB:DA:18[0m
enable tsfI (181164) wifi_scan: Not saved wifi network, ssid:Thanh Truc

[0;32mI (181170) wifi_scan: Saved BSSID 10:5F:02:75:1E:9A[0m
[0;32mI (181171) WiFi Sta: Failed to connect to the AP[0m
[0;32mI (181177) wifi_scan: [0m
[0;32mI (181178) wifi:I (181181) wifi_scan: BSSID 9E:65:F9:4C:59:58[0m
new:<1,0>, old:<1,0>, ap:<255,255>, sta:<1,0>, prof:1, snd_ch_cfg:0x0I (181187) wifi_scan: Not saved wifi network, ssid:RD_HC_3BC6

[0;32mI (181198) wifi_scan: Saved BSSID 10:5F:02:75:1E:9A[0m
[0;32mI (181198) wifi:state: init -> auth (0xb0)[0m
[0;32mI (181205) wifi_scan: [0m
[0;32mI (181180) WiFi Sta: Retrying to connect to the AP[0m
[0;32mI (181209) wifi_scan: BSSID BC:E0:01:2F:C7:2A[0m
[0;32mI (181217) wifi:I (181218) wifi_scan: Not saved wifi network, ssid:MinhTuan[0m
state: auth -> assoc (0x0)I (181224) wifi_scan: Saved BSSID 10:5F:02:75:1E:9A

[0;32mI (181233) wifi_scan: [0m
[0;32mI (181233) wifi_scan: BSSID 12:5F:02:15:32:0E[0m
[0;32mI (181237) wifi_scan: Not saved wifi network, ssid:Namtrung 2.4G[0m
[0;32mI (181243) wifi_scan: Saved BSSID 10:5F:02:75:1E:9A[0m
[0;32mI (181245) wifi:state: assoc -> run (0x10)[0m
[0;32mI (181250) wifi_scan: [0m
[0;32mI (181254) wifi_scan: BSSID 64:85:05:AA:BF:46[0m
[0;32mI (181258) wifi_scan: Not saved wifi network, ssid:SONLE[0m
[0;32mI (181260) wifi:I (181263) wifi_scan: Saved BSSID 10:5F:02:75:1E:9A[0m
connected with NamTrung, aid = 18, channel 1, BW20, bssid = 10:5f:02:75:1e:9a
[0;32mI (181271) wifi_scan: [0m
[0;32mI (181276) wifi:I (181278) wifi_scan: BSSID 9E:65:F9:4C:59:15[0m
security: WPA2-PSK, phy: bgn, rssi: -51I (181283) wifi_scan: Not saved wifi network, ssid:RD_HC_3B83

[0;32mI (181292) wifi_scan: Saved BSSID 10:5F:02:75:1E:9A[0m
[0;32mI (181293) wifi:pm start, type: 1[0m
[0;32mI (181299) wifi_scan: [0m

[0;32mI (181302) wifi_scan: BSSID 10:5F:02:75:32:0E[0m
[0;32mI (181302) wifi:I (181306) wifi_scan: Not saved wifi network, ssid:NamTrung[0m
set rx beacon pti, rx_bcn_pti: 14, bcn_timeout: 25000, mt_pti: 14, mt_time: 10000I (181313) wifi_scan: Saved BSSID 10:5F:02:75:1E:9A

[0;32mI (181325) wifi:AP's beacon interval = 102400 us, DTIM period = 1[0m
I (1813Guru Meditation Error: Core  0 panic'ed (InstrFetchProhibited). Exception was unhandled.

Core  0 register dump:
PC      : 0x00000000  PS      : 0x00060f30  A0      : 0x80388294  A1      : 0x3fcd6430  
A2      : 0x3fcb9584  A3      : 0x3c45e1f2  A4      : 0x00000082  A5      : 0x3c45e148  
A6      : 0x0000bb99  A7      : 0x00000000  A8      : 0x820aa6f9  A9      : 0x3fcd6410  
A10     : 0x4208e53c  A11     : 0x3c45e1f2  A12     : 0x00000082  A13     : 0x3c45e148  
A14     : 0x00000000  A15     : 0x3fcc312c  SAR     : 0x00000020  EXCCAUSE: 0x00000014  
EXCVADDR: 0x00000000  LBEG    : 0x40056f5c  LEND    : 0x40056f72  LCOUNT  : 0x00000000  


Backtrace: 0xfffffffd:0x3fcd6430 0x40388291:0x3fcd6460 0x4038fc25:0x3fcd6480 0x4038fcd5:0x3fcd64e0 0x40392d21:0x3fcd6500 0x403909be:0x3fcd6520




ELF file SHA256: 8621c3746

Rebooting...
ESP-ROM:esp32s3-20210327
Build:Mar 27 2021
rst:0xc (RTC_SW_CPU_RST),boot:0x28 (SPI_FAST_FLASH_BOOT)
Saved PC:0x40376088
SPIWP:0xee
mode:DIO, clock div:1
load:0x3fce2820,len:0x1710
load:0x403c8700,len:0xec0
load:0x403cb700,len:0x31d4
entry 0x403c894c
[0;32mI (29) boot: ESP-IDF v5.5-dirty 2nd stage bootloader[0m
[0;32mI (29) boot: compile time Sep 18 2025 13:59:10[0m
[0;32mI (29) boot: Multicore bootloader[0m
[0;32mI (30) boot: chip revision: v0.2[0m
[0;32mI (33) boot: efuse block revision: v1.3[0m
[0;32mI (36) qio_mode: Enabling default flash chip QIO[0m
[0;32mI (40) boot.esp32s3: Boot SPI Speed : 80MHz[0m
[0;32mI (44) boot.esp32s3: SPI Mode       : QIO[0m
[0;32mI (48) boot.esp32s3: SPI Flash Size : 16MB[0m
[0;32mI (52) boot: Enabling RNG early entropy source...[0m
I (56) boot: Partition Table:
[0;32mI (59) boot: ## Label            Usage          Type ST Offset   Length[0m
[0;32mI (65) boot:  0 nvs              WiFi data        01 02 00009000 00006000[0m
[0;32mI (72) boot:  1 phy_init         RF data          01 01 0000f000 00001000[0m
[0;32mI (78) boot:  2 factory          factory app      00 00 00010000 00800000[0m
[0;32mI (85) boot: End of partition table[0m
[0;32mI (88) esp_image: segment 0: paddr=00010020 vaddr=3c130020 size=c4d4ch (806220) map[0m
[0;32mI (215) esp_image: segment 1: paddr=000d4d74 vaddr=3fca6300 size=05f94h ( 24468) load[0m
[0;32mI (220) esp_image: segment 2: paddr=000dad10 vaddr=40374000 size=05308h ( 21256) load[0m
[0;32mI (224) esp_image: segment 3: paddr=000e0020 vaddr=42000020 size=129b68h (1219432) map[0m
[0;32mI (408) esp_image: segment 4: paddr=00209b90 vaddr=40379308 size=1cf44h (118596) load[0m
[0;32mI (430) esp_image: segment 5: paddr=00226adc vaddr=600fe000 size=00020h (    32) load[0m
[0;32mI (444) boot: Loaded app from partition at offset 0x10000[0m
[0;32mI (444) boot: Disabling RNG early entropy source...[0m
[0;33mW (454) flash HPM: HPM mode is optional feature that depends on flash model. Read Docs First![0m
[0;33mW (454) flash HPM: HPM mode with DC adjustment is disabled. Some flash models may not be supported. Read Docs First![0m
[0;33mW (461) flash HPM: High performance mode of this flash model hasn't been supported.[0m
[0;32mI (469) MSPI Timing: Flash timing tuning index: 2[0m
[0;32mI (473) octal_psram: vendor id    : 0x0d (AP)[0m
[0;32mI (477) octal_psram: dev id       : 0x02 (generation 3)[0m
[0;32mI (482) octal_psram: density      : 0x03 (64 Mbit)[0m
[0;32mI (486) octal_psram: good-die     : 0x01 (Pass)[0m
[0;32mI (491) octal_psram: Latency      : 0x01 (Fixed)[0m
[0;32mI (495) octal_psram: VCC          : 0x01 (3V)[0m
[0;32mI (499) octal_psram: SRF          : 0x01 (Fast Refresh)[0m
[0;32mI (504) octal_psram: BurstType    : 0x01 (Hybrid Wrap)[0m
[0;32mI (509) octal_psram: BurstLen     : 0x01 (32 Byte)[0m
[0;32mI (513) octal_psram: Readlatency  : 0x02 (10 cycles@Fixed)[0m
[0;32mI (519) octal_psram: DriveStrength: 0x00 (1/1)[0m
[0;32mI (531) MSPI Timing: PSRAM timing tuning index: 2[0m
[0;32mI (531) esp_psram: Found 8MB PSRAM device[0m
[0;32mI (531) esp_psram: Speed: 120MHz[0m
[0;32mI (568) mmu_psram: Read only data copied and mapped to SPIRAM[0m
[0;32mI (631) mmu_psram: Instructions copied and mapped to SPIRAM[0m
[0;32mI (631) cpu_start: Multicore app[0m
[0;32mI (785) esp_psram: SPI SRAM memory test OK[0m
[0;32mI (794) cpu_start: Pro cpu start user code[0m
[0;32mI (794) cpu_start: cpu freq: 240000000 Hz[0m
[0;32mI (794) app_init: Application information:[0m
[0;32mI (794) app_init: Project name:     16_LVGL_UI[0m
[0;32mI (798) app_init: App version:      1[0m
[0;32mI (801) app_init: Compile time:     Sep 18 2025 13:55:49[0m
[0;32mI (806) app_init: ELF file SHA256:  8621c3746...[0m
[0;32mI (811) app_init: ESP-IDF:          v5.5-dirty[0m
[0;32mI (815) efuse_init: Min chip rev:     v0.0[0m
[0;32mI (819) efuse_init: Max chip rev:     v0.99 [0m
[0;32mI (823) efuse_init: Chip rev:         v0.2[0m
[0;32mI (826) heap_init: Initializing. RAM available for dynamic allocation:[0m
[0;32mI (833) heap_init: At 3FCB65C0 len 00033150 (204 KiB): RAM[0m
[0;32mI (838) heap_init: At 3FCE9710 len 00005724 (21 KiB): RAM[0m
[0;32mI (843) heap_init: At 3FCF0000 len 00008000 (32 KiB): DRAM[0m
[0;32mI (848) heap_init: At 600FE020 len 00001FC8 (7 KiB): RTCRAM[0m
[0;32mI (854) esp_psram: Adding pool of 6144K of PSRAM memory to heap allocator[0m
[0;32mI (860) esp_psram: Adding pool of 44K of PSRAM memory gap generated due to end address alignment of drom to the heap allocator[0m
[0;32mI (871) spi_flash: detected chip: generic[0m
[0;32mI (875) spi_flash: flash io: qio[0m
[0;32mI (878) sleep_gpio: Configure to isolate all GPIO pins in sleep state[0m
[0;32mI (884) sleep_gpio: Enable automatic switching of GPIO sleep configuration[0m
[0;32mI (891) coexist: coex firmware version: 831ec70[0m
[0;32mI (904) coexist: coexist rom version e7ae62f[0m
[0;32mI (904) main_task: Started on CPU0[0m
[0;32mI (905) esp_psram: Reserving pool of 32K of internal memory for DMA/internal allocations[0m
[0;32mI (910) main_task: Calling app_main()[0m
[0;33mW (921) i2c.master: Please check pull-up resistances whether be connected properly. Otherwise unexpected behavior would happen. For more detailed information, please read docs[0m
[0;32mI (1329) GT911: Initialize I2C panel IO[0m
[0;32mI (1329) GT911: Initialize touch controller GT911[0m
[0;33mW (1329) GT911: Unable to initialize the I2C address[0m
[0;32mI (1331) GT911: TouchPad_ID:0x39,0x31,0x31[0m
[0;32mI (1334) GT911: TouchPad_Config_Version:91[0m
[0;32mI (1338) example: Install RGB LCD panel driver[0m
[0;32mI (1378) example: Initialize RGB LCD panel[0m
[0;32mI (1380) lv_port: Create LVGL task[0m
[0;32mI (1407) main: Display LVGL demos[0m
[0;32mI (1604) pp: pp rom version: e7ae62f[0m
[0;32mI (1605) net80211: net80211 rom version: e7ae62f[0m
[0;32mI (1605) BLE_INIT: BT controller compile version [4713a69][0m
[0;32mI (1606) wifi:wifi driver task: 3fcd6698, prio:23, stack:6656, core=0[0m
[0;32mI (1606) BLE_INIT: Feature Config, ADV:1, BLE_50:1, DTM:1, SCAN:1, CCA:0, SMP:1, CONNECT:1[0m
[0;32mI (1618) wifi:wifi firmware version: f3dbad7[0m
[0;32mI (1624) wifi:wifi certification version: v7.0[0m
[0;32mI (1622) BLE_INIT: Bluetooth MAC: 10:20:ba:05:9b:9e[0m
[0;32mI (1628) wifi:config NVS flash: enabled[0m
[0;32mI (1636) phy_init: phy_version 701,f4f1da3a,Mar  3 2025,15:50:10[0m
[0;32mI (1637) wifi:config nano formatting: disabled[0m
[0;32mI (1647) wifi:Init data frame dynamic rx buffer num: 32[0m
[0;32mI (1652) wifi:Init static rx mgmt buffer num: 5[0m
[0;32mI (1656) wifi:Init management short buffer num: 32[0m
[0;32mI (1661) wifi:Init static tx buffer num: 16[0m
[0;32mI (1665) wifi:Init tx cache buffer num: 32[0m
[0;32mI (1668) wifi:Init static tx FG buffer num: 2[0m
[0;32mI (1672) wifi:Init static rx buffer size: 1600[0m
[0;32mI (1676) wifi:Init static rx buffer num: 16[0m
[0;32mI (1680) wifi:Init dynamic rx buffer num: 32[0m
[0;32mI (1685) wifi_init: rx ba win: 16[0m
[0;32mI (1687) wifi_init: accept mbox: 6[0m
[0;32mI (1690) wifi_init: tcpip mbox: 32[0m
[0;32mI (1693) wifi_init: udp mbox: 6[0m
[0;32mI (1696) wifi_init: tcp mbox: 6[0m
[0;32mI (1698) BLE_SERVER: REGISTER_APP_EVT, status 0, app_id 0[0m
[0;32mI (1698) BLE_SERVER: ***** BLE GATT SERVER STARTED *****[0m
[0;32mI (1709) BLE_SERVER: ***** WAITING FOR CLIENT CONNECTION *****[0m
[0;33mW (1705) BT_BTM: BTM_BleWriteAdvData, Partial data write into ADV[0m
[0;32mI (1705) wifi_init: tcp tx win: 5760[0m
[0;33mW (1721) BT_BTM: BTM_BleWriteScanRsp, Partial data write into ADV[0m
[0;32mI (1724) wifi_init: tcp rx win: 5760[0m
[0;32mI (1731) BLE_SERVER: CREATE_SERVICE_EVT, status 0,  service_handle 40[0m
[0;32mI (1733) wifi_init: tcp mss: 1440[0m
[0;32mI (1741) BLE_SERVER: Advertising started successfully[0m
[0;32mI (1742) wifi_init: WiFi/LWIP prefer SPIRAM[0m
[0;32mI (1747) BLE_SERVER: ADD_CHAR_EVT, status 0,  attr_handle 42, service_handle 40[0m
[0;32mI (1751) wifi_init: WiFi IRAM OP enabled[0m
[0;32mI (1606) main_task: Returned from app_main()[0m
[0;32mI (1762) wifi_init: WiFi RX IRAM OP enabled[0m
Wi-Fi event handler registered.
[0;32mI (1773) wifi:mode : null[0m
