Command: D:\ESP32_IDF\Espressif\python_env\idf5.5_py3.11_env\Scripts\python.exe D:\ESP32_IDF\Espressif\frameworks\esp-idf-v5.5\tools/idf_monitor.py -p COM9 -b 115200 --toolchain-prefix xtensa-esp32s3-elf- --target esp32s3 --revision 0 D:\ESP32\ESP32S3_LCD 7B_DEMO_3\ESP32-S3-Touch-LCD-7B-Demo\ESP32-S3-Touch-LCD-7B-Demo\ESP-IDF\16_LVGL_UI\build\16_LVGL_UI.elf D:\ESP32\ESP32S3_LCD 7B_DEMO_3\ESP32-S3-Touch-LCD-7B-Demo\ESP32-S3-Touch-LCD-7B-Demo\ESP-IDF\16_LVGL_UI\build\bootloader\bootloader.elf --force-color -m 'D:\ESP32_IDF\Espressif\python_env\idf5.5_py3.11_env\Scripts\python.exe' 'D:\ESP32_IDF\Espressif\frameworks\esp-idf-v5.5\tools\idf.py'
ets Jul 29 2019 12:21:46

rst:0x1 (POWERON_RESET),boot:0x13 (SPI_FAST_FLASH_BOOT)
configsip: 0, SPIWP:0xee
clk_drv:0x00,q_drv:0x00,d_drv:0x00,cs0_drv:0x00,hd_drv:0x00,wp_drv:0x00
mode:DIO, clock div:2
load:0x3fff0030,len:6380
ho 0 tail 12 room 4
load:0x40078000,len:15916
load:0x40080400,len:3860
entry 0x40080638
[0;32mI (29) boot: ESP-IDF v5.5-dirty 2nd stage bootloader[0m
[0;32mI (29) boot: compile time Nov  3 2025 10:07:42[0m
[0;32mI (29) boot: Multicore bootloader[0m
[0;32mI (31) boot: chip revision: v3.0[0m
[0;32mI (34) boot.esp32: SPI Speed      : 40MHz[0m
[0;32mI (37) boot.esp32: SPI Mode       : DIO[0m
[0;32mI (41) boot.esp32: SPI Flash Size : 2MB[0m
[0;32mI (45) boot: Enabling RNG early entropy source...[0m
[0;32mI (49) boot: Partition Table:[0m
[0;32mI (52) boot: ## Label            Usage          Type ST Offset   Length[0m
[0;32mI (58) boot:  0 nvs              WiFi data        01 02 00009000 00006000[0m
[0;32mI (65) boot:  1 phy_init         RF data          01 01 0000f000 00001000[0m
[0;32mI (71) boot:  2 factory          factory app      00 00 00010000 00100000[0m
[0;32mI (78) boot: End of partition table[0m
[0;32mI (81) esp_image: segment 0: paddr=00010020 vaddr=3f400020 size=20bc8h (134088) map[0m
[0;32mI (134) esp_image: segment 1: paddr=00030bf0 vaddr=3ff80000 size=00020h (    32) load[0m
[0;32mI (134) esp_image: segment 2: paddr=00030c18 vaddr=3ffb0000 size=04bf8h ( 19448) load[0m
[0;32mI (145) esp_image: segment 3: paddr=00035818 vaddr=40080000 size=0a800h ( 43008) load[0m
[0;32mI (162) esp_image: segment 4: paddr=00040020 vaddr=400d0020 size=a8c18h (691224) map[0m
[0;32mI (399) esp_image: segment 5: paddr=000e8c40 vaddr=4008a800 size=0eae4h ( 60132) load[0m
[0;32mI (435) boot: Loaded app from partition at offset 0x10000[0m
[0;32mI (435) boot: Disabling RNG early entropy source...[0m
[0;32mI (445) cpu_start: Multicore app[0m
[0;32mI (454) cpu_start: Pro cpu start user code[0m
[0;32mI (454) cpu_start: cpu freq: 160000000 Hz[0m
[0;32mI (454) app_init: Application information:[0m
[0;32mI (454) app_init: Project name:     hello_world[0m
[0;32mI (458) app_init: App version:      0c42998-dirty[0m
[0;32mI (462) app_init: Compile time:     Dec 18 2025 13:58:17[0m
[0;32mI (468) app_init: ELF file SHA256:  c9bd5d84d...[0m
[0;32mI (472) app_init: ESP-IDF:          v5.5-dirty[0m
[0;32mI (476) efuse_init: Min chip rev:     v0.0[0m
[0;32mI (480) efuse_init: Max chip rev:     v3.99 [0m
[0;32mI (484) efuse_init: Chip rev:         v3.0[0m
[0;32mI (488) heap_init: Initializing. RAM available for dynamic allocation:[0m
[0;32mI (494) heap_init: At 3FFAE6E0 len 00001920 (6 KiB): DRAM[0m
[0;32mI (499) heap_init: At 3FFB9568 len 00026A98 (154 KiB): DRAM[0m
[0;32mI (504) heap_init: At 3FFE0440 len 00003AE0 (14 KiB): D/IRAM[0m
[0;32mI (510) heap_init: At 3FFE4350 len 0001BCB0 (111 KiB): D/IRAM[0m
[0;32mI (515) heap_init: At 400992E4 len 00006D1C (27 KiB): IRAM[0m
[0;32mI (522) spi_flash: detected chip: generic[0m
[0;32mI (524) spi_flash: flash io: dio[0m
[0;33mW (527) spi_flash: Detected size(4096k) larger than the size in the binary image header(2048k). Using the size in the binary image header.[0m
[0;33mW (539) i2c: This driver is an old driver, please migrate your application code to adapt `driver/i2c_master.h`[0m
[0;32mI (550) main_task: Started on CPU0[0m
[0;32mI (560) main_task: Calling app_main()[0m
[0;32mI (560) LED: LED initialized on GPIO 2[0m
[0;32mI (560) LED: LED OFF[0m
[0;32mI (560) DEMO: I2C initialized successfully[0m
[0;32mI (1450) DEMO: Starting keypad MQTT application[0m
[0;32mI (1470) MAC_UTILS: WiFi STA MAC: B8:D6:1A:B9:DA:A4[0m
[0;32mI (1480) MAC_UTILS: Loaded user_id from NVS: 05[0m
[0;32mI (1490) wifi:wifi driver task: 3ffc2714, prio:23, stack:6656, core=0[0m
[0;32mI (1500) wifi:wifi firmware version: f3dbad7[0m
[0;32mI (1500) wifi:wifi certification version: v7.0[0m
[0;32mI (1500) wifi:config NVS flash: enabled[0m
[0;32mI (1500) wifi:config nano formatting: disabled[0m
[0;32mI (1510) wifi:Init data frame dynamic rx buffer num: 32[0m
[0;32mI (1510) wifi:Init static rx mgmt buffer num: 5[0m
[0;32mI (1520) wifi:Init management short buffer num: 32[0m
[0;32mI (1520) wifi:Init dynamic tx buffer num: 32[0m
[0;32mI (1520) wifi:Init static rx buffer size: 1600[0m
[0;32mI (1530) wifi:Init static rx buffer num: 10[0m
[0;32mI (1530) wifi:Init dynamic rx buffer num: 32[0m
[0;32mI (1540) wifi_init: rx ba win: 6[0m
[0;32mI (1540) wifi_init: accept mbox: 6[0m
[0;32mI (1540) wifi_init: tcpip mbox: 32[0m
[0;32mI (1540) wifi_init: udp mbox: 6[0m
[0;32mI (1550) wifi_init: tcp mbox: 6[0m
[0;32mI (1550) wifi_init: tcp tx win: 5760[0m
[0;32mI (1550) wifi_init: tcp rx win: 5760[0m
[0;32mI (1560) wifi_init: tcp mss: 1440[0m
[0;32mI (1560) wifi_init: WiFi IRAM OP enabled[0m
[0;32mI (1560) wifi_init: WiFi RX IRAM OP enabled[0m
[0;32mI (1610) phy_init: phy_version 4860,6b7a6e5,Feb  6 2025,14:47:07[0m
[0;32mI (1680) phy_init: Saving new calibration data due to checksum failure or outdated calibration data, mode(0)[0m
[0;32mI (1700) wifi:mode : sta (b8:d6:1a:b9:da:a4)[0m
[0;32mI (1700) wifi:enable tsf[0m
[0;32mI (1710) WIFI: WiFi initialized[0m
[0;32mI (1710) WIFI: WiFi STA started[0m
[0;32mI (1710) DEBUG: NGUYEN HUYNH ANH KIET 2002[0m
[0;32mI (1710) NVS_UTILS: WiFi credential saved[0m
Free heap: 175972 bytes
[0;32mI (1710) STATE_MACHINE: System state task started[0m
[0;32mI (1820) STATE_MACHINE: Have a saved wifi network in NVS: NamTrung[0m
[0;32mI (1860) wifi:flush txq[0m
[0;32mI (1860) wifi:stop sw txq[0m
[0;32mI (1860) wifi:lmac stop hw txq[0m
[0;32mI (1870) wifi:mode : sta (b8:d6:1a:b9:da:a4)[0m
[0;32mI (1870) wifi:enable tsf[0m
[0;32mI (1870) WIFI: WiFi STA started[0m
[0;32mI (1890) wifi:new:<6,0>, old:<1,0>, ap:<255,255>, sta:<6,0>, prof:1, snd_ch_cfg:0x0[0m
[0;32mI (1890) wifi:state: init -> auth (0xb0)[0m
[0;32mI (1910) wifi:state: auth -> assoc (0x0)[0m
[0;32mI (1950) wifi:state: assoc -> run (0x10)[0m
[0;32mI (1970) wifi:connected with NamTrung, aid = 16, channel 6, BW20, bssid = 10:5f:02:75:27:1e[0m
[0;32mI (1970) wifi:security: WPA2-PSK, phy: bgn, rssi: -49[0m
[0;32mI (1990) wifi:pm start, type: 1[0m

[0;32mI (1990) wifi:dp: 1, bi: 102400, li: 3, scale listen interval from 307200 us to 307200 us[0m
[0;32mI (1990) WIFI: Connected to SSID:NamTrung, channel:6[0m
[0;32mI (2030) wifi:AP's beacon interval = 102400 us, DTIM period = 1[0m
Free heap: 174888 bytes
[0;32mI (3010) esp_netif_handlers: sta ip: 10.10.1.53, mask: 255.255.252.0, gw: 10.10.1.1[0m
[0;32mI (3010) WIFI: WiFi connected, got IP[0m
[0;32mI (3010) WIFI: Connected BSSID: 10:5F:02:75:27:1E[0m
[0;32mI (3010) WIFI: SSID: NamTrung, RSSI: -52[0m
[0;32mI (3070) MQTT: Registered device with WiFi STA MAC: {"device_id":"B8:D6:1A:B9:DA:A4","status":"offline"}[0m
[0;32mI (3070) MQTT: MQTT initialized[0m
[0;32mI (3090) NVS_UTILS: Read status successfully: SO DANG GOI[0m
[0;32mI (3090) wifi:<ba-add>idx:0 (ifx:0, 10:5f:02:75:27:1e), tid:7, ssn:5, winSize:64[0m
[0;32mI (3110) wifi:<ba-add>idx:1 (ifx:0, 10:5f:02:75:27:1e), tid:0, ssn:1, winSize:64[0m
[0;32mI (3120) LED: LED ON[0m
[0;32mI (3120) MQTT: MQTT connected[0m
[0;32mI (3350) MQTT: MQTT_EVENT_DATA[0m
[0;32mI (3350) MQTT: MQTT_EVENT_DATA[0m
[0;32mI (3360) MQTT: Processing topic: device/list[0m
[0;32mI (3360) MQTT: Processing topic data: [{"id":"94:E6:86:09:A4:78","name":"2"},{"id":"A8:42:E3:4C:7C:BC","name":"1"},{"id":"B8:D6:1A:B9:DA:A4","name":"5"},{"id":"R1:42:E3:4C:7C:BC","name":"3"},{"id":"R2:42:E3:4C:7C:BC","name":"4"}][0m
[0;32mI (3370) MQTT: [{"id":"94:E6:86:09:A4:78","name":"2"},{"id":"A8:42:E3:4C:7C:BC","name":"1"},{"id":"B8:D6:1A:B9:DA:A4","name":"5"},{"id":"R1:42:E3:4C:7C:BC","name":"3"},{"id":"R2:42:E3:4C:7C:BC","name":"4"}][0m
[0;32mI (3390) MQTT: Extracted counter ID: 2 from name: 2[0m
[0;32mI (3390) MAC_UTILS: WiFi STA MAC: B8:D6:1A:B9:DA:A4[0m
[0;32mI (3400) MAC_UTILS: Loaded user_id from NVS: 05[0m
[0;32mI (3400) MQTT: Extracted counter ID: 1 from name: 1[0m
[0;32mI (3410) MAC_UTILS: WiFi STA MAC: B8:D6:1A:B9:DA:A4[0m
[0;32mI (3410) MAC_UTILS: Loaded user_id from NVS: 05[0m
[0;32mI (3420) MQTT: Extracted counter ID: 5 from name: 5[0m
[0;32mI (3420) MAC_UTILS: WiFi STA MAC: B8:D6:1A:B9:DA:A4[0m
[0;32mI (3430) MAC_UTILS: Loaded user_id from NVS: 05[0m
[0;32mI (3430) MQTT: Found current device (MAC match): B8:D6:1A:B9:DA:A4[0m
[0;32mI (3440) NVS_UTILS: User ID saved successfully: 05[0m
[0;32mI (3440) MQTT: Extracted counter ID: 3 from name: 3[0m
[0;32mI (3440) MAC_UTILS: WiFi STA MAC: B8:D6:1A:B9:DA:A4[0m
[0;32mI (3450) MAC_UTILS: Loaded user_id from NVS: 05[0m
[0;32mI (3460) MQTT: Extracted counter ID: 4 from name: 4[0m
[0;32mI (3460) MAC_UTILS: WiFi STA MAC: B8:D6:1A:B9:DA:A4[0m
[0;32mI (3460) MAC_UTILS: Loaded user_id from NVS: 05[0m
[0;32mI (3470) MQTT: Device list updated: 5 devices[0m
[0;32mI (3470) MQTT: Sorted device list successfully[0m
[0;32mI (3500) MQTT: Processing topic: service/list[0m
[0;32mI (3500) MQTT: Processing topic data: [{"id":7,"name":"Giao dich duoi 1 ty"},{"id":9,"name":"Giao dich khac"},{"id":10,"name":"Lay so cho vui"},{"id":1,"name":"Giao dich tren 1 ty"}][0m
[0;32mI (3500) MQTT: [{"id":7,"name":"Giao dich duoi 1 ty"},{"id":9,"name":"Giao dich khac"},{"id":10,"name":"Lay so cho vui"},{"id":1,"name":"Giao dich tren 1 ty"}][0m
[0;32mI (3530) MQTT: Service list updated: 4 services[0m
Free heap: 164060 bytes
Free heap: 164060 bytes
Free heap: 164060 bytes
Free heap: 164060 bytes
Free heap: 164060 bytes
Free heap: 164060 bytes
Free heap: 164060 bytes
Free heap: 164060 bytes
Free heap: 164060 bytes
Free heap: 164060 bytes
Free heap: 164060 bytes
Free heap: 164060 bytes
