Command: D:\ESP32_IDF\Espressif\python_env\idf5.5_py3.11_env\Scripts\python.exe D:\ESP32_IDF\Espressif\frameworks\esp-idf-v5.5\tools/idf_monitor.py -p COM10 -b 115200 --toolchain-prefix xtensa-esp32s3-elf- --target esp32s3 --revision 0 D:\ESP32\ESP32S3_LCD 7B_DEMO_3\ESP32-S3-Touch-LCD-7B-Demo\ESP32-S3-Touch-LCD-7B-Demo\ESP-IDF\16_LVGL_UI\build\16_LVGL_UI.elf D:\ESP32\ESP32S3_LCD 7B_DEMO_3\ESP32-S3-Touch-LCD-7B-Demo\ESP32-S3-Touch-LCD-7B-Demo\ESP-IDF\16_LVGL_UI\build\bootloader\bootloader.elf --force-color -m 'D:\ESP32_IDF\Espressif\python_env\idf5.5_py3.11_env\Scripts\python.exe' 'D:\ESP32_IDF\Espressif\frameworks\esp-idf-v5.5\tools\idf.py' '-p' 'COM10'
ESP-ROM:esp32s3-20210327
Build:Mar 27 2021
rst:0x1 (POWERON),boot:0x29 (SPI_FAST_FLASH_BOOT)
SPIWP:0xee
mode:DIO, clock div:1
load:0x3fce2820,len:0x1710
load:0x403c8700,len:0xec0
load:0x403cb700,len:0x31d4
entry 0x403c894c
[0;32mI (25) boot: ESP-IDF v5.5-dirty 2nd stage bootloader[0m
[0;32mI (25) boot: compile time Oct  8 2025 11:43:15[0m
[0;32mI (25) boot: Multicore bootloader[0m
[0;32mI (26) boot: chip revision: v0.2[0m
[0;32mI (28) boot: efuse block revision: v1.3[0m
[0;32mI (32) qio_mode: Enabling default flash chip QIO[0m
[0;32mI (36) boot.esp32s3: Boot SPI Speed : 80MHz[0m
[0;32mI (40) boot.esp32s3: SPI Mode       : QIO[0m
[0;32mI (44) boot.esp32s3: SPI Flash Size : 16MB[0m
[0;32mI (48) boot: Enabling RNG early entropy source...[0m
[0;32mI (52) boot: Partition Table:[0m
[0;32mI (55) boot: ## Label            Usage          Type ST Offset   Length[0m
[0;32mI (61) boot:  0 nvs              WiFi data        01 02 00009000 00006000[0m
[0;32mI (68) boot:  1 phy_init         RF data          01 01 0000f000 00001000[0m
[0;32mI (74) boot:  2 factory          factory app      00 00 00010000 00800000[0m
[0;32mI (81) boot: End of partition table[0m
[0;32mI (84) esp_image: segment 0: paddr=00010020 vaddr=3c130020 size=d8c54h (887892) map[0m
[0;32mI (223) esp_image: segment 1: paddr=000e8c7c vaddr=3fca6300 size=05fa4h ( 24484) load[0m
[0;32mI (228) esp_image: segment 2: paddr=000eec28 vaddr=40374000 size=013f0h (  5104) load[0m
[0;32mI (229) esp_image: segment 3: paddr=000f0020 vaddr=42000020 size=12cb0ch (1231628) map[0m
[0;32mI (417) esp_image: segment 4: paddr=0021cb34 vaddr=403753f0 size=20ef4h (134900) load[0m
[0;32mI (443) esp_image: segment 5: paddr=0023da30 vaddr=600fe000 size=00020h (    32) load[0m
[0;32mI (457) boot: Loaded app from partition at offset 0x10000[0m
[0;32mI (457) boot: Disabling RNG early entropy source...[0m
[0;33mW (467) flash HPM: HPM mode is optional feature that depends on flash model. Read Docs First![0m
[0;33mW (467) flash HPM: HPM mode with DC adjustment is disabled. Some flash models may not be supported. Read Docs First![0m
[0;33mW (474) flash HPM: High performance mode of this flash model hasn't been supported.[0m
[0;32mI (482) MSPI Timing: Flash timing tuning index: 2[0m
[0;32mI (486) octal_psram: vendor id    : 0x0d (AP)[0m
[0;32mI (490) octal_psram: dev id       : 0x02 (generation 3)[0m
[0;32mI (495) octal_psram: density      : 0x03 (64 Mbit)[0m
[0;32mI (499) octal_psram: good-die     : 0x01 (Pass)[0m
[0;32mI (504) octal_psram: Latency      : 0x01 (Fixed)[0m
[0;32mI (508) octal_psram: VCC          : 0x01 (3V)[0m
[0;32mI (512) octal_psram: SRF          : 0x01 (Fast Refresh)[0m
[0;32mI (517) octal_psram: BurstType    : 0x01 (Hybrid Wrap)[0m
[0;32mI (522) octal_psram: BurstLen     : 0x01 (32 Byte)[0m
[0;32mI (526) octal_psram: Readlatency  : 0x02 (10 cycles@Fixed)[0m
[0;32mI (531) octal_psram: DriveStrength: 0x00 (1/1)[0m
[0;32mI (543) MSPI Timing: PSRAM timing tuning index: 2[0m
[0;32mI (543) esp_psram: Found 8MB PSRAM device[0m
[0;32mI (544) esp_psram: Speed: 120MHz[0m
[0;32mI (584) mmu_psram: Read only data copied and mapped to SPIRAM[0m
[0;32mI (646) mmu_psram: Instructions copied and mapped to SPIRAM[0m
[0;32mI (647) cpu_start: Multicore app[0m
[0;32mI (799) esp_psram: SPI SRAM memory test OK[0m
[0;32mI (807) cpu_start: Pro cpu start user code[0m
[0;32mI (807) cpu_start: cpu freq: 240000000 Hz[0m
[0;32mI (807) app_init: Application information:[0m
[0;32mI (807) app_init: Project name:     16_LVGL_UI[0m
[0;32mI (812) app_init: App version:      43fcfab-dirty[0m
[0;32mI (816) app_init: Compile time:     Oct 11 2025 10:32:00[0m
[0;32mI (821) app_init: ELF file SHA256:  2a67b6cf2...[0m
[0;32mI (825) app_init: ESP-IDF:          v5.5-dirty[0m
[0;32mI (830) efuse_init: Min chip rev:     v0.0[0m
[0;32mI (833) efuse_init: Max chip rev:     v0.99 [0m
[0;32mI (837) efuse_init: Chip rev:         v0.2[0m
[0;32mI (841) heap_init: Initializing. RAM available for dynamic allocation:[0m
[0;32mI (848) heap_init: At 3FCB6670 len 000330A0 (204 KiB): RAM[0m
[0;32mI (853) heap_init: At 3FCE9710 len 00005724 (21 KiB): RAM[0m
[0;32mI (858) heap_init: At 3FCF0000 len 00008000 (32 KiB): DRAM[0m
[0;32mI (863) heap_init: At 600FE020 len 00001FC8 (7 KiB): RTCRAM[0m
[0;32mI (868) esp_psram: Adding pool of 6080K of PSRAM memory to heap allocator[0m
[0;32mI (875) esp_psram: Adding pool of 28K of PSRAM memory gap generated due to end address alignment of drom to the heap allocator[0m
[0;32mI (886) spi_flash: detected chip: generic[0m
[0;32mI (890) spi_flash: flash io: qio[0m
[0;32mI (893) sleep_gpio: Configure to isolate all GPIO pins in sleep state[0m
[0;32mI (899) sleep_gpio: Enable automatic switching of GPIO sleep configuration[0m
[0;32mI (906) coexist: coex firmware version: 831ec70[0m
[0;32mI (918) coexist: coexist rom version e7ae62f[0m
[0;32mI (919) main_task: Started on CPU0[0m
[0;32mI (920) esp_psram: Reserving pool of 32K of internal memory for DMA/internal allocations[0m
[0;32mI (925) main_task: Calling app_main()[0m
[0;33mW (938) i2c.master: Please check pull-up resistances whether be connected properly. Otherwise unexpected behavior would happen. For more detailed information, please read docs[0m
[0;32mI (1344) GT911: Initialize I2C panel IO[0m
[0;32mI (1344) GT911: Initialize touch controller GT911[0m
[0;33mW (1344) GT911: Unable to initialize the I2C address[0m
[0;32mI (1346) GT911: TouchPad_ID:0x39,0x31,0x31[0m
[0;32mI (1349) GT911: TouchPad_Config_Version:91[0m
[0;32mI (1353) example: Install RGB LCD panel driver[0m
[0;32mI (1393) example: Initialize RGB LCD panel[0m
[0;32mI (1395) lv_port: Create LVGL task[0m
[0;32mI (1422) main: Display LVGL demos[0m
[0;32mI (1584) pp: pp rom version: e7ae62f[0m
[0;32mI (1585) net80211: net80211 rom version: e7ae62f[0m
[0;32mI (1585) BLE_INIT: BT controller compile version [4713a69][0m
[0;32mI (1586) wifi:wifi driver task: 3fcd780c, prio:23, stack:6656, core=0[0m
[0;32mI (1599) wifi:wifi firmware version: f3dbad7[0m
[0;32mI (1599) wifi:wifi certification version: v7.0[0m
[0;32mI (1600) wifi:config NVS flash: enabled[0m
[0;32mI (1604) wifi:config nano formatting: disabled[0m
[0;32mI (1608) wifi:Init data frame dynamic rx buffer num: 32[0m
[0;32mI (1613) wifi:Init static rx mgmt buffer num: 5[0m
[0;32mI (1618) wifi:Init management short buffer num: 32[0m
[0;32mI (1623) wifi:Init static tx buffer num: 16[0m
[0;32mI (1627) wifi:Init tx cache buffer num: 32[0m
[0;32mI (1630) wifi:Init static tx FG buffer num: 2[0m
[0;32mI (1635) wifi:Init static rx buffer size: 1600[0m
[0;32mI (1638) wifi:Init static rx buffer num: 16[0m
[0;32mI (1642) wifi:Init dynamic rx buffer num: 32[0m
[0;32mI (1647) wifi_init: rx ba win: 16[0m
[0;32mI (1649) wifi_init: accept mbox: 6[0m
[0;32mI (1652) wifi_init: tcpip mbox: 32[0m
[0;32mI (1655) wifi_init: udp mbox: 6[0m
[0;32mI (1658) wifi_init: tcp mbox: 6[0m
[0;32mI (1661) wifi_init: tcp tx win: 5760[0m
[0;32mI (1664) wifi_init: tcp rx win: 5760[0m
[0;32mI (1667) wifi_init: tcp mss: 1440[0m
[0;32mI (1670) wifi_init: WiFi/LWIP prefer SPIRAM[0m
[0;32mI (1674) wifi_init: WiFi IRAM OP enabled[0m
[0;32mI (1678) wifi_init: WiFi RX IRAM OP enabled[0m
[0;32mI (1682) BLE_INIT: Feature Config, ADV:1, BLE_50:1, DTM:1, SCAN:1, CCA:0, SMP:1, CONNECT:1[0m
Wi-Fi event handler registered.
[0;32mI (1693) phy_init: phy_version 701,f4f1da3a,Mar  3 2025,15:50:10[0m
[0;32mI (1731) wifi:mode : null[0m
[0;32mI (1732) BLE_INIT: Bluetooth MAC: 10:20:ba:01:48:aa[0m
[0;32mI (1747) BLE_SERVER: REGISTER_APP_EVT, status 0, app_id 0[0m
[0;33mW (1747) BT_BTM: BTM_BleWriteAdvData, Partial data write into ADV[0m
[0;33mW (1748) BT_BTM: BTM_BleWriteScanRsp, Partial data write into ADV[0m
[0;32mI (1753) BLE_SERVER: CREATE_SERVICE_EVT, status 0,  service_handle 40[0m
[0;32mI (1761) BLE_SERVER: Advertising started successfully[0m
[0;32mI (1763) BLE_SERVER: ADD_CHAR_EVT, status 0,  attr_handle 42, service_handle 40[0m
[0;32mI (1770) BLE_SERVER: ***** BLE GATT SERVER STARTED *****[0m
[0;32mI (1775) BLE_SERVER: ***** WAITING FOR CLIENT CONNECTION *****[0m
[0;32mI (1781) main_task: Returned from app_main()[0m
[0;32mI (1781) MQTT_BACKUP: MQTT Retry Publish Task started[0m
[0;32mI (33656) wifi:flush txq[0m
[0;32mI (33656) wifi:stop sw txq[0m
[0;32mI (33656) wifi:lmac stop hw txq[0m
STA:STA 
[0;32mI (33659) wifi:mode : sta (10:20:ba:01:48:a8)[0m
[0;32mI (33659) wifi:enable tsf[0m
[0;32mI (38570) wifi_scan: Max AP number ap_info can hold = 20[0m
[0;32mI (38570) wifi_scan: Total APs scanned = 17, actual AP number ap_info holds = 17[0m
[0;32mI (38670) NVS: Have a saved wifi network in NVS[0m
[0;32mI (38676) wifi_scan: [0m
[0;32mI (38676) wifi_scan: Found saved wifi network in scan list, ssid: NamTrung[0m
[0;32mI (38676) wifi_scan: BSSID 10:5F:02:75:27:1E[0m
[0;32mI (38701) WiFi Sta: Connecting to wifi network, BSSID: 10:5F:02:75:27:1E[0m
[0;32mI (38714) wifi:flush txq[0m
[0;32mI (38714) wifi:stop sw txq[0m
[0;32mI (38715) wifi:lmac stop hw txq[0m
[0;32mI (38716) wifi:mode : sta (10:20:ba:01:48:a8)[0m
[0;32mI (38716) wifi:enable tsf[0m
[0;32mI (38719) WiFi Sta: GET: SSID:NamTrung, password:nt@14092011[0m
[0;32mI (38723) WiFi Sta: Failed to connect to the AP[0m
[0;32mI (38727) WiFi Sta: Retrying to connect to the AP[0m
[0;32mI (38728) wifi:new:<11,0>, old:<1,0>, ap:<255,255>, sta:<11,0>, prof:1, snd_ch_cfg:0x0[0m
[0;32mI (38739) wifi:state: init -> auth (0xb0)[0m
[0;32mI (38747) wifi:state: auth -> init (0x1100)[0m
[0;32mI (38748) wifi:Coexist: Wi-Fi connect fail, apply reconnect coex policy[0m

[0;32mI (38754) wifi:new:<11,0>, old:<11,0>, ap:<255,255>, sta:<11,0>, prof:1, snd_ch_cfg:0x0[0m
[0;32mI (38761) WiFi Sta: STA disconnected, reason=202[0m
[0;32mI (38765) WiFi Sta: WIFI STA_DISCONNECTED.[0m
[1;31mE (38769) mqtt_client: Client was not initialized[0m
[0;32mI (39753) WiFi Sta: Failed to connect to the AP[0m
[0;32mI (39753) WiFi Sta: Retrying to connect to the AP[0m
[0;32mI (40763) WiFi Sta: Failed to connect to the AP[0m
[0;32mI (40763) WiFi Sta: Retrying to connect to the AP[0m
[0;32mI (41773) WiFi Sta: Failed to connect to the AP[0m
[0;32mI (41773) WiFi Sta: Retrying to connect to the AP[0m
[0;32mI (42783) WiFi Sta: Failed to connect to the AP[0m
[0;32mI (42783) WiFi Sta: Retrying to connect to the AP[0m
[0;32mI (43793) WiFi Sta: Failed to connect to the AP[0m
[0;32mI (43793) WiFi Sta: Failed to connect to SSID:NamTrung, password:nt@14092011[0m
index:0
[0;32mI (47166) wifi_scan: BSSID 10:5F:02:75:1E:9A[0m
[0;32mI (47166) wifi_scan: Authmode 	WIFI_AUTH_WPA2_PSK[0m
[0;32mI (47166) wifi_scan: Pairwise Cipher 	WIFI_CIPHER_TYPE_CCMP[0m
[0;32mI (47169) wifi_scan: Group Cipher 	WIFI_CIPHER_TYPE_CCMP[0m
[1;31mE (55808) mqtt_client: Client was not initialized[0m
[1;31mE (55809) mqtt_client: Client was not initialized[0m
[0;32mI (55833) WiFi Sta: Connecting to wifi network, BSSID: 10:5F:02:75:1E:9A[0m
[0;32mI (55844) wifi:flush txq[0m
[0;32mI (55844) wifi:stop sw txq[0m
[0;32mI (55844) wifi:lmac stop hw txq[0m
[0;32mI (55845) wifi:mode : sta (10:20:ba:01:48:a8)[0m
[0;32mI (55846) wifi:enable tsf[0m
[0;32mI (55848) WiFi Sta: GET: SSID:NamTrung, password:nt@14092011[0m
[0;32mI (55852) WiFi Sta: Failed to connect to the AP[0m
[0;32mI (55856) WiFi Sta: Retrying to connect to the AP[0m
[0;32mI (56871) WiFi Sta: Failed to connect to the AP[0m
[0;32mI (56871) WiFi Sta: Retrying to connect to the AP[0m
[0;32mI (57304) wifi:new:<6,0>, old:<1,0>, ap:<255,255>, sta:<6,0>, prof:1, snd_ch_cfg:0x0[0m
[0;32mI (57304) wifi:state: init -> auth (0xb0)[0m
[0;32mI (57308) wifi:state: auth -> assoc (0x0)[0m
[0;32mI (57317) wifi:state: assoc -> run (0x10)[0m
[0;32mI (57342) wifi:connected with NamTrung, aid = 20, channel 6, BW20, bssid = 10:5f:02:75:1e:9a[0m
[0;32mI (57342) wifi:security: WPA2-PSK, phy: bgn, rssi: -51[0m
[0;32mI (57372) wifi:pm start, type: 1[0m

[0;32mI (57372) wifi:dp: 1, bi: 102400, li: 3, scale listen interval from 307200 us to 307200 us[0m
[0;32mI (57372) wifi:set rx beacon pti, rx_bcn_pti: 14, bcn_timeout: 25000, mt_pti: 14, mt_time: 10000[0m
[0;32mI (57381) WiFi Sta: Connected to SSID:NamTrung, channel:6[0m
[1;31mE (57386) mqtt_client: Client was not initialized[0m
[0;32mI (57385) wifi:AP's beacon interval = 102400 us, DTIM period = 1[0m
[0;32mI (57881) WiFi Sta: Failed to connect to the AP[0m
[0;32mI (57881) WiFi Sta: Retrying to connect to the AP[0m
[0;32mI (58417) esp_netif_handlers: sta ip: 10.10.1.52, mask: 255.255.252.0, gw: 10.10.1.1[0m
[0;32mI (58891) WiFi: Connected with IP: 10.10.1.52[0m
[0;32mI (58891) WiFi Sta: Connected to AP SSID:NamTrung, password:nt@14092011, bssid:10:5F:02:75:1E:9A[0m
[0;32mI (58897) WiFi Sta: Wi-Fi credentials saved successfully![0m
[0;32mI (58898) WiFi Sta: Saved AP SSID:NamTrung, password:nt@14092011, bssid:10:5F:02:75:1E:9A[0m
[0;32mI (59043) NVS: last index: 2[0m
[0;32mI (59043) NVS: wifi index: 0[0m
[0;32mI (63324) wifi:bcn_timeout,ap_probe_send_start[0m
index:1
[0;32mI (65332) wifi_scan: BSSID 12:5F:02:15:1E:9A[0m
[0;32mI (65332) wifi_scan: Authmode 	WIFI_AUTH_WPA2_PSK[0m
[0;32mI (65333) wifi_scan: Pairwise Cipher 	WIFI_CIPHER_TYPE_CCMP[0m
[0;32mI (65335) wifi_scan: Group Cipher 	WIFI_CIPHER_TYPE_CCMP[0m
[0;32mI (69673) wifi:bcn_timeout,ap_probe_send_start[0m
[1;31mE (75345) mqtt_client: Client was not initialized[0m
[1;31mE (75346) mqtt_client: Client was not initialized[0m
esp_wifi_disconnect 
[0;32mI (75376) wifi:state: run -> init (0x0)[0m
[0;32mI (75377) wifi:pm stop, total sleep time: 12349670 us / 18004995 us[0m

[0;32mI (75378) wifi:new:<6,0>, old:<6,0>, ap:<255,255>, sta:<6,0>, prof:1, snd_ch_cfg:0x0[0m
[0;32mI (75384) WiFi Sta: STA disconnected, reason=8[0m
[0;32mI (75388) WiFi Sta: WIFI STA_DISCONNECTED.[0m
[1;31mE (75392) mqtt_client: Client was not initialized[0m
[0;32mI (75396) WiFi Sta: Connecting to wifi network, BSSID: 12:5F:02:15:1E:9A[0m
[0;32mI (75416) wifi:flush txq[0m
[0;32mI (75416) wifi:stop sw txq[0m
[0;32mI (75416) wifi:lmac stop hw txq[0m
[0;32mI (75417) wifi:mode : sta (10:20:ba:01:48:a8)[0m
[0;32mI (75418) wifi:enable tsf[0m
[0;32mI (75421) WiFi Sta: GET: SSID:Namtrung 2.4G, password:nt@14092011[0m
[0;32mI (75425) WiFi Sta: Failed to connect to the AP[0m
[0;32mI (75429) WiFi Sta: Retrying to connect to the AP[0m
[0;32mI (76444) WiFi Sta: Failed to connect to the AP[0m
[0;32mI (76444) WiFi Sta: Retrying to connect to the AP[0m
[0;32mI (76870) wifi:new:<6,0>, old:<1,0>, ap:<255,255>, sta:<6,0>, prof:1, snd_ch_cfg:0x0[0m
[0;32mI (76871) wifi:state: init -> auth (0xb0)[0m
[0;32mI (76874) wifi:state: auth -> assoc (0x0)[0m
[0;32mI (76886) wifi:state: assoc -> run (0x10)[0m
[0;32mI (76899) wifi:connected with Namtrung 2.4G, aid = 20, channel 6, BW20, bssid = 12:5f:02:15:1e:9a[0m
[0;32mI (76899) wifi:security: WPA2-PSK, phy: bgn, rssi: -55[0m
[0;32mI (76907) wifi:pm start, type: 1[0m

[0;32mI (76908) wifi:set rx beacon pti, rx_bcn_pti: 14, bcn_timeout: 25000, mt_pti: 14, mt_time: 10000[0m
[0;32mI (76913) WiFi Sta: Connected to SSID:Namtrung 2.4G, channel:6[0m
[1;31mE (76918) mqtt_client: Client was not initialized[0m
[0;32mI (76947) wifi:AP's beacon interval = 102400 us, DTIM period = 1[0m
[0;32mI (77454) WiFi Sta: Failed to connect to the AP[0m
[0;32mI (77454) WiFi Sta: Retrying to connect to the AP[0m
[0;32mI (77955) esp_netif_handlers: sta ip: 10.10.1.52, mask: 255.255.252.0, gw: 10.10.1.1[0m
[0;32mI (78464) WiFi: Connected with IP: 10.10.1.52[0m
[0;32mI (78464) WiFi Sta: Connected to AP SSID:Namtrung 2.4G, password:nt@14092011, bssid:12:5F:02:15:1E:9A[0m
[0;32mI (78470) WiFi Sta: Wi-Fi credentials saved successfully![0m
[0;32mI (78471) WiFi Sta: Saved AP SSID:Namtrung 2.4G, password:nt@14092011, bssid:12:5F:02:15:1E:9A[0m
[0;32mI (78580) NVS: last index: 0[0m
[0;32mI (78580) NVS: wifi index: 1[0m
