Command: D:\ESP32_IDF\Espressif\python_env\idf5.5_py3.11_env\Scripts\python.exe D:\ESP32_IDF\Espressif\frameworks\esp-idf-v5.5\tools/idf_monitor.py -p COM7 -b 115200 --toolchain-prefix xtensa-esp32s3-elf- --target esp32s3 --revision 0 D:\ESP32\ESP32S3_LCD 7B_DEMO_3\ESP32-S3-Touch-LCD-7B-Demo\ESP32-S3-Touch-LCD-7B-Demo\ESP-IDF\16_LVGL_UI\build\16_LVGL_UI.elf D:\ESP32\ESP32S3_LCD 7B_DEMO_3\ESP32-S3-Touch-LCD-7B-Demo\ESP32-S3-Touch-LCD-7B-Demo\ESP-IDF\16_LVGL_UI\build\bootloader\bootloader.elf --force-color -m 'D:\ESP32_IDF\Espressif\python_env\idf5.5_py3.11_env\Scripts\python.exe' 'D:\ESP32_IDF\Espressif\frameworks\esp-idf-v5.5\tools\idf.py' '-p' 'COM7'
ESP-ROM:esp32s3-20210327
Build:Mar 27 2021
rst:0x1 (POWERON),boot:0x28 (SPI_FAST_FLASH_BOOT)
SPIWP:0xee
mode:DIO, clock div:1
load:0x3fce2820,len:0x1710
load:0x403c8700,len:0xec0
load:0x403cb700,len:0x31d4
entry 0x403c894c
[0;32mI (25) boot: ESP-IDF v5.5-dirty 2nd stage bootloader[0m
[0;32mI (25) boot: compile time Sep 18 2025 13:59:10[0m
[0;32mI (25) boot: Multicore bootloader[0m
[0;32mI (26) boot: chip revision: v0.2[0m
[0;32mI (28) boot: efuse block revision: v1.3[0m
[0;32mI (32) qio_mode: Enabling default flash chip QIO[0m
[0;32mI (36) boot.esp32s3: Boot SPI Speed : 80MHz[0m
[0;32mI (40) boot.esp32s3: SPI Mode       : QIO[0m
[0;32mI (44) boot.esp32s3: SPI Flash Size : 16MB[0m
[0;32mI (48) boot: Enabling RNG early entropy source...[0m
[0;32mI (52) boot: Partition Table:[0m
[0;32mI (55) boot: ## Label            Usage          Type ST Offset   Length[0m
[0;32mI (61) boot:  0 nvs              WiFi data        01 02 00009000 00006000[0m
[0;32mI (68) boot:  1 phy_init         RF data          01 01 0000f000 00001000[0m
[0;32mI (74) boot:  2 factory          factory app      00 00 00010000 00800000[0m
[0;32mI (81) boot: End of partition table[0m
[0;32mI (84) esp_image: segment 0: paddr=00010020 vaddr=3c130020 size=c4c6ch (805996) map[0m
[0;32mI (211) esp_image: segment 1: paddr=000d4c94 vaddr=3fca6300 size=05f94h ( 24468) load[0m
[0;32mI (215) esp_image: segment 2: paddr=000dac30 vaddr=40374000 size=053e8h ( 21480) load[0m
[0;32mI (220) esp_image: segment 3: paddr=000e0020 vaddr=42000020 size=1299bch (1219004) map[0m
[0;32mI (403) esp_image: segment 4: paddr=002099e4 vaddr=403793e8 size=1ce64h (118372) load[0m
[0;32mI (426) esp_image: segment 5: paddr=00226850 vaddr=600fe000 size=00020h (    32) load[0m
[0;32mI (439) boot: Loaded app from partition at offset 0x10000[0m
[0;32mI (440) boot: Disabling RNG early entropy source...[0m
[0;33mW (450) flash HPM: HPM mode is optional feature that depends on flash model. Read Docs First![0m
[0;33mW (450) flash HPM: HPM mode with DC adjustment is disabled. Some flash models may not be supported. Read Docs First![0m
[0;33mW (457) flash HPM: High performance mode of this flash model hasn't been supported.[0m
[0;32mI (464) MSPI Timing: Flash timing tuning index: 2[0m
[0;32mI (469) octal_psram: vendor id    : 0x0d (AP)[0m
[0;32mI (473) octal_psram: dev id       : 0x02 (generation 3)[0m
[0;32mI (478) octal_psram: density      : 0x03 (64 Mbit)[0m
[0;32mI (482) octal_psram: good-die     : 0x01 (Pass)[0m
[0;32mI (486) octal_psram: Latency      : 0x01 (Fixed)[0m
[0;32mI (491) octal_psram: VCC          : 0x01 (3V)[0m
[0;32mI (495) octal_psram: SRF          : 0x01 (Fast Refresh)[0m
[0;32mI (500) octal_psram: BurstType    : 0x01 (Hybrid Wrap)[0m
[0;32mI (505) octal_psram: BurstLen     : 0x01 (32 Byte)[0m
[0;32mI (509) octal_psram: Readlatency  : 0x02 (10 cycles@Fixed)[0m
[0;32mI (514) octal_psram: DriveStrength: 0x00 (1/1)[0m
[0;32mI (526) MSPI Timing: PSRAM timing tuning index: 2[0m
[0;32mI (527) esp_psram: Found 8MB PSRAM device[0m
[0;32mI (527) esp_psram: Speed: 120MHz[0m
[0;32mI (564) mmu_psram: Read only data copied and mapped to SPIRAM[0m
[0;32mI (627) mmu_psram: Instructions copied and mapped to SPIRAM[0m
[0;32mI (627) cpu_start: Multicore app[0m
[0;32mI (781) esp_psram: SPI SRAM memory test OK[0m
[0;32mI (789) cpu_start: Pro cpu start user code[0m
[0;32mI (789) cpu_start: cpu freq: 240000000 Hz[0m
[0;32mI (789) app_init: Application information:[0m
[0;32mI (789) app_init: Project name:     16_LVGL_UI[0m
[0;32mI (794) app_init: App version:      1[0m
[0;32mI (797) app_init: Compile time:     Sep 18 2025 13:55:49[0m
[0;32mI (802) app_init: ELF file SHA256:  5c075ef34...[0m
[0;32mI (806) app_init: ESP-IDF:          v5.5-dirty[0m
[0;32mI (810) efuse_init: Min chip rev:     v0.0[0m
[0;32mI (814) efuse_init: Max chip rev:     v0.99 [0m
[0;32mI (818) efuse_init: Chip rev:         v0.2[0m
[0;32mI (822) heap_init: Initializing. RAM available for dynamic allocation:[0m
[0;32mI (828) heap_init: At 3FCB65B8 len 00033158 (204 KiB): RAM[0m
[0;32mI (834) heap_init: At 3FCE9710 len 00005724 (21 KiB): RAM[0m
[0;32mI (839) heap_init: At 3FCF0000 len 00008000 (32 KiB): DRAM[0m
[0;32mI (844) heap_init: At 600FE020 len 00001FC8 (7 KiB): RTCRAM[0m
[0;32mI (849) esp_psram: Adding pool of 6144K of PSRAM memory to heap allocator[0m
[0;32mI (856) esp_psram: Adding pool of 44K of PSRAM memory gap generated due to end address alignment of drom to the heap allocator[0m
[0;32mI (867) spi_flash: detected chip: generic[0m
[0;32mI (871) spi_flash: flash io: qio[0m
[0;32mI (874) sleep_gpio: Configure to isolate all GPIO pins in sleep state[0m
[0;32mI (880) sleep_gpio: Enable automatic switching of GPIO sleep configuration[0m
[0;32mI (886) coexist: coex firmware version: 831ec70[0m
[0;32mI (899) coexist: coexist rom version e7ae62f[0m
[0;32mI (900) main_task: Started on CPU0[0m
[0;32mI (901) esp_psram: Reserving pool of 32K of internal memory for DMA/internal allocations[0m
[0;32mI (906) main_task: Calling app_main()[0m
[0;33mW (918) i2c.master: Please check pull-up resistances whether be connected properly. Otherwise unexpected behavior would happen. For more detailed information, please read docs[0m
[0;32mI (1325) GT911: Initialize I2C panel IO[0m
[0;32mI (1325) GT911: Initialize touch controller GT911[0m
[0;33mW (1325) GT911: Unable to initialize the I2C address[0m
[0;32mI (1327) GT911: TouchPad_ID:0x39,0x31,0x31[0m
[0;32mI (1330) GT911: TouchPad_Config_Version:91[0m
[0;32mI (1334) example: Install RGB LCD panel driver[0m
[0;32mI (1374) example: Initialize RGB LCD panel[0m
[0;32mI (1376) lv_port: Create LVGL task[0m
[0;32mI (1403) main: Display LVGL demos[0m
[0;32mI (1600) pp: pp rom version: e7ae62f[0m
[0;32mI (1601) net80211: net80211 rom version: e7ae62f[0m
[0;32mI (1601) BLE_INIT: BT controller compile version [4713a69][0m
[0;32mI (1602) wifi:wifi driver task: 3fcd6690, prio:23, stack:6656, core=0[0m
[0;32mI (1602) BLE_INIT: Feature Config, ADV:1, BLE_50:1, DTM:1, SCAN:1, CCA:0, SMP:1, CONNECT:1[0m
[0;32mI (1615) wifi:wifi firmware version: f3dbad7[0m
[0;32mI (1620) wifi:wifi certification version: v7.0[0m
[0;32mI (1624) wifi:config NVS flash: enabled[0m
[0;32mI (1628) wifi:config nano formatting: disabled[0m
[0;32mI (1632) wifi:Init data frame dynamic rx buffer num: 32[0m
[0;32mI (1637) wifi:Init static rx mgmt buffer num: 5[0m
[0;32mI (1641) wifi:Init management short buffer num: 32[0m
[0;32mI (1646) wifi:Init static tx buffer num: 16[0m
[0;32mI (1651) wifi:Init tx cache buffer num: 32[0m
[0;32mI (1654) wifi:Init static tx FG buffer num: 2[0m
[0;32mI (1658) wifi:Init static rx buffer size: 1600[0m
[0;32mI (1662) wifi:Init static rx buffer num: 16[0m
[0;32mI (1666) wifi:Init dynamic rx buffer num: 32[0m
[0;32mI (1618) BLE_INIT: Bluetooth MAC: 10:20:ba:05:9b:9e[0m
[0;32mI (1672) wifi_init: rx ba win: 16[0m
[0;32mI (1675) phy_init: phy_version 701,f4f1da3a,Mar  3 2025,15:50:10[0m
[0;32mI (1678) wifi_init: accept mbox: 6[0m
[0;32mI (1686) wifi_init: tcpip mbox: 32[0m
[0;32mI (1689) wifi_init: udp mbox: 6[0m
[0;32mI (1692) wifi_init: tcp mbox: 6[0m
[0;32mI (1695) wifi_init: tcp tx win: 5760[0m
[0;32mI (1698) wifi_init: tcp rx win: 5760[0m
[0;32mI (1702) wifi_init: tcp mss: 1440[0m
[0;32mI (1705) wifi_init: WiFi/LWIP prefer SPIRAM[0m
[0;32mI (1709) wifi_init: WiFi IRAM OP enabled[0m
[0;32mI (1712) wifi_init: WiFi RX IRAM OP enabled[0m
[0;32mI (1602) main_task: Returned from app_main()[0m
[0;32mI (1729) BLE_SERVER: REGISTER_APP_EVT, status 0, app_id 0[0m
[0;32mI (1728) BLE_SERVER: ***** BLE GATT SERVER STARTED *****[0m
[0;33mW (1729) BT_BTM: BTM_BleWriteAdvData, Partial data write into ADV[0m
[0;32mI (1730) BLE_SERVER: ***** WAITING FOR CLIENT CONNECTION *****[0m
[0;33mW (1737) BT_BTM: BTM_BleWriteScanRsp, Partial data write into ADV[0m
Wi-Fi event handler registered.
[0;32mI (1748) BLE_SERVER: CREATE_SERVICE_EVT, status 0,  service_handle 40[0m
[0;32mI (1751) wifi:mode : null[0m
[0;32mI (1761) BLE_SERVER: Advertising started successfully[0m
[0;32mI (1764) BLE_SERVER: ADD_CHAR_EVT, status 0,  attr_handle 42, service_handle 40[0m
[0;32mI (12263) wifi:flush txq[0m
[0;32mI (12263) wifi:stop sw txq[0m
[0;32mI (12263) wifi:lmac stop hw txq[0m
STA:STA 
[0;32mI (12265) wifi:mode : sta (10:20:ba:05:9b:9c)[0m
[0;32mI (12265) wifi:enable tsf[0m
[0;32mI (17176) wifi_scan: Max AP number ap_info can hold = 20[0m
[0;32mI (17176) wifi_scan: Total APs scanned = 18, actual AP number ap_info holds = 18[0m
[0;32mI (17312) NVS: cÃ³ SSID Ä‘Ã£ lÆ°u trong nvs[0m
[0;32mI (17315) wifi_scan: [0m
[0;32mI (17315) wifi_scan: Found saved wifi network in scan list, ssid: NamTrung[0m
[0;32mI (17315) wifi_scan: BSSID 10:5F:02:75:1E:9A[0m
[0;32mI (17318) wifi_scan: Saved BSSID 10:5F:02:75:1E:9A[0m
[0;32mI (17324) wifi_scan: [0m
[0;32mI (17324) wifi_scan: BSSID 12:5F:02:15:1E:9A[0m
[0;32mI (17328) wifi_scan: Not saved wifi network, ssid:Namtrung 2.4G[0m
[0;32mI (17334) wifi_scan: Saved BSSID 10:5F:02:75:1E:9A[0m
[0;32mI (17340) wifi_scan: [0m
[0;32mI (17340) wifi_scan: BSSID D4:9A:A0:AB:DA:18[0m
[0;32mI (17344) wifi_scan: Not Guru Meditation Error: Core  0 panic'ed (LoadProhibited). Exception was unhandled.[0m

Core  0 register dump:
PC      : 0x40055828  PS      : 0x00060b30  A0      : 0x8200fa25  A1      : 0x3fcd1b50  
A2      : 0x3fcd1ba0  A3      : 0x00000000  A4      : 0x0000003f  A5      : 0x0000ff00  
A6      : 0x00ff0000  A7      : 0xff000000  A8      : 0x00000000  A9      : 0x00000000  
A10     : 0x3fcd1ba0  A11     : 0x000000ff  A12     : 0x80388fc9  A13     : 0x3fcecc80  
A14     : 0x00060023  A15     : 0x00000003  SAR     : 0x00000013  EXCCAUSE: 0x0000001c  
EXCVADDR: 0x00000000  LBEG    : 0x40055825  LEND    : 0x4005583f  LCOUNT  : 0xffffffff  


Backtrace: 0x40055825:0x3fcd1b50 0x4200fa22:0x3fcd1b60 0x4200e5e5:0x3fcd1c60




ELF file SHA256: 5c075ef34

Rebooting...
ï¿½ ï¿½ESP-ROM:esp32s3-20210327
Build:Mar 27 2021
rst:0xc (RTC_SW_CPU_RST),boot:0x28 (SPI_FAST_FLASH_BOOT)
Saved PC:0x40376088
SPIWP:0xee
mode:DIO, clock div:1
load:0x3fce2820,len:0x1710
load:0x403c8700,len:0xec0
load:0x403cb700,len:0x31d4
entry 0x403c894c
[0;32mI (29) boot: ESP-IDF v5.5-dirty 2nd stage bootloader[0m
[0;32mI (29) boot: compile time Sep 18 2025 13:59:10[0m
[0;32mI (29) boot: Multicore bootloader[0m
[0;32mI (30) boot: chip revision: v0.2[0m
[0;32mI (33) boot: efuse block revision: v1.3[0m
[0;32mI (36) qio_mode: Enabling default flash chip QIO[0m
[0;32mI (40) boot.esp32s3: Boot SPI Speed : 80MHz[0m
[0;32mI (44) boot.esp32s3: SPI Mode       : QIO[0m
[0;32mI (48) boot.esp32s3: SPI Flash Size : 16MB[0m
[0;32mI (52) boot: Enabling RNG early entropy source...[0m
[0;32mI (56) boot: Partition Table:[0m
[0;32mI (59) boot: ## Label            Usage          Type ST Offset   Length[0m
[0;32mI (65) boot:  0 nvs              WiFi data        01 02 00009000 00006000[0m
[0;32mI (72) boot:  1 phy_init         RF data          01 01 0000f000 00001000[0m
[0;32mI (78) boot:  2 factory          factory app      00 00 00010000 00800000[0m
[0;32mI (85) boot: End of partition table[0m
[0;32mI (88) esp_image: segment 0: paddr=00010020 vaddr=3c130020 size=c4c6ch (805996) map[0m
[0;32mI (215) esp_image: segment 1: paddr=000d4c94 vaddr=3fca6300 size=05f94h ( 24468) load[0m
[0;32mI (220) esp_image: segment 2: paddr=000dac30 vaddr=40374000 size=053e8h ( 21480) load[0m
[0;32mI (224) esp_image: segment 3: paddr=000e0020 vaddr=42000020 size=1299bch (1219004) map[0m
[0;32mI (408) esp_image: segment 4: paddr=002099e4 vaddr=403793e8 size=1ce64h (118372) load[0m
[0;32mI (430) esp_image: segment 5: paddr=00226850 vaddr=600fe000 size=00020h (    32) load[0m
[0;32mI (444) boot: Loaded app from partition at offset 0x10000[0m
[0;32mI (444) boot: Disabling RNG early entropy source...[0m
[0;33mW (454) flash HPM: HPM mode is optional feature that depends on flash model. Read Docs First![0m
[0;33mW (454) flash HPM: HPM mode with DC adjustment is disabled. Some flash models may not be supported. Read Docs First![0m
[0;33mW (461) flash HPM: High performance mode of this flash model hasn't been supported.[0m
[0;32mI (469) MSPI Timing: Flash timing tuning index: 2[0m
[0;32mI (473) octal_psram: vendor id    : 0x0d (AP)[0m
[0;32mI (477) octal_psram: dev id       : 0x02 (generation 3)[0m
[0;32mI (482) octal_psram: density      : 0x03 (64 Mbit)[0m
[0;32mI (486) octal_psram: good-die     : 0x01 (Pass)[0m
[0;32mI (491) octal_psram: Latency      : 0x01 (Fixed)[0m
[0;32mI (495) octal_psram: VCC          : 0x01 (3V)[0m
[0;32mI (499) octal_psram: SRF          : 0x01 (Fast Refresh)[0m
[0;32mI (504) octal_psram: BurstType    : 0x01 (Hybrid Wrap)[0m
[0;32mI (509) octal_psram: BurstLen     : 0x01 (32 Byte)[0m
[0;32mI (513) octal_psram: Readlatency  : 0x02 (10 cycles@Fixed)[0m
[0;32mI (519) octal_psram: DriveStrength: 0x00 (1/1)[0m
[0;32mI (531) MSPI Timing: PSRAM timing tuning index: 2[0m
[0;32mI (531) esp_psram: Found 8MB PSRAM device[0m
[0;32mI (531) esp_psram: Speed: 120MHz[0m
[0;32mI (568) mmu_psram: Read only data copied and mapped to SPIRAM[0m
[0;32mI (631) mmu_psram: Instructions copied and mapped to SPIRAM[0m
[0;32mI (631) cpu_start: Multicore app[0m
[0;32mI (785) esp_psram: SPI SRAM memory test OK[0m
[0;32mI (793) cpu_start: Pro cpu start user code[0m
[0;32mI (793) cpu_start: cpu freq: 240000000 Hz[0m
[0;32mI (794) app_init: Application information:[0m
[0;32mI (794) app_init: Project name:     16_LVGL_UI[0m
[0;32mI (798) app_init: App version:      1[0m
[0;32mI (801) app_init: Compile time:     Sep 18 2025 13:55:49[0m
[0;32mI (806) app_init: ELF file SHA256:  5c075ef34...[0m
[0;32mI (811) app_init: ESP-IDF:          v5.5-dirty[0m
[0;32mI (815) efuse_init: Min chip rev:     v0.0[0m
[0;32mI (818) efuse_init: Max chip rev:     v0.99 [0m
[0;32mI (822) efuse_init: Chip rev:         v0.2[0m
[0;32mI (826) heap_init: Initializing. RAM available for dynamic allocation:[0m
[0;32mI (833) heap_init: At 3FCB65B8 len 00033158 (204 KiB): RAM[0m
[0;32mI (838) heap_init: At 3FCE9710 len 00005724 (21 KiB): RAM[0m
[0;32mI (843) heap_init: At 3FCF0000 len 00008000 (32 KiB): DRAM[0m
[0;32mI (848) heap_init: At 600FE020 len 00001FC8 (7 KiB): RTCRAM[0m
[0;32mI (853) esp_psram: Adding pool of 6144K of PSRAM memory to heap allocator[0m
[0;32mI (860) esp_psram: Adding pool of 44K of PSRAM memory gap generated due to end address alignment of drom to the heap allocator[0m
[0;32mI (871) spi_flash: detected chip: generic[0m
[0;32mI (875) spi_flash: flash io: qio[0m
[0;32mI (878) sleep_gpio: Configure to isolate all GPIO pins in sleep state[0m
[0;32mI (884) sleep_gpio: Enable automatic switching of GPIO sleep configuration[0m
[0;32mI (891) coexist: coex firmware version: 831ec70[0m
[0;32mI (903) coexist: coexist rom version e7ae62f[0m
[0;32mI (904) main_task: Started on CPU0[0m
[0;32mI (905) esp_psram: Reserving pool of 32K of internal memory for DMA/internal allocations[0m
[0;32mI (910) main_task: Calling app_main()[0m
[0;33mW (922) i2c.master: Please check pull-up resistances whether be connected properly. Otherwise unexpected behavior would happen. For more detailed information, please read docs[0m
[0;32mI (1329) GT911: Initialize I2C panel IO[0m
[0;32mI (1329) GT911: Initialize touch controller GT911[0m
[0;33mW (1329) GT911: Unable to initialize the I2C address[0m
[0;32mI (1331) GT911: TouchPad_ID:0x39,0x31,0x31[0m
[0;32mI (1334) GT911: TouchPad_Config_Version:91[0m
[0;32mI (1338) example: Install RGB LCD panel driver[0m
[0;32mI (1378) example: Initialize RGB LCD panel[0m
[0;32mI (1380) lv_port: Create LVGL task[0m
[0;32mI (1407) main: Display LVGL demos[0m
[0;32mI (1604) pp: pp rom version: e7ae62f[0m
[0;32mI (1605) net80211: net80211 rom version: e7ae62f[0m
[0;32mI (1605) BLE_INIT: BT controller compile version [4713a69][0m
[0;32mI (1606) wifi:wifi driver task: 3fcd6690, prio:23, stack:6656, core=0[0m
[0;32mI (1606) BLE_INIT: Feature Config, ADV:1, BLE_50:1, DTM:1, SCAN:1, CCA:0, SMP:1, CONNECT:1[0m
[0;32mI (1619) wifi:wifi firmware version: f3dbad7[0m
[0;32mI (1624) wifi:wifi certification version: v7.0[0m
[0;32mI (1628) wifi:config NVS flash: enabled[0m
[0;32mI (1632) wifi:config nano formatting: disabled[0m
[0;32mI (1636) wifi:Init data frame dynamic rx buffer num: 32[0m
[0;32mI (1641) wifi:Init static rx mgmt buffer num: 5[0m
[0;32mI (1645) wifi:Init management short buffer num: 32[0m
[0;32mI (1650) wifi:Init static tx buffer num: 16[0m
[0;32mI (1655) wifi:Init tx cache buffer num: 32[0m
[0;32mI (1658) wifi:Init static tx FG buffer num: 2[0m
[0;32mI (1662) wifi:Init static rx buffer size: 1600[0m
[0;32mI (1666) wifi:Init static rx buffer num: 16[0m
[0;32mI (1670) wifi:Init dynamic rx buffer num: 32[0m
[0;32mI (1622) BLE_INIT: Bluetooth MAC: 10:20:ba:05:9b:9e[0m
[0;32mI (1676) wifi_init: rx ba win: 16[0m
[0;32mI (1679) phy_init: phy_version 701,f4f1da3a,Mar  3 2025,15:50:10[0m
[0;32mI (1682) wifi_init: accept mbox: 6[0m
[0;32mI (1690) wifi_init: tcpip mbox: 32[0m
[0;32mI (1693) wifi_init: udp mbox: 6[0m
[0;32mI (1696) wifi_init: tcp mbox: 6[0m
[0;32mI (1699) wifi_init: tcp tx win: 5760[0m
[0;32mI (1702) wifi_init: tcp rx win: 5760[0m
[0;32mI (1706) wifi_init: tcp mss: 1440[0m
[0;32mI (1709) wifi_init: WiFi/LWIP prefer SPIRAM[0m
[0;32mI (1713) wifi_init: WiFi IRAM OP enabled[0m
[0;32mI (1716) wifi_init: WiFi RX IRAM OP enabled[0m
[0;32mI (1606) main_task: Returned from app_main()[0m
[0;32mI (1732) BLE_SERVER: REGISTER_APP_EVT, status 0, app_id 0[0m
[0;32mI (1731) BLE_SERVER: ***** BLE GATT SERVER STARTED *****[0m
[0;33mW (1732) BT_BTM: BTM_BleWriteAdvData, Partial data write into ADV[0m
[0;32mI (1734) BLE_SERVER: ***** WAITING FOR CLIENT CONNECTION *****[0m
[0;33mW (1741) BT_BTM: BTM_BleWriteScanRsp, Partial data write into ADV[0m
Wi-Fi event handler registered.
[0;32mI (1752) BLE_SERVER: CREATE_SERVICE_EVT, status 0,  service_handle 40[0m
[0;32mI (1755) wifi:mode : null[0m
[0;32mI (1765) BLE_SERVER: Advertising started successfully[0m
[0;32mI (1768) BLE_SERVER: ADD_CHAR_EVT, status 0,  attr_handle 42, service_handle 40[0m
