Command: D:\ESP32_IDF\Espressif\python_env\idf5.5_py3.11_env\Scripts\python.exe D:\ESP32_IDF\Espressif\frameworks\esp-idf-v5.5\tools/idf_monitor.py -p COM10 -b 115200 --toolchain-prefix xtensa-esp32s3-elf- --target esp32s3 --revision 0 D:\ESP32\ESP32S3_LCD 7B_DEMO_3\ESP32-S3-Touch-LCD-7B-Demo\ESP32-S3-Touch-LCD-7B-Demo\ESP-IDF\16_LVGL_UI\build\16_LVGL_UI.elf D:\ESP32\ESP32S3_LCD 7B_DEMO_3\ESP32-S3-Touch-LCD-7B-Demo\ESP32-S3-Touch-LCD-7B-Demo\ESP-IDF\16_LVGL_UI\build\bootloader\bootloader.elf --force-color -m 'D:\ESP32_IDF\Espressif\python_env\idf5.5_py3.11_env\Scripts\python.exe' 'D:\ESP32_IDF\Espressif\frameworks\esp-idf-v5.5\tools\idf.py' '-p' 'COM10'
ESP-ROM:esp32s3-20210327
Build:Mar 27 2021
rst:0x1 (POWERON),boot:0x29 (SPI_FAST_FLASH_BOOT)
SPIWP:0xee
mode:DIO, clock div:1
load:0x3fce2820,len:0x1710
load:0x403c8700,len:0xec0
load:0x403cb700,len:0x31d4
entry 0x403c894c
[0;32mI (25) boot: ESP-IDF v5.5-dirty 2nd stage bootloader[0m
[0;32mI (25) boot: compile time Oct  8 2025 11:43:15[0m
[0;32mI (25) boot: Multicore bootloader[0m
[0;32mI (26) boot: chip revision: v0.2[0m
[0;32mI (28) boot: efuse block revision: v1.3[0m
[0;32mI (32) qio_mode: Enabling default flash chip QIO[0m
[0;32mI (36) boot.esp32s3: Boot SPI Speed : 80MHz[0m
[0;32mI (40) boot.esp32s3: SPI Mode       : QIO[0m
[0;32mI (44) boot.esp32s3: SPI Flash Size : 16MB[0m
[0;32mI (48) boot: Enabling RNG early entropy source...[0m
[0;32mI (52) boot: Partition Table:[0m
[0;32mI (55) boot: ## Label            Usage          Type ST Offset   Length[0m
[0;32mI (61) boot:  0 nvs              WiFi data        01 02 00009000 00006000[0m
[0;32mI (68) boot:  1 phy_init         RF data          01 01 0000f000 00001000[0m
[0;32mI (74) boot:  2 factory          factory app      00 00 00010000 00800000[0m
[0;32mI (81) boot: End of partition table[0m
[0;32mI (84) esp_image: segment 0: paddr=00010020 vaddr=3c150020 size=e34cch (931020) map[0m
[0;32mI (229) esp_image: segment 1: paddr=000f34f4 vaddr=3fca6400 size=05fc4h ( 24516) load[0m
[0;32mI (234) esp_image: segment 2: paddr=000f94c0 vaddr=40374000 size=06b58h ( 27480) load[0m
[0;32mI (240) esp_image: segment 3: paddr=00100020 vaddr=42000020 size=144d18h (1330456) map[0m
[0;32mI (438) esp_image: segment 4: paddr=00244d40 vaddr=4037ab58 size=1b7b4h (112564) load[0m
[0;32mI (460) esp_image: segment 5: paddr=002604fc vaddr=600fe000 size=00020h (    32) load[0m
[0;32mI (473) boot: Loaded app from partition at offset 0x10000[0m
[0;32mI (473) boot: Disabling RNG early entropy source...[0m
[0;33mW (483) flash HPM: HPM mode is optional feature that depends on flash model. Read Docs First![0m
[0;33mW (484) flash HPM: HPM mode with DC adjustment is disabled. Some flash models may not be supported. Read Docs First![0m
[0;33mW (491) flash HPM: High performance mode of this flash model hasn't been supported.[0m
[0;32mI (498) MSPI Timing: Flash timing tuning index: 2[0m
[0;32mI (503) octal_psram: vendor id    : 0x0d (AP)[0m
[0;32mI (506) octal_psram: dev id       : 0x02 (generation 3)[0m
[0;32mI (511) octal_psram: density      : 0x03 (64 Mbit)[0m
[0;32mI (516) octal_psram: good-die     : 0x01 (Pass)[0m
[0;32mI (520) octal_psram: Latency      : 0x01 (Fixed)[0m
[0;32mI (525) octal_psram: VCC          : 0x01 (3V)[0m
[0;32mI (529) octal_psram: SRF          : 0x01 (Fast Refresh)[0m
[0;32mI (534) octal_psram: BurstType    : 0x01 (Hybrid Wrap)[0m
[0;32mI (538) octal_psram: BurstLen     : 0x01 (32 Byte)[0m
[0;32mI (543) octal_psram: Readlatency  : 0x02 (10 cycles@Fixed)[0m
[0;32mI (548) octal_psram: DriveStrength: 0x00 (1/1)[0m
[0;32mI (560) MSPI Timing: PSRAM timing tuning index: 2[0m
[0;32mI (560) esp_psram: Found 8MB PSRAM device[0m
[0;32mI (561) esp_psram: Speed: 120MHz[0m
[0;32mI (603) mmu_psram: Read only data copied and mapped to SPIRAM[0m
[0;32mI (672) mmu_psram: Instructions copied and mapped to SPIRAM[0m
[0;32mI (673) cpu_start: Multicore app[0m
[0;32mI (820) esp_psram: SPI SRAM memory test OK[0m
[0;32mI (828) cpu_start: Pro cpu start user code[0m
[0;32mI (828) cpu_start: cpu freq: 240000000 Hz[0m
[0;32mI (828) app_init: Application information:[0m
[0;32mI (829) app_init: Project name:     16_LVGL_UI[0m
[0;32mI (833) app_init: App version:      d0f7808-dirty[0m
[0;32mI (837) app_init: Compile time:     Oct 16 2025 15:55:00[0m
[0;32mI (842) app_init: ELF file SHA256:  4e5ebaf48...[0m
[0;32mI (846) app_init: ESP-IDF:          v5.5-dirty[0m
[0;32mI (851) efuse_init: Min chip rev:     v0.0[0m
[0;32mI (854) efuse_init: Max chip rev:     v0.99 [0m
[0;32mI (858) efuse_init: Chip rev:         v0.2[0m
[0;32mI (862) heap_init: Initializing. RAM available for dynamic allocation:[0m
[0;32mI (869) heap_init: At 3FCB6D98 len 00032978 (202 KiB): RAM[0m
[0;32mI (874) heap_init: At 3FCE9710 len 00005724 (21 KiB): RAM[0m
[0;32mI (879) heap_init: At 3FCF0000 len 00008000 (32 KiB): DRAM[0m
[0;32mI (884) heap_init: At 600FE020 len 00001FC8 (7 KiB): RTCRAM[0m
[0;32mI (889) esp_psram: Adding pool of 5888K of PSRAM memory to heap allocator[0m
[0;32mI (896) esp_psram: Adding pool of 50K of PSRAM memory gap generated due to end address alignment of drom to the heap allocator[0m
[0;32mI (907) spi_flash: detected chip: generic[0m
[0;32mI (911) spi_flash: flash io: qio[0m
[0;32mI (914) sleep_gpio: Configure to isolate all GPIO pins in sleep state[0m
[0;32mI (920) sleep_gpio: Enable automatic switching of GPIO sleep configuration[0m
[0;32mI (927) coexist: coex firmware version: 831ec70[0m
[0;32mI (939) coexist: coexist rom version e7ae62f[0m
[0;32mI (940) main_task: Started on CPU0[0m
[0;32mI (941) esp_psram: Reserving pool of 32K of internal memory for DMA/internal allocations[0m
[0;32mI (946) main_task: Calling app_main()[0m
[0;32mI (949) PSRAM: Total heap: 6294352[0m
[0;32mI (952) PSRAM: Free PSRAM: 6046013[0m
[0;33mW (965) i2c.master: Please check pull-up resistances whether be connected properly. Otherwise unexpected behavior would happen. For more detailed information, please read docs[0m
[0;32mI (1371) GT911: Initialize I2C panel IO[0m
[0;32mI (1371) GT911: Initialize touch controller GT911[0m
[0;33mW (1371) GT911: Unable to initialize the I2C address[0m
[0;32mI (1373) GT911: TouchPad_ID:0x39,0x31,0x31[0m
[0;32mI (1376) GT911: TouchPad_Config_Version:91[0m
[0;32mI (1380) example: Install RGB LCD panel driver[0m
[0;32mI (1420) example: Initialize RGB LCD panel[0m
[0;32mI (1422) lv_port: Create LVGL task[0m
[0;32mI (1449) main: Display LVGL demos[0m
[0;32mI (1608) pp: pp rom version: e7ae62f[0m
[0;32mI (1608) net80211: net80211 rom version: e7ae62f[0m
[0;32mI (1609) BLE_INIT: BT controller compile version [4713a69][0m
[0;32mI (1610) wifi:wifi driver task: 3fcd7498, prio:23, stack:6656, core=0[0m
[0;32mI (1623) wifi:wifi firmware version: f3dbad7[0m
[0;32mI (1623) wifi:wifi certification version: v7.0[0m
[0;32mI (1624) wifi:config NVS flash: enabled[0m
[0;32mI (1628) wifi:config nano formatting: disabled[0m
[0;32mI (1632) wifi:Init data frame dynamic rx buffer num: 32[0m
[0;32mI (1637) wifi:Init static rx mgmt buffer num: 5[0m
[0;32mI (1641) wifi:Init management short buffer num: 32[0m
[0;32mI (1646) wifi:Init static tx buffer num: 16[0m
[0;32mI (1651) wifi:Init tx cache buffer num: 32[0m
[0;32mI (1654) wifi:Init static tx FG buffer num: 2[0m
[0;32mI (1658) wifi:Init static rx buffer size: 1600[0m
[0;32mI (1662) wifi:Init static rx buffer num: 16[0m
[0;32mI (1666) wifi:Init dynamic rx buffer num: 32[0m
[0;32mI (1671) wifi_init: rx ba win: 16[0m
[0;32mI (1673) wifi_init: accept mbox: 6[0m
[0;32mI (1676) wifi_init: tcpip mbox: 32[0m
[0;32mI (1679) wifi_init: udp mbox: 6[0m
[0;32mI (1682) wifi_init: tcp mbox: 6[0m
[0;32mI (1685) wifi_init: tcp tx win: 5760[0m
[0;32mI (1688) wifi_init: tcp rx win: 5760[0m
[0;32mI (1691) wifi_init: tcp mss: 1440[0m
[0;32mI (1694) wifi_init: WiFi/LWIP prefer SPIRAM[0m
[0;32mI (1698) wifi_init: WiFi IRAM OP enabled[0m
[0;32mI (1702) wifi_init: WiFi RX IRAM OP enabled[0m
Wi-Fi event handler registered.
[0;32mI (1709) phy_init: phy_version 701,f4f1da3a,Mar  3 2025,15:50:10[0m
[0;32mI (1745) phy_init: Saving new calibration data due to checksum failure or outdated calibration data, mode(0)[0m
[0;32mI (1746) BLE_INIT: Feature Config, ADV:1, BLE_50:1, DTM:1, SCAN:1, CCA:0, SMP:1, CONNECT:1[0m
[0;32mI (1753) wifi:mode : null[0m
[0;32mI (1755) BLE_INIT: Bluetooth MAC: 10:20:ba:01:48:aa[0m
[0;32mI (1773) BLE_SERVER: REGISTER_APP_EVT, status 0, app_id 0[0m
[0;33mW (1773) BT_BTM: BTM_BleWriteAdvData, Partial data write into ADV[0m
[0;33mW (1774) BT_BTM: BTM_BleWriteScanRsp, Partial data write into ADV[0m
[0;32mI (1779) BLE_SERVER: CREATE_SERVICE_EVT, status 0,  service_handle 40[0m
[0;32mI (1787) BLE_SERVER: Advertising started successfully[0m
[0;32mI (1790) BLE_SERVER: ADD_CHAR_EVT, status 0,  attr_handle 42, service_handle 40[0m
[0;32mI (1797) BLE_SERVER: ***** BLE GATT SERVER STARTED *****[0m
[0;32mI (1802) BLE_SERVER: ***** WAITING FOR CLIENT CONNECTION *****[0m
[0;32mI (1808) MQTT: Other event id:7[0m
[1;31mE (1811) esp-tls: [sock=54] connect() error: Host is unreachable[0m
[1;31mE (1816) transport_base: Failed to open a new connection: 32772[0m
[1;31mE (1822) mqtt_client: Error transport connect[0m
[0;32mI (1826) MQTT: MQTT_EVENT_ERROR[0m
[0;32mI (1828) MQTT: Last error code reported from esp-tls: 0x8004[0m
[0;32mI (1834) MQTT: Last tls stack error number: 0x0[0m
[0;32mI (1838) MQTT: Last captured errno : 0 (Success)[0m
[0;32mI (1842) MQTT: MQTT_EVENT_DISCONNECTED[0m
[0;33mW (1846) RSSI: Not connected to any AP[0m
[0;32mI (1846) MQTT_BACKUP: MQTT Retry Publish Task started[0m
[0;32mI (1846) main_task: Returned from app_main()[0m
[0;33mW (3864) RSSI: Not connected to any AP[0m
[0;32mI (5710) wifi:flush txq[0m
[0;32mI (5710) wifi:stop sw txq[0m
[0;32mI (5710) wifi:lmac stop hw txq[0m
STA:STA 
[0;32mI (5713) wifi:mode : sta (10:20:ba:01:48:a8)[0m
[0;32mI (5713) wifi:enable tsf[0m
[0;33mW (5864) wifi:Haven't to connect to a suitable AP now![0m
[0;33mW (5864) RSSI: Not connected to any AP[0m
[0;33mW (7869) wifi:Haven't to connect to a suitable AP now![0m
[0;33mW (7869) RSSI: Not connected to any AP[0m
[0;33mW (9886) wifi:Haven't to connect to a suitable AP now![0m
[0;33mW (9886) RSSI: Not connected to any AP[0m
[0;32mI (10622) wifi_scan: Max AP number ap_info can hold = 20[0m
[0;32mI (10622) wifi_scan: Total APs scanned = 12, actual AP number ap_info holds = 12[0m
[0;32mI (10725) NVS: Have a saved wifi network in NVS[0m
[0;32mI (10731) wifi_scan: [0m
[0;32mI (10731) wifi_scan: Found saved wifi network in scan list, ssid: NamTrung[0m
[0;32mI (10731) wifi_scan: BSSID 10:5F:02:75:1E:9A[0m
[0;32mI (10753) WiFi Sta: Connecting to wifi network, BSSID: 10:5F:02:75:1E:9A[0m
[0;32mI (10754) wifi:flush txq[0m
[0;32mI (10754) wifi:stop sw txq[0m
[0;32mI (10754) wifi:lmac stop hw txq[0m
[0;32mI (10757) wifi:mode : sta (10:20:ba:01:48:a8)[0m
[0;32mI (10760) wifi:enable tsf[0m
[0;33mW (10763) wifi:m f probe req l=0[0m

[0;32mI (10765) WiFi Sta: GET: SSID:NamTrung, password:nt@14092011[0m
[0;32mI (10830) wifi:new:<6,0>, old:<1,0>, ap:<255,255>, sta:<6,0>, prof:1, snd_ch_cfg:0x0[0m
[0;32mI (10831) wifi:state: init -> auth (0xb0)[0m
[0;33mW (10831) wifi:m f auth[0m

[0;32mI (11271) WiFi Sta: Failed to connect to the AP[0m
[0;32mI (11271) WiFi Sta: Retrying to connect to the AP[0m
[0;32mI (11833) wifi:state: auth -> init (0x200)[0m
[0;32mI (11834) wifi:Coexist: Wi-Fi connect fail, apply reconnect coex policy[0m

[0;32mI (11834) wifi:new:<6,0>, old:<6,0>, ap:<255,255>, sta:<6,0>, prof:1, snd_ch_cfg:0x0[0m
[0;32mI (11840) WiFi Sta: STA disconnected, reason=2[0m
[0;32mI (11844) WiFi Sta: WIFI STA_DISCONNECTED.[0m
[0;32mI (11846) MQTT: Other event id:7[0m
[1;31mE (11851) esp-tls: [sock=54] connect() error: Host is unreachable[0m
[1;31mE (11857) transport_base: Failed to open a new connection: 32772[0m
[1;31mE (11862) mqtt_client: Error transport connect[0m
[0;32mI (11866) MQTT: MQTT_EVENT_ERROR[0m
[0;32mI (11869) MQTT: Last error code reported from esp-tls: 0x8004[0m
[0;32mI (11875) MQTT: Last tls stack error number: 0x0[0m
[0;32mI (11879) MQTT: Last captured errno : 0 (Success)[0m
[0;32mI (11884) MQTT: MQTT_EVENT_DISCONNECTED[0m
[0;33mW (11886) wifi:Haven't to connect to a suitable AP now![0m
[0;33mW (11892) RSSI: Not connected to any AP[0m
[0;32mI (12046) MQTT_MANAGER: Stopping MQTT safely...[0m
[0;32mI (12046) mqtt_client: Client asked to disconnect[0m
[0;32mI (12781) WiFi Sta: Failed to connect to the AP[0m
[0;32mI (12781) WiFi Sta: Retrying to connect to the AP[0m
[0;33mW (13896) wifi:Haven't to connect to a suitable AP now![0m
[0;33mW (13896) RSSI: Not connected to any AP[0m
[0;32mI (14291) WiFi Sta: Failed to connect to the AP[0m
[0;32mI (14291) WiFi Sta: Retrying to connect to the AP[0m
[0;32mI (15801) WiFi Sta: Failed to connect to the AP[0m
[0;32mI (15801) WiFi Sta: Retrying to connect to the AP[0m
[0;33mW (15896) wifi:Haven't to connect to a suitable AP now![0m
[0;33mW (15896) RSSI: Not connected to any AP[0m
[0;32mI (16655) wifi:Coexist: Wi-Fi connect fail, apply reconnect coex policy[0m

[0;32mI (16655) WiFi Sta: STA disconnected, reason=205[0m
[0;32mI (16656) WiFi Sta: WIFI STA_DISCONNECTED.[0m
[0;32mI (16682) wifi:new:<6,0>, old:<6,0>, ap:<255,255>, sta:<6,0>, prof:1, snd_ch_cfg:0x0[0m
[0;32mI (16683) wifi:state: init -> auth (0xb0)[0m
[0;32mI (16687) wifi:state: auth -> assoc (0x0)[0m
[0;32mI (16696) wifi:state: assoc -> run (0x10)[0m
[0;32mI (16717) wifi:connected with NamTrung, aid = 22, channel 6, BW20, bssid = 10:5f:02:75:1e:9a[0m
[0;32mI (16717) wifi:security: WPA2-PSK, phy: bgn, rssi: -66[0m
[0;32mI (16720) wifi:pm start, type: 1[0m

[0;32mI (16722) wifi:dp: 1, bi: 102400, li: 3, scale listen interval from 307200 us to 307200 us[0m
[0;32mI (16730) wifi:set rx beacon pti, rx_bcn_pti: 14, bcn_timeout: 25000, mt_pti: 14, mt_time: 10000[0m
[0;32mI (16739) WiFi Sta: Connected to SSID:NamTrung, channel:6[0m
[0;32mI (16763) wifi:AP's beacon interval = 102400 us, DTIM period = 1[0m
[0;32mI (16887) MQTT_MANAGER: MQTT stopped.[0m
[0;32mI (17087) MQTT_MANAGER: Stopping MQTT safely...[0m
[0;32mI (17087) mqtt_client: Client asked to disconnect[0m
[0;33mW (17087) mqtt_client: Client asked to stop, but was not started[0m
[0;32mI (17090) MQTT_MANAGER: MQTT stopped.[0m
[0;32mI (17311) WiFi Sta: Failed to connect to the AP[0m
[0;32mI (17311) WiFi Sta: Retrying to connect to the AP[0m
[0;32mI (17894) esp_netif_handlers: sta ip: 10.10.1.93, mask: 255.255.252.0, gw: 10.10.1.1[0m
[0;32mI (18821) WiFi: Connected with IP: 10.10.1.93[0m
[0;32mI (18821) WiFi Sta: Connected to AP SSID:NamTrung, password:nt@14092011, bssid:10:5F:02:75:1E:9A[0m
[0;32mI (18893) MQTT_MANAGER: Starting MQTT safely...[0m
[0;32mI (18893) MQTT_MANAGER: MQTT started.[0m
[0;32mI (18893) MQTT: Other event id:7[0m
[0;32mI (18921) NVS: last index: 2[0m
[0;32mI (18921) NVS: wifi index: 2[0m
[0;32mI (20360) wifi:<ba-add>idx:0 (ifx:0, 10:5f:02:75:1e:9a), tid:7, ssn:8, winSize:64[0m
[0;32mI (20370) wifi:<ba-add>idx:1 (ifx:0, 10:5f:02:75:1e:9a), tid:0, ssn:1, winSize:64[0m
[0;32mI (20381) MQTT: MQTT_EVENT_CONNECTED[0m
[0;32mI (20381) MQTT_BACKUP: Triggered MQTT retry task[0m
[0;32mI (20381) MQTT_BACKUP: Semaphore received, starting MQTT retry process[0m
[0;32mI (20385) MQTT_BACKUP: No backup messages to send[0m
[0;32mI (21846) MQTT_BACKUP: Send heartbeat every 2s[0m
[0;32mI (21898) MQTT: MQTT_EVENT_PUBLISHED, msg_id=18510[0m
[0;32mI (22311) Feedback: diem danh gia: 1[0m

[0;32mI (22312) MQTT: Message sent successfully, msg_id=0[0m
[0;32mI (22703) wifi:bcn_timeout,ap_probe_send_start[0m
[0;32mI (23847) MQTT_BACKUP: Send heartbeat every 2s[0m
[0;32mI (23852) MQTT: MQTT_EVENT_PUBLISHED, msg_id=64918[0m
[0;32mI (23949) Feedback: diem danh gia: 1[0m

[0;32mI (23951) MQTT: Message sent successfully, msg_id=0[0m
[0;32mI (25848) MQTT_BACKUP: Send heartbeat every 2s[0m
[0;32mI (25874) MQTT: MQTT_EVENT_PUBLISHED, msg_id=54195[0m
[0;32mI (27849) MQTT_BACKUP: Send heartbeat every 2s[0m
[0;32mI (27854) MQTT: MQTT_EVENT_PUBLISHED, msg_id=20380[0m
[0;32mI (28746) wifi:bcn_timeout,ap_probe_send_start[0m
