Command: D:\ESP32_IDF\Espressif\python_env\idf5.5_py3.11_env\Scripts\python.exe D:\ESP32_IDF\Espressif\frameworks\esp-idf-v5.5\tools/idf_monitor.py -p COM10 -b 115200 --toolchain-prefix xtensa-esp32s3-elf- --target esp32s3 --revision 0 D:\ESP32\ESP32S3_LCD 7B_DEMO_3\ESP32-S3-Touch-LCD-7B-Demo\ESP32-S3-Touch-LCD-7B-Demo\ESP-IDF\16_LVGL_UI\build\16_LVGL_UI.elf D:\ESP32\ESP32S3_LCD 7B_DEMO_3\ESP32-S3-Touch-LCD-7B-Demo\ESP32-S3-Touch-LCD-7B-Demo\ESP-IDF\16_LVGL_UI\build\bootloader\bootloader.elf --force-color -m 'D:\ESP32_IDF\Espressif\python_env\idf5.5_py3.11_env\Scripts\python.exe' 'D:\ESP32_IDF\Espressif\frameworks\esp-idf-v5.5\tools\idf.py' '-p' 'COM10'
ESP-ROM:esp32s3-20210327
Build:Mar 27 2021
rst:0x1 (POWERON),boot:0x2b (SPI_FAST_FLASH_BOOT)
SPIWP:0xee
mode:DIO, clock div:1
load:0x3fce2820,len:0x1710
load:0x403c8700,len:0xec0
load:0x403cb700,len:0x31d4
entry 0x403c894c
[0;32mI (25) boot: ESP-IDF v5.5-dirty 2nd stage bootloader[0m
[0;32mI (25) boot: compile time Oct  8 2025 11:43:15[0m
[0;32mI (25) boot: Multicore bootloader[0m
[0;32mI (26) boot: chip revision: v0.2[0m
[0;32mI (28) boot: efuse block revision: v1.3[0m
[0;32mI (32) qio_mode: Enabling default flash chip QIO[0m
[0;32mI (36) boot.esp32s3: Boot SPI Speed : 80MHz[0m
[0;32mI (40) boot.esp32s3: SPI Mode       : QIO[0m
[0;32mI (44) boot.esp32s3: SPI Flash Size : 16MB[0m
[0;32mI (48) boot: Enabling RNG early entropy source...[0m
[0;32mI (52) boot: Partition Table:[0m
[0;32mI (55) boot: ## Label            Usage          Type ST Offset   Length[0m
[0;32mI (61) boot:  0 nvs              WiFi data        01 02 00009000 00006000[0m
[0;32mI (68) boot:  1 phy_init         RF data          01 01 0000f000 00001000[0m
[0;32mI (74) boot:  2 factory          factory app      00 00 00010000 00800000[0m
[0;32mI (81) boot: End of partition table[0m
[0;32mI (84) esp_image: segment 0: paddr=00010020 vaddr=3c150020 size=dda6ch (907884) map[0m
[0;32mI (226) esp_image: segment 1: paddr=000eda94 vaddr=3fca6400 size=02584h (  9604) load[0m
[0;32mI (228) esp_image: segment 2: paddr=000f0020 vaddr=42000020 size=144b28h (1329960) map[0m
[0;32mI (427) esp_image: segment 3: paddr=00234b50 vaddr=3fca8984 size=03a40h ( 14912) load[0m
[0;32mI (430) esp_image: segment 4: paddr=00238598 vaddr=40374000 size=2230ch (140044) load[0m
[0;32mI (458) esp_image: segment 5: paddr=0025a8ac vaddr=600fe000 size=00020h (    32) load[0m
[0;32mI (471) boot: Loaded app from partition at offset 0x10000[0m
[0;32mI (471) boot: Disabling RNG early entropy source...[0m
[0;33mW (481) flash HPM: HPM mode is optional feature that depends on flash model. Read Docs First![0m
[0;33mW (481) flash HPM: HPM mode with DC adjustment is disabled. Some flash models may not be supported. Read Docs First![0m
[0;33mW (488) flash HPM: High performance mode of this flash model hasn't been supported.[0m
[0;32mI (496) MSPI Timing: Flash timing tuning index: 2[0m
[0;32mI (500) octal_psram: vendor id    : 0x0d (AP)[0m
[0;32mI (504) octal_psram: dev id       : 0x02 (generation 3)[0m
[0;32mI (509) octal_psram: density      : 0x03 (64 Mbit)[0m
[0;32mI (514) octal_psram: good-die     : 0x01 (Pass)[0m
[0;32mI (518) octal_psram: Latency      : 0x01 (Fixed)[0m
[0;32mI (522) octal_psram: VCC          : 0x01 (3V)[0m
[0;32mI (526) octal_psram: SRF          : 0x01 (Fast Refresh)[0m
[0;32mI (531) octal_psram: BurstType    : 0x01 (Hybrid Wrap)[0m
[0;32mI (536) octal_psram: BurstLen     : 0x01 (32 Byte)[0m
[0;32mI (541) octal_psram: Readlatency  : 0x02 (10 cycles@Fixed)[0m
[0;32mI (546) octal_psram: DriveStrength: 0x00 (1/1)[0m
[0;32mI (558) MSPI Timing: PSRAM timing tuning index: 2[0m
[0;32mI (558) esp_psram: Found 8MB PSRAM device[0m
[0;32mI (559) esp_psram: Speed: 120MHz[0m
[0;32mI (598) mmu_psram: Read only data copied and mapped to SPIRAM[0m
[0;32mI (668) mmu_psram: Instructions copied and mapped to SPIRAM[0m
[0;32mI (668) cpu_start: Multicore app[0m
[0;32mI (817) esp_psram: SPI SRAM memory test OK[0m
[0;32mI (825) cpu_start: Pro cpu start user code[0m
[0;32mI (825) cpu_start: cpu freq: 240000000 Hz[0m
[0;32mI (825) app_init: Application information:[0m
[0;32mI (825) app_init: Project name:     16_LVGL_UI[0m
[0;32mI (830) app_init: App version:      43fcfab-dirty[0m
[0;32mI (834) app_init: Compile time:     Oct 11 2025 10:32:00[0m
[0;32mI (839) app_init: ELF file SHA256:  9576ad803...[0m
[0;32mI (843) app_init: ESP-IDF:          v5.5-dirty[0m
[0;32mI (848) efuse_init: Min chip rev:     v0.0[0m
[0;32mI (851) efuse_init: Max chip rev:     v0.99 [0m
[0;32mI (855) efuse_init: Chip rev:         v0.2[0m
[0;32mI (859) heap_init: Initializing. RAM available for dynamic allocation:[0m
[0;32mI (865) heap_init: At 3FCB6D90 len 00032980 (202 KiB): RAM[0m
[0;32mI (871) heap_init: At 3FCE9710 len 00005724 (21 KiB): RAM[0m
[0;32mI (876) heap_init: At 3FCF0000 len 00008000 (32 KiB): DRAM[0m
[0;32mI (881) heap_init: At 600FE020 len 00001FC8 (7 KiB): RTCRAM[0m
[0;32mI (886) esp_psram: Adding pool of 5952K of PSRAM memory to heap allocator[0m
[0;32mI (893) esp_psram: Adding pool of 9K of PSRAM memory gap generated due to end address alignment of drom to the heap allocator[0m
[0;32mI (904) spi_flash: detected chip: generic[0m
[0;32mI (907) spi_flash: flash io: qio[0m
[0;32mI (911) sleep_gpio: Configure to isolate all GPIO pins in sleep state[0m
[0;32mI (917) sleep_gpio: Enable automatic switching of GPIO sleep configuration[0m
[0;32mI (923) coexist: coex firmware version: 831ec70[0m
[0;32mI (936) coexist: coexist rom version e7ae62f[0m
[0;32mI (937) main_task: Started on CPU0[0m
[0;32mI (938) esp_psram: Reserving pool of 32K of internal memory for DMA/internal allocations[0m
[0;32mI (943) main_task: Calling app_main()[0m
[0;33mW (956) i2c.master: Please check pull-up resistances whether be connected properly. Otherwise unexpected behavior would happen. For more detailed information, please read docs[0m
[0;32mI (1362) GT911: Initialize I2C panel IO[0m
[0;32mI (1362) GT911: Initialize touch controller GT911[0m
[0;33mW (1362) GT911: Unable to initialize the I2C address[0m
[0;32mI (1364) GT911: TouchPad_ID:0x39,0x31,0x31[0m
[0;32mI (1367) GT911: TouchPad_Config_Version:91[0m
[0;32mI (1371) example: Install RGB LCD panel driver[0m
[0;32mI (1411) example: Initialize RGB LCD panel[0m
[0;32mI (1413) lv_port: Create LVGL task[0m
[0;32mI (1440) main: Display LVGL demos[0m
[0;32mI (1601) pp: pp rom version: e7ae62f[0m
[0;32mI (1601) net80211: net80211 rom version: e7ae62f[0m
[0;32mI (1602) BLE_INIT: BT controller compile version [4713a69][0m
[0;32mI (1603) wifi:wifi driver task: 3fcd7f2c, prio:23, stack:6656, core=0[0m
[0;32mI (1616) wifi:wifi firmware version: f3dbad7[0m
[0;32mI (1616) wifi:wifi certification version: v7.0[0m
[0;32mI (1617) wifi:config NVS flash: enabled[0m
[0;32mI (1621) wifi:config nano formatting: disabled[0m
[0;32mI (1625) wifi:Init data frame dynamic rx buffer num: 32[0m
[0;32mI (1631) wifi:Init static rx mgmt buffer num: 5[0m
[0;32mI (1634) wifi:Init management short buffer num: 32[0m
[0;32mI (1639) wifi:Init static tx buffer num: 16[0m
[0;32mI (1644) wifi:Init tx cache buffer num: 32[0m
[0;32mI (1647) wifi:Init static tx FG buffer num: 2[0m
[0;32mI (1651) wifi:Init static rx buffer size: 1600[0m
[0;32mI (1655) wifi:Init static rx buffer num: 16[0m
[0;32mI (1659) wifi:Init dynamic rx buffer num: 32[0m
[0;32mI (1664) wifi_init: rx ba win: 16[0m
[0;32mI (1666) wifi_init: accept mbox: 6[0m
[0;32mI (1669) wifi_init: tcpip mbox: 32[0m
[0;32mI (1672) wifi_init: udp mbox: 6[0m
[0;32mI (1675) wifi_init: tcp mbox: 6[0m
[0;32mI (1678) wifi_init: tcp tx win: 5760[0m
[0;32mI (1681) wifi_init: tcp rx win: 5760[0m
[0;32mI (1684) wifi_init: tcp mss: 1440[0m
[0;32mI (1687) wifi_init: WiFi/LWIP prefer SPIRAM[0m
[0;32mI (1691) wifi_init: WiFi IRAM OP enabled[0m
[0;32mI (1695) wifi_init: WiFi RX IRAM OP enabled[0m
[0;32mI (1699) BLE_INIT: Feature Config, ADV:1, BLE_50:1, DTM:1, SCAN:1, CCA:0, SMP:1, CONNECT:1[0m
Wi-Fi event handler registered.
[0;32mI (1710) phy_init: phy_version 701,f4f1da3a,Mar  3 2025,15:50:10[0m
[0;32mI (1747) wifi:mode : null[0m
[0;32mI (1747) BLE_INIT: Bluetooth MAC: 10:20:ba:01:48:aa[0m
[0;32mI (1762) BLE_SERVER: REGISTER_APP_EVT, status 0, app_id 0[0m
[0;33mW (1763) BT_BTM: BTM_BleWriteAdvData, Partial data write into ADV[0m
[0;33mW (1764) BT_BTM: BTM_BleWriteScanRsp, Partial data write into ADV[0m
[0;32mI (1769) BLE_SERVER: CREATE_SERVICE_EVT, status 0,  service_handle 40[0m
[0;32mI (1776) BLE_SERVER: Advertising started successfully[0m
[0;32mI (1779) BLE_SERVER: ADD_CHAR_EVT, status 0,  attr_handle 42, service_handle 40[0m
[0;32mI (1786) BLE_SERVER: ***** BLE GATT SERVER STARTED *****[0m
[0;32mI (1791) BLE_SERVER: ***** WAITING FOR CLIENT CONNECTION *****[0m
[0;32mI (1797) MQTT_BACKUP: MQTT retry task created successfully on Core 1[0m
[0;32mI (1797) MQTT_BACKUP: MQTT Retry Publish Task started[0m
[0;33mW (1797) RSSI: Not connected to any AP[0m
I
***ERROR*** A stack overflow in task wifi_rssi_task has been detected.


Backtrace: 0x40376125:0x3fcf52d0 0x4038825d:0x3fcf52f0 0x40389012:0x3fcf5310 0x4038a715:0x3fcf5390 0x4038911c:0x3fcf53c0 0x40389112:0x00000000 |<-CORRUPTED




ELF file SHA256: 9576ad803

Rebooting...
ï¿½ï¿½ï¿½ESP-ROM:esp32s3-20210327
Build:Mar 27 2021
rst:0xc (RTC_SW_CPU_RST),boot:0x2b (SPI_FAST_FLASH_BOOT)
Saved PC:0x42008efc
SPIWP:0xee
mode:DIO, clock div:1
load:0x3fce2820,len:0x1710
load:0x403c8700,len:0xec0
load:0x403cb700,len:0x31d4
entry 0x403c894c
[0;32mI (29) boot: ESP-IDF v5.5-dirty 2nd stage bootloader[0m
[0;32mI (29) boot: compile time Oct  8 2025 11:43:15[0m
[0;32mI (29) boot: Multicore bootloader[0m
[0;32mI (30) boot: chip revision: v0.2[0m
[0;32mI (33) boot: efuse block revision: v1.3[0m
[0;32mI (36) qio_mode: Enabling default flash chip QIO[0m
[0;32mI (40) boot.esp32s3: Boot SPI Speed : 80MHz[0m
[0;32mI (44) boot.esp32s3: SPI Mode       : QIO[0m
[0;32mI (48) boot.esp32s3: SPI Flash Size : 16MB[0m
[0;32mI (52) boot: Enabling RNG early entropy source...[0m
[0;32mI (56) boot: Partition Table:[0m
[0;32mI (59) boot: ## Label            Usage          Type ST Offset   Length[0m
[0;32mI (65) boot:  0 nvs              WiFi data        01 02 00009000 00006000[0m
[0;32mI (72) boot:  1 phy_init         RF data          01 01 0000f000 00001000[0m
[0;32mI (78) boot:  2 factory          factory app      00 00 00010000 00800000[0m
[0;32mI (85) boot: End of partition table[0m
[0;32mI (88) esp_image: segment 0: paddr=00010020 vaddr=3c150020 size=dda6ch (907884) map[0m
[0;32mI (231) esp_image: segment 1: paddr=000eda94 vaddr=3fca6400 size=02584h (  9604) load[0m
[0;32mI (233) esp_image: segment 2: paddr=000f0020 vaddr=42000020 size=144b28h (1329960) map[0m
[0;32mI (433) esp_image: segment 3: paddr=00234b50 vaddr=3fca8984 size=03a40h ( 14912) load[0m
[0;32mI (436) esp_image: segment 4: paddr=00238598 vaddr=40374000 size=2230ch (140044) load[0m
[0;32mI (464) esp_image: segment 5: paddr=0025a8ac vaddr=600fe000 size=00020h (    32) load[0m
[0;32mI (477) boot: Loaded app from partition at offset 0x10000[0m
[0;32mI (477) boot: Disabling RNG early entropy source...[0m
[0;33mW (487) flash HPM: HPM mode is optional feature that depends on flash model. Read Docs First![0m
[0;33mW (487) flash HPM: HPM mode with DC adjustment is disabled. Some flash models may not be supported. Read Docs First![0m
[0;33mW (494) flash HPM: High performance mode of this flash model hasn't been supported.[0m
[0;32mI (502) MSPI Timing: Flash timing tuning index: 2[0m
[0;32mI (506) octal_psram: vendor id    : 0x0d (AP)[0m
[0;32mI (510) octal_psram: dev id       : 0x02 (generation 3)[0m
[0;32mI (515) octal_psram: density      : 0x03 (64 Mbit)[0m
[0;32mI (520) octal_psram: good-die     : 0x01 (Pass)[0m
[0;32mI (524) octal_psram: Latency      : 0x01 (Fixed)[0m
[0;32mI (528) octal_psram: VCC          : 0x01 (3V)[0m
[0;32mI (532) octal_psram: SRF          : 0x01 (Fast Refresh)[0m
[0;32mI (537) octal_psram: BurstType    : 0x01 (Hybrid Wrap)[0m
[0;32mI (542) octal_psram: BurstLen     : 0x01 (32 Byte)[0m
[0;32mI (547) octal_psram: Readlatency  : 0x02 (10 cycles@Fixed)[0m
[0;32mI (552) octal_psram: DriveStrength: 0x00 (1/1)[0m
[0;32mI (564) MSPI Timing: PSRAM timing tuning index: 2[0m
[0;32mI (564) esp_psram: Found 8MB PSRAM device[0m
[0;32mI (565) esp_psram: Speed: 120MHz[0m
[0;32mI (604) mmu_psram: Read only data copied and mapped to SPIRAM[0m
[0;32mI (674) mmu_psram: Instructions copied and mapped to SPIRAM[0m
[0;32mI (674) cpu_start: Multicore app[0m
[0;32mI (823) esp_psram: SPI SRAM memory test OK[0m
[0;32mI (831) cpu_start: Pro cpu start user code[0m
[0;32mI (831) cpu_start: cpu freq: 240000000 Hz[0m
[0;32mI (831) app_init: Application information:[0m
[0;32mI (831) app_init: Project name:     16_LVGL_UI[0m
[0;32mI (836) app_init: App version:      43fcfab-dirty[0m
[0;32mI (840) app_init: Compile time:     Oct 11 2025 10:32:00[0m
[0;32mI (845) app_init: ELF file SHA256:  9576ad803...[0m
[0;32mI (849) app_init: ESP-IDF:          v5.5-dirty[0m
[0;32mI (854) efuse_init: Min chip rev:     v0.0[0m
[0;32mI (857) efuse_init: Max chip rev:     v0.99 [0m
[0;32mI (861) efuse_init: Chip rev:         v0.2[0m
[0;32mI (865) heap_init: Initializing. RAM available for dynamic allocation:[0m
[0;32mI (871) heap_init: At 3FCB6D90 len 00032980 (202 KiB): RAM[0m
[0;32mI (877) heap_init: At 3FCE9710 len 00005724 (21 KiB): RAM[0m
[0;32mI (882) heap_init: At 3FCF0000 len 00008000 (32 KiB): DRAM[0m
[0;32mI (887) heap_init: At 600FE020 len 00001FC8 (7 KiB): RTCRAM[0m
[0;32mI (892) esp_psram: Adding pool of 5952K of PSRAM memory to heap allocator[0m
[0;32mI (899) esp_psram: Adding pool of 9K of PSRAM memory gap generated due to end address alignment of drom to the heap allocator[0m
[0;32mI (910) spi_flash: detected chip: generic[0m
[0;32mI (914) spi_flash: flash io: qio[0m
[0;32mI (917) sleep_gpio: Configure to isolate all GPIO pins in sleep state[0m
[0;32mI (923) sleep_gpio: Enable automatic switching of GPIO sleep configuration[0m
[0;32mI (929) coexist: coex firmware version: 831ec70[0m
[0;32mI (942) coexist: coexist rom version e7ae62f[0m
[0;32mI (943) main_task: Started on CPU0[0m
[0;32mI (944) esp_psram: Reserving pool of 32K of internal memory for DMA/internal allocations[0m
[0;32mI (949) main_task: Calling app_main()[0m
[0;33mW (962) i2c.master: Please check pull-up resistances whether be connected properly. Otherwise unexpected behavior would happen. For more detailed information, please read docs[0m
[0;32mI (1368) GT911: Initialize I2C panel IO[0m
[0;32mI (1368) GT911: Initialize touch controller GT911[0m
[0;33mW (1368) GT911: Unable to initialize the I2C address[0m
[0;32mI (1370) GT911: TouchPad_ID:0x39,0x31,0x31[0m
[0;32mI (1373) GT911: TouchPad_Config_Version:91[0m
[0;32mI (1377) example: Install RGB LCD panel driver[0m
[0;32mI (1417) example: Initialize RGB LCD panel[0m
[0;32mI (1419) lv_port: Create LVGL task[0m
[0;32mI (1446) main: Display LVGL demos[0m
[0;32mI (1607) pp: pp rom version: e7ae62f[0m
[0;32mI (1607) net80211: net80211 rom version: e7ae62f[0m
[0;32mI (1608) BLE_INIT: BT controller compile version [4713a69][0m
[0;32mI (1609) wifi:wifi driver task: 3fcd7f2c, prio:23, stack:6656, core=0[0m
[0;32mI (1622) wifi:wifi firmware version: f3dbad7[0m
[0;32mI (1622) wifi:wifi certification version: v7.0[0m
[0;32mI (1623) wifi:config NVS flash: enabled[0m
[0;32mI (1627) wifi:config nano formatting: disabled[0m
[0;32mI (1631) wifi:Init data frame dynamic rx buffer num: 32[0m
[0;32mI (1637) wifi:Init static rx mgmt buffer num: 5[0m
[0;32mI (1640) wifi:Init management short buffer num: 32[0m
[0;32mI (1645) wifi:Init static tx buffer num: 16[0m
[0;32mI (1650) wifi:Init tx cache buffer num: 32[0m
[0;32mI (1653) wifi:Init static tx FG buffer num: 2[0m
[0;32mI (1657) wifi:Init static rx buffer size: 1600[0m
[0;32mI (1661) wifi:Init static rx buffer num: 16[0m
[0;32mI (1665) wifi:Init dynamic rx buffer num: 32[0m
[0;32mI (1670) wifi_init: rx ba win: 16[0m
[0;32mI (1672) wifi_init: accept mbox: 6[0m
[0;32mI (1675) wifi_init: tcpip mbox: 32[0m
[0;32mI (1678) wifi_init: udp mbox: 6[0m
[0;32mI (1681) wifi_init: tcp mbox: 6[0m
[0;32mI (1684) wifi_init: tcp tx win: 5760[0m
[0;32mI (1687) wifi_init: tcp rx win: 5760[0m
[0;32mI (1690) wifi_init: tcp mss: 1440[0m
[0;32mI (1693) wifi_init: WiFi/LWIP prefer SPIRAM[0m
[0;32mI (1697) wifi_init: WiFi IRAM OP enabled[0m
[0;32mI (1701) wifi_init: WiFi RX IRAM OP enabled[0m
Wi-Fi event handler registered.
[0;32mI (1708) phy_init: phy_version 701,f4f1da3a,Mar  3 2025,15:50:10[0m
[0;32mI (1745) phy_init: Saving new calibration data due to checksum failure or outdated calibration data, mode(0)[0m
[0;32mI (1746) BLE_INIT: Feature Config, ADV:1, BLE_50:1, DTM:1, SCAN:1, CCA:0, SMP:1, CONNECT:1[0m
[0;32mI (1754) wifi:mode : null[0m
[0;32mI (1755) BLE_INIT: Bluetooth MAC: 10:20:ba:01:48:aa[0m
[0;32mI (1773) BLE_SERVER: REGISTER_APP_EVT, status 0, app_id 0[0m
[0;33mW (1774) BT_BTM: BTM_BleWriteAdvData, Partial data write into ADV[0m
[0;33mW (1774) BT_BTM: BTM_BleWriteScanRsp, Partial data write into ADV[0m
[0;32mI (1780) BLE_SERVER: CREATE_SERVICE_EVT, status 0,  service_handle 40[0m
[0;32mI (1787) BLE_SERVER: Advertising started successfully[0m
[0;32mI (1790) BLE_SERVER: ADD_CHAR_EVT, status 0,  attr_handle 42, service_handle 40[0m
[0;32mI (1797) BLE_SERVER: ***** BLE GATT SERVER STARTED *****[0m
[0;32mI (1802) BLE_SERVER: ***** WAITING FOR CLIENT CONNECTION *****[0m
[0;32mI (1808) MQTT_BACKUP: MQTT Retry Publish Task started[0m
[0;32mI (1808) MQTT_BACKUP: MQTT retry task created successfully on Core 1[0m
[0;33mW (1812) RSSI: Not connected to any AP[0m
I
***ERROR*** A stack overflow in task wifi_rssi_task has been detected.


Backtrace: 0x40376125:0x3fcf52d0 0x4038825d:0x3fcf52f0 0x40389012:0x3fcf5310 0x4038a715:0x3fcf5390 0x4038911c:0x3fcf53c0 0x40389112:0x00000000 |<-CORRUPTED




ELF file SHA256: 9576ad803

Rebooting...
ï¿½ï¿½ï¿½ESP-ROM:esp32s3-20210327
Build:Mar 27 2021
rst:0xc (RTC_SW_CPU_RST),boot:0x2b (SPI_FAST_FLASH_BOOT)
Saved PC:0x42008efc
SPIWP:0xee
mode:DIO, clock div:1
load:0x3fce2820,len:0x1710
load:0x403c8700,len:0xec0
load:0x403cb700,len:0x31d4
entry 0x403c894c
[0;32mI (29) boot: ESP-IDF v5.5-dirty 2nd stage bootloader[0m
[0;32mI (29) boot: compile time Oct  8 2025 11:43:15[0m
[0;32mI (29) boot: Multicore bootloader[0m
[0;32mI (30) boot: chip revision: v0.2[0m
[0;32mI (33) boot: efuse block revision: v1.3[0m
[0;32mI (36) qio_mode: Enabling default flash chip QIO[0m
[0;32mI (40) boot.esp32s3: Boot SPI Speed : 80MHz[0m
[0;32mI (44) boot.esp32s3: SPI Mode       : QIO[0m
[0;32mI (48) boot.esp32s3: SPI Flash Size : 16MB[0m
[0;32mI (52) boot: Enabling RNG early entropy source...[0m
[0;32mI (56) boot: Partition Table:[0m
[0;32mI (59) boot: ## Label            Usage          Type ST Offset   Length[0m
[0;32mI (65) boot:  0 nvs              WiFi data        01 02 00009000 00006000[0m
[0;32mI (72) boot:  1 phy_init         RF data          01 01 0000f000 00001000[0m
[0;32mI (78) boot:  2 factory          factory app      00 00 00010000 00800000[0m
[0;32mI (85) boot: End of partition table[0m
[0;32mI (88) esp_image: segment 0: paddr=00010020 vaddr=3c150020 size=dda6ch (907884) map[0m
[0;32mI (231) esp_image: segment 1: paddr=000eda94 vaddr=3fca6400 size=02584h (  9604) load[0m
[0;32mI (233) esp_image: segment 2: paddr=000f0020 vaddr=42000020 size=144b28h (1329960) map[0m
[0;32mI (433) esp_image: segment 3: paddr=00234b50 vaddr=3fca8984 size=03a40h ( 14912) load[0m
[0;32mI (436) esp_image: segment 4: paddr=00238598 vaddr=40374000 size=2230ch (140044) load[0m
[0;32mI (464) esp_image: segment 5: paddr=0025a8ac vaddr=600fe000 size=00020h (    32) load[0m
[0;32mI (477) boot: Loaded app from partition at offset 0x10000[0m
[0;32mI (477) boot: Disabling RNG early entropy source...[0m
[0;33mW (487) flash HPM: HPM mode is optional feature that depends on flash model. Read Docs First![0m
[0;33mW (487) flash HPM: HPM mode with DC adjustment is disabled. Some flash models may not be supported. Read Docs First![0m
[0;33mW (494) flash HPM: High performance mode of this flash model hasn't been supported.[0m
[0;32mI (502) MSPI Timing: Flash timing tuning index: 2[0m
[0;32mI (506) octal_psram: vendor id    : 0x0d (AP)[0m
[0;32mI (510) octal_psram: dev id       : 0x02 (generation 3)[0m
[0;32mI (515) octal_psram: density      : 0x03 (64 Mbit)[0m
[0;32mI (520) octal_psram: good-die     : 0x01 (Pass)[0m
[0;32mI (524) octal_psram: Latency      : 0x01 (Fixed)[0m
[0;32mI (528) octal_psram: VCC          : 0x01 (3V)[0m
[0;32mI (532) octal_psram: SRF          : 0x01 (Fast Refresh)[0m
[0;32mI (537) octal_psram: BurstType    : 0x01 (Hybrid Wrap)[0m
[0;32mI (542) octal_psram: BurstLen     : 0x01 (32 Byte)[0m
[0;32mI (547) octal_psram: Readlatency  : 0x02 (10 cycles@Fixed)[0m
[0;32mI (552) octal_psram: DriveStrength: 0x00 (1/1)[0m
[0;32mI (564) MSPI Timing: PSRAM timing tuning index: 2[0m
[0;32mI (564) esp_psram: Found 8MB PSRAM device[0m
[0;32mI (565) esp_psram: Speed: 120MHz[0m
[0;32mI (604) mmu_psram: Read only data copied and mapped to SPIRAM[0m
[0;32mI (674) mmu_psram: Instructions copied and mapped to SPIRAM[0m
[0;32mI (674) cpu_start: Multicore app[0m
[0;32mI (823) esp_psram: SPI SRAM memory test OK[0m
[0;32mI (831) cpu_start: Pro cpu start user code[0m
[0;32mI (831) cpu_start: cpu freq: 240000000 Hz[0m
[0;32mI (831) app_init: Application information:[0m
[0;32mI (831) app_init: Project name:     16_LVGL_UI[0m
[0;32mI (836) app_init: App version:      43fcfab-dirty[0m
[0;32mI (840) app_init: Compile time:     Oct 11 2025 10:32:00[0m
[0;32mI (845) app_init: ELF file SHA256:  9576ad803...[0m
[0;32mI (849) app_init: ESP-IDF:          v5.5-dirty[0m
[0;32mI (854) efuse_init: Min chip rev:     v0.0[0m
[0;32mI (857) efuse_init: Max chip rev:     v0.99 [0m
[0;32mI (861) efuse_init: Chip rev:         v0.2[0m
[0;32mI (865) heap_init: Initializing. RAM available for dynamic allocation:[0m
[0;32mI (871) heap_init: At 3FCB6D90 len 00032980 (202 KiB): RAM[0m
[0;32mI (877) heap_init: At 3FCE9710 len 00005724 (21 KiB): RAM[0m
[0;32mI (882) heap_init: At 3FCF0000 len 00008000 (32 KiB): DRAM[0m
[0;32mI (887) heap_init: At 600FE020 len 00001FC8 (7 KiB): RTCRAM[0m
[0;32mI (892) esp_psram: Adding pool of 5952K of PSRAM memory to heap allocator[0m
[0;32mI (899) esp_psram: Adding pool of 9K of PSRAM memory gap generated due to end address alignment of drom to the heap allocator[0m
[0;32mI (910) spi_flash: detected chip: generic[0m
[0;32mI (914) spi_flash: flash io: qio[0m
[0;32mI (917) sleep_gpio: Configure to isolate all GPIO pins in sleep state[0m
[0;32mI (923) sleep_gpio: Enable automatic switching of GPIO sleep configuration[0m
[0;32mI (929) coexist: coex firmware version: 831ec70[0m
[0;32mI (942) coexist: coexist rom version e7ae62f[0m
[0;32mI (943) main_task: Started on CPU0[0m
[0;32mI (944) esp_psram: Reserving pool of 32K of internal memory for DMA/internal allocations[0m
[0;32mI (949) main_task: Calling app_main()[0m
[0;33mW (962) i2c.master: Please check pull-up resistances whether be connected properly. Otherwise unexpected behavior would happen. For more detailed information, please read docs[0m
[0;32mI (1368) GT911: Initialize I2C panel IO[0m
[0;32mI (1368) GT911: Initialize touch controller GT911[0m
[0;33mW (1368) GT911: Unable to initialize the I2C address[0m
[0;32mI (1370) GT911: TouchPad_ID:0x39,0x31,0x31[0m
[0;32mI (1373) GT911: TouchPad_Config_Version:91[0m
[0;32mI (1377) example: Install RGB LCD panel driver[0m
[0;32mI (1417) example: Initialize RGB LCD panel[0m
[0;32mI (1419) lv_port: Create LVGL task[0m
[0;32mI (1446) main: Display LVGL demos[0m
[0;32mI (1607) pp: pp rom version: e7ae62f[0m
[0;32mI (1607) net80211: net80211 rom version: e7ae62f[0m
[0;32mI (1608) BLE_INIT: BT controller compile version [4713a69][0m
[0;32mI (1609) wifi:wifi driver task: 3fcd7f2c, prio:23, stack:6656, core=0[0m
[0;32mI (1622) wifi:wifi firmware version: f3dbad7[0m
[0;32mI (1622) wifi:wifi certification version: v7.0[0m
[0;32mI (1623) wifi:config NVS flash: enabled[0m
[0;32mI (1627) wifi:config nano formatting: disabled[0m
[0;32mI (1631) wifi:Init data frame dynamic rx buffer num: 32[0m
[0;32mI (1637) wifi:Init static rx mgmt buffer num: 5[0m
[0;32mI (1640) wifi:Init management short buffer num: 32[0m
[0;32mI (1645) wifi:Init static tx buffer num: 16[0m
[0;32mI (1650) wifi:Init tx cache buffer num: 32[0m
[0;32mI (1653) wifi:Init static tx FG buffer num: 2[0m
[0;32mI (1657) wifi:Init static rx buffer size: 1600[0m
[0;32mI (1661) wifi:Init static rx buffer num: 16[0m
[0;32mI (1665) wifi:Init dynamic rx buffer num: 32[0m
[0;32mI (1670) wifi_init: rx ba win: 16[0m
[0;32mI (1672) wifi_init: accept mbox: 6[0m
[0;32mI (1675) wifi_init: tcpip mbox: 32[0m
[0;32mI (1678) wifi_init: udp mbox: 6[0m
[0;32mI (1681) wifi_init: tcp mbox: 6[0m
[0;32mI (1684) wifi_init: tcp tx win: 5760[0m
[0;32mI (1687) wifi_init: tcp rx win: 5760[0m
[0;32mI (1690) wifi_init: tcp mss: 1440[0m
[0;32mI (1693) wifi_init: WiFi/LWIP prefer SPIRAM[0m
[0;32mI (1697) wifi_init: WiFi IRAM OP enabled[0m
[0;32mI (1701) wifi_init: WiFi RX IRAM OP enabled[0m
Wi-Fi event handler registered.
[0;32mI (1708) phy_init: phy_version 701,f4f1da3a,Mar  3 2025,15:50:10[0m
[0;32mI (1752) phy_init: Saving new calibration data due to checksum failure or outdated calibration data, mode(0)[0m
[0;32mI (1753) BLE_INIT: Feature Config, ADV:1, BLE_50:1, DTM:1, SCAN:1, CCA:0, SMP:1, CONNECT:1[0m
[0;32mI (1781) wifi:mode : null[0m
[0;32mI (1782) BLE_INIT: Bluetooth MAC: 10:20:ba:01:48:aa[0m
[0;32mI (1797) BLE_SERVER: REGISTER_APP_EVT, status 0, app_id 0[0m
[0;33mW (1797) BT_BTM: BTM_BleWriteAdvData, Partial data write into ADV[0m
[0;33mW (1798) BT_BTM: BTM_BleWriteScanRsp, Partial data write into ADV[0m
[0;32mI (1803) BLE_SERVER: CREATE_SERVICE_EVT, status 0,  service_handle 40[0m
[0;32mI (1811) BLE_SERVER: Advertising started successfully[0m
[0;32mI (1814) BLE_SERVER: ADD_CHAR_EVT, status 0,  attr_handle 42, service_handle 40[0m
[0;32mI (1821) BLE_SERVER: ***** BLE GATT SERVER STARTED *****[0m
[0;32mI (1826) BLE_SERVER: ***** WAITING FOR CLIENT CONNECTION *****[0m
[0;32mI (1831) MQTT_BACKUP: MQTT retry task created successfully on Core 1[0m
[0;32mI (1831) MQTT_BACKUP: MQTT Retry Publish Task started[0m
[0;33mW (1831) RSSI: Not connected to any AP[0m
I 
***ERROR*** A stack overflow in task wifi_rssi_task has been detected.


Backtrace: 0x40376125:0x3fcf52e0 0x4038825d:0x3fcf5300 0x40389012:0x3fcf5320 0x4038a715:0x3fcf53a0 0x4038911c:0x3fcf53d0 0x40389112:0x00000000 |<-CORRUPTED




ELF file SHA256: 9576ad803

Rebooting...
ESP-ROM:esp32s3-20210327
Build:Mar 27 2021
rst:0xc (RTC_SW_CPU_RST),boot:0x2b (SPI_FAST_FLASH_BOOT)
Saved PC:0x42008efc
SPIWP:0xee
mode:DIO, clock div:1
load:0x3fce2820,len:0x1710
load:0x403c8700,len:0xec0
load:0x403cb700,len:0x31d4
entry 0x403c894c
[0;32mI (29) boot: ESP-IDF v5.5-dirty 2nd stage bootloader[0m
[0;32mI (29) boot: compile time Oct  8 2025 11:43:15[0m
[0;32mI (29) boot: Multicore bootloader[0m
[0;32mI (30) boot: chip revision: v0.2[0m
[0;32mI (33) boot: efuse block revision: v1.3[0m
[0;32mI (36) qio_mode: Enabling default flash chip QIO[0m
[0;32mI (40) boot.esp32s3: Boot SPI Speed : 80MHz[0m
[0;32mI (44) boot.esp32s3: SPI Mode       : QIO[0m
[0;32mI (48) boot.esp32s3: SPI Flash Size : 16MB[0m
[0;32mI (52) boot: Enabling RNG early entropy source...[0m
[0;32mI (56) boot: Partition Table:[0m
[0;32mI (59) boot: ## Label            Usage          Type ST Offset   Length[0m
[0;32mI (65) boot:  0 nvs              WiFi data        01 02 00009000 00006000[0m
[0;32mI (72) boot:  1 phy_init         RF data          01 01 0000f000 00001000[0m
[0;32mI (78) boot:  2 factory          factory app      00 00 00010000 00800000[0m
[0;32mI (85) boot: End of partition table[0m
[0;32mI (88) esp_image: segment 0: paddr=00010020 vaddr=3c150020 size=dda6ch (907884) map[0m
[0;32mI (231) esp_image: segment 1: paddr=000eda94 vaddr=3fca6400 size=02584h (  9604) load[0m
[0;32mI (233) esp_image: segment 2: paddr=000f0020 vaddr=42000020 size=144b28h (1329960) map[0m
[0;32mI (433) esp_image: segment 3: paddr=00234b50 vaddr=3fca8984 size=03a40h ( 14912) load[0m
[0;32mI (436) esp_image: segment 4: paddr=00238598 vaddr=40374000 size=2230ch (140044) load[0m
[0;32mI (464) esp_image: segment 5: paddr=0025a8ac vaddr=600fe000 size=00020h (    32) load[0m
[0;32mI (477) boot: Loaded app from partition at offset 0x10000[0m
[0;32mI (477) boot: Disabling RNG early entropy source...[0m
[0;33mW (487) flash HPM: HPM mode is optional feature that depends on flash model. Read Docs First![0m
[0;33mW (487) flash HPM: HPM mode with DC adjustment is disabled. Some flash models may not be supported. Read Docs First![0m
[0;33mW (494) flash HPM: High performance mode of this flash model hasn't been supported.[0m
[0;32mI (502) MSPI Timing: Flash timing tuning index: 2[0m
[0;32mI (506) octal_psram: vendor id    : 0x0d (AP)[0m
[0;32mI (510) octal_psram: dev id       : 0x02 (generation 3)[0m
[0;32mI (515) octal_psram: density      : 0x03 (64 Mbit)[0m
[0;32mI (520) octal_psram: good-die     : 0x01 (Pass)[0m
[0;32mI (524) octal_psram: Latency      : 0x01 (Fixed)[0m
[0;32mI (528) octal_psram: VCC          : 0x01 (3V)[0m
[0;32mI (532) octal_psram: SRF          : 0x01 (Fast Refresh)[0m
[0;32mI (537) octal_psram: BurstType    : 0x01 (Hybrid Wrap)[0m
[0;32mI (542) octal_psram: BurstLen     : 0x01 (32 Byte)[0m
[0;32mI (547) octal_psram: Readlatency  : 0x02 (10 cycles@Fixed)[0m
[0;32mI (552) octal_psram: DriveStrength: 0x00 (1/1)[0m
[0;32mI (564) MSPI Timing: PSRAM timing tuning index: 2[0m
[0;32mI (564) esp_psram: Found 8MB PSRAM device[0m
[0;32mI (565) esp_psram: Speed: 120MHz[0m
[0;32mI (604) mmu_psram: Read only data copied and mapped to SPIRAM[0m
[0;32mI (674) mmu_psram: Instructions copied and mapped to SPIRAM[0m
[0;32mI (674) cpu_start: Multicore app[0m
[0;32mI (823) esp_psram: SPI SRAM memory test OK[0m
[0;32mI (831) cpu_start: Pro cpu start user code[0m
[0;32mI (831) cpu_start: cpu freq: 240000000 Hz[0m
[0;32mI (831) app_init: Application information:[0m
[0;32mI (831) app_init: Project name:     16_LVGL_UI[0m
[0;32mI (836) app_init: App version:      43fcfab-dirty[0m
[0;32mI (840) app_init: Compile time:     Oct 11 2025 10:32:00[0m
[0;32mI (845) app_init: ELF file SHA256:  9576ad803...[0m
[0;32mI (849) app_init: ESP-IDF:          v5.5-dirty[0m
[0;32mI (854) efuse_init: Min chip rev:     v0.0[0m
[0;32mI (857) efuse_init: Max chip rev:     v0.99 [0m
[0;32mI (861) efuse_init: Chip rev:         v0.2[0m
[0;32mI (865) heap_init: Initializing. RAM available for dynamic allocation:[0m
[0;32mI (871) heap_init: At 3FCB6D90 len 00032980 (202 KiB): RAM[0m
[0;32mI (877) heap_init: At 3FCE9710 len 00005724 (21 KiB): RAM[0m
[0;32mI (882) heap_init: At 3FCF0000 len 00008000 (32 KiB): DRAM[0m
[0;32mI (887) heap_init: At 600FE020 len 00001FC8 (7 KiB): RTCRAM[0m
[0;32mI (892) esp_psram: Adding pool of 5952K of PSRAM memory to heap allocator[0m
[0;32mI (899) esp_psram: Adding pool of 9K of PSRAM memory gap generated due to end address alignment of drom to the heap allocator[0m
[0;32mI (910) spi_flash: detected chip: generic[0m
[0;32mI (914) spi_flash: flash io: qio[0m
[0;32mI (917) sleep_gpio: Configure to isolate all GPIO pins in sleep state[0m
[0;32mI (923) sleep_gpio: Enable automatic switching of GPIO sleep configuration[0m
[0;32mI (929) coexist: coex firmware version: 831ec70[0m
[0;32mI (942) coexist: coexist rom version e7ae62f[0m
[0;32mI (943) main_task: Started on CPU0[0m
[0;32mI (944) esp_psram: Reserving pool of 32K of internal memory for DMA/internal allocations[0m
[0;32mI (949) main_task: Calling app_main()[0m
[0;33mW (962) i2c.master: Please check pull-up resistances whether be connected properly. Otherwise unexpected behavior would happen. For more detailed information, please read docs[0m
[0;32mI (1368) GT911: Initialize I2C panel IO[0m
[0;32mI (1368) GT911: Initialize touch controller GT911[0m
[0;33mW (1368) GT911: Unable to initialize the I2C address[0m
[0;32mI (1370) GT911: TouchPad_ID:0x39,0x31,0x31[0m
[0;32mI (1373) GT911: TouchPad_Config_Version:91[0m
[0;32mI (1377) example: Install RGB LCD panel driver[0m
[0;32mI (1417) example: Initialize RGB LCD panel[0m
[0;32mI (1419) lv_port: Create LVGL task[0m
[0;32mI (1446) main: Display LVGL demos[0m
[0;32mI (1607) pp: pp rom version: e7ae62f[0m
[0;32mI (1607) net80211: net80211 rom version: e7ae62f[0m
[0;32mI (1608) BLE_INIT: BT controller compile version [4713a69][0m
[0;32mI (1609) wifi:wifi driver task: 3fcd7f2c, prio:23, stack:6656, core=0[0m
[0;32mI (1622) wifi:wifi firmware version: f3dbad7[0m
[0;32mI (1622) wifi:wifi certification version: v7.0[0m
[0;32mI (1623) wifi:config NVS flash: enabled[0m
[0;32mI (1627) wifi:config nano formatting: disabled[0m
[0;32mI (1631) wifi:Init data frame dynamic rx buffer num: 32[0m
[0;32mI (1637) wifi:Init static rx mgmt buffer num: 5[0m
[0;32mI (1640) wifi:Init management short buffer num: 32[0m
[0;32mI (1645) wifi:Init static tx buffer num: 16[0m
[0;32mI (1650) wifi:Init tx cache buffer num: 32[0m
[0;32mI (1653) wifi:Init static tx FG buffer num: 2[0m
[0;32mI (1657) wifi:Init static rx buffer size: 1600[0m
[0;32mI (1661) wifi:Init static rx buffer num: 16[0m
[0;32mI (1665) wifi:Init dynamic rx buffer num: 32[0m
[0;32mI (1670) wifi_init: rx ba win: 16[0m
[0;32mI (1672) wifi_init: accept mbox: 6[0m
[0;32mI (1675) wifi_init: tcpip mbox: 32[0m
[0;32mI (1678) wifi_init: udp mbox: 6[0m
[0;32mI (1681) wifi_init: tcp mbox: 6[0m
[0;32mI (1684) wifi_init: tcp tx win: 5760[0m
[0;32mI (1687) wifi_init: tcp rx win: 5760[0m
[0;32mI (1690) wifi_init: tcp mss: 1440[0m
[0;32mI (1693) wifi_init: WiFi/LWIP prefer SPIRAM[0m
[0;32mI (1697) wifi_init: WiFi IRAM OP enabled[0m
[0;32mI (1701) wifi_init: WiFi RX IRAM OP enabled[0m
Wi-Fi event handler registered.
[0;32mI (1708) phy_init: phy_version 701,f4f1da3a,Mar  3 2025,15:50:10[0m
[0;32mI (1745) wifi:mode : null[0m
[0;32mI (1745) BLE_INIT: Feature Config, ADV:1, BLE_50:1, DTM:1, SCAN:1, CCA:0, SMP:1, CONNECT:1[0m
[0;32mI (1746) BLE_INIT: Bluetooth MAC: 10:20:ba:01:48:aa[0m
[0;32mI (1763) BLE_SERVER: REGISTER_APP_EVT, status 0, app_id 0[0m
[0;33mW (1764) BT_BTM: BTM_BleWriteAdvData, Partial data write into ADV[0m
[0;33mW (1765) BT_BTM: BTM_BleWriteScanRsp, Partial data write into ADV[0m
[0;32mI (1770) BLE_SERVER: CREATE_SERVICE_EVT, status 0,  service_handle 40[0m
[0;32mI (1778) BLE_SERVER: Advertising started successfully[0m
[0;32mI (1780) BLE_SERVER: ADD_CHAR_EVT, status 0,  attr_handle 42, service_handle 40[0m
[0;32mI (1787) BLE_SERVER: ***** BLE GATT SERVER STARTED *****[0m
[0;32mI (1792) BLE_SERVER: ***** WAITING FOR CLIENT CONNECTION *****[0m
[0;32mI (1798) MQTT_BACKUP: MQTT retry task created successfully on Core 1[0m
[0;32mI (1798) MQTT_BACKUP: MQTT Retry Publish Task started[0m
[0;33mW (1798) RSSI: Not connected to any AP[0m
I 
***ERROR*** A stack overflow in task wifi_rssi_task has been detected.


Backtrace: 0x40376125:0x3fcf52d0 0x4038825d:0x3fcf52f0 0x40389012:0x3fcf5310 0x4038a715:0x3fcf5390 0x4038911c:0x3fcf53c0 0x40389112:0x00000000 |<-CORRUPTED




ELF file SHA256: 9576ad803

Rebooting...
ESP-ROM:esp32s3-20210327
Build:Mar 27 2021
rst:0xc (RTC_SW_CPU_RST),boot:0x2b (SPI_FAST_FLASH_BOOT)
Saved PC:0x42008efc
SPIWP:0xee
mode:DIO, clock div:1
load:0x3fce2820,len:0x1710
load:0x403c8700,len:0xec0
load:0x403cb700,len:0x31d4
entry 0x403c894c
[0;32mI (29) boot: ESP-IDF v5.5-dirty 2nd stage bootloader[0m
[0;32mI (29) boot: compile time Oct  8 2025 11:43:15[0m
[0;32mI (29) boot: Multicore bootloader[0m
[0;32mI (30) boot: chip revision: v0.2[0m
[0;32mI (33) boot: efuse block revision: v1.3[0m
[0;32mI (36) qio_mode: Enabling default flash chip QIO[0m
[0;32mI (40) boot.esp32s3: Boot SPI Speed : 80MHz[0m
[0;32mI (44) boot.esp32s3: SPI Mode       : QIO[0m
[0;32mI (48) boot.esp32s3: SPI Flash Size : 16MB[0m
[0;32mI (52) boot: Enabling RNG early entropy source...[0m
[0;32mI (56) boot: Partition Table:[0m
[0;32mI (59) boot: ## Label            Usage          Type ST Offset   Length[0m
[0;32mI (65) boot:  0 nvs              WiFi data        01 02 00009000 00006000[0m
[0;32mI (72) boot:  1 phy_init         RF data          01 01 0000f000 00001000[0m
[0;32mI (78) boot:  2 factory          factory app      00 00 00010000 00800000[0m
[0;32mI (85) boot: End of partition table[0m
[0;32mI (88) esp_image: segment 0: paddr=00010020 vaddr=3c150020 size=dda6ch (907884) map[0m
[0;32mI (231) esp_image: segment 1: paddr=000eda94 vaddr=3fca6400 size=02584h (  9604) load[0m
[0;32mI (233) esp_image: segment 2: paddr=000f0020 vaddr=42000020 size=144b28h (1329960) map[0m
[0;32mI (433) esp_image: segment 3: paddr=00234b50 vaddr=3fca8984 size=03a40h ( 14912) load[0m
[0;32mI (436) esp_image: segment 4: paddr=00238598 vaddr=40374000 size=2230ch (140044) load[0m
[0;32mI (464) esp_image: segment 5: paddr=0025a8ac vaddr=600fe000 size=00020h (    32) load[0m
[0;32mI (477) boot: Loaded app from partition at offset 0x10000[0m
[0;32mI (477) boot: Disabling RNG early entropy source...[0m
[0;33mW (487) flash HPM: HPM mode is optional feature that depends on flash model. Read Docs First![0m
[0;33mW (487) flash HPM: HPM mode with DC adjustment is disabled. Some flash models may not be supported. Read Docs First![0m
[0;33mW (494) flash HPM: High performance mode of this flash model hasn't been supported.[0m
[0;32mI (502) MSPI Timing: Flash timing tuning index: 2[0m
[0;32mI (506) octal_psram: vendor id    : 0x0d (AP)[0m
[0;32mI (510) octal_psram: dev id       : 0x02 (generation 3)[0m
[0;32mI (515) octal_psram: density      : 0x03 (64 Mbit)[0m
[0;32mI (520) octal_psram: good-die     : 0x01 (Pass)[0m
[0;32mI (524) octal_psram: Latency      : 0x01 (Fixed)[0m
[0;32mI (528) octal_psram: VCC          : 0x01 (3V)[0m
[0;32mI (532) octal_psram: SRF          : 0x01 (Fast Refresh)[0m
[0;32mI (537) octal_psram: BurstType    : 0x01 (Hybrid Wrap)[0m
[0;32mI (542) octal_psram: BurstLen     : 0x01 (32 Byte)[0m
[0;32mI (547) octal_psram: Readlatency  : 0x02 (10 cycles@Fixed)[0m
[0;32mI (552) octal_psram: DriveStrength: 0x00 (1/1)[0m
[0;32mI (564) MSPI Timing: PSRAM timing tuning index: 2[0m
[0;32mI (564) esp_psram: Found 8MB PSRAM device[0m
[0;32mI (565) esp_psram: Speed: 120MHz[0m
[0;32mI (604) mmu_psram: Read only data copied and mapped to SPIRAM[0m
[0;32mI (674) mmu_psram: Instructions copied and mapped to SPIRAM[0m
[0;32mI (674) cpu_start: Multicore app[0m
[0;32mI (823) esp_psram: SPI SRAM memory test OK[0m
[0;32mI (831) cpu_start: Pro cpu start user code[0m
[0;32mI (831) cpu_start: cpu freq: 240000000 Hz[0m
[0;32mI (831) app_init: Application information:[0m
[0;32mI (831) app_init: Project name:     16_LVGL_UI[0m
[0;32mI (836) app_init: App version:      43fcfab-dirty[0m
[0;32mI (840) app_init: Compile time:     Oct 11 2025 10:32:00[0m
[0;32mI (845) app_init: ELF file SHA256:  9576ad803...[0m
[0;32mI (849) app_init: ESP-IDF:          v5.5-dirty[0m
[0;32mI (854) efuse_init: Min chip rev:     v0.0[0m
[0;32mI (857) efuse_init: Max chip rev:     v0.99 [0m
[0;32mI (861) efuse_init: Chip rev:         v0.2[0m
[0;32mI (865) heap_init: Initializing. RAM available for dynamic allocation:[0m
[0;32mI (871) heap_init: At 3FCB6D90 len 00032980 (202 KiB): RAM[0m
[0;32mI (877) heap_init: At 3FCE9710 len 00005724 (21 KiB): RAM[0m
[0;32mI (882) heap_init: At 3FCF0000 len 00008000 (32 KiB): DRAM[0m
[0;32mI (887) heap_init: At 600FE020 len 00001FC8 (7 KiB): RTCRAM[0m
[0;32mI (892) esp_psram: Adding pool of 5952K of PSRAM memory to heap allocator[0m
[0;32mI (899) esp_psram: Adding pool of 9K of PSRAM memory gap generated due to end address alignment of drom to the heap allocator[0m
[0;32mI (910) spi_flash: detected chip: generic[0m
[0;32mI (914) spi_flash: flash io: qio[0m
[0;32mI (917) sleep_gpio: Configure to isolate all GPIO pins in sleep state[0m
[0;32mI (923) sleep_gpio: Enable automatic switching of GPIO sleep configuration[0m
[0;32mI (929) coexist: coex firmware version: 831ec70[0m
[0;32mI (942) coexist: coexist rom version e7ae62f[0m
[0;32mI (943) main_task: Started on CPU0[0m
[0;32mI (944) esp_psram: Reserving pool of 32K of internal memory for DMA/internal allocations[0m
[0;32mI (949) main_task: Calling app_main()[0m
[0;33mW (962) i2c.master: Please check pull-up resistances whether be connected properly. Otherwise unexpected behavior would happen. For more detailed information, please read docs[0m
[0;32mI (1368) GT911: Initialize I2C panel IO[0m
[0;32mI (1368) GT911: Initialize touch controller GT911[0m
[0;33mW (1368) GT911: Unable to initialize the I2C address[0m
[0;32mI (1370) GT911: TouchPad_ID:0x39,0x31,0x31[0m
[0;32mI (1373) GT911: TouchPad_Config_Version:91[0m
[0;32mI (1377) example: Install RGB LCD panel driver[0m
[0;32mI (1417) example: Initialize RGB LCD panel[0m
[0;32mI (1419) lv_port: Create LVGL task[0m
[0;32mI (1446) main: Display LVGL demos[0m
[0;32mI (1607) pp: pp rom version: e7ae62f[0m
[0;32mI (1607) net80211: net80211 rom version: e7ae62f[0m
[0;32mI (1608) BLE_INIT: BT controller compile version [4713a69][0m
[0;32mI (1609) wifi:wifi driver task: 3fcd7f2c, prio:23, stack:6656, core=0[0m
[0;32mI (1622) wifi:wifi firmware version: f3dbad7[0m
[0;32mI (1622) wifi:wifi certification version: v7.0[0m
[0;32mI (1623) wifi:config NVS flash: enabled[0m
[0;32mI (1627) wifi:config nano formatting: disabled[0m
[0;32mI (1631) wifi:Init data frame dynamic rx buffer num: 32[0m
[0;32mI (1637) wifi:Init static rx mgmt buffer num: 5[0m
[0;32mI (1640) wifi:Init management short buffer num: 32[0m
[0;32mI (1645) wifi:Init static tx buffer num: 16[0m
[0;32mI (1650) wifi:Init tx cache buffer num: 32[0m
[0;32mI (1653) wifi:Init static tx FG buffer num: 2[0m
[0;32mI (1657) wifi:Init static rx buffer size: 1600[0m
[0;32mI (1661) wifi:Init static rx buffer num: 16[0m
[0;32mI (1665) wifi:Init dynamic rx buffer num: 32[0m
[0;32mI (1670) wifi_init: rx ba win: 16[0m
[0;32mI (1672) wifi_init: accept mbox: 6[0m
[0;32mI (1675) wifi_init: tcpip mbox: 32[0m
[0;32mI (1678) wifi_init: udp mbox: 6[0m
[0;32mI (1681) wifi_init: tcp mbox: 6[0m
[0;32mI (1684) wifi_init: tcp tx win: 5760[0m
[0;32mI (1687) wifi_init: tcp rx win: 5760[0m
[0;32mI (1690) wifi_init: tcp mss: 1440[0m
[0;32mI (1693) wifi_init: WiFi/LWIP prefer SPIRAM[0m
[0;32mI (1697) wifi_init: WiFi IRAM OP enabled[0m
[0;32mI (1701) wifi_init: WiFi RX IRAM OP enabled[0m
Wi-Fi event handler registered.
[0;32mI (1708) phy_init: phy_version 701,f4f1da3a,Mar  3 2025,15:50:10[0m
[0;32mI (1745) wifi:mode : null[0m
[0;32mI (1746) BLE_INIT: Feature Config, ADV:1, BLE_50:1, DTM:1, SCAN:1, CCA:0, SMP:1, CONNECT:1[0m
[0;32mI (1746) BLE_INIT: Bluetooth MAC: 10:20:ba:01:48:aa[0m
[0;32mI (1764) BLE_SERVER: REGISTER_APP_EVT, status 0, app_id 0[0m
[0;33mW (1765) BT_BTM: BTM_BleWriteAdvData, Partial data write into ADV[0m
[0;33mW (1766) BT_BTM: BTM_BleWriteScanRsp, Partial data write into ADV[0m
[0;32mI (1771) BLE_SERVER: CREATE_SERVICE_EVT, status 0,  service_handle 40[0m
[0;32mI (1778) BLE_SERVER: Advertising started successfully[0m
[0;32mI (1781) BLE_SERVER: ADD_CHAR_EVT, status 0,  attr_handle 42, service_handle 40[0m
[0;32mI (1788) BLE_SERVER: ***** BLE GATT SERVER STARTED *****[0m
[0;32mI (1793) BLE_SERVER: ***** WAITING FOR CLIENT CONNECTION *****[0m
[0;32mI (1799) MQTT_BACKUP: MQTT retry task created successfully on Core 1[0m
[0;32mI (1799) MQTT_BACKUP: MQTT Retry Publish Task started[0m
[0;33mW (1799) RSSI: Not connected to any AP[0m
I 
***ERROR*** A stack overflow in task wifi_rssi_task has been detected.


Backtrace: 0x40376125:0x3fcf52d0 0x4038825d:0x3fcf52f0 0x40389012:0x3fcf5310 0x4038a715:0x3fcf5390 0x4038911c:0x3fcf53c0 0x40389112:0x00000000 |<-CORRUPTED




ELF file SHA256: 9576ad803

Rebooting...
ESP-ROM:esp32s3-20210327
Build:Mar 27 2021
rst:0xc (RTC_SW_CPU_RST),boot:0x2b (SPI_FAST_FLASH_BOOT)
Saved PC:0x42008efc
SPIWP:0xee
mode:DIO, clock div:1
load:0x3fce2820,len:0x1710
load:0x403c8700,len:0xec0
load:0x403cb700,len:0x31d4
entry 0x403c894c
[0;32mI (29) boot: ESP-IDF v5.5-dirty 2nd stage bootloader[0m
[0;32mI (29) boot: compile time Oct  8 2025 11:43:15[0m
[0;32mI (29) boot: Multicore bootloader[0m
[0;32mI (30) boot: chip revision: v0.2[0m
[0;32mI (33) boot: efuse block revision: v1.3[0m
[0;32mI (36) qio_mode: Enabling default flash chip QIO[0m
[0;32mI (40) boot.esp32s3: Boot SPI Speed : 80MHz[0m
[0;32mI (44) boot.esp32s3: SPI Mode       : QIO[0m
[0;32mI (48) boot.esp32s3: SPI Flash Size : 16MB[0m
[0;32mI (52) boot: Enabling RNG early entropy source...[0m
[0;32mI (56) boot: Partition Table:[0m
[0;32mI (59) boot: ## Label            Usage          Type ST Offset   Length[0m
[0;32mI (65) boot:  0 nvs              WiFi data        01 02 00009000 00006000[0m
[0;32mI (72) boot:  1 phy_init         RF data          01 01 0000f000 00001000[0m
[0;32mI (78) boot:  2 factory          factory app      00 00 00010000 00800000[0m
[0;32mI (85) boot: End of partition table[0m
[0;32mI (88) esp_image: segment 0: paddr=00010020 vaddr=3c150020 size=dda6ch (907884) map[0m
[0;32mI (231) esp_image: segment 1: paddr=000eda94 vaddr=3fca6400 size=02584h (  9604) load[0m
[0;32mI (233) esp_image: segment 2: paddr=000f0020 vaddr=42000020 size=144b28h (1329960) map[0m
[0;32mI (433) esp_image: segment 3: paddr=00234b50 vaddr=3fca8984 size=03a40h ( 14912) load[0m
[0;32mI (436) esp_image: segment 4: paddr=00238598 vaddr=40374000 size=2230ch (140044) load[0m
[0;32mI (464) esp_image: segment 5: paddr=0025a8ac vaddr=600fe000 size=00020h (    32) load[0m
[0;32mI (477) boot: Loaded app from partition at offset 0x10000[0m
[0;32mI (477) boot: Disabling RNG early entropy source...[0m
[0;33mW (487) flash HPM: HPM mode is optional feature that depends on flash model. Read Docs First![0m
[0;33mW (487) flash HPM: HPM mode with DC adjustment is disabled. Some flash models may not be supported. Read Docs First![0m
[0;33mW (494) flash HPM: High performance mode of this flash model hasn't been supported.[0m
[0;32mI (502) MSPI Timing: Flash timing tuning index: 2[0m
[0;32mI (506) octal_psram: vendor id    : 0x0d (AP)[0m
[0;32mI (510) octal_psram: dev id       : 0x02 (generation 3)[0m
[0;32mI (515) octal_psram: density      : 0x03 (64 Mbit)[0m
[0;32mI (520) octal_psram: good-die     : 0x01 (Pass)[0m
[0;32mI (524) octal_psram: Latency      : 0x01 (Fixed)[0m
[0;32mI (528) octal_psram: VCC          : 0x01 (3V)[0m
[0;32mI (532) octal_psram: SRF          : 0x01 (Fast Refresh)[0m
[0;32mI (537) octal_psram: BurstType    : 0x01 (Hybrid Wrap)[0m
[0;32mI (542) octal_psram: BurstLen     : 0x01 (32 Byte)[0m
[0;32mI (547) octal_psram: Readlatency  : 0x02 (10 cycles@Fixed)[0m
[0;32mI (552) octal_psram: DriveStrength: 0x00 (1/1)[0m
[0;32mI (564) MSPI Timing: PSRAM timing tuning index: 2[0m
[0;32mI (564) esp_psram: Found 8MB PSRAM device[0m
[0;32mI (565) esp_psram: Speed: 120MHz[0m
[0;32mI (604) mmu_psram: Read only data copied and mapped to SPIRAM[0m
[0;32mI (674) mmu_psram: Instructions copied and mapped to SPIRAM[0m
[0;32mI (674) cpu_start: Multicore app[0m
[0;32mI (823) esp_psram: SPI SRAM memory test OK[0m
[0;32mI (831) cpu_start: Pro cpu start user code[0m
[0;32mI (831) cpu_start: cpu freq: 240000000 Hz[0m
[0;32mI (831) app_init: Application information:[0m
[0;32mI (831) app_init: Project name:     16_LVGL_UI[0m
[0;32mI (836) app_init: App version:      43fcfab-dirty[0m
[0;32mI (840) app_init: Compile time:     Oct 11 2025 10:32:00[0m
[0;32mI (845) app_init: ELF file SHA256:  9576ad803...[0m
[0;32mI (849) app_init: ESP-IDF:          v5.5-dirty[0m
[0;32mI (854) efuse_init: Min chip rev:     v0.0[0m
[0;32mI (857) efuse_init: Max chip rev:     v0.99 [0m
[0;32mI (861) efuse_init: Chip rev:         v0.2[0m
[0;32mI (865) heap_init: Initializing. RAM available for dynamic allocation:[0m
[0;32mI (871) heap_init: At 3FCB6D90 len 00032980 (202 KiB): RAM[0m
[0;32mI (877) heap_init: At 3FCE9710 len 00005724 (21 KiB): RAM[0m
[0;32mI (882) heap_init: At 3FCF0000 len 00008000 (32 KiB): DRAM[0m
[0;32mI (887) heap_init: At 600FE020 len 00001FC8 (7 KiB): RTCRAM[0m
[0;32mI (892) esp_psram: Adding pool of 5952K of PSRAM memory to heap allocator[0m
[0;32mI (899) esp_psram: Adding pool of 9K of PSRAM memory gap generated due to end address alignment of drom to the heap allocator[0m
[0;32mI (910) spi_flash: detected chip: generic[0m
[0;32mI (914) spi_flash: flash io: qio[0m
[0;32mI (917) sleep_gpio: Configure to isolate all GPIO pins in sleep state[0m
[0;32mI (923) sleep_gpio: Enable automatic switching of GPIO sleep configuration[0m
[0;32mI (929) coexist: coex firmware version: 831ec70[0m
[0;32mI (942) coexist: coexist rom version e7ae62f[0m
[0;32mI (943) main_task: Started on CPU0[0m
[0;32mI (944) esp_psram: Reserving pool of 32K of internal memory for DMA/internal allocations[0m
[0;32mI (949) main_task: Calling app_main()[0m
[0;33mW (962) i2c.master: Please check pull-up resistances whether be connected properly. Otherwise unexpected behavior would happen. For more detailed information, please read docs[0m
