Command: D:\ESP32_IDF\Espressif\python_env\idf5.5_py3.11_env\Scripts\python.exe D:\ESP32_IDF\Espressif\frameworks\esp-idf-v5.5\tools/idf_monitor.py -p COM10 -b 115200 --toolchain-prefix xtensa-esp32s3-elf- --target esp32s3 --revision 0 D:\ESP32\ESP32S3_LCD 7B_DEMO_3\ESP32-S3-Touch-LCD-7B-Demo\ESP32-S3-Touch-LCD-7B-Demo\ESP-IDF\16_LVGL_UI\build\16_LVGL_UI.elf D:\ESP32\ESP32S3_LCD 7B_DEMO_3\ESP32-S3-Touch-LCD-7B-Demo\ESP32-S3-Touch-LCD-7B-Demo\ESP-IDF\16_LVGL_UI\build\bootloader\bootloader.elf --force-color -m 'D:\ESP32_IDF\Espressif\python_env\idf5.5_py3.11_env\Scripts\python.exe' 'D:\ESP32_IDF\Espressif\frameworks\esp-idf-v5.5\tools\idf.py' '-p' 'COM10'
ESP-ROM:esp32s3-20210327
Build:Mar 27 2021
rst:0x1 (POWERON),boot:0x29 (SPI_FAST_FLASH_BOOT)
SPIWP:0xee
mode:DIO, clock div:1
load:0x3fce2820,len:0x1710
load:0x403c8700,len:0xec0
load:0x403cb700,len:0x31d4
entry 0x403c894c
[0;32mI (25) boot: ESP-IDF v5.5-dirty 2nd stage bootloader[0m
[0;32mI (25) boot: compile time Oct  8 2025 11:43:15[0m
[0;32mI (25) boot: Multicore bootloader[0m
[0;32mI (26) boot: chip revision: v0.2[0m
[0;32mI (28) boot: efuse block revision: v1.3[0m
[0;32mI (32) qio_mode: Enabling default flash chip QIO[0m
[0;32mI (36) boot.esp32s3: Boot SPI Speed : 80MHz[0m
[0;32mI (40) boot.esp32s3: SPI Mode       : QIO[0m
[0;32mI (44) boot.esp32s3: SPI Flash Size : 16MB[0m
[0;32mI (48) boot: Enabling RNG early entropy source...[0m
[0;32mI (52) boot: Partition Table:[0m
[0;32mI (55) boot: ## Label            Usage          Type ST Offset   Length[0m
[0;32mI (61) boot:  0 nvs              WiFi data        01 02 00009000 00006000[0m
[0;32mI (68) boot:  1 phy_init         RF data          01 01 0000f000 00001000[0m
[0;32mI (74) boot:  2 factory          factory app      00 00 00010000 00800000[0m
[0;32mI (81) boot: End of partition table[0m
[0;32mI (84) esp_image: segment 0: paddr=00010020 vaddr=3c0e0020 size=c43dch (803804) map[0m
[0;32mI (211) esp_image: segment 1: paddr=000d4404 vaddr=3fca1c00 size=05790h ( 22416) load[0m
[0;32mI (215) esp_image: segment 2: paddr=000d9b9c vaddr=40374000 size=0647ch ( 25724) load[0m
[0;32mI (220) esp_image: segment 3: paddr=000e0020 vaddr=42000020 size=d55c4h (873924) map[0m
[0;32mI (352) esp_image: segment 4: paddr=001b55ec vaddr=4037a47c size=17734h ( 96052) load[0m
[0;32mI (370) esp_image: segment 5: paddr=001ccd28 vaddr=600fe000 size=00020h (    32) load[0m
[0;32mI (382) boot: Loaded app from partition at offset 0x10000[0m
[0;32mI (382) boot: Disabling RNG early entropy source...[0m
[0;33mW (392) flash HPM: HPM mode is optional feature that depends on flash model. Read Docs First![0m
[0;33mW (392) flash HPM: HPM mode with DC adjustment is disabled. Some flash models may not be supported. Read Docs First![0m
[0;33mW (399) flash HPM: High performance mode of this flash model hasn't been supported.[0m
[0;32mI (407) MSPI Timing: Flash timing tuning index: 2[0m
[0;32mI (411) octal_psram: vendor id    : 0x0d (AP)[0m
[0;32mI (415) octal_psram: dev id       : 0x02 (generation 3)[0m
[0;32mI (420) octal_psram: density      : 0x03 (64 Mbit)[0m
[0;32mI (425) octal_psram: good-die     : 0x01 (Pass)[0m
[0;32mI (429) octal_psram: Latency      : 0x01 (Fixed)[0m
[0;32mI (433) octal_psram: VCC          : 0x01 (3V)[0m
[0;32mI (437) octal_psram: SRF          : 0x01 (Fast Refresh)[0m
[0;32mI (442) octal_psram: BurstType    : 0x01 (Hybrid Wrap)[0m
[0;32mI (447) octal_psram: BurstLen     : 0x01 (32 Byte)[0m
[0;32mI (452) octal_psram: Readlatency  : 0x02 (10 cycles@Fixed)[0m
[0;32mI (457) octal_psram: DriveStrength: 0x00 (1/1)[0m
[0;32mI (468) MSPI Timing: PSRAM timing tuning index: 2[0m
[0;32mI (469) esp_psram: Found 8MB PSRAM device[0m
[0;32mI (469) esp_psram: Speed: 120MHz[0m
[0;32mI (506) mmu_psram: Read only data copied and mapped to SPIRAM[0m
[0;32mI (553) mmu_psram: Instructions copied and mapped to SPIRAM[0m
[0;32mI (553) cpu_start: Multicore app[0m
[0;32mI (715) esp_psram: SPI SRAM memory test OK[0m
[0;32mI (723) cpu_start: Pro cpu start user code[0m
[0;32mI (723) cpu_start: cpu freq: 240000000 Hz[0m
[0;32mI (723) app_init: Application information:[0m
[0;32mI (723) app_init: Project name:     16_LVGL_UI[0m
[0;32mI (727) app_init: App version:      d0f7808-dirty[0m
[0;32mI (732) app_init: Compile time:     Oct 17 2025 14:36:47[0m
[0;32mI (737) app_init: ELF file SHA256:  b37ec8215...[0m
[0;32mI (741) app_init: ESP-IDF:          v5.5-dirty[0m
[0;32mI (745) efuse_init: Min chip rev:     v0.0[0m
[0;32mI (749) efuse_init: Max chip rev:     v0.99 [0m
[0;32mI (753) efuse_init: Chip rev:         v0.2[0m
[0;32mI (757) heap_init: Initializing. RAM available for dynamic allocation:[0m
[0;32mI (763) heap_init: At 3FCAC798 len 0003CF78 (243 KiB): RAM[0m
[0;32mI (768) heap_init: At 3FCE9710 len 00005724 (21 KiB): RAM[0m
[0;32mI (774) heap_init: At 3FCF0000 len 00008000 (32 KiB): DRAM[0m
[0;32mI (779) heap_init: At 600FE020 len 00001FC8 (7 KiB): RTCRAM[0m
[0;32mI (784) esp_psram: Adding pool of 6464K of PSRAM memory to heap allocator[0m
[0;32mI (791) esp_psram: Adding pool of 47K of PSRAM memory gap generated due to end address alignment of drom to the heap allocator[0m
[0;32mI (802) spi_flash: detected chip: generic[0m
[0;32mI (805) spi_flash: flash io: qio[0m
[0;32mI (809) sleep_gpio: Configure to isolate all GPIO pins in sleep state[0m
[0;32mI (815) sleep_gpio: Enable automatic switching of GPIO sleep configuration[0m
[0;32mI (821) coexist: coex firmware version: 831ec70[0m
[0;32mI (834) coexist: coexist rom version e7ae62f[0m
[0;32mI (835) main_task: Started on CPU0[0m
[0;32mI (836) esp_psram: Reserving pool of 32K of internal memory for DMA/internal allocations[0m
[0;32mI (841) main_task: Calling app_main()[0m
[0;32mI (844) PSRAM: Total heap: 6922816[0m
[0;32mI (847) PSRAM: Free PSRAM: 6631981[0m
[0;33mW (860) i2c.master: Please check pull-up resistances whether be connected properly. Otherwise unexpected behavior would happen. For more detailed information, please read docs[0m
[0;32mI (1266) GT911: Initialize I2C panel IO[0m
[0;32mI (1266) GT911: Initialize touch controller GT911[0m
[0;33mW (1266) GT911: Unable to initialize the I2C address[0m
[0;32mI (1268) GT911: TouchPad_ID:0x39,0x31,0x31[0m
[0;32mI (1271) GT911: TouchPad_Config_Version:91[0m
[0;32mI (1275) example: Install RGB LCD panel driver[0m
[0;32mI (1315) example: Initialize RGB LCD panel[0m
[0;32mI (1317) lv_port: Create LVGL task[0m
[0;32mI (1344) main: Display LVGL demos[0m
[0;32mI (1504) pp: pp rom version: e7ae62f[0m
[0;32mI (1504) net80211: net80211 rom version: e7ae62f[0m
[0;33mW (1505) RSSI: Not connected to any AP[0m
[0;32mI (1505) main_task: Returned from app_main()[0m
[0;32mI (1506) wifi:wifi driver task: 3fccd620, prio:23, stack:6656, core=0[0m
[0;32mI (1521) wifi:wifi firmware version: f3dbad7[0m
[0;32mI (1521) wifi:wifi certification version: v7.0[0m
[0;32mI (1523) wifi:config NVS flash: enabled[0m
[0;32mI (1526) wifi:config nano formatting: disabled[0m
[0;32mI (1530) wifi:Init data frame dynamic rx buffer num: 32[0m
[0;32mI (1536) wifi:Init static rx mgmt buffer num: 5[0m
[0;32mI (1540) wifi:Init management short buffer num: 32[0m
[0;32mI (1544) wifi:Init static tx buffer num: 16[0m
[0;32mI (1549) wifi:Init tx cache buffer num: 32[0m
[0;32mI (1552) wifi:Init static tx FG buffer num: 2[0m
[0;32mI (1557) wifi:Init static rx buffer size: 1600[0m
[0;32mI (1560) wifi:Init static rx buffer num: 16[0m
[0;32mI (1564) wifi:Init dynamic rx buffer num: 32[0m
[0;32mI (1569) wifi_init: rx ba win: 16[0m
[0;32mI (1571) wifi_init: accept mbox: 6[0m
[0;32mI (1574) wifi_init: tcpip mbox: 32[0m
[0;32mI (1577) wifi_init: udp mbox: 6[0m
[0;32mI (1580) wifi_init: tcp mbox: 6[0m
[0;32mI (1583) wifi_init: tcp tx win: 5760[0m
[0;32mI (1586) wifi_init: tcp rx win: 5760[0m
[0;32mI (1589) wifi_init: tcp mss: 1440[0m
[0;32mI (1592) wifi_init: WiFi/LWIP prefer SPIRAM[0m
[0;32mI (1596) wifi_init: WiFi IRAM OP enabled[0m
[0;32mI (1600) wifi_init: WiFi RX IRAM OP enabled[0m
[0;32mI (1604) reconnect: Found saved WiFi: Namtrung 2.4G[0m
Wi-Fi event handler registered.
[0;32mI (1612) phy_init: phy_version 701,f4f1da3a,Mar  3 2025,15:50:10[0m
[0;32mI (1652) wifi:mode : sta (10:20:ba:01:48:a8)[0m
[0;32mI (1652) wifi:enable tsf[0m
[0;32mI (1654) reconnect: WiFi init complete, waiting for connection...[0m
[0;32mI (1654) WiFi Sta: GET: SSID:Namtrung 2.4G, password:nt@14092011[0m
[0;32mI (1661) wifi:new:<6,0>, old:<1,0>, ap:<255,255>, sta:<6,0>, prof:1, snd_ch_cfg:0x0[0m
[0;32mI (1666) wifi:state: init -> auth (0xb0)[0m
[0;32mI (1790) wifi:state: auth -> assoc (0x0)[0m
[0;32mI (1805) wifi:state: assoc -> run (0x10)[0m
[0;32mI (1825) wifi:connected with Namtrung 2.4G, aid = 26, channel 6, BW20, bssid = 12:5f:02:15:32:0e[0m
[0;32mI (1825) wifi:security: WPA2-PSK, phy: bgn, rssi: -67[0m
[0;32mI (1828) wifi:pm start, type: 1[0m

[0;32mI (1830) wifi:dp: 1, bi: 102400, li: 3, scale listen interval from 307200 us to 307200 us[0m
[0;32mI (1838) wifi:set rx beacon pti, rx_bcn_pti: 14, bcn_timeout: 25000, mt_pti: 14, mt_time: 10000[0m
[0;32mI (1848) WiFi Sta: Connected to SSID:Namtrung 2.4G, channel:6[0m
[0;32mI (1853) wifi:AP's beacon interval = 102400 us, DTIM period = 1[0m
[0;32mI (2159) WiFi Sta: Failed to connect to the AP[0m
[0;32mI (2159) WiFi Sta: Retrying to connect to the AP[0m
[0;32mI (2893) esp_netif_handlers: sta ip: 10.10.1.55, mask: 255.255.252.0, gw: 10.10.1.1[0m
[0;32mI (3669) WiFi: Connected with IP: 10.10.1.55[0m
[0;32mI (3669) WiFi Sta: Connected to AP SSID:Namtrung 2.4G, password:nt@14092011, bssid:12:5F:02:15:32:0E[0m
[0;32mI (3685) MQTT_MANAGER: No existing client, creating new one...[0m
[0;32mI (3685) MQTT: Other event id:7[0m
[0;32mI (3704) wifi:<ba-add>idx:0 (ifx:0, 12:5f:02:15:32:0e), tid:7, ssn:8, winSize:64[0m
[0;32mI (3710) wifi:<ba-add>idx:1 (ifx:0, 12:5f:02:15:32:0e), tid:0, ssn:1, winSize:64[0m
[0;32mI (3718) MQTT: MQTT_EVENT_CONNECTED[0m
[0;32mI (3724) MQTT: MQTT_EVENT_SUBSCRIBED, msg_id=53934, return code=0x00 [0m
[0;32mI (3727) MQTT: MQTT_EVENT_SUBSCRIBED, msg_id=23302, return code=0x00 [0m
[0;32mI (3769) NVS: last index: -1[0m
[0;32mI (3769) NVS: wifi index: 0[0m
[0;33mW (3769) WIFI_UI: WIFI_List_Button is invalid[0m
[0;32mI (19269) MQTT: MQTT_EVENT_DATA[0m
TOPIC=number
DATA=1019
[0;32mI (19270) MQTT_BACKUP: MQTT_EVENT_DATA. Payload: 1019[0m
[0;32mI (19271) MQTT_BACKUP: Saved number "1019" into key "next_number"[0m
[0;32mI (19274) WAIT TASK: Start waiting for 10 seconds...[0m
[0;32mI (19474) MQTT: MQTT_EVENT_DATA[0m
TOPIC=number
DATA=1019
[0;32mI (19474) MQTT_BACKUP: MQTT_EVENT_DATA. Payload: 1019[0m
[0;32mI (19475) MQTT_BACKUP: Saved number "1019" into key "next_number"[0m
[0;32mI (20288) MQTT_BACKUP: Read number: 1018[0m
[0;32mI (20289) Feedback: Successfully read number: 1018[0m
[0;32mI (20289) Feedback: diem danh gia: 3[0m

[0;32mI (20290) MQTT: Message sent successfully, msg_id=0[0m
[0;32mI (20379) WAIT TASK: Pressed[0m
[0;32mI (20387) MQTT_BACKUP: copied next_number (1019) to current_number[0m
[0;32mI (20388) MQTT_BACKUP: Delete key next_number successfully[0m
[0;32mI (20388) WAIT TASK: Start waiting for 10 seconds...[0m
[0;32mI (25394) WAIT TASK: TIMEOUT [0m
[0;32mI (25394) MQTT_BACKUP:  No next_number exist[0m
[0;32mI (25394) MQTT_BACKUP: No Key next_number exist[0m
[0;32mI (32584) MQTT: MQTT_EVENT_DATA[0m
TOPIC=number
DATA=1020
[0;32mI (32584) MQTT_BACKUP: MQTT_EVENT_DATA. Payload: 1020[0m
[0;32mI (32586) MQTT_BACKUP: Saved number "1020" into key "next_number"[0m
[0;32mI (32588) WAIT TASK: Start waiting for 10 seconds...[0m
[0;32mI (32689) MQTT: MQTT_EVENT_DATA[0m
TOPIC=number
DATA=1020
[0;32mI (32689) MQTT_BACKUP: MQTT_EVENT_DATA. Payload: 1020[0m
[0;32mI (32690) MQTT_BACKUP: Saved number "1020" into key "next_number"[0m
[0;32mI (33348) MQTT_BACKUP: Read number: 1019[0m
[0;32mI (33349) Feedback: Successfully read number: 1019[0m
[0;32mI (33349) Feedback: diem danh gia : 4[0m

[0;32mI (33350) MQTT: Message sent successfully, msg_id=0[0m
[0;32mI (33393) WAIT TASK: Pressed[0m
[0;32mI (33402) MQTT_BACKUP: copied next_number (1020) to current_number[0m
[0;32mI (33403) MQTT_BACKUP: Delete key next_number successfully[0m
[0;32mI (33404) WAIT TASK: Start waiting for 10 seconds...[0m
[0;32mI (38408) WAIT TASK: TIMEOUT [0m
[0;32mI (38408) MQTT_BACKUP:  No next_number exist[0m
[0;32mI (38408) MQTT_BACKUP: No Key next_number exist[0m
[0;32mI (49785) MQTT: MQTT_EVENT_DATA[0m
TOPIC=number
DATA=1021
[0;32mI (49785) MQTT_BACKUP: MQTT_EVENT_DATA. Payload: 1021[0m
[0;32mI (49787) MQTT_BACKUP: Saved number "1021" into key "next_number"[0m
[0;32mI (49790) WAIT TASK: Start waiting for 10 seconds...[0m
[0;32mI (49948) MQTT: MQTT_EVENT_DATA[0m
TOPIC=number
DATA=1021
[0;32mI (49949) MQTT_BACKUP: MQTT_EVENT_DATA. Payload: 1021[0m
[0;32mI (49949) MQTT_BACKUP: Saved number "1021" into key "next_number"[0m
[0;32mI (53768) MQTT_BACKUP: Read number: 1020[0m
[0;32mI (53769) Feedback: Successfully read number: 1020[0m
[0;32mI (53769) Feedback: diem danh gia : 4[0m

[0;32mI (53770) MQTT: Message sent successfully, msg_id=0[0m
[0;32mI (53794) WAIT TASK: Pressed[0m
[0;32mI (53795) MQTT_BACKUP: copied next_number (1021) to current_number[0m
[0;32mI (53796) MQTT_BACKUP: Delete key next_number successfully[0m
[0;32mI (53796) WAIT TASK: Start waiting for 10 seconds...[0m
[0;32mI (58801) WAIT TASK: TIMEOUT [0m
[0;32mI (58801) MQTT_BACKUP:  No next_number exist[0m
[0;32mI (58801) MQTT_BACKUP: No Key next_number exist[0m
[0;32mI (69546) MQTT: MQTT_EVENT_DATA[0m
TOPIC=number
DATA=1022
[0;32mI (69546) MQTT_BACKUP: MQTT_EVENT_DATA. Payload: 1022[0m
[0;32mI (69548) MQTT_BACKUP: Saved number "1022" into key "next_number"[0m
[0;32mI (69551) WAIT TASK: Start waiting for 10 seconds...[0m
[0;32mI (69691) MQTT: MQTT_EVENT_DATA[0m
TOPIC=number
DATA=1022
[0;32mI (69692) MQTT_BACKUP: MQTT_EVENT_DATA. Payload: 1022[0m
[0;32mI (69692) MQTT_BACKUP: Saved number "1022" into key "next_number"[0m
[0;32mI (70345) MQTT_BACKUP: Read number: 1021[0m
[0;32mI (70345) Feedback: Successfully read number: 1021[0m
[0;32mI (70346) Feedback: diem danh gia: 1[0m

[0;32mI (70347) MQTT: Message sent successfully, msg_id=0[0m
[0;32mI (70355) WAIT TASK: Pressed[0m
[0;32mI (70356) MQTT_BACKUP: copied next_number (1022) to current_number[0m
[0;32mI (70359) MQTT_BACKUP: Delete key next_number successfully[0m
[0;32mI (70364) WAIT TASK: Start waiting for 10 seconds...[0m
[0;32mI (75369) WAIT TASK: TIMEOUT [0m
[0;32mI (75369) MQTT_BACKUP:  No next_number exist[0m
[0;32mI (75369) MQTT_BACKUP: No Key next_number exist[0m
[0;32mI (85945) MQTT_BACKUP: Read number: 1022[0m
[0;32mI (85945) Feedback: Successfully read number: 1022[0m
[0;32mI (85946) Feedback: diem danh gia: 1[0m

[0;32mI (85947) MQTT: Message sent successfully, msg_id=0[0m
[0;32mI (87978) MQTT_BACKUP: Read number: 1022[0m
[0;32mI (87979) Feedback: Successfully read number: 1022[0m
[0;32mI (87979) Feedback: diem danh gia: 1[0m

[0;32mI (87980) MQTT: Message sent successfully, msg_id=0[0m
