Command: D:\ESP32_IDF\Espressif\python_env\idf5.5_py3.11_env\Scripts\python.exe D:\ESP32_IDF\Espressif\frameworks\esp-idf-v5.5\tools/idf_monitor.py -p COM10 -b 115200 --toolchain-prefix xtensa-esp32s3-elf- --target esp32s3 --revision 0 D:\ESP32\ESP32S3_LCD 7B_DEMO_3\ESP32-S3-Touch-LCD-7B-Demo\ESP32-S3-Touch-LCD-7B-Demo\ESP-IDF\16_LVGL_UI\build\16_LVGL_UI.elf D:\ESP32\ESP32S3_LCD 7B_DEMO_3\ESP32-S3-Touch-LCD-7B-Demo\ESP32-S3-Touch-LCD-7B-Demo\ESP-IDF\16_LVGL_UI\build\bootloader\bootloader.elf --force-color -m 'D:\ESP32_IDF\Espressif\python_env\idf5.5_py3.11_env\Scripts\python.exe' 'D:\ESP32_IDF\Espressif\frameworks\esp-idf-v5.5\tools\idf.py' '-p' 'COM10'
ESP-ROM:esp32s3-20210327
Build:Mar 27 2021
rst:0x1 (POWERON),boot:0x29 (SPI_FAST_FLASH_BOOT)
SPIWP:0xee
mode:DIO, clock div:1
load:0x3fce2820,len:0x1710
load:0x403c8700,len:0xec0
load:0x403cb700,len:0x31d4
entry 0x403c894c
[0;32mI (25) boot: ESP-IDF v5.5-dirty 2nd stage bootloader[0m
[0;32mI (25) boot: compile time Sep 18 2025 13:59:10[0m
[0;32mI (25) boot: Multicore bootloader[0m
[0;32mI (26) boot: chip revision: v0.2[0m
[0;32mI (28) boot: efuse block revision: v1.3[0m
[0;32mI (32) qio_mode: Enabling default flash chip QIO[0m
[0;32mI (36) boot.esp32s3: Boot SPI Speed : 80MHz[0m
[0;32mI (40) boot.esp32s3: SPI Mode       : QIO[0m
[0;32mI (44) boot.esp32s3: SPI Flash Size : 16MB[0m
[0;32mI (48) boot: Enabling RNG early entropy source...[0m
[0;32mI (52) boot: Partition Table:[0m
[0;32mI (55) boot: ## Label            Usage          Type ST Offset   Length[0m
[0;32mI (61) boot:  0 nvs              WiFi data        01 02 00009000 00006000[0m
[0;32mI (68) boot:  1 phy_init         RF data          01 01 0000f000 00001000[0m
[0;32mI (74) boot:  2 factory          factory app      00 00 00010000 00800000[0m
[0;32mI (81) boot: End of partition table[0m
[0;32mI (84) esp_image: segment 0: paddr=00010020 vaddr=3c130020 size=c5b60h (809824) map[0m
[0;32mI (211) esp_image: segment 1: paddr=000d5b88 vaddr=3fca1d00 size=05d60h ( 23904) load[0m
[0;32mI (216) esp_image: segment 2: paddr=000db8f0 vaddr=40374000 size=04728h ( 18216) load[0m
[0;32mI (220) esp_image: segment 3: paddr=000e0020 vaddr=42000020 size=124150h (1196368) map[0m
[0;32mI (401) esp_image: segment 4: paddr=00204178 vaddr=40378728 size=19548h (103752) load[0m
[0;32mI (420) esp_image: segment 5: paddr=0021d6c8 vaddr=600fe000 size=00020h (    32) load[0m
[0;32mI (432) boot: Loaded app from partition at offset 0x10000[0m
[0;32mI (432) boot: Disabling RNG early entropy source...[0m
[0;33mW (442) flash HPM: HPM mode is optional feature that depends on flash model. Read Docs First![0m
[0;33mW (443) flash HPM: HPM mode with DC adjustment is disabled. Some flash models may not be supported. Read Docs First![0m
[0;33mW (450) flash HPM: High performance mode of this flash model hasn't been supported.[0m
[0;32mI (457) MSPI Timing: Flash timing tuning index: 2[0m
[0;32mI (462) octal_psram: vendor id    : 0x0d (AP)[0m
[0;32mI (466) octal_psram: dev id       : 0x02 (generation 3)[0m
[0;32mI (471) octal_psram: density      : 0x03 (64 Mbit)[0m
[0;32mI (475) octal_psram: good-die     : 0x01 (Pass)[0m
[0;32mI (479) octal_psram: Latency      : 0x01 (Fixed)[0m
[0;32mI (484) octal_psram: VCC          : 0x01 (3V)[0m
[0;32mI (488) octal_psram: SRF          : 0x01 (Fast Refresh)[0m
[0;32mI (493) octal_psram: BurstType    : 0x01 (Hybrid Wrap)[0m
[0;32mI (498) octal_psram: BurstLen     : 0x01 (32 Byte)[0m
[0;32mI (502) octal_psram: Readlatency  : 0x02 (10 cycles@Fixed)[0m
[0;32mI (507) octal_psram: DriveStrength: 0x00 (1/1)[0m
[0;32mI (519) MSPI Timing: PSRAM timing tuning index: 2[0m
[0;32mI (519) esp_psram: Found 8MB PSRAM device[0m
[0;32mI (520) esp_psram: Speed: 120MHz[0m
[0;32mI (557) mmu_psram: Read only data copied and mapped to SPIRAM[0m
[0;32mI (620) mmu_psram: Instructions copied and mapped to SPIRAM[0m
[0;32mI (620) cpu_start: Multicore app[0m
[0;32mI (774) esp_psram: SPI SRAM memory test OK[0m
[0;32mI (782) cpu_start: Pro cpu start user code[0m
[0;32mI (782) cpu_start: cpu freq: 240000000 Hz[0m
[0;32mI (782) app_init: Application information:[0m
[0;32mI (782) app_init: Project name:     16_LVGL_UI[0m
[0;32mI (786) app_init: App version:      1[0m
[0;32mI (790) app_init: Compile time:     Sep 18 2025 13:55:49[0m
[0;32mI (795) app_init: ELF file SHA256:  b071d98f2...[0m
[0;32mI (799) app_init: ESP-IDF:          v5.5-dirty[0m
[0;32mI (803) efuse_init: Min chip rev:     v0.0[0m
[0;32mI (807) efuse_init: Max chip rev:     v0.99 [0m
[0;32mI (811) efuse_init: Chip rev:         v0.2[0m
[0;32mI (815) heap_init: Initializing. RAM available for dynamic allocation:[0m
[0;32mI (821) heap_init: At 3FCB2AB0 len 00036C60 (219 KiB): RAM[0m
[0;32mI (826) heap_init: At 3FCE9710 len 00005724 (21 KiB): RAM[0m
[0;32mI (832) heap_init: At 3FCF0000 len 00008000 (32 KiB): DRAM[0m
[0;32mI (837) heap_init: At 600FE020 len 00001FC8 (7 KiB): RTCRAM[0m
[0;32mI (842) esp_psram: Adding pool of 6144K of PSRAM memory to heap allocator[0m
[0;32mI (849) esp_psram: Adding pool of 41K of PSRAM memory gap generated due to end address alignment of drom to the heap allocator[0m
[0;32mI (860) spi_flash: detected chip: generic[0m
[0;32mI (863) spi_flash: flash io: qio[0m
[0;32mI (867) sleep_gpio: Configure to isolate all GPIO pins in sleep state[0m
[0;32mI (873) sleep_gpio: Enable automatic switching of GPIO sleep configuration[0m
[0;32mI (879) coexist: coex firmware version: 831ec70[0m
[0;32mI (892) coexist: coexist rom version e7ae62f[0m
[0;32mI (893) main_task: Started on CPU0[0m
[0;32mI (894) esp_psram: Reserving pool of 32K of internal memory for DMA/internal allocations[0m
[0;32mI (899) main_task: Calling app_main()[0m
[0;33mW (911) i2c.master: Please check pull-up resistances whether be connected properly. Otherwise unexpected behavior would happen. For more detailed information, please read docs[0m
[0;32mI (1318) GT911: Initialize I2C panel IO[0m
[0;32mI (1318) GT911: Initialize touch controller GT911[0m
[0;33mW (1318) GT911: Unable to initialize the I2C address[0m
[0;32mI (1320) GT911: TouchPad_ID:0x39,0x31,0x31[0m
[0;32mI (1323) GT911: TouchPad_Config_Version:91[0m
[0;32mI (1327) example: Install RGB LCD panel driver[0m
[0;32mI (1367) example: Initialize RGB LCD panel[0m
[0;32mI (1369) lv_port: Create LVGL task[0m
[0;32mI (1396) main: Display LVGL demos[0m
[0;32mI (1563) pp: pp rom version: e7ae62f[0m
[0;32mI (1564) net80211: net80211 rom version: e7ae62f[0m
[0;32mI (1564) main_task: Returned from app_main()[0m
[0;32mI (1565) wifi:wifi driver task: 3fcd2b38, prio:23, stack:6656, core=0[0m
[0;32mI (1576) wifi:wifi firmware version: f3dbad7[0m
[0;32mI (1577) wifi:wifi certification version: v7.0[0m
[0;32mI (1578) wifi:config NVS flash: enabled[0m
[0;32mI (1582) wifi:config nano formatting: disabled[0m
[0;32mI (1586) wifi:Init data frame dynamic rx buffer num: 32[0m
[0;32mI (1591) wifi:Init static rx mgmt buffer num: 5[0m
[0;32mI (1595) wifi:Init management short buffer num: 32[0m
[0;32mI (1600) wifi:Init static tx buffer num: 16[0m
[0;32mI (1605) wifi:Init tx cache buffer num: 32[0m
[0;32mI (1607) wifi:Init static tx FG buffer num: 2[0m
[0;32mI (1612) wifi:Init static rx buffer size: 1600[0m
[0;32mI (1616) wifi:Init static rx buffer num: 16[0m
[0;32mI (1619) wifi:Init dynamic rx buffer num: 32[0m
[0;32mI (1624) wifi_init: rx ba win: 16[0m
[0;32mI (1627) wifi_init: accept mbox: 6[0m
[0;32mI (1630) wifi_init: tcpip mbox: 32[0m
[0;32mI (1633) wifi_init: udp mbox: 6[0m
[0;32mI (1636) wifi_init: tcp mbox: 6[0m
[0;32mI (1638) wifi_init: tcp tx win: 5760[0m
[0;32mI (1642) wifi_init: tcp rx win: 5760[0m
[0;32mI (1645) wifi_init: tcp mss: 1440[0m
[0;32mI (1648) wifi_init: WiFi/LWIP prefer SPIRAM[0m
[0;32mI (1652) wifi_init: WiFi IRAM OP enabled[0m
[0;32mI (1656) wifi_init: WiFi RX IRAM OP enabled[0m
[0;32mI (1661) mesh: <nvs>read layer:0[0m
[0;32mI (1663) mesh: <nvs>read assoc:0[0m
Wi-Fi event handler registered.
[0;32mI (1668) phy_init: phy_version 701,f4f1da3a,Mar  3 2025,15:50:10[0m
[0;32mI (1703) phy_init: Saving new calibration data due to checksum failure or outdated calibration data, mode(0)[0m
[0;32mI (1734) wifi:mode : null[0m
[0;32mI (6902) Screen1: diem danh gia : 4[0m

[0;32mI (9745) Screen1: diem danh gia: 1[0m

