Command: D:\ESP32_IDF\Espressif\python_env\idf5.5_py3.11_env\Scripts\python.exe D:\ESP32_IDF\Espressif\frameworks\esp-idf-v5.5\tools/idf_monitor.py -p COM10 -b 115200 --toolchain-prefix xtensa-esp32s3-elf- --target esp32s3 --revision 0 D:\ESP32\ESP32S3_LCD 7B_DEMO_3\ESP32-S3-Touch-LCD-7B-Demo\ESP32-S3-Touch-LCD-7B-Demo\ESP-IDF\16_LVGL_UI\build\16_LVGL_UI.elf D:\ESP32\ESP32S3_LCD 7B_DEMO_3\ESP32-S3-Touch-LCD-7B-Demo\ESP32-S3-Touch-LCD-7B-Demo\ESP-IDF\16_LVGL_UI\build\bootloader\bootloader.elf --force-color -m 'D:\ESP32_IDF\Espressif\python_env\idf5.5_py3.11_env\Scripts\python.exe' 'D:\ESP32_IDF\Espressif\frameworks\esp-idf-v5.5\tools\idf.py' '-p' 'COM10'
ESP-ROM:esp32s3-20210327
Build:Mar 27 2021
rst:0x1 (POWERON),boot:0x29 (SPI_FAST_FLASH_BOOT)
SPIWP:0xee
mode:DIO, clock div:1
load:0x3fce2820,len:0x1710
load:0x403c8700,len:0xec0
load:0x403cb700,len:0x31d4
entry 0x403c894c
[0;32mI (25) boot: ESP-IDF v5.5-dirty 2nd stage bootloader[0m
[0;32mI (25) boot: compile time Oct  8 2025 11:43:15[0m
[0;32mI (25) boot: Multicore bootloader[0m
[0;32mI (26) boot: chip revision: v0.2[0m
[0;32mI (28) boot: efuse block revision: v1.3[0m
[0;32mI (32) qio_mode: Enabling default flash chip QIO[0m
[0;32mI (36) boot.esp32s3: Boot SPI Speed : 80MHz[0m
[0;32mI (40) boot.esp32s3: SPI Mode       : QIO[0m
[0;32mI (44) boot.esp32s3: SPI Flash Size : 16MB[0m
[0;32mI (48) boot: Enabling RNG early entropy source...[0m
[0;32mI (52) boot: Partition Table:[0m
[0;32mI (55) boot: ## Label            Usage          Type ST Offset   Length[0m
[0;32mI (61) boot:  0 nvs              WiFi data        01 02 00009000 00006000[0m
[0;32mI (68) boot:  1 phy_init         RF data          01 01 0000f000 00001000[0m
[0;32mI (74) boot:  2 factory          factory app      00 00 00010000 00800000[0m
[0;32mI (81) boot: End of partition table[0m
[0;32mI (84) esp_image: segment 0: paddr=00010020 vaddr=3c0e0020 size=d7684h (882308) map[0m
[0;32mI (222) esp_image: segment 1: paddr=000e76ac vaddr=3fca1c00 size=057a0h ( 22432) load[0m
[0;32mI (226) esp_image: segment 2: paddr=000ece54 vaddr=40374000 size=031c4h ( 12740) load[0m
[0;32mI (229) esp_image: segment 3: paddr=000f0020 vaddr=42000020 size=de1f8h (909816) map[0m
[0;32mI (369) esp_image: segment 4: paddr=001ce220 vaddr=403771c4 size=1a9ech (109036) load[0m
[0;32mI (389) esp_image: segment 5: paddr=001e8c14 vaddr=600fe000 size=00020h (    32) load[0m
[0;32mI (401) boot: Loaded app from partition at offset 0x10000[0m
[0;32mI (401) boot: Disabling RNG early entropy source...[0m
[0;33mW (411) flash HPM: HPM mode is optional feature that depends on flash model. Read Docs First![0m
[0;33mW (412) flash HPM: HPM mode with DC adjustment is disabled. Some flash models may not be supported. Read Docs First![0m
[0;33mW (419) flash HPM: High performance mode of this flash model hasn't been supported.[0m
[0;32mI (426) MSPI Timing: Flash timing tuning index: 2[0m
[0;32mI (431) octal_psram: vendor id    : 0x0d (AP)[0m
[0;32mI (435) octal_psram: dev id       : 0x02 (generation 3)[0m
[0;32mI (439) octal_psram: density      : 0x03 (64 Mbit)[0m
[0;32mI (444) octal_psram: good-die     : 0x01 (Pass)[0m
[0;32mI (448) octal_psram: Latency      : 0x01 (Fixed)[0m
[0;32mI (453) octal_psram: VCC          : 0x01 (3V)[0m
[0;32mI (457) octal_psram: SRF          : 0x01 (Fast Refresh)[0m
[0;32mI (462) octal_psram: BurstType    : 0x01 (Hybrid Wrap)[0m
[0;32mI (466) octal_psram: BurstLen     : 0x01 (32 Byte)[0m
[0;32mI (471) octal_psram: Readlatency  : 0x02 (10 cycles@Fixed)[0m
[0;32mI (476) octal_psram: DriveStrength: 0x00 (1/1)[0m
[0;32mI (488) MSPI Timing: PSRAM timing tuning index: 2[0m
[0;32mI (488) esp_psram: Found 8MB PSRAM device[0m
[0;32mI (489) esp_psram: Speed: 120MHz[0m
[0;32mI (528) mmu_psram: Read only data copied and mapped to SPIRAM[0m
[0;32mI (575) mmu_psram: Instructions copied and mapped to SPIRAM[0m
[0;32mI (575) cpu_start: Multicore app[0m
[0;32mI (735) esp_psram: SPI SRAM memory test OK[0m
[0;32mI (744) cpu_start: Pro cpu start user code[0m
[0;32mI (744) cpu_start: cpu freq: 240000000 Hz[0m
[0;32mI (744) app_init: Application information:[0m
[0;32mI (744) app_init: Project name:     16_LVGL_UI[0m
[0;32mI (748) app_init: App version:      d0f7808-dirty[0m
[0;32mI (752) app_init: Compile time:     Nov 26 2025 14:24:48[0m
[0;32mI (757) app_init: ELF file SHA256:  ac4ca7ea1...[0m
[0;32mI (762) app_init: ESP-IDF:          v5.5-dirty[0m
[0;32mI (766) efuse_init: Min chip rev:     v0.0[0m
[0;32mI (770) efuse_init: Max chip rev:     v0.99 [0m
[0;32mI (774) efuse_init: Chip rev:         v0.2[0m
[0;32mI (777) heap_init: Initializing. RAM available for dynamic allocation:[0m
[0;32mI (784) heap_init: At 3FCACCD0 len 0003CA40 (242 KiB): RAM[0m
[0;32mI (789) heap_init: At 3FCE9710 len 00005724 (21 KiB): RAM[0m
[0;32mI (794) heap_init: At 3FCF0000 len 00008000 (32 KiB): DRAM[0m
[0;32mI (799) heap_init: At 600FE020 len 00001FC8 (7 KiB): RTCRAM[0m
[0;32mI (805) esp_psram: Adding pool of 6400K of PSRAM memory to heap allocator[0m
[0;32mI (811) esp_psram: Adding pool of 34K of PSRAM memory gap generated due to end address alignment of drom to the heap allocator[0m
[0;32mI (822) spi_flash: detected chip: generic[0m
[0;32mI (826) spi_flash: flash io: qio[0m
[0;32mI (829) sleep_gpio: Configure to isolate all GPIO pins in sleep state[0m
[0;32mI (835) sleep_gpio: Enable automatic switching of GPIO sleep configuration[0m
[0;32mI (842) coexist: coex firmware version: 831ec70[0m
[0;32mI (855) coexist: coexist rom version e7ae62f[0m
[0;32mI (855) main_task: Started on CPU0[0m
[0;32mI (856) esp_psram: Reserving pool of 32K of internal memory for DMA/internal allocations[0m
[0;32mI (861) main_task: Calling app_main()[0m
[0;32mI (864) PSRAM: Total heap: 6842976[0m
[0;32mI (867) PSRAM: Free PSRAM: 6553477[0m
[0;33mW (881) i2c.master: Please check pull-up resistances whether be connected properly. Otherwise unexpected behavior would happen. For more detailed information, please read docs[0m
[0;32mI (1286) GT911: Initialize I2C panel IO[0m
[0;32mI (1286) GT911: Initialize touch controller GT911[0m
[0;33mW (1286) GT911: Unable to initialize the I2C address[0m
[0;32mI (1288) GT911: TouchPad_ID:0x39,0x31,0x31[0m
[0;32mI (1291) GT911: TouchPad_Config_Version:91[0m
[0;32mI (1295) example: Install RGB LCD panel driver[0m
[0;32mI (1335) example: Initialize RGB LCD panel[0m
[0;32mI (1337) lv_port: Create LVGL task[0m
[0;32mI (1364) main: Display LVGL demos[0m
[0;32mI (1381) TAG_NVS: Loaded JSON from NVS: [{"name":"2","device_id":"94:E6:86:09:A4:78"},{"name":"1","device_id":"A8:42:E3:4C:7C:BC"}][0m
[0;32mI (1382) TAG_NVS: Loaded 2 devices from NVS[0m
[0;32mI (1386) TAG_NVS: sorted device list successfully[0m
[0;32mI (1392) READ_DEVICE_ID: Read device_id: A8:42:E3:4C:7C:BC[0m
[0;32mI (1397) READ_DEVICE_ID: Read device_id: A8:42:E3:4C:7C:BC[0m
[0;32mI (1401) LVGL: Displayed 2 devices[0m
[0;32mI (1410) MQTT_SAVE_NUMBER: Saved timeout: 20[0m
[0;32mI (1562) pp: pp rom version: e7ae62f[0m
[0;32mI (1562) net80211: net80211 rom version: e7ae62f[0m
[0;33mW (1563) RSSI: Not connected to any AP[0m
[0;32mI (1563) main_task: Returned from app_main()[0m
[0;32mI (1564) wifi:wifi driver task: 3fcd1e74, prio:23, stack:6656, core=0[0m
[0;32mI (1579) wifi:wifi firmware version: f3dbad7[0m
[0;32mI (1579) wifi:wifi certification version: v7.0[0m
[0;32mI (1581) wifi:config NVS flash: enabled[0m
[0;32mI (1584) wifi:config nano formatting: disabled[0m
[0;32mI (1588) wifi:Init data frame dynamic rx buffer num: 32[0m
[0;32mI (1594) wifi:Init static rx mgmt buffer num: 5[0m
[0;32mI (1598) wifi:Init management short buffer num: 32[0m
[0;32mI (1602) wifi:Init static tx buffer num: 16[0m
[0;32mI (1608) wifi:Init tx cache buffer num: 32[0m
[0;32mI (1610) wifi:Init static tx FG buffer num: 2[0m
[0;32mI (1614) wifi:Init static rx buffer size: 1600[0m
[0;32mI (1618) wifi:Init static rx buffer num: 16[0m
[0;32mI (1622) wifi:Init dynamic rx buffer num: 32[0m
[0;32mI (1627) wifi_init: rx ba win: 16[0m
[0;32mI (1629) wifi_init: accept mbox: 6[0m
[0;32mI (1632) wifi_init: tcpip mbox: 32[0m
[0;32mI (1635) wifi_init: udp mbox: 6[0m
[0;32mI (1638) wifi_init: tcp mbox: 6[0m
[0;32mI (1641) wifi_init: tcp tx win: 5760[0m
[0;32mI (1644) wifi_init: tcp rx win: 5760[0m
[0;32mI (1648) wifi_init: tcp mss: 1440[0m
[0;32mI (1651) wifi_init: WiFi/LWIP prefer SPIRAM[0m
[0;32mI (1654) wifi_init: WiFi IRAM OP enabled[0m
[0;32mI (1658) wifi_init: WiFi RX IRAM OP enabled[0m
[0;32mI (1662) reconnect: Found saved WiFi: NamTrung[0m
Wi-Fi event handler registered.
[0;32mI (1669) phy_init: phy_version 701,f4f1da3a,Mar  3 2025,15:50:10[0m
[0;32mI (1709) wifi:mode : sta (10:20:ba:01:48:a8)[0m
[0;32mI (1710) wifi:enable tsf[0m
[0;32mI (1712) reconnect: WiFi init complete, waiting for connection...[0m
[0;32mI (1712) WiFi Sta: GET: SSID:NamTrung, password:nt@14092011[0m
[0;32mI (1717) wifi:new:<11,0>, old:<1,0>, ap:<255,255>, sta:<11,0>, prof:1, snd_ch_cfg:0x0[0m
[0;32mI (1724) wifi:state: init -> auth (0xb0)[0m
[0;32mI (1733) wifi:state: auth -> assoc (0x0)[0m
[0;32mI (1739) wifi:state: assoc -> run (0x10)[0m
[0;32mI (1774) wifi:connected with NamTrung, aid = 16, channel 11, BW20, bssid = 10:5f:02:75:27:1e[0m
[0;32mI (1774) wifi:security: WPA2-PSK, phy: bgn, rssi: -60[0m
[0;32mI (1777) wifi:pm start, type: 1[0m

[0;32mI (1779) wifi:dp: 1, bi: 102400, li: 3, scale listen interval from 307200 us to 307200 us[0m
[0;32mI (1787) wifi:set rx beacon pti, rx_bcn_pti: 14, bcn_timeout: 25000, mt_pti: 14, mt_time: 10000[0m
[0;32mI (1796) WiFi Sta: Connected to SSID:NamTrung, channel:11[0m
[0;32mI (1801) WiFi Sta: Connected to SSID:NamTrung, channel:11[0m
[0;32mI (1855) wifi:AP's beacon interval = 102400 us, DTIM period = 1[0m
[0;32mI (2216) WiFi Sta: Failed to connect to the AP[0m
[0;32mI (2216) WiFi Sta: Retrying to connect to the AP[0m
[0;32mI (2848) esp_netif_handlers: sta ip: 10.10.1.65, mask: 255.255.252.0, gw: 10.10.1.1[0m
[0;32mI (2848) WiFi Sta: WIFI GOT_IP.[0m
[0;32mI (2853) MQTT_MANAGER: No existing client, creating new one...[0m
[0;32mI (2854) MQTT: Other event id:7[0m
[0;32mI (2862) wifi:<ba-add>idx:0 (ifx:0, 10:5f:02:75:27:1e), tid:7, ssn:5, winSize:64[0m
[0;32mI (2870) wifi:<ba-add>idx:1 (ifx:0, 10:5f:02:75:27:1e), tid:0, ssn:1, winSize:64[0m
[0;32mI (2875) MQTT: MQTT_EVENT_CONNECTED[0m
[0;32mI (2876) MQTT_SAVE_NUMBER: deleted retained message to keypad successfully, msg_id=48512[0m
[0;32mI (2881) MQTT_SAVE_NUMBER: Sent connection message to keypad successfully, msg_id=259[0m
[0;32mI (2892) MQTT: MQTT_EVENT_PUBLISHED, msg_id=48512[0m
[0;32mI (2899) MQTT: MQTT_EVENT_PUBLISHED, msg_id=259[0m
[0;32mI (2904) MQTT: MQTT_EVENT_SUBSCRIBED, msg_id=8424, return code=0x00[0m
[0;32mI (3112) MQTT: MQTT_EVENT_SUBSCRIBED, msg_id=17857, return code=0x01[0m
[0;32mI (3114) MQTT_SAVE_NUMBER: Processing topic: device/list[0m
[0;32mI (3114) MQTT_SAVE_NUMBER: Data: [{"id":"94:E6:86:09:A4:78","name":"2"},{"id":"A8:42:E3:4C:7C:BC","name":"1"}][0m
[0;32mI (3115) MQTT: MQTT_EVENT_SUBSCRIBED, msg_id=62835, return code=0x00[0m
[0;32mI (3129) MQTT: MQTT_EVENT_SUBSCRIBED, msg_id=36951, return code=0x00[0m
[0;32mI (3135) MQTT: MQTT_EVENT_SUBSCRIBED, msg_id=49444, return code=0x00[0m
[0;32mI (3144) MQTT_SAVE_NUMBER: Device list received[0m
[0;32mI (3144) MQTT_SAVE_NUMBER: Stored 2 devices[0m
[0;32mI (3148) TAG_NVS: Saved 2 devices to NVS[0m
[0;32mI (3152) MQTT_SAVE_NUMBER: Processing topic: transfer_number[0m
[0;32mI (3157) MQTT_SAVE_NUMBER: Data: YES[0m
[0;32mI (3160) MQTT_SAVE_NUMBER: transfer number[0m
[0;33mW (3164) MQTT_SAVE_NUMBER: next_number does not exist in NVS[0m
[0;32mI (3171) MQTT_SAVE_NUMBER: current_number deleted successfully[0m
[0;32mI (3175) MQTT_SAVE_NUMBER: transfered number successfully[0m
[0;32mI (3180) MQTT_SAVE_NUMBER: Processing topic: check current number[0m
[0;32mI (3186) MQTT_SAVE_NUMBER: Data: 1236[0m
[1;31mE (3190) MQTT_SAVE_NUMBER: Failed to get size for number: ESP_ERR_NVS_NOT_FOUND[0m
[0;32mI (3197) MQTT_SAVE_NUMBER: check current number[0m
[0;32mI (3201) MQTT_SAVE_NUMBER: current number: Cï¿½?[0m
[0;32mI (3229) MQTT_SAVE_NUMBER: Saved number "1236" into key current number successfully[0m
[0;33mW (3230) MQTT_SAVE_NUMBER: next_number does not exist in NVS[0m
[0;32mI (3231) MQTT_SAVE_NUMBER: Save new current number[0m
[0;32mI (3236) MQTT_SAVE_NUMBER: Processing topic: check current number[0m
[0;32mI (3241) MQTT_SAVE_NUMBER: Data: 2172[0m
[0;32mI (3245) MQTT_SAVE_NUMBER: Read number: 1236[0m
[0;32mI (3249) MQTT_SAVE_NUMBER: check current number[0m
[0;32mI (3253) MQTT_SAVE_NUMBER: current number: 1236[0m
[0;32mI (3259) MQTT_SAVE_NUMBER: Saved number "2172" into key current number successfully[0m
[0;33mW (3265) MQTT_SAVE_NUMBER: next_number does not exist in NVS[0m
[0;32mI (3270) MQTT_SAVE_NUMBER: Save new current number[0m
[0;32mI (3726) WiFi: Connected with IP: 10.10.1.65[0m
[0;32mI (3726) WiFi Sta: Connected to AP SSID:NamTrung, password:nt@14092011, bssid:10:5F:02:75:27:1E[0m
[0;32mI (3826) NVS: last index: -1[0m
[0;32mI (3826) NVS: wifi index: 0[0m
[0;33mW (3826) WIFI_UI: WIFI_List_Button is invalid[0m
[0;32mI (7753) LVGL: Clicked device: 1 - A8:42:E3:4C:7C:BC[0m
[0;32mI (7754) SAVE_DEVICE_ID: Saved number "A8:42:E3:4C:7C:BC" into key "device_id"[0m
[0;32mI (7754) SELECTED_DEVICE_ID: A8:42:E3:4C:7C:BC[0m
[0;32mI (7759) TAG_NVS: Loaded JSON from NVS: [{"name":"2","device_id":"94:E6:86:09:A4:78"},{"name":"1","device_id":"A8:42:E3:4C:7C:BC"}][0m
[0;32mI (7770) TAG_NVS: Loaded 2 devices from NVS[0m
[0;32mI (7774) TAG_NVS: sorted device list successfully[0m
[0;32mI (7780) READ_DEVICE_ID: Read device_id: A8:42:E3:4C:7C:BC[0m
[0;32mI (7785) READ_DEVICE_ID: Read device_id: A8:42:E3:4C:7C:BC[0m
[0;32mI (7789) LVGL: Displayed 2 devices[0m
[0;32mI (12152) LVGL: Clicked device: 2 - 94:E6:86:09:A4:78[0m
[0;32mI (12154) SAVE_DEVICE_ID: Saved number "94:E6:86:09:A4:78" into key "device_id"[0m
[0;32mI (12154) SELECTED_DEVICE_ID: 94:E6:86:09:A4:78[0m
[0;32mI (12158) TAG_NVS: Loaded JSON from NVS: [{"name":"2","device_id":"94:E6:86:09:A4:78"},{"name":"1","device_id":"A8:42:E3:4C:7C:BC"}][0m
[0;32mI (12169) TAG_NVS: Loaded 2 devices from NVS[0m
[0;32mI (12173) TAG_NVS: sorted device list successfully[0m
[0;32mI (12179) READ_DEVICE_ID: Read device_id: 94:E6:86:09:A4:78[0m
[0;32mI (12184) READ_DEVICE_ID: Read device_id: 94:E6:86:09:A4:78[0m
[0;32mI (12188) LVGL: Displayed 2 devices[0m
[0;32mI (17008) LVGL: Clicked device: 1 - A8:42:E3:4C:7C:BC[0m
[0;32mI (17010) SAVE_DEVICE_ID: Saved number "A8:42:E3:4C:7C:BC" into key "device_id"[0m
[0;32mI (17011) SELECTED_DEVICE_ID: A8:42:E3:4C:7C:BC[0m
[0;32mI (17015) TAG_NVS: Loaded JSON from NVS: [{"name":"2","device_id":"94:E6:86:09:A4:78"},{"name":"1","device_id":"A8:42:E3:4C:7C:BC"}][0m
[0;32mI (17025) TAG_NVS: Loaded 2 devices from NVS[0m
[0;32mI (17029) TAG_NVS: sorted device list successfully[0m
[0;32mI (17035) READ_DEVICE_ID: Read device_id: A8:42:E3:4C:7C:BC[0m
[0;32mI (17040) READ_DEVICE_ID: Read device_id: A8:42:E3:4C:7C:BC[0m
[0;32mI (17045) LVGL: Displayed 2 devices[0m
ESP-ROM:esp32s3-20210327
Build:Mar 27 2021
rst:0x1 (POWERON),boot:0x29 (SPI_FAST_FLASH_BOOT)
SPIWP:0xee
mode:DIO, clock div:1
load:0x3fce2820,len:0x1710
load:0x403c8700,len:0xec0
load:0x403cb700,len:0x31d4
entry 0x403c894c
[0;32mI (25) boot: ESP-IDF v5.5-dirty 2nd stage bootloader[0m
[0;32mI (25) boot: compile time Oct  8 2025 11:43:15[0m
[0;32mI (25) boot: Multicore bootloader[0m
[0;32mI (26) boot: chip revision: v0.2[0m
[0;32mI (28) boot: efuse block revision: v1.3[0m
[0;32mI (32) qio_mode: Enabling default flash chip QIO[0m
[0;32mI (36) boot.esp32s3: Boot SPI Speed : 80MHz[0m
[0;32mI (40) boot.esp32s3: SPI Mode       : QIO[0m
[0;32mI (44) boot.esp32s3: SPI Flash Size : 16MB[0m
[0;32mI (48) boot: Enabling RNG early entropy source...[0m
[0;32mI (52) boot: Partition Table:[0m
[0;32mI (55) boot: ## Label            Usage          Type ST Offset   Length[0m
[0;32mI (61) boot:  0 nvs              WiFi data        01 02 00009000 00006000[0m
[0;32mI (68) boot:  1 phy_init         RF data          01 01 0000f000 00001000[0m
[0;32mI (74) boot:  2 factory          factory app      00 00 00010000 00800000[0m
[0;32mI (81) boot: End of partition table[0m
[0;32mI (84) esp_image: segment 0: paddr=00010020 vaddr=3c0e0020 size=d7684h (882308) map[0m
[0;32mI (222) esp_image: segment 1: paddr=000e76ac vaddr=3fca1c00 size=057a0h ( 22432) load[0m
[0;32mI (226) esp_image: segment 2: paddr=000ece54 vaddr=40374000 size=031c4h ( 12740) load[0m
[0;32mI (229) esp_image: segment 3: paddr=000f0020 vaddr=42000020 size=de1f8h (909816) map[0m
[0;32mI (369) esp_image: segment 4: paddr=001ce220 vaddr=403771c4 size=1a9ech (109036) load[0m
[0;32mI (389) esp_image: segment 5: paddr=001e8c14 vaddr=600fe000 size=00020h (    32) load[0m
[0;32mI (401) boot: Loaded app from partition at offset 0x10000[0m
[0;32mI (401) boot: Disabling RNG early entropy source...[0m
[0;33mW (411) flash HPM: HPM mode is optional feature that depends on flash model. Read Docs First![0m
[0;33mW (412) flash HPM: HPM mode with DC adjustment is disabled. Some flash models may not be supported. Read Docs First![0m
[0;33mW (419) flash HPM: High performance mode of this flash model hasn't been supported.[0m
[0;32mI (426) MSPI Timing: Flash timing tuning index: 2[0m
[0;32mI (431) octal_psram: vendor id    : 0x0d (AP)[0m
[0;32mI (435) octal_psram: dev id       : 0x02 (generation 3)[0m
[0;32mI (439) octal_psram: density      : 0x03 (64 Mbit)[0m
[0;32mI (444) octal_psram: good-die     : 0x01 (Pass)[0m
[0;32mI (448) octal_psram: Latency      : 0x01 (Fixed)[0m
[0;32mI (453) octal_psram: VCC          : 0x01 (3V)[0m
[0;32mI (457) octal_psram: SRF          : 0x01 (Fast Refresh)[0m
[0;32mI (462) octal_psram: BurstType    : 0x01 (Hybrid Wrap)[0m
[0;32mI (466) octal_psram: BurstLen     : 0x01 (32 Byte)[0m
[0;32mI (471) octal_psram: Readlatency  : 0x02 (10 cycles@Fixed)[0m
[0;32mI (476) octal_psram: DriveStrength: 0x00 (1/1)[0m
[0;32mI (488) MSPI Timing: PSRAM timing tuning index: 2[0m
[0;32mI (488) esp_psram: Found 8MB PSRAM device[0m
[0;32mI (489) esp_psram: Speed: 120MHz[0m
[0;32mI (528) mmu_psram: Read only data copied and mapped to SPIRAM[0m
[0;32mI (575) mmu_psram: Instructions copied and mapped to SPIRAM[0m
[0;32mI (575) cpu_start: Multicore app[0m
[0;32mI (735) esp_psram: SPI SRAM memory test OK[0m
[0;32mI (744) cpu_start: Pro cpu start user code[0m
[0;32mI (744) cpu_start: cpu freq: 240000000 Hz[0m
[0;32mI (744) app_init: Application information:[0m
[0;32mI (744) app_init: Project name:     16_LVGL_UI[0m
[0;32mI (748) app_init: App version:      d0f7808-dirty[0m
[0;32mI (752) app_init: Compile time:     Nov 26 2025 14:24:48[0m
[0;32mI (757) app_init: ELF file SHA256:  ac4ca7ea1...[0m
[0;32mI (762) app_init: ESP-IDF:          v5.5-dirty[0m
[0;32mI (766) efuse_init: Min chip rev:     v0.0[0m
[0;32mI (770) efuse_init: Max chip rev:     v0.99 [0m
[0;32mI (774) efuse_init: Chip rev:         v0.2[0m
[0;32mI (777) heap_init: Initializing. RAM available for dynamic allocation:[0m
[0;32mI (784) heap_init: At 3FCACCD0 len 0003CA40 (242 KiB): RAM[0m
[0;32mI (789) heap_init: At 3FCE9710 len 00005724 (21 KiB): RAM[0m
[0;32mI (794) heap_init: At 3FCF0000 len 00008000 (32 KiB): DRAM[0m
[0;32mI (799) heap_init: At 600FE020 len 00001FC8 (7 KiB): RTCRAM[0m
[0;32mI (805) esp_psram: Adding pool of 6400K of PSRAM memory to heap allocator[0m
[0;32mI (811) esp_psram: Adding pool of 34K of PSRAM memory gap generated due to end address alignment of drom to the heap allocator[0m
[0;32mI (822) spi_flash: detected chip: generic[0m
[0;32mI (826) spi_flash: flash io: qio[0m
[0;32mI (829) sleep_gpio: Configure to isolate all GPIO pins in sleep state[0m
[0;32mI (835) sleep_gpio: Enable automatic switching of GPIO sleep configuration[0m
[0;32mI (842) coexist: coex firmware version: 831ec70[0m
[0;32mI (855) coexist: coexist rom version e7ae62f[0m
[0;32mI (855) main_task: Started on CPU0[0m
[0;32mI (856) esp_psram: Reserving pool of 32K of internal memory for DMA/internal allocations[0m
[0;32mI (861) main_task: Calling app_main()[0m
[0;32mI (864) PSRAM: Total heap: 6842976[0m
[0;32mI (867) PSRAM: Free PSRAM: 6553477[0m
[0;33mW (881) i2c.master: Please check pull-up resistances whether be connected properly. Otherwise unexpected behavior would happen. For more detailed information, please read docs[0m
[0;32mI (1286) GT911: Initialize I2C panel IO[0m
[0;32mI (1286) GT911: Initialize touch controller GT911[0m
[0;33mW (1286) GT911: Unable to initialize the I2C address[0m
[0;32mI (1288) GT911: TouchPad_ID:0x39,0x31,0x31[0m
[0;32mI (1291) GT911: TouchPad_Config_Version:91[0m
[0;32mI (1295) example: Install RGB LCD panel driver[0m
[0;32mI (1335) example: Initialize RGB LCD panel[0m
[0;32mI (1337) lv_port: Create LVGL task[0m
[0;32mI (1364) main: Display LVGL demos[0m
[0;32mI (1381) TAG_NVS: Loaded JSON from NVS: [{"name":"2","device_id":"94:E6:86:09:A4:78"},{"name":"1","device_id":"A8:42:E3:4C:7C:BC"}][0m
[0;32mI (1382) TAG_NVS: Loaded 2 devices from NVS[0m
[0;32mI (1386) TAG_NVS: sorted device list successfully[0m
[0;32mI (1392) READ_DEVICE_ID: Read device_id: A8:42:E3:4C:7C:BC[0m
[0;32mI (1397) READ_DEVICE_ID: Read device_id: A8:42:E3:4C:7C:BC[0m
[0;32mI (1401) LVGL: Displayed 2 devices[0m
[0;32mI (1410) MQTT_SAVE_NUMBER: Saved timeout: 20[0m
[0;32mI (1562) pp: pp rom version: e7ae62f[0m
[0;32mI (1562) net80211: net80211 rom version: e7ae62f[0m
[0;33mW (1563) RSSI: Not connected to any AP[0m
[0;32mI (1563) main_task: Returned from app_main()[0m
[0;32mI (1564) wifi:wifi driver task: 3fcd1e74, prio:23, stack:6656, core=0[0m
[0;32mI (1579) wifi:wifi firmware version: f3dbad7[0m
[0;32mI (1579) wifi:wifi certification version: v7.0[0m
[0;32mI (1581) wifi:config NVS flash: enabled[0m
[0;32mI (1584) wifi:config nano formatting: disabled[0m
[0;32mI (1588) wifi:Init data frame dynamic rx buffer num: 32[0m
[0;32mI (1594) wifi:Init static rx mgmt buffer num: 5[0m
[0;32mI (1598) wifi:Init management short buffer num: 32[0m
[0;32mI (1602) wifi:Init static tx buffer num: 16[0m
[0;32mI (1608) wifi:Init tx cache buffer num: 32[0m
[0;32mI (1610) wifi:Init static tx FG buffer num: 2[0m
[0;32mI (1614) wifi:Init static rx buffer size: 1600[0m
[0;32mI (1618) wifi:Init static rx buffer num: 16[0m
[0;32mI (1622) wifi:Init dynamic rx buffer num: 32[0m
[0;32mI (1627) wifi_init: rx ba win: 16[0m
[0;32mI (1629) wifi_init: accept mbox: 6[0m
[0;32mI (1632) wifi_init: tcpip mbox: 32[0m
[0;32mI (1635) wifi_init: udp mbox: 6[0m
[0;32mI (1638) wifi_init: tcp mbox: 6[0m
[0;32mI (1641) wifi_init: tcp tx win: 5760[0m
[0;32mI (1644) wifi_init: tcp rx win: 5760[0m
[0;32mI (1648) wifi_init: tcp mss: 1440[0m
[0;32mI (1651) wifi_init: WiFi/LWIP prefer SPIRAM[0m
[0;32mI (1654) wifi_init: WiFi IRAM OP enabled[0m
[0;32mI (1658) wifi_init: WiFi RX IRAM OP enabled[0m
[0;32mI (1662) reconnect: Found saved WiFi: NamTrung[0m
Wi-Fi event handler registered.
[0;32mI (1669) phy_init: phy_version 701,f4f1da3a,Mar  3 2025,15:50:10[0m
[0;32mI (1708) wifi:mode : sta (10:20:ba:01:48:a8)[0m
[0;32mI (1709) wifi:enable tsf[0m
[0;32mI (1711) reconnect: WiFi init complete, waiting for connection...[0m
[0;32mI (1711) WiFi Sta: GET: SSID:NamTrung, password:nt@14092011[0m
[0;32mI (1719) wifi:new:<11,0>, old:<1,0>, ap:<255,255>, sta:<11,0>, prof:1, snd_ch_cfg:0x0[0m
[0;32mI (1723) wifi:state: init -> auth (0xb0)[0m
[0;32mI (1730) wifi:state: auth -> assoc (0x0)[0m
[0;32mI (1740) wifi:state: assoc -> run (0x10)[0m
[0;32mI (1806) wifi:connected with NamTrung, aid = 21, channel 11, BW20, bssid = 10:5f:02:75:1e:9a[0m
[0;32mI (1807) wifi:security: WPA2-PSK, phy: bgn, rssi: -46[0m
[0;32mI (1809) wifi:pm start, type: 1[0m

[0;32mI (1811) wifi:dp: 1, bi: 102400, li: 3, scale listen interval from 307200 us to 307200 us[0m
[0;32mI (1819) wifi:set rx beacon pti, rx_bcn_pti: 14, bcn_timeout: 25000, mt_pti: 14, mt_time: 10000[0m
[0;32mI (1829) WiFi Sta: Connected to SSID:NamTrung, channel:11[0m
[0;32mI (1833) WiFi Sta: Connected to SSID:NamTrung, channel:11[0m
[0;32mI (1852) wifi:AP's beacon interval = 102400 us, DTIM period = 1[0m
[0;32mI (2215) WiFi Sta: Failed to connect to the AP[0m
[0;32mI (2215) WiFi Sta: Retrying to connect to the AP[0m
[0;32mI (2844) esp_netif_handlers: sta ip: 10.10.1.65, mask: 255.255.252.0, gw: 10.10.1.1[0m
[0;32mI (2844) WiFi Sta: WIFI GOT_IP.[0m
[0;32mI (2853) MQTT_MANAGER: No existing client, creating new one...[0m
[0;32mI (2854) MQTT: Other event id:7[0m
[0;32mI (2865) MQTT: MQTT_EVENT_CONNECTED[0m
[0;32mI (2865) wifi:<ba-add>idx:0 (ifx:0, 10:5f:02:75:1e:9a), tid:0, ssn:4, winSize:64[0m
[0;32mI (2866) MQTT_SAVE_NUMBER: deleted retained message to keypad successfully, msg_id=42436[0m
[0;32mI (2866) wifi:<ba-add>idx:1 (ifx:0, 10:5f:02:75:1e:9a), tid:7, ssn:7, winSize:64[0m
[0;32mI (2873) MQTT_SAVE_NUMBER: Sent connection message to keypad successfully, msg_id=51540[0m
[0;32mI (2897) MQTT: MQTT_EVENT_PUBLISHED, msg_id=42436[0m
[0;32mI (2899) MQTT: MQTT_EVENT_PUBLISHED, msg_id=51540[0m
[0;32mI (3112) MQTT: MQTT_EVENT_SUBSCRIBED, msg_id=23500, return code=0x00[0m
[0;32mI (3114) MQTT: MQTT_EVENT_SUBSCRIBED, msg_id=42424, return code=0x01[0m
[0;32mI (3115) MQTT_SAVE_NUMBER: Processing topic: device/list[0m
[0;32mI (3117) MQTT: MQTT_EVENT_SUBSCRIBED, msg_id=57383, return code=0x00[0m
[0;32mI (3126) MQTT: MQTT_EVENT_SUBSCRIBED, msg_id=47871, return code=0x00[0m
[0;32mI (3132) MQTT: MQTT_EVENT_SUBSCRIBED, msg_id=62103, return code=0x00[0m
[0;32mI (3141) MQTT_SAVE_NUMBER: Data: [{"id":"94:E6:86:09:A4:78","name":"2"},{"id":"A8:42:E3:4C:7C:BC","name":"1"}][0m
[0;32mI (3146) MQTT_SAVE_NUMBER: Device list received[0m
[0;32mI (3150) MQTT_SAVE_NUMBER: Stored 2 devices[0m
[0;32mI (3154) TAG_NVS: Saved 2 devices to NVS[0m
[0;32mI (3158) MQTT_SAVE_NUMBER: Processing topic: transfer_number[0m
[0;32mI (3163) MQTT_SAVE_NUMBER: Data: YES[0m
[0;32mI (3166) MQTT_SAVE_NUMBER: transfer number[0m
[0;33mW (3170) MQTT_SAVE_NUMBER: next_number does not exist in NVS[0m
[0;32mI (3177) MQTT_SAVE_NUMBER: current_number deleted successfully[0m
[0;32mI (3181) MQTT_SAVE_NUMBER: transfered number successfully[0m
[0;32mI (3186) MQTT_SAVE_NUMBER: Processing topic: check current number[0m
[0;32mI (3192) MQTT_SAVE_NUMBER: Data: 1236[0m
[1;31mE (3196) MQTT_SAVE_NUMBER: Failed to get size for number: ESP_ERR_NVS_NOT_FOUND[0m
[0;32mI (3203) MQTT_SAVE_NUMBER: check current number[0m
[0;32mI (3207) MQTT_SAVE_NUMBER: current number: Cï¿½?[0m
[0;32mI (3212) MQTT_SAVE_NUMBER: Saved number "1236" into key current number successfully[0m
[0;33mW (3219) MQTT_SAVE_NUMBER: next_number does not exist in NVS[0m
[0;32mI (3224) MQTT_SAVE_NUMBER: Save new current number[0m
[0;32mI (3228) MQTT_SAVE_NUMBER: Processing topic: check current number[0m
[0;32mI (3234) MQTT_SAVE_NUMBER: Data: 2172[0m
[0;32mI (3238) MQTT_SAVE_NUMBER: Read number: 1236[0m
[0;32mI (3242) MQTT_SAVE_NUMBER: check current number[0m
[0;32mI (3246) MQTT_SAVE_NUMBER: current number: 1236[0m
[0;32mI (3251) MQTT_SAVE_NUMBER: Saved number "2172" into key current number successfully[0m
[0;33mW (3258) MQTT_SAVE_NUMBER: next_number does not exist in NVS[0m
[0;32mI (3263) MQTT_SAVE_NUMBER: Save new current number[0m
[0;32mI (3725) WiFi: Connected with IP: 10.10.1.65[0m
[0;32mI (3725) WiFi Sta: Connected to AP SSID:NamTrung, password:nt@14092011, bssid:10:5F:02:75:1E:9A[0m
[0;32mI (3826) NVS: last index: -1[0m
[0;32mI (3826) NVS: wifi index: 0[0m
[0;33mW (3826) WIFI_UI: WIFI_List_Button is invalid[0m
[0;32mI (7488) LVGL: Clicked device: 1 - A8:42:E3:4C:7C:BC[0m
[0;32mI (7489) SAVE_DEVICE_ID: Saved number "A8:42:E3:4C:7C:BC" into key "device_id"[0m
[0;32mI (7489) SELECTED_DEVICE_ID: A8:42:E3:4C:7C:BC[0m
[0;32mI (7494) TAG_NVS: Loaded JSON from NVS: [{"name":"2","device_id":"94:E6:86:09:A4:78"},{"name":"1","device_id":"A8:42:E3:4C:7C:BC"}][0m
[0;32mI (7505) TAG_NVS: Loaded 2 devices from NVS[0m
[0;32mI (7509) TAG_NVS: sorted device list successfully[0m
[0;32mI (7514) READ_DEVICE_ID: Read device_id: A8:42:E3:4C:7C:BC[0m
[0;32mI (7520) READ_DEVICE_ID: Read device_id: A8:42:E3:4C:7C:BC[0m
[0;32mI (7524) LVGL: Displayed 2 devices[0m
